Initial SMILES: ['Cc1ccccc1NC(=O)C1CC(=O)N(Cc2ccccc2)C1',
 'CC(=O)N1CCC(c2nc3cc(F)ccc3o2)C1',
 'c1ccc(N2CCCC3(CCN(Cc4ccsc4)C3)C2)nc1',
 'COC(=O)C1(c2ccc(N(C)C)cc2OC)CCCN(C(=O)Oc2ccccc2[N+](=O)[O-])CCc2c1[nH]c1ccccc21',
 'CCOC(=O)c1c(NC(=O)c2ccc(S(=O)(=O)N(CC(C)C)CC(C)C)cc2)sc2c1CCN(CC)C2',
 'N#Cc1ccc(NC2CCc3ccc(C(=O)NO)cc3C2)cc1Cl',
 'O=S(=O)(CCCN(CCO)CCO)NCCNc1cccc2ccccc12',
 'O=c1c(-c2nc3ccccc3o2)c2oc3ccccc3n2c2ccccc12',
 'CN1CCN(c2ccc(NC(=O)c3ccc(C#N)o3)c(N3CCCCC3)c2)CC1',
 'Cc1ccc(CSc2ccc(-c3ccccn3)nn2)cc1']
f1 shape: (10,)
2025-06-13 04:27:37,677 - INFO - Initial objectives: [0.29546842014263947, 0.29880715233359845, 0.24902912254587617, 0.00589092781085235, 0.43151697133684574, 0.2784230231948523, 0.2228124549277306, 1.3037975276732972e-08, 0.3025711416752231, 0.045455335554035525]
2025-06-13 04:27:40,241 - INFO - 
--- Iter 0 (train size=10) ---
2025-06-13 04:27:41,079 - INFO - Selected CCCN(CCC)S(=O)(=O)c1ccc(C(=O)N2CCN(C)CC2)cc1 → EI = 0.2709
f1 shape: (1,)
2025-06-13 04:27:41,080 - INFO -   True f = 0.1458
2025-06-13 04:27:41,085 - INFO - Iter time: 0.84s
2025-06-13 04:27:41,085 - INFO - 
--- Iter 1 (train size=11) ---
2025-06-13 04:27:41,874 - INFO - Selected CCOC(=O)c1c(N)sc2c1CCN(Cc1ccccc1)C2 → EI = 0.2687
f1 shape: (1,)
2025-06-13 04:27:41,875 - INFO -   True f = 0.355
2025-06-13 04:27:41,881 - INFO - Iter time: 0.80s
2025-06-13 04:27:41,881 - INFO - 
--- Iter 2 (train size=12) ---
2025-06-13 04:27:42,709 - INFO - Selected CCOC(=O)c1c(NC(=O)CN2CCN(c3ccc(Cl)cc3)CC2)sc(C)c1C → EI = 0.2695
f1 shape: (1,)
2025-06-13 04:27:42,710 - INFO -   True f = 0.4114
2025-06-13 04:27:42,716 - INFO - Iter time: 0.84s
2025-06-13 04:27:42,716 - INFO - 
--- Iter 3 (train size=13) ---
2025-06-13 04:27:43,586 - INFO - Selected CCOC(=O)c1cc(C#N)c(N2CC(C(=O)NS(=O)(=O)Cc3ccc(F)cc3)C2)nc1C → EI = 0.274
f1 shape: (1,)
2025-06-13 04:27:43,587 - INFO -   True f = 0.3915
2025-06-13 04:27:43,592 - INFO - Iter time: 0.88s
2025-06-13 04:27:43,593 - INFO - 
--- Iter 4 (train size=14) ---
2025-06-13 04:27:44,546 - INFO - Selected CCOC(=O)c1ccc(NC(=O)C2CCC(CNc3c(N4CCOCC4)c(=O)c3=O)CC2)cc1 → EI = 0.2783
f1 shape: (1,)
2025-06-13 04:27:44,547 - INFO -   True f = 0.4279
2025-06-13 04:27:44,553 - INFO - Iter time: 0.96s
2025-06-13 04:27:44,553 - INFO - 
--- Iter 5 (train size=15) ---
2025-06-13 04:27:45,476 - INFO - Selected CCOC(=O)c1ccc(NC(=O)CN2C(=O)CNC2=O)cc1 → EI = 0.288
f1 shape: (1,)
2025-06-13 04:27:45,477 - INFO -   True f = 0.1462
2025-06-13 04:27:45,483 - INFO - Iter time: 0.93s
2025-06-13 04:27:45,483 - INFO - 
--- Iter 6 (train size=16) ---
2025-06-13 04:27:46,467 - INFO - Selected CCOC(=O)N1CCC(NC(=O)C2CCN(Cc3nc(-c4ccc(CC)cc4)oc3C)CC2)CC1 → EI = 0.2814
f1 shape: (1,)
2025-06-13 04:27:46,468 - INFO -   True f = 0.4519
2025-06-13 04:27:46,474 - INFO - Iter time: 0.99s
2025-06-13 04:27:46,474 - INFO - 
--- Iter 7 (train size=17) ---
2025-06-13 04:27:47,508 - INFO - Selected CCc1ccc(NC(=O)C2CCN(S(=O)(=O)c3c(C)nc(O)nc3O)CC2)cc1 → EI = 0.2793
f1 shape: (1,)
2025-06-13 04:27:47,509 - INFO -   True f = 0.3794
2025-06-13 04:27:47,515 - INFO - Iter time: 1.04s
2025-06-13 04:27:47,515 - INFO - 
--- Iter 8 (train size=18) ---
2025-06-13 04:27:48,560 - INFO - Selected CC(=O)N1CCc2c(sc(NC(=O)C3CCN(S(=O)(=O)c4cccs4)CC3)c2C(N)=O)C1 → EI = 0.2809
f1 shape: (1,)
2025-06-13 04:27:48,561 - INFO -   True f = 0.378
2025-06-13 04:27:48,567 - INFO - Iter time: 1.05s
2025-06-13 04:27:48,567 - INFO - 
--- Iter 9 (train size=19) ---
2025-06-13 04:27:49,648 - INFO - Selected CC(=O)N1c2ccc(S(=O)(=O)NCC3CCC(C(=O)NCc4ccc(C)o4)CC3)cc2CC1C → EI = 0.2813
f1 shape: (1,)
2025-06-13 04:27:49,649 - INFO -   True f = 0.4111
2025-06-13 04:27:49,655 - INFO - Iter time: 1.09s
2025-06-13 04:27:49,655 - INFO - 
--- Iter 10 (train size=20) ---
2025-06-13 04:27:50,766 - INFO - Selected CC(=O)Nc1ccc(S(=O)(=O)N2CCC(C(=O)NC3CCCC3)CC2)cc1 → EI = 0.2841
f1 shape: (1,)
2025-06-13 04:27:50,767 - INFO -   True f = 0.1584
2025-06-13 04:27:50,773 - INFO - Iter time: 1.12s
2025-06-13 04:27:50,773 - INFO - 
--- Iter 11 (train size=21) ---
2025-06-13 04:27:51,971 - INFO - Selected Cc1cc(Cl)ccc1NC(=O)C1CCN(c2nnc(-n3c(C)ccc3C)s2)CC1 → EI = 0.281
f1 shape: (1,)
2025-06-13 04:27:51,972 - INFO -   True f = 0.1213
2025-06-13 04:27:51,979 - INFO - Iter time: 1.21s
2025-06-13 04:27:51,979 - INFO - 
--- Iter 12 (train size=22) ---
2025-06-13 04:27:53,171 - INFO - Selected CCOC(=O)c1c(NC(=O)C2C3C=CC(CC3)C2C(=O)O)sc(C)c1CC → EI = 0.2783
f1 shape: (1,)
2025-06-13 04:27:53,172 - INFO -   True f = 0.1918
2025-06-13 04:27:53,179 - INFO - Iter time: 1.20s
2025-06-13 04:27:53,179 - INFO - 
--- Iter 13 (train size=23) ---
2025-06-13 04:27:54,449 - INFO - Selected CCOC(=O)N1CCC(NC(=O)c2ccc(C[S+]([O-])c3cccc(Cl)c3)o2)CC1 → EI = 0.2762
f1 shape: (1,)
2025-06-13 04:27:54,450 - INFO -   True f = 0.4206
2025-06-13 04:27:54,457 - INFO - Iter time: 1.28s
2025-06-13 04:27:54,457 - INFO - 
--- Iter 14 (train size=24) ---
2025-06-13 04:27:55,709 - INFO - Selected CCOC(=O)N1CCC(NC(=O)CNS(=O)(=O)c2ccc(Br)s2)CC1 → EI = 0.2793
f1 shape: (1,)
2025-06-13 04:27:55,710 - INFO -   True f = 0.1673
2025-06-13 04:27:55,717 - INFO - Iter time: 1.26s
2025-06-13 04:27:55,717 - INFO - 
--- Iter 15 (train size=25) ---
2025-06-13 04:27:56,994 - INFO - Selected CCOC(=O)C1CCN(Cn2nc(Cc3ccc(SC)cc3)oc2=S)CC1 → EI = 0.2779
f1 shape: (1,)
2025-06-13 04:27:56,995 - INFO -   True f = 0.4066
2025-06-13 04:27:57,002 - INFO - Iter time: 1.29s
2025-06-13 04:27:57,002 - INFO - 
--- Iter 16 (train size=26) ---
2025-06-13 04:27:58,455 - INFO - Selected O=C(NCCN1CCC(C(=O)NCC2CC2)CC1)c1ccc2ccccc2c1 → EI = 0.2794
f1 shape: (1,)
2025-06-13 04:27:58,457 - INFO -   True f = 0.3892
2025-06-13 04:27:58,464 - INFO - Iter time: 1.46s
2025-06-13 04:27:58,464 - INFO - 
--- Iter 17 (train size=27) ---
2025-06-13 04:27:59,815 - INFO - Selected CCOC(=O)CSc1nc2ccccc2c(=O)n1CC1CCC(C(=O)NCc2ccco2)CC1 → EI = 0.2807
f1 shape: (1,)
2025-06-13 04:27:59,817 - INFO -   True f = 0.1569
2025-06-13 04:27:59,824 - INFO - Iter time: 1.36s
2025-06-13 04:27:59,824 - INFO - 
--- Iter 18 (train size=28) ---
2025-06-13 04:28:01,277 - INFO - Selected O=C(CCC1CCN(Cc2ccc(F)cc2)CC1)c1ccc2c(c1)CCN2 → EI = 0.2794
f1 shape: (1,)
2025-06-13 04:28:01,278 - INFO -   True f = 0.3333
2025-06-13 04:28:01,286 - INFO - Iter time: 1.46s
2025-06-13 04:28:01,286 - INFO - 
--- Iter 19 (train size=29) ---
2025-06-13 04:28:02,785 - INFO - Selected O=C(c1ccc(F)cc1)C1CCN(CCCn2nc3n(c2=O)CCCC3)CC1 → EI = 0.2792
f1 shape: (1,)
2025-06-13 04:28:02,786 - INFO -   True f = 0.3665
2025-06-13 04:28:02,793 - INFO - Iter time: 1.51s
2025-06-13 04:28:02,793 - INFO - 
--- Iter 20 (train size=30) ---
2025-06-13 04:28:04,241 - INFO - Selected CC1(C(=O)O)CCN(c2cc(N3CCCC(C(=O)NCCc4ccc(C#N)cc4)C3)nc(C(F)(F)F)n2)CC1 → EI = 0.2802
f1 shape: (1,)
2025-06-13 04:28:04,243 - INFO -   True f = 0.3634
2025-06-13 04:28:04,251 - INFO - Iter time: 1.46s
2025-06-13 04:28:04,251 - INFO - 
--- Iter 21 (train size=31) ---
2025-06-13 04:28:05,815 - INFO - Selected CCc1nc(C(=O)N2CCOC3(CCN(Cc4ccc(Cl)cc4)CC3)C2)cs1 → EI = 0.2817
f1 shape: (1,)
2025-06-13 04:28:05,816 - INFO -   True f = 0.3058
2025-06-13 04:28:05,824 - INFO - Iter time: 1.57s
2025-06-13 04:28:05,824 - INFO - 
--- Iter 22 (train size=32) ---
2025-06-13 04:28:07,500 - INFO - Selected CC(=O)NCC(=O)CN1CCN(CCc2ccc(-c3ncsc3N)cc2)CC1 → EI = 0.2817
f1 shape: (1,)
2025-06-13 04:28:07,501 - INFO -   True f = 0.3443
2025-06-13 04:28:07,510 - INFO - Iter time: 1.69s
2025-06-13 04:28:07,510 - INFO - 
--- Iter 23 (train size=33) ---
2025-06-13 04:28:09,165 - INFO - Selected Cc1cncc(NC(=O)c2ccc(CN3CCC(O)C3)cc2)c1 → EI = 0.2822
f1 shape: (1,)
2025-06-13 04:28:09,166 - INFO -   True f = 0.3238
2025-06-13 04:28:09,175 - INFO - Iter time: 1.66s
2025-06-13 04:28:09,175 - INFO - 
--- Iter 24 (train size=34) ---
2025-06-13 04:28:10,775 - INFO - Selected Cc1cc(C(=O)NC2CC2)ccc1N1CCN(Cc2cc(C)c3c(c2)NC(=O)C(C)O3)CC1 → EI = 0.2818
f1 shape: (1,)
2025-06-13 04:28:10,776 - INFO -   True f = 0.362
2025-06-13 04:28:10,785 - INFO - Iter time: 1.61s
2025-06-13 04:28:10,785 - INFO - 
--- Iter 25 (train size=35) ---
2025-06-13 04:28:12,578 - INFO - Selected Cn1cc(C#N)cc1C(=O)Nc1ccc(CN2CCOCC2)cn1 → EI = 0.2832
f1 shape: (1,)
2025-06-13 04:28:12,579 - INFO -   True f = 0.292
2025-06-13 04:28:12,588 - INFO - Iter time: 1.80s
2025-06-13 04:28:12,588 - INFO - 
--- Iter 26 (train size=36) ---
2025-06-13 04:28:14,263 - INFO - Selected COCc1ccc(CN2CCCC(C(=O)c3sccc3C)C2)o1 → EI = 0.2829
f1 shape: (1,)
2025-06-13 04:28:14,265 - INFO -   True f = 0.3636
2025-06-13 04:28:14,274 - INFO - Iter time: 1.69s
2025-06-13 04:28:14,274 - INFO - 
--- Iter 27 (train size=37) ---
2025-06-13 04:28:16,137 - INFO - Selected O=C(O)C1CN(Cc2ccc(-c3cc4cc(OCC5CC5)ccc4o3)c(F)c2)C1 → EI = 0.2842
f1 shape: (1,)
2025-06-13 04:28:16,138 - INFO -   True f = 0.1343
2025-06-13 04:28:16,148 - INFO - Iter time: 1.87s
2025-06-13 04:28:16,148 - INFO - 
--- Iter 28 (train size=38) ---
2025-06-13 04:28:17,971 - INFO - Selected CCc1ccc(N2CC(C(=O)N3CCCC3)CC2=O)cc1 → EI = 0.2825
f1 shape: (1,)
2025-06-13 04:28:17,972 - INFO -   True f = 0.1372
2025-06-13 04:28:17,982 - INFO - Iter time: 1.83s
2025-06-13 04:28:17,982 - INFO - 
--- Iter 29 (train size=39) ---
2025-06-13 04:28:19,812 - INFO - Selected CC(=O)c1cc(CN2CCC(n3nccc3NC(=O)c3ccccc3C)CC2)cs1 → EI = 0.2825
f1 shape: (1,)
2025-06-13 04:28:19,813 - INFO -   True f = 0.1324
2025-06-13 04:28:19,823 - INFO - Iter time: 1.84s
2025-06-13 04:28:19,823 - INFO - 
--- Iter 30 (train size=40) ---
2025-06-13 04:28:21,798 - INFO - Selected CCN1CCN(CCNC(=O)c2ccc(C[S+]([O-])c3ccc(Cl)cc3)o2)CC1 → EI = 0.2815
f1 shape: (1,)
2025-06-13 04:28:21,799 - INFO -   True f = 0.3197
2025-06-13 04:28:21,809 - INFO - Iter time: 1.99s
2025-06-13 04:28:21,809 - INFO - 
--- Iter 31 (train size=41) ---
2025-06-13 04:28:23,804 - INFO - Selected O=C(NCc1ccccc1)c1cnc(N2CCN(CC3CCCOC3)CC2)nc1NC1CC1 → EI = 0.2783
f1 shape: (1,)
2025-06-13 04:28:23,806 - INFO -   True f = 0.3355
2025-06-13 04:28:23,816 - INFO - Iter time: 2.01s
2025-06-13 04:28:23,816 - INFO - 
--- Iter 32 (train size=42) ---
2025-06-13 04:28:25,758 - INFO - Selected Cc1ccc(C(=O)NCC(c2ccc(F)cc2)N2CCOCC2)cc1S(=O)(=O)N1CCOCC1 → EI = 0.2789
f1 shape: (1,)
2025-06-13 04:28:25,760 - INFO -   True f = 0.3131
2025-06-13 04:28:25,771 - INFO - Iter time: 1.95s
2025-06-13 04:28:25,771 - INFO - 
--- Iter 33 (train size=43) ---
2025-06-13 04:28:27,850 - INFO - Selected CCOC(=O)c1c(C)oc2nc(Nc3cccc(C)c3)nc(N3CCOCC3)c12 → EI = 0.2788
f1 shape: (1,)
2025-06-13 04:28:27,851 - INFO -   True f = 0.1338
2025-06-13 04:28:27,862 - INFO - Iter time: 2.09s
2025-06-13 04:28:27,862 - INFO - 
--- Iter 34 (train size=44) ---
2025-06-13 04:28:29,867 - INFO - Selected CC1CN(C(=O)N2CCC(C(=O)NCCCc3ccccc3)CC2)c2cc(Cl)ccc2O1 → EI = 0.2784
f1 shape: (1,)
2025-06-13 04:28:29,869 - INFO -   True f = 0.3846
2025-06-13 04:28:29,880 - INFO - Iter time: 2.02s
2025-06-13 04:28:29,880 - INFO - 
--- Iter 35 (train size=45) ---
2025-06-13 04:28:32,029 - INFO - Selected COc1cc(N)c(Cl)cc1C(=O)NC1CCN(CC2CCN(C(=O)CCCN)CC2)CC1 → EI = 0.2783
f1 shape: (1,)
2025-06-13 04:28:32,030 - INFO -   True f = 0.1464
2025-06-13 04:28:32,042 - INFO - Iter time: 2.16s
2025-06-13 04:28:32,042 - INFO - 
--- Iter 36 (train size=46) ---
2025-06-13 04:28:34,247 - INFO - Selected O=C(NCCc1ccc(F)cc1)NC1CCCc2c1cnn2CCO → EI = 0.278
f1 shape: (1,)
2025-06-13 04:28:34,248 - INFO -   True f = 0.3423
2025-06-13 04:28:34,261 - INFO - Iter time: 2.22s
2025-06-13 04:28:34,261 - INFO - 
--- Iter 37 (train size=47) ---
2025-06-13 04:28:36,379 - INFO - Selected Cc1noc(C(C)C)c1C(=O)NCC1CCCN1Cc1ccccc1 → EI = 0.2787
f1 shape: (1,)
2025-06-13 04:28:36,380 - INFO -   True f = 0.381
2025-06-13 04:28:36,393 - INFO - Iter time: 2.13s
2025-06-13 04:28:36,393 - INFO - 
--- Iter 38 (train size=48) ---
2025-06-13 04:28:38,745 - INFO - Selected CCCN1CCCC1C(=O)NCc1ccc(C(=N)N)cc1 → EI = 0.2787
f1 shape: (1,)
2025-06-13 04:28:38,746 - INFO -   True f = 0.1522
2025-06-13 04:28:38,759 - INFO - Iter time: 2.37s
2025-06-13 04:28:38,759 - INFO - 
--- Iter 39 (train size=49) ---
2025-06-13 04:28:40,996 - INFO - Selected O=C(NC1CCCc2cc(CN3CCCCC3)ccc21)C(O)C(O)CS(=O)(=O)c1cccc(Cl)c1 → EI = 0.2774
f1 shape: (1,)
2025-06-13 04:28:40,997 - INFO -   True f = 0.3754
2025-06-13 04:28:41,010 - INFO - Iter time: 2.25s
2025-06-13 04:28:41,010 - INFO - 
--- Iter 40 (train size=50) ---
2025-06-13 04:28:43,249 - INFO - Selected CC(C)CN(Cc1cc2c(cc1Cl)OCCCO2)C(=O)C1CCN(Cc2ccccc2)C1 → EI = 0.2793
f1 shape: (1,)
2025-06-13 04:28:43,250 - INFO -   True f = 0.3632
2025-06-13 04:28:43,263 - INFO - Iter time: 2.25s
2025-06-13 04:28:43,263 - INFO - 
--- Iter 41 (train size=51) ---
2025-06-13 04:28:45,507 - INFO - Selected CC1=C(C(=O)N(C(C)C)C(C)C)CC(CC(=O)NCC2CCCCC2)C(=O)N1Cc1ccc(C(C)(C)C)cc1 → EI = 0.2791
f1 shape: (1,)
2025-06-13 04:28:45,508 - INFO -   True f = 0.1695
2025-06-13 04:28:45,522 - INFO - Iter time: 2.26s
2025-06-13 04:28:45,522 - INFO - 
--- Iter 42 (train size=52) ---
2025-06-13 04:28:47,952 - INFO - Selected COCc1ccc(C(=O)N2CCOc3ccc(CN4CCN(c5ccc(F)cc5)CC4)cc3C2)o1 → EI = 0.2792
f1 shape: (1,)
2025-06-13 04:28:47,953 - INFO -   True f = 0.1049
2025-06-13 04:28:47,967 - INFO - Iter time: 2.45s
2025-06-13 04:28:47,967 - INFO - 
--- Iter 43 (train size=53) ---
2025-06-13 04:28:50,428 - INFO - Selected O=C(NCCCN1CCCC1=O)C1CCN(S(=O)(=O)c2cccc(Cl)c2Cl)CC1 → EI = 0.2782
f1 shape: (1,)
2025-06-13 04:28:50,429 - INFO -   True f = 0.139
2025-06-13 04:28:50,443 - INFO - Iter time: 2.48s
2025-06-13 04:28:50,443 - INFO - 
--- Iter 44 (train size=54) ---
2025-06-13 04:28:52,953 - INFO - Selected CCNC(=O)C(c1ccccc1)N1CCN(c2ccc(NC(=O)C(CC)CC)cc2C#N)CC1 → EI = 0.2765
f1 shape: (1,)
2025-06-13 04:28:52,954 - INFO -   True f = 0.3895
2025-06-13 04:28:52,968 - INFO - Iter time: 2.53s
2025-06-13 04:28:52,969 - INFO - 
--- Iter 45 (train size=55) ---
2025-06-13 04:28:55,411 - INFO - Selected CCC(C)C(C(=O)NC1CCOC(c2nc(C(=O)NCCc3ccccc3)cs2)C1)N(C)C → EI = 0.2778
f1 shape: (1,)
2025-06-13 04:28:55,412 - INFO -   True f = 0.414
2025-06-13 04:28:55,427 - INFO - Iter time: 2.46s
2025-06-13 04:28:55,427 - INFO - 
--- Iter 46 (train size=56) ---
2025-06-13 04:28:57,912 - INFO - Selected CC(C)CC(NC(=O)C(Cc1ccccc1)NC(=O)CN1CCOCC1)C(=O)C1(C)CO1 → EI = 0.2794
f1 shape: (1,)
2025-06-13 04:28:57,913 - INFO -   True f = 0.162
2025-06-13 04:28:57,928 - INFO - Iter time: 2.50s
2025-06-13 04:28:57,928 - INFO - 
--- Iter 47 (train size=57) ---
2025-06-13 04:29:00,547 - INFO - Selected CCN(CC)S(=O)(=O)c1ccc(N2CCOCC2)c(NC(=O)c2ccc(O)nc2)c1 → EI = 0.2763
f1 shape: (1,)
2025-06-13 04:29:00,548 - INFO -   True f = 0.3625
2025-06-13 04:29:00,564 - INFO - Iter time: 2.64s
2025-06-13 04:29:00,564 - INFO - 
--- Iter 48 (train size=58) ---
2025-06-13 04:29:03,209 - INFO - Selected CCC(N=C(O)c1cc(C(=O)NCC2CC2)n2c1COCC2)c1ccccc1Cl → EI = 0.2765
f1 shape: (1,)
2025-06-13 04:29:03,210 - INFO -   True f = 0.3989
2025-06-13 04:29:03,226 - INFO - Iter time: 2.66s
2025-06-13 04:29:03,226 - INFO - 
--- Iter 49 (train size=59) ---
2025-06-13 04:29:05,945 - INFO - Selected CC(C)c1ccccc1OCCN1CCC(NS(=O)(=O)c2cccc(Cl)c2)C1 → EI = 0.2774
f1 shape: (1,)
2025-06-13 04:29:05,946 - INFO -   True f = 0.3455
2025-06-13 04:29:05,963 - INFO - Iter time: 2.74s
2025-06-13 04:29:05,963 - INFO - 
--- Iter 50 (train size=60) ---
2025-06-13 04:29:08,572 - INFO - Selected CCc1cc(C(=O)NC(Cc2cccc(Cl)c2)C(=O)NCC#N)n(C)n1 → EI = 0.278
f1 shape: (1,)
2025-06-13 04:29:08,573 - INFO -   True f = 0.3549
2025-06-13 04:29:08,590 - INFO - Iter time: 2.63s
2025-06-13 04:29:08,590 - INFO - 
--- Iter 51 (train size=61) ---
2025-06-13 04:29:11,357 - INFO - Selected CCOC(=O)NC1CCc2ccc(OCCNS(=O)(=O)CC3CC3)cc2C1Cc1cccc(Cl)c1 → EI = 0.2782
f1 shape: (1,)
2025-06-13 04:29:11,358 - INFO -   True f = 0.4054
2025-06-13 04:29:11,376 - INFO - Iter time: 2.79s
2025-06-13 04:29:11,376 - INFO - 
--- Iter 52 (train size=62) ---
2025-06-13 04:29:14,184 - INFO - Selected CC(C(=O)NCCN)N1CCC(NS(=O)(=O)c2ccc3cc(Cl)ccc3c2)C1=O → EI = 0.2801
f1 shape: (1,)
2025-06-13 04:29:14,185 - INFO -   True f = 0.3443
2025-06-13 04:29:14,203 - INFO - Iter time: 2.83s
2025-06-13 04:29:14,203 - INFO - 
--- Iter 53 (train size=63) ---
2025-06-13 04:29:17,193 - INFO - Selected COC(=O)c1c(NC(=O)CCCOc2ccccc2)sc2c1CCC(C)C2 → EI = 0.2795
f1 shape: (1,)
2025-06-13 04:29:17,194 - INFO -   True f = 0.3721
2025-06-13 04:29:17,213 - INFO - Iter time: 3.01s
2025-06-13 04:29:17,213 - INFO - 
--- Iter 54 (train size=64) ---
2025-06-13 04:29:19,963 - INFO - Selected CC(C)(C)C1CCc2c(sc(NC(=O)c3cccc(Cl)c3)c2C(=O)NCc2ccco2)C1 → EI = 0.2815
f1 shape: (1,)
2025-06-13 04:29:19,964 - INFO -   True f = 0.1222
2025-06-13 04:29:19,982 - INFO - Iter time: 2.77s
2025-06-13 04:29:19,982 - INFO - 
--- Iter 55 (train size=65) ---
2025-06-13 04:29:22,953 - INFO - Selected CS(=O)(=O)c1ccc2c(c1)N(CCCN1CCC(C(N)=O)CC1)c1ccccc1S2 → EI = 0.2796
f1 shape: (1,)
2025-06-13 04:29:22,954 - INFO -   True f = 0.3497
2025-06-13 04:29:22,972 - INFO - Iter time: 2.99s
2025-06-13 04:29:22,972 - INFO - 
--- Iter 56 (train size=66) ---
2025-06-13 04:29:25,849 - INFO - Selected CCOC(=O)c1c(OC2CCCCC2C)cc(CCc2ccccc2)[nH]c1=O → EI = 0.2795
f1 shape: (1,)
2025-06-13 04:29:25,850 - INFO -   True f = 0.4561
2025-06-13 04:29:25,870 - INFO - Iter time: 2.90s
2025-06-13 04:29:25,870 - INFO - 
--- Iter 57 (train size=67) ---
2025-06-13 04:29:28,761 - INFO - Selected CCOC(=O)c1cnc2n(c1=O)C(C)CCC2=NNc1ccccc1 → EI = 0.2802
f1 shape: (1,)
2025-06-13 04:29:28,762 - INFO -   True f = 0.381
2025-06-13 04:29:28,782 - INFO - Iter time: 2.91s
2025-06-13 04:29:28,782 - INFO - 
--- Iter 58 (train size=68) ---
2025-06-13 04:29:31,784 - INFO - Selected CCOC(=O)NCCNC(=O)c1cc2ccccc2nc1N1CCCC1 → EI = 0.2805
f1 shape: (1,)
2025-06-13 04:29:31,785 - INFO -   True f = 0.4324
2025-06-13 04:29:31,806 - INFO - Iter time: 3.02s
2025-06-13 04:29:31,806 - INFO - 
--- Iter 59 (train size=69) ---
2025-06-13 04:29:34,887 - INFO - Selected CCOC(=O)C=CC(=O)Nc1ccccc1CCCN1CCC23CCCCC2C1Cc1ccc(O)cc13 → EI = 0.2823
f1 shape: (1,)
2025-06-13 04:29:34,888 - INFO -   True f = 0.4502
2025-06-13 04:29:34,909 - INFO - Iter time: 3.10s
2025-06-13 04:29:34,909 - INFO - 
--- Iter 60 (train size=70) ---
2025-06-13 04:29:37,900 - INFO - Selected CCOC(=O)C1CCC(=O)N1CC(=O)NCCN1CCN(c2ccccc2OC(C)C)CC1 → EI = 0.2835
f1 shape: (1,)
2025-06-13 04:29:37,901 - INFO -   True f = 0.1741
2025-06-13 04:29:37,922 - INFO - Iter time: 3.01s
2025-06-13 04:29:37,923 - INFO - 
--- Iter 61 (train size=71) ---
2025-06-13 04:29:41,255 - INFO - Selected O=C(NCCC1CCN(Cc2ccccc2)CC1)c1cc2ccc(O)cc2oc1=O → EI = 0.284
f1 shape: (1,)
2025-06-13 04:29:41,257 - INFO -   True f = 0.1277
2025-06-13 04:29:41,278 - INFO - Iter time: 3.36s
2025-06-13 04:29:41,278 - INFO - 
--- Iter 62 (train size=72) ---
2025-06-13 04:29:44,367 - INFO - Selected CCOC(=O)c1cc2c(nc1N=C(S)Nc1ccccc1)CC(C)(CC)OC2 → EI = 0.2811
f1 shape: (1,)
2025-06-13 04:29:44,368 - INFO -   True f = 0.3693
2025-06-13 04:29:44,390 - INFO - Iter time: 3.11s
2025-06-13 04:29:44,390 - INFO - 
--- Iter 63 (train size=73) ---
2025-06-13 04:29:47,492 - INFO - Selected CCc1cc2cc(C(=O)C3CCC(OC)CC3)ccc2nc1Cl → EI = 0.2817
f1 shape: (1,)
2025-06-13 04:29:47,493 - INFO -   True f = 0.3651
2025-06-13 04:29:47,515 - INFO - Iter time: 3.12s
2025-06-13 04:29:47,515 - INFO - 
--- Iter 64 (train size=74) ---
2025-06-13 04:29:50,791 - INFO - Selected CCNC(=O)C1(C)CCCN(Cc2cccc3c(OC)cc(C(=O)OCC)cc23)C1 → EI = 0.2826
f1 shape: (1,)
2025-06-13 04:29:50,792 - INFO -   True f = 0.4385
2025-06-13 04:29:50,815 - INFO - Iter time: 3.30s
2025-06-13 04:29:50,816 - INFO - 
--- Iter 65 (train size=75) ---
2025-06-13 04:29:54,302 - INFO - Selected CCc1ccccc1NC(=O)Oc1ccc2c(c1)C1(C)CCN(C)OC1N2C → EI = 0.2831
f1 shape: (1,)
2025-06-13 04:29:54,303 - INFO -   True f = 0.3208
2025-06-13 04:29:54,327 - INFO - Iter time: 3.51s
2025-06-13 04:29:54,327 - INFO - 
--- Iter 66 (train size=76) ---
2025-06-13 04:29:57,539 - INFO - Selected CCOc1cc(NC(=O)N2CCC(O)(CC(CC)CC)CC2)cc(Oc2ccc(F)cc2)c1 → EI = 0.2834
f1 shape: (1,)
2025-06-13 04:29:57,540 - INFO -   True f = 0.3832
2025-06-13 04:29:57,564 - INFO - Iter time: 3.24s
2025-06-13 04:29:57,564 - INFO - 
--- Iter 67 (train size=77) ---
2025-06-13 04:30:00,835 - INFO - Selected CCOC(=O)C1(Cc2cccc(OC)c2)CCN(Cc2cnc(SC)nc2)CC1 → EI = 0.285
f1 shape: (1,)
2025-06-13 04:30:00,836 - INFO -   True f = 0.3752
2025-06-13 04:30:00,860 - INFO - Iter time: 3.30s
2025-06-13 04:30:00,860 - INFO - 
--- Iter 68 (train size=78) ---
2025-06-13 04:30:04,323 - INFO - Selected CCCOc1nccc(N2CCC(Oc3ccc(C(C)NC(C)=O)cc3)C2)c1F → EI = 0.2858
f1 shape: (1,)
2025-06-13 04:30:04,324 - INFO -   True f = 0.3878
2025-06-13 04:30:04,349 - INFO - Iter time: 3.49s
2025-06-13 04:30:04,349 - INFO - 
--- Iter 69 (train size=79) ---
2025-06-13 04:30:07,671 - INFO - Selected CCC1CN2CCC1CC2C(O)c1cc(N2CCCC(C(=O)N(CC)CC)C2)nc2ccc(OC)cc12 → EI = 0.2868
f1 shape: (1,)
2025-06-13 04:30:07,673 - INFO -   True f = 0.435
2025-06-13 04:30:07,698 - INFO - Iter time: 3.35s
2025-06-13 04:30:07,698 - INFO - 
--- Iter 70 (train size=80) ---
2025-06-13 04:30:11,398 - INFO - Selected CCN1CCC(N(Cc2cccc(OC)c2)C(=O)Nc2ccc(C)cc2Cl)CC1 → EI = 0.288
f1 shape: (1,)
2025-06-13 04:30:11,399 - INFO -   True f = 0.3766
2025-06-13 04:30:11,425 - INFO - Iter time: 3.73s
2025-06-13 04:30:11,425 - INFO - 
--- Iter 71 (train size=81) ---
2025-06-13 04:30:14,817 - INFO - Selected CCC(Cc1cc(CNC(=O)c2ccc(C34CC5CC(CC(C5)C3)C4)cc2)c(OC)cc1F)C(=O)O → EI = 0.2871
f1 shape: (1,)
2025-06-13 04:30:14,818 - INFO -   True f = 0.4206
2025-06-13 04:30:14,844 - INFO - Iter time: 3.42s
2025-06-13 04:30:14,844 - INFO - 
--- Iter 72 (train size=82) ---
2025-06-13 04:30:18,402 - INFO - Selected CCCCOc1cc(NC(=O)NC2CCc3ccccc32)ccc1OC → EI = 0.2886
f1 shape: (1,)
2025-06-13 04:30:18,403 - INFO -   True f = 0.3508
2025-06-13 04:30:18,430 - INFO - Iter time: 3.59s
2025-06-13 04:30:18,430 - INFO - 
--- Iter 73 (train size=83) ---
2025-06-13 04:30:22,060 - INFO - Selected CCOC(=O)c1cnc2ccc(OC)cc2c1NCCc1ccccc1 → EI = 0.2881
f1 shape: (1,)
2025-06-13 04:30:22,061 - INFO -   True f = 0.1198
2025-06-13 04:30:22,088 - INFO - Iter time: 3.66s
2025-06-13 04:30:22,089 - INFO - 
--- Iter 74 (train size=84) ---
2025-06-13 04:30:25,760 - INFO - Selected CCNC(=O)C1CC(n2cnc3c(NC(CC)Cc4sccc4Cl)ccnc32)C(O)C1O → EI = 0.2877
f1 shape: (1,)
2025-06-13 04:30:25,761 - INFO -   True f = 0.1386
2025-06-13 04:30:25,789 - INFO - Iter time: 3.70s
2025-06-13 04:30:25,789 - INFO - 
--- Iter 75 (train size=85) ---
2025-06-13 04:30:29,682 - INFO - Selected CCN(Cc1cc(C(F)(F)F)ccc1-n1cc(CC(=O)O)c2ccc(C3CC3)nc21)C(=O)C1CC1 → EI = 0.2864
f1 shape: (1,)
2025-06-13 04:30:29,683 - INFO -   True f = 0.1433
2025-06-13 04:30:29,711 - INFO - Iter time: 3.92s
2025-06-13 04:30:29,712 - INFO - 
--- Iter 76 (train size=86) ---
2025-06-13 04:30:33,309 - INFO - Selected CCOC(=O)C=CC(CC1CCNC1=O)NC(=O)C(Cc1ccc(F)cc1)OC(=O)C(NC(=O)c1cc(C)on1)C(C)C → EI = 0.2848
f1 shape: (1,)
2025-06-13 04:30:33,311 - INFO -   True f = 0.4244
2025-06-13 04:30:33,339 - INFO - Iter time: 3.63s
2025-06-13 04:30:33,339 - INFO - 
--- Iter 77 (train size=87) ---
2025-06-13 04:30:37,126 - INFO - Selected Cc1ccc(F)cc1C(=O)N1CCCCC1c1cc(C(=O)NC(C)C)no1 → EI = 0.2869
f1 shape: (1,)
2025-06-13 04:30:37,127 - INFO -   True f = 0.4212
2025-06-13 04:30:37,157 - INFO - Iter time: 3.82s
2025-06-13 04:30:37,157 - INFO - 
--- Iter 78 (train size=88) ---
2025-06-13 04:30:41,038 - INFO - Selected COc1ccc(F)cc1C(=O)C1CCCN(Cc2ccc(C)s2)C1 → EI = 0.2885
f1 shape: (1,)
2025-06-13 04:30:41,039 - INFO -   True f = 0.3478
2025-06-13 04:30:41,070 - INFO - Iter time: 3.91s
2025-06-13 04:30:41,070 - INFO - 
--- Iter 79 (train size=89) ---
2025-06-13 04:30:44,802 - INFO - Selected CCOc1cc(C(=O)OCC(=O)Nc2cc(C)on2)ccc1OCC(C)C → EI = 0.2878
f1 shape: (1,)
2025-06-13 04:30:44,803 - INFO -   True f = 0.3868
2025-06-13 04:30:44,834 - INFO - Iter time: 3.76s
2025-06-13 04:30:44,834 - INFO - 
--- Iter 80 (train size=90) ---
2025-06-13 04:30:48,756 - INFO - Selected COc1ccc(C(=O)NCc2cc(C(C)C)no2)cc1OCC1CCC1 → EI = 0.2894
f1 shape: (1,)
2025-06-13 04:30:48,757 - INFO -   True f = 0.3899
2025-06-13 04:30:48,788 - INFO - Iter time: 3.95s
2025-06-13 04:30:48,789 - INFO - 
--- Iter 81 (train size=91) ---
2025-06-13 04:30:52,767 - INFO - Selected CCc1cnc(CNc2ccc(C(=O)N3CCCC(C)C3)cc2C)o1 → EI = 0.289
f1 shape: (1,)
2025-06-13 04:30:52,768 - INFO -   True f = 0.381
2025-06-13 04:30:52,800 - INFO - Iter time: 4.01s
2025-06-13 04:30:52,800 - INFO - 
--- Iter 82 (train size=92) ---
2025-06-13 04:30:56,996 - INFO - Selected Cc1cc(C)c(S(=O)(=O)N2CCCOC2CNC(=O)C(=O)NCc2cccs2)c(C)c1 → EI = 0.2879
f1 shape: (1,)
2025-06-13 04:30:56,997 - INFO -   True f = 0.3711
2025-06-13 04:30:57,030 - INFO - Iter time: 4.23s
2025-06-13 04:30:57,030 - INFO - 
--- Iter 83 (train size=93) ---
2025-06-13 04:31:01,095 - INFO - Selected CCC1OCC(=O)C1NC(=O)C(CC1(C)CCCC1)NC(=O)c1cccc(S(=O)(=O)NC)c1 → EI = 0.2889
f1 shape: (1,)
2025-06-13 04:31:01,096 - INFO -   True f = 0.1572
2025-06-13 04:31:01,130 - INFO - Iter time: 4.10s
2025-06-13 04:31:01,130 - INFO - 
--- Iter 84 (train size=94) ---
2025-06-13 04:31:05,065 - INFO - Selected CC(Oc1ccc(Cl)cc1CN1CCN(C(=O)Cc2ccc(Cl)cc2)C(C)C1)C(=O)O → EI = 0.2868
f1 shape: (1,)
2025-06-13 04:31:05,066 - INFO -   True f = 0.3821
2025-06-13 04:31:05,101 - INFO - Iter time: 3.97s
2025-06-13 04:31:05,101 - INFO - 
--- Iter 85 (train size=95) ---
2025-06-13 04:31:09,258 - INFO - Selected CCOC(=O)N1CCN(Cc2nc3cc(NC(=O)C(C)C)ccc3n2C)CC1 → EI = 0.2875
f1 shape: (1,)
2025-06-13 04:31:09,259 - INFO -   True f = 0.4382
2025-06-13 04:31:09,293 - INFO - Iter time: 4.19s
2025-06-13 04:31:09,293 - INFO - 
--- Iter 86 (train size=96) ---
2025-06-13 04:31:13,406 - INFO - Selected CCCN1CCN(CC2=C(C(=O)OCC)C(c3ccc(OC(C)C)cc3)NC(=O)N2)CC1 → EI = 0.2863
f1 shape: (1,)
2025-06-13 04:31:13,407 - INFO -   True f = 0.1577
2025-06-13 04:31:13,442 - INFO - Iter time: 4.15s
2025-06-13 04:31:13,442 - INFO - 
--- Iter 87 (train size=97) ---
2025-06-13 04:31:17,472 - INFO - Selected CC1CCC(C2=CCC(N(CCN3CCCC3)C(=O)Nc3ccc(F)c(Cl)c3)CC2)S1 → EI = 0.2854
f1 shape: (1,)
2025-06-13 04:31:17,473 - INFO -   True f = 0.139
2025-06-13 04:31:17,508 - INFO - Iter time: 4.07s
2025-06-13 04:31:17,509 - INFO - 
--- Iter 88 (train size=98) ---
2025-06-13 04:31:21,738 - INFO - Selected CCCNC(=O)N1CCc2cc(OC)c(OC)cc2C1c1ccccc1 → EI = 0.2851
f1 shape: (1,)
2025-06-13 04:31:21,740 - INFO -   True f = 0.3522
2025-06-13 04:31:21,776 - INFO - Iter time: 4.27s
2025-06-13 04:31:21,776 - INFO - 
--- Iter 89 (train size=99) ---
2025-06-13 04:31:26,293 - INFO - Selected CCOc1cc(C(=O)Nc2cc(OC)cc(OC)c2)ccc1OCC(=O)N1CCOCC1 → EI = 0.2854
f1 shape: (1,)
2025-06-13 04:31:26,294 - INFO -   True f = 0.3753
2025-06-13 04:31:26,331 - INFO - Iter time: 4.55s
2025-06-13 04:31:26,331 - INFO - 
--- Iter 90 (train size=100) ---
2025-06-13 04:31:30,681 - INFO - Selected Cc1occc1C(=O)NCC(=O)NCCOc1ccc2c(c1)CCC2 → EI = 0.2851
f1 shape: (1,)
2025-06-13 04:31:30,682 - INFO -   True f = 0.3549
2025-06-13 04:31:30,719 - INFO - Iter time: 4.39s
2025-06-13 04:31:30,719 - INFO - 
--- Iter 91 (train size=101) ---
2025-06-13 04:31:34,881 - INFO - Selected CCOc1ncccc1C(=O)OCC(=O)c1ccc(C)c(C)c1 → EI = 0.2858
f1 shape: (1,)
2025-06-13 04:31:34,882 - INFO -   True f = 0.3536
2025-06-13 04:31:34,920 - INFO - Iter time: 4.20s
2025-06-13 04:31:34,920 - INFO - 
--- Iter 92 (train size=102) ---
2025-06-13 04:31:39,328 - INFO - Selected CC(C)CC(CO)NC(=O)c1ccc(NC(=O)N2Cc3ccc(F)cc3C2)cc1 → EI = 0.2855
f1 shape: (1,)
2025-06-13 04:31:39,329 - INFO -   True f = 0.3665
2025-06-13 04:31:39,368 - INFO - Iter time: 4.45s
2025-06-13 04:31:39,368 - INFO - 
--- Iter 93 (train size=103) ---
2025-06-13 04:31:43,779 - INFO - Selected C=CCOC(=O)N1CCN(C(=O)C(CCC(=O)O)NC(=O)c2cc(OCCO)cc(-c3ccccc3)n2)CC1 → EI = 0.2857
f1 shape: (1,)
2025-06-13 04:31:43,780 - INFO -   True f = 0.4096
2025-06-13 04:31:43,821 - INFO - Iter time: 4.45s
2025-06-13 04:31:43,821 - INFO - 
--- Iter 94 (train size=104) ---
2025-06-13 04:31:48,501 - INFO - Selected CC(=O)N1CCCc2cc(-c3cncc(C(C)N=C(C)O)c3)cnc21 → EI = 0.2859
f1 shape: (1,)
2025-06-13 04:31:48,502 - INFO -   True f = 0.3578
2025-06-13 04:31:48,542 - INFO - Iter time: 4.72s
2025-06-13 04:31:48,542 - INFO - 
--- Iter 95 (train size=105) ---
2025-06-13 04:31:53,139 - INFO - Selected COc1ccccc1C(=O)Nc1cc2c(cc1C(C)C)CCC1C(C)(C(=O)O)CCCC21C → EI = 0.2862
f1 shape: (1,)
2025-06-13 04:31:53,141 - INFO -   True f = 0.4068
2025-06-13 04:31:53,182 - INFO - Iter time: 4.64s
2025-06-13 04:31:53,182 - INFO - 
--- Iter 96 (train size=106) ---
2025-06-13 04:31:57,596 - INFO - Selected CC12CCC3c4ccc(C(=O)NCC5(C(=O)O)CCOCC5)cc4CCC3C1CC=C2c1cncc(F)c1 → EI = 0.288
f1 shape: (1,)
2025-06-13 04:31:57,598 - INFO -   True f = 0.3634
2025-06-13 04:31:57,803 - INFO - Iter time: 4.62s
2025-06-13 04:31:57,803 - INFO - 
--- Iter 97 (train size=107) ---
2025-06-13 04:32:02,477 - INFO - Selected CCC(NC(=O)N1CC(=O)NCC(Cc2cc(Cl)ccc2OC)C1=O)c1cncc(C(=O)O)c1 → EI = 0.2875
f1 shape: (1,)
2025-06-13 04:32:02,479 - INFO -   True f = 0.3819
2025-06-13 04:32:02,521 - INFO - Iter time: 4.72s
2025-06-13 04:32:02,521 - INFO - 
--- Iter 98 (train size=108) ---
2025-06-13 04:32:07,287 - INFO - Selected NCc1ccc(Cl)cc1CN=C(O)C1CCCN1C(=O)C1(O)CCc2cccnc21 → EI = 0.2884
f1 shape: (1,)
2025-06-13 04:32:07,288 - INFO -   True f = 0.3612
2025-06-13 04:32:07,331 - INFO - Iter time: 4.81s
2025-06-13 04:32:07,331 - INFO - 
--- Iter 99 (train size=109) ---
2025-06-13 04:32:12,329 - INFO - Selected CCC(=O)N1CCOc2c(cc(-c3cccc(Cl)c3)cc2OC)C1 → EI = 0.2881
f1 shape: (1,)
2025-06-13 04:32:12,330 - INFO -   True f = 0.3074
2025-06-13 04:32:12,374 - INFO - Iter time: 5.04s
2025-06-13 04:32:12,374 - INFO - 
--- Iter 100 (train size=110) ---
2025-06-13 04:32:17,240 - INFO - Selected CC(C)C(O)C(=O)N1CC(OCCCc2ccccc2)CC1C(=O)NC(CC(F)F)C(=O)NCCc1c(F)cc(C(=O)O)cc1F → EI = 0.2879
f1 shape: (1,)
2025-06-13 04:32:17,241 - INFO -   True f = 0.4238
2025-06-13 04:32:17,287 - INFO - Iter time: 4.91s
2025-06-13 04:32:17,287 - INFO - 
--- Iter 101 (train size=111) ---
2025-06-13 04:32:22,051 - INFO - Selected CC(C)Oc1cc(C(=O)O)cc(NC(=O)c2nc3c(s2)CN(C(C)C)CC3)c1CCC(=O)Nc1ccc(Cl)cc1 → EI = 0.2896
f1 shape: (1,)
2025-06-13 04:32:22,053 - INFO -   True f = 0.1468
2025-06-13 04:32:22,099 - INFO - Iter time: 4.81s
2025-06-13 04:32:22,099 - INFO - 
--- Iter 102 (train size=112) ---
2025-06-13 04:32:27,077 - INFO - Selected Cc1cc(O)cc(C)c1CC(N)C(=O)N1Cc2ccccc2CC1CN=C(N)N → EI = 0.2881
f1 shape: (1,)
2025-06-13 04:32:27,078 - INFO -   True f = 0.3321
2025-06-13 04:32:27,125 - INFO - Iter time: 5.03s
2025-06-13 04:32:27,125 - INFO - 
--- Iter 103 (train size=113) ---
2025-06-13 04:32:32,095 - INFO - Selected CC(=O)NC(Cc1cc(F)cc(F)c1)C(O)CNC1CCOc2ccc(OC3CCCC3)cc21 → EI = 0.2883
f1 shape: (1,)
2025-06-13 04:32:32,096 - INFO -   True f = 0.4082
2025-06-13 04:32:32,144 - INFO - Iter time: 5.02s
2025-06-13 04:32:32,145 - INFO - 
--- Iter 104 (train size=114) ---
2025-06-13 04:32:36,985 - INFO - Selected CCC(CC)COC(=O)C1(C(=O)O)Oc2ccc(CC(C)NCC(O)c3cccc(Cl)c3)cc2O1 → EI = 0.2897
f1 shape: (1,)
2025-06-13 04:32:36,986 - INFO -   True f = 0.3882
2025-06-13 04:32:37,035 - INFO - Iter time: 4.89s
2025-06-13 04:32:37,035 - INFO - 
--- Iter 105 (train size=115) ---
2025-06-13 04:32:42,170 - INFO - Selected CCc1cc(C(C)=O)c(O)cc1OCc1cccc(C(=O)O)c1 → EI = 0.2901
f1 shape: (1,)
2025-06-13 04:32:42,171 - INFO -   True f = 0.3416
2025-06-13 04:32:42,220 - INFO - Iter time: 5.19s
2025-06-13 04:32:42,220 - INFO - 
--- Iter 106 (train size=116) ---
2025-06-13 04:32:47,349 - INFO - Selected CCCCNC(=O)C1CCCN(C(=O)c2ccc(O)c(-c3ccc(Cl)c(Cl)c3)c2)C1 → EI = 0.2883
f1 shape: (1,)
2025-06-13 04:32:47,350 - INFO -   True f = 0.4067
2025-06-13 04:32:47,401 - INFO - Iter time: 5.18s
2025-06-13 04:32:47,401 - INFO - 
--- Iter 107 (train size=117) ---
2025-06-13 04:32:52,589 - INFO - Selected CCC(=O)CCCCCC(NC(=O)C1CN(C)C1)c1ncc(-c2cnc3ccccc3n2)[nH]1 → EI = 0.2889
f1 shape: (1,)
2025-06-13 04:32:52,590 - INFO -   True f = 0.1327
2025-06-13 04:32:52,642 - INFO - Iter time: 5.24s
2025-06-13 04:32:52,642 - INFO - 
--- Iter 108 (train size=118) ---
2025-06-13 04:32:57,875 - INFO - Selected Cc1cc2c(cc(C(=O)OC(C(=O)NCC3CCCO3)C(C)C)n2C)o1 → EI = 0.2883
f1 shape: (1,)
2025-06-13 04:32:57,876 - INFO -   True f = 0.4264
2025-06-13 04:32:57,929 - INFO - Iter time: 5.29s
2025-06-13 04:32:57,929 - INFO - 
--- Iter 109 (train size=119) ---
2025-06-13 04:33:03,192 - INFO - Selected O=C(Nc1cc(Cl)cc(Cl)c1)C(NCC1CCCO1)c1ccccc1 → EI = 0.2891
f1 shape: (1,)
2025-06-13 04:33:03,193 - INFO -   True f = 0.3027
2025-06-13 04:33:03,246 - INFO - Iter time: 5.32s
2025-06-13 04:33:03,246 - INFO - 
--- Iter 110 (train size=120) ---
2025-06-13 04:33:08,550 - INFO - Selected CCOc1cccc(-c2ccc(C3CCN(S(=O)(=O)C(C)(C)C(=O)NO)CC3)cc2C)c1 → EI = 0.2883
f1 shape: (1,)
2025-06-13 04:33:08,551 - INFO -   True f = 0.4007
2025-06-13 04:33:08,605 - INFO - Iter time: 5.36s
2025-06-13 04:33:08,605 - INFO - 
--- Iter 111 (train size=121) ---
2025-06-13 04:33:13,716 - INFO - Selected Cn1cc(-c2cccc(CNC(=O)N3CCCC3CO)c2)cn1 → EI = 0.289
f1 shape: (1,)
2025-06-13 04:33:13,717 - INFO -   True f = 0.3506
2025-06-13 04:33:13,772 - INFO - Iter time: 5.17s
2025-06-13 04:33:13,772 - INFO - 
--- Iter 112 (train size=122) ---
2025-06-13 04:33:19,432 - INFO - Selected Cc1cc(C#N)ccc1C1=CCN(S(=O)(=O)CC2(C(=O)NO)CCN(C(=O)OCC3CCCN3)CC2)CC1 → EI = 0.2891
f1 shape: (1,)
2025-06-13 04:33:19,434 - INFO -   True f = 0.1417
2025-06-13 04:33:19,489 - INFO - Iter time: 5.72s
2025-06-13 04:33:19,489 - INFO - 
--- Iter 113 (train size=123) ---
2025-06-13 04:33:24,699 - INFO - Selected Cc1cccc(OCCNC(=O)c2cc(C3CC3)nc3c2cnn3C(C)C)c1 → EI = 0.2894
f1 shape: (1,)
2025-06-13 04:33:24,701 - INFO -   True f = 0.1358
2025-06-13 04:33:24,757 - INFO - Iter time: 5.27s
2025-06-13 04:33:24,757 - INFO - 
--- Iter 114 (train size=124) ---
2025-06-13 04:33:30,240 - INFO - Selected COc1cc(C=NNC(=O)c2ccc(O)cc2)ccc1OCC(=O)N1CC(C)OC(C)C1 → EI = 0.2885
f1 shape: (1,)
2025-06-13 04:33:30,241 - INFO -   True f = 0.3548
2025-06-13 04:33:30,298 - INFO - Iter time: 5.54s
2025-06-13 04:33:30,298 - INFO - 
--- Iter 115 (train size=125) ---
2025-06-13 04:33:36,061 - INFO - Selected CCC(CC)C(=O)Nc1cc(NC(=O)C=Cc2ccc(O)c(O)c2)ccc1O → EI = 0.2889
f1 shape: (1,)
2025-06-13 04:33:36,062 - INFO -   True f = 0.3358
2025-06-13 04:33:36,120 - INFO - Iter time: 5.82s
2025-06-13 04:33:36,120 - INFO - 
--- Iter 116 (train size=126) ---
2025-06-13 04:33:41,711 - INFO - Selected COC(=O)C=Cc1cccc(N(Cc2cc(OC)cc(OC)c2)C(=O)C2CCCCC2)c1 → EI = 0.2887
f1 shape: (1,)
2025-06-13 04:33:41,712 - INFO -   True f = 0.4068
2025-06-13 04:33:41,771 - INFO - Iter time: 5.65s
2025-06-13 04:33:41,771 - INFO - 
--- Iter 117 (train size=127) ---
2025-06-13 04:33:47,135 - INFO - Selected COc1ccc2oc(C(=O)OCC(=O)N3CCCC(C)C3)c(C)c2c1 → EI = 0.2882
f1 shape: (1,)
2025-06-13 04:33:47,136 - INFO -   True f = 0.4066
2025-06-13 04:33:47,197 - INFO - Iter time: 5.43s
2025-06-13 04:33:47,197 - INFO - 
--- Iter 118 (train size=128) ---
2025-06-13 04:33:53,046 - INFO - Selected COc1cccc(NS(=O)(=O)c2ccc3c(c2)CCCN3C(C)=O)c1 → EI = 0.289
f1 shape: (1,)
2025-06-13 04:33:53,047 - INFO -   True f = 0.332
2025-06-13 04:33:53,108 - INFO - Iter time: 5.91s
2025-06-13 04:33:53,108 - INFO - 
--- Iter 119 (train size=129) ---
2025-06-13 04:33:59,099 - INFO - Selected COc1cc(C(=O)O)ccc1Cn1ccc2ccc(NC(=O)OC3CCC3)cc21 → EI = 0.2882
f1 shape: (1,)
2025-06-13 04:33:59,100 - INFO -   True f = 0.1427
2025-06-13 04:33:59,162 - INFO - Iter time: 6.05s
2025-06-13 04:33:59,162 - INFO - 
--- Iter 120 (train size=130) ---
2025-06-13 04:34:04,650 - INFO - Selected CCOc1ccccc1NC(=O)C(CC(C)C)NC(=O)C1CCC(C)CC1 → EI = 0.2878
f1 shape: (1,)
2025-06-13 04:34:04,651 - INFO -   True f = 0.1752
2025-06-13 04:34:04,714 - INFO - Iter time: 5.55s
2025-06-13 04:34:04,714 - INFO - 
--- Iter 121 (train size=131) ---
2025-06-13 04:34:10,754 - INFO - Selected COC(=O)C1(CNC(=O)c2cc(OC)cc(OC)c2)CCN(Cc2ccc(OC)cc2)CC1 → EI = 0.2875
f1 shape: (1,)
2025-06-13 04:34:10,756 - INFO -   True f = 0.3511
2025-06-13 04:34:10,820 - INFO - Iter time: 6.11s
2025-06-13 04:34:10,820 - INFO - 
--- Iter 122 (train size=132) ---
2025-06-13 04:34:16,670 - INFO - Selected COc1ccc(CN(C)CC2CCCN(CCc3ccccc3C)C2)cc1O → EI = 0.2873
f1 shape: (1,)
2025-06-13 04:34:16,671 - INFO -   True f = 0.3443
2025-06-13 04:34:16,735 - INFO - Iter time: 5.91s
2025-06-13 04:34:16,735 - INFO - 
--- Iter 123 (train size=133) ---
2025-06-13 04:34:22,314 - INFO - Selected Cc1ccc(S(=O)(=O)N2CCC(C(=O)OCC(=O)NC(C)c3ccc(F)cc3)CC2)cc1C → EI = 0.2871
f1 shape: (1,)
2025-06-13 04:34:22,315 - INFO -   True f = 0.417
2025-06-13 04:34:22,381 - INFO - Iter time: 5.65s
2025-06-13 04:34:22,381 - INFO - 
--- Iter 124 (train size=134) ---
2025-06-13 04:34:28,515 - INFO - Selected CCOC(=O)C(=O)N(c1ccc(F)cc1)C1c2cc(C#N)ccc2OC(C)(C)C1O → EI = 0.2876
f1 shape: (1,)
2025-06-13 04:34:28,516 - INFO -   True f = 0.3651
2025-06-13 04:34:28,582 - INFO - Iter time: 6.20s
2025-06-13 04:34:28,582 - INFO - 
--- Iter 125 (train size=135) ---
2025-06-13 04:34:34,824 - INFO - Selected CCN1CC(C(=O)N2CC(C)C(O)(c3ccc(F)cc3F)C(C)C2)C(c2ccc(F)cc2F)C1 → EI = 0.2882
f1 shape: (1,)
2025-06-13 04:34:34,825 - INFO -   True f = 0.3401
2025-06-13 04:34:34,894 - INFO - Iter time: 6.31s
2025-06-13 04:34:34,894 - INFO - 
--- Iter 126 (train size=136) ---
2025-06-13 04:34:40,618 - INFO - Selected CCOC(=O)C(C(=O)NCc1ccc(F)cc1)c1ncc(C(F)(F)F)cc1Cl → EI = 0.2879
f1 shape: (1,)
2025-06-13 04:34:40,619 - INFO -   True f = 0.3735
2025-06-13 04:34:40,687 - INFO - Iter time: 5.79s
2025-06-13 04:34:40,687 - INFO - 
--- Iter 127 (train size=137) ---
2025-06-13 04:34:46,975 - INFO - Selected O=C(COC(=O)c1ccc(Br)o1)NC1CCCc2ccccc21 → EI = 0.2869
f1 shape: (1,)
2025-06-13 04:34:46,976 - INFO -   True f = 0.3636
2025-06-13 04:34:47,045 - INFO - Iter time: 6.36s
2025-06-13 04:34:47,046 - INFO - 
--- Iter 128 (train size=138) ---
2025-06-13 04:34:53,095 - INFO - Selected CC(=O)c1cccc(C2=CC3=CC(=O)OC34CC2N2CCCCC24)c1 → EI = 0.2868
f1 shape: (1,)
2025-06-13 04:34:53,096 - INFO -   True f = 0.1351
2025-06-13 04:34:53,166 - INFO - Iter time: 6.12s
2025-06-13 04:34:53,166 - INFO - 
--- Iter 129 (train size=139) ---
2025-06-13 04:34:59,599 - INFO - Selected Cc1cc(C(=O)N(CC(C)C)CC(O)c2ccc(F)cc2)[nH]n1 → EI = 0.2865
f1 shape: (1,)
2025-06-13 04:34:59,600 - INFO -   True f = 0.3136
2025-06-13 04:34:59,671 - INFO - Iter time: 6.50s
2025-06-13 04:34:59,671 - INFO - 
--- Iter 130 (train size=140) ---
2025-06-13 04:35:05,562 - INFO - Selected Cc1ccc(C(=O)N2CCCC(CCC(=O)NCc3ccccc3F)C2)cn1 → EI = 0.2864
f1 shape: (1,)
2025-06-13 04:35:05,563 - INFO -   True f = 0.3794
2025-06-13 04:35:05,636 - INFO - Iter time: 5.96s
2025-06-13 04:35:05,636 - INFO - 
--- Iter 131 (train size=141) ---
2025-06-13 04:35:12,121 - INFO - Selected CCOc1ccc(CCNC(=O)C2Cc3ccccc3N2C(=O)CC)cc1OCC → EI = 0.2865
f1 shape: (1,)
2025-06-13 04:35:12,122 - INFO -   True f = 0.3944
2025-06-13 04:35:12,195 - INFO - Iter time: 6.56s
2025-06-13 04:35:12,195 - INFO - 
--- Iter 132 (train size=142) ---
2025-06-13 04:35:18,229 - INFO - Selected NC(CC(=O)N1N=CCC1C(=O)OCc1ccccc1)Cc1cc(F)c(F)cc1F → EI = 0.2872
f1 shape: (1,)
2025-06-13 04:35:18,230 - INFO -   True f = 0.3393
2025-06-13 04:35:18,304 - INFO - Iter time: 6.11s
2025-06-13 04:35:18,304 - INFO - 
--- Iter 133 (train size=143) ---
2025-06-13 04:35:24,835 - INFO - Selected C=CCN1C=C(C(=O)OCC)C(c2ccc(O)cc2)C(C(=O)OCC)=C1 → EI = 0.287
f1 shape: (1,)
2025-06-13 04:35:24,836 - INFO -   True f = 0.1483
2025-06-13 04:35:24,911 - INFO - Iter time: 6.61s
2025-06-13 04:35:24,911 - INFO - 
--- Iter 134 (train size=144) ---
2025-06-13 04:35:31,509 - INFO - Selected Cc1ccc(F)cc1NC(=O)C1CCCN1C(=O)C(C)C → EI = 0.2865
f1 shape: (1,)
2025-06-13 04:35:31,510 - INFO -   True f = 0.163
2025-06-13 04:35:31,586 - INFO - Iter time: 6.68s
2025-06-13 04:35:31,586 - INFO - 
--- Iter 135 (train size=145) ---
2025-06-13 04:35:37,669 - INFO - Selected CCC(CO)NCc1cccnc1N1CCN(C(=O)C(Cc2ccc(Cl)cc2Cl)NC(=O)CCN)CC1 → EI = 0.2869
f1 shape: (1,)
2025-06-13 04:35:37,670 - INFO -   True f = 0.3792
2025-06-13 04:35:37,748 - INFO - Iter time: 6.16s
2025-06-13 04:35:37,748 - INFO - 
--- Iter 136 (train size=146) ---
2025-06-13 04:35:44,399 - INFO - Selected CCOC(=O)CCNC(=O)C1CC(NC(=O)c2cc(CC)nn2C)CN1C(=O)c1coc2ccccc12 → EI = 0.2861
f1 shape: (1,)
2025-06-13 04:35:44,401 - INFO -   True f = 0.164
2025-06-13 04:35:44,480 - INFO - Iter time: 6.73s
2025-06-13 04:35:44,480 - INFO - 
--- Iter 137 (train size=147) ---
2025-06-13 04:35:50,898 - INFO - Selected CCC(=O)c1ccc(OCC(=O)N2CCc3cc(OC)c(OC)cc3C2)cc1 → EI = 0.2858
f1 shape: (1,)
2025-06-13 04:35:50,899 - INFO -   True f = 0.3575
2025-06-13 04:35:50,979 - INFO - Iter time: 6.50s
2025-06-13 04:35:50,979 - INFO - 
--- Iter 138 (train size=148) ---
2025-06-13 04:35:57,483 - INFO - Selected COc1cccc(C#Cc2ccc3c(c2)OC(CN(C)C)C(C)CN(C(C)CO)S3(=O)=O)c1 → EI = 0.2855
f1 shape: (1,)
2025-06-13 04:35:57,484 - INFO -   True f = 0.3194
2025-06-13 04:35:57,564 - INFO - Iter time: 6.58s
2025-06-13 04:35:57,564 - INFO - 
--- Iter 139 (train size=149) ---
2025-06-13 04:36:04,378 - INFO - Selected COc1cc(C)c(CNCC(NC(=O)c2cc(C)on2)c2ccc(F)cc2)cc1C → EI = 0.2854
f1 shape: (1,)
2025-06-13 04:36:04,379 - INFO -   True f = 0.1017
2025-06-13 04:36:04,462 - INFO - Iter time: 6.90s
2025-06-13 04:36:04,462 - INFO - 
--- Iter 140 (train size=150) ---
2025-06-13 04:36:11,602 - INFO - Selected CC(O)CCc1ccc2c(c1)CCn1c-2cc(OCC2COCCO2)nc1=O → EI = 0.286
f1 shape: (1,)
2025-06-13 04:36:11,603 - INFO -   True f = 0.3549
2025-06-13 04:36:11,687 - INFO - Iter time: 7.22s
2025-06-13 04:36:11,687 - INFO - 
--- Iter 141 (train size=151) ---
2025-06-13 04:36:18,056 - INFO - Selected CC(=O)N1CCCC(COc2ccc(-c3nc4cc(C(N)=O)ccc4[nH]3)cc2)C1 → EI = 0.2857
f1 shape: (1,)
2025-06-13 04:36:18,058 - INFO -   True f = 0.1296
2025-06-13 04:36:18,141 - INFO - Iter time: 6.45s
2025-06-13 04:36:18,141 - INFO - 
--- Iter 142 (train size=152) ---
2025-06-13 04:36:25,028 - INFO - Selected COc1ccc2c3c1OC1C(O)C(C=CCCCCc4ccccc4)(CO)CC4C(C2)N(C)CCC341 → EI = 0.2854
f1 shape: (1,)
2025-06-13 04:36:25,029 - INFO -   True f = 0.3172
2025-06-13 04:36:25,113 - INFO - Iter time: 6.97s
2025-06-13 04:36:25,114 - INFO - 
--- Iter 143 (train size=153) ---
2025-06-13 04:36:31,535 - INFO - Selected CCS(=O)(=O)Nc1cccc2c1CCC1C2c2cc(O)c(Cl)cc2CCN1C → EI = 0.2854
f1 shape: (1,)
2025-06-13 04:36:31,536 - INFO -   True f = 0.3589
2025-06-13 04:36:31,622 - INFO - Iter time: 6.51s
2025-06-13 04:36:31,622 - INFO - 
--- Iter 144 (train size=154) ---
2025-06-13 04:36:39,017 - INFO - Selected CCCc1cc(=O)oc2c(C)c(OCC(=O)N3CCC(C(=O)O)CC3)ccc12 → EI = 0.2849
f1 shape: (1,)
2025-06-13 04:36:39,018 - INFO -   True f = 0.4598
2025-06-13 04:36:39,104 - INFO - Iter time: 7.48s
2025-06-13 04:36:39,105 - INFO - 
--- Iter 145 (train size=155) ---
2025-06-13 04:36:45,592 - INFO - Selected O=C(O)C1CCC(OCC2CC(F)CN2C(=O)Cc2ccc(NC(=O)N3CCc4ccccc43)c(Cl)c2)CC1 → EI = 0.2843
f1 shape: (1,)
2025-06-13 04:36:45,593 - INFO -   True f = 0.4264
2025-06-13 04:36:45,681 - INFO - Iter time: 6.58s
2025-06-13 04:36:45,681 - INFO - 
--- Iter 146 (train size=156) ---
2025-06-13 04:36:52,855 - INFO - Selected CCOc1cc(CC(=O)O)ccc1-c1ccc(F)c2c1CN(C(=O)OCc1ncc(C)cc1F)CC2 → EI = 0.2843
f1 shape: (1,)
2025-06-13 04:36:52,856 - INFO -   True f = 0.1372
2025-06-13 04:36:52,944 - INFO - Iter time: 7.26s
2025-06-13 04:36:52,944 - INFO - 
--- Iter 147 (train size=157) ---
2025-06-13 04:36:59,785 - INFO - Selected CCC(=O)N1CCN(c2ccc(Cl)cc2NC(=O)c2ccc(Br)o2)CC1 → EI = 0.2832
f1 shape: (1,)
2025-06-13 04:36:59,786 - INFO -   True f = 0.341
2025-06-13 04:36:59,876 - INFO - Iter time: 6.93s
2025-06-13 04:36:59,876 - INFO - 
--- Iter 148 (train size=158) ---
2025-06-13 04:37:06,798 - INFO - Selected CCCNC(=O)C1(C)CCN(C(=O)c2ccc3c(c2)CCO3)C1 → EI = 0.283
f1 shape: (1,)
2025-06-13 04:37:06,799 - INFO -   True f = 0.1482
2025-06-13 04:37:06,890 - INFO - Iter time: 7.01s
2025-06-13 04:37:06,890 - INFO - 
--- Iter 149 (train size=159) ---
2025-06-13 04:37:13,880 - INFO - Selected CC(C)Cn1cc2c3c(cccc31)C1CC(C(=O)OC(C)C(C)O)CN(C)C1C2 → EI = 0.2825
f1 shape: (1,)
2025-06-13 04:37:13,881 - INFO -   True f = 0.4019
2025-06-13 04:37:13,973 - INFO - Iter time: 7.08s
2025-06-13 04:37:13,973 - INFO - 
--- Iter 150 (train size=160) ---
2025-06-13 04:37:21,196 - INFO - Selected CC(=O)OC1(C)CCC(C)=CCCC2(C)C(CCC2C(C)CCCC(C)C)c2ccc(cc2C(C)O)C1 → EI = 0.2839
f1 shape: (1,)
2025-06-13 04:37:21,197 - INFO -   True f = 0.1481
2025-06-13 04:37:21,294 - INFO - Iter time: 7.32s
2025-06-13 04:37:21,294 - INFO - 
--- Iter 151 (train size=161) ---
2025-06-13 04:37:28,937 - INFO - Selected COc1cccc(CNC(=O)c2cc(S(=O)(=O)N3CCCC3)cn2C)c1 → EI = 0.2834
f1 shape: (1,)
2025-06-13 04:37:28,938 - INFO -   True f = 0.3659
2025-06-13 04:37:29,036 - INFO - Iter time: 7.74s
2025-06-13 04:37:29,036 - INFO - 
--- Iter 152 (train size=162) ---
2025-06-13 04:37:35,807 - INFO - Selected CC(=O)N1CCC(C(=O)N2CCC(C(=O)N(C)Cc3cc(C(F)(F)F)cc(C(F)(F)F)c3)C(c3ccccc3C)C2)CC1 → EI = 0.2833
f1 shape: (1,)
2025-06-13 04:37:35,809 - INFO -   True f = 0.3825
2025-06-13 04:37:35,903 - INFO - Iter time: 6.87s
2025-06-13 04:37:35,903 - INFO - 
--- Iter 153 (train size=163) ---
2025-06-13 04:37:43,323 - INFO - Selected CCN1CCN(C(=O)NC(C(=O)NC2CN3CC(C#N)=C(C(=O)O)N3C2=O)c2ccccc2)C(=O)C1=O → EI = 0.2838
f1 shape: (1,)
2025-06-13 04:37:43,325 - INFO -   True f = 0.1404
2025-06-13 04:37:43,421 - INFO - Iter time: 7.52s
2025-06-13 04:37:43,421 - INFO - 
--- Iter 154 (train size=164) ---
2025-06-13 04:37:50,630 - INFO - Selected CC(C)N1CCC(Oc2ccc(OCc3ccccc3Cl)c(CN(C)C)c2)C1 → EI = 0.2835
f1 shape: (1,)
2025-06-13 04:37:50,631 - INFO -   True f = 0.3208
2025-06-13 04:37:50,729 - INFO - Iter time: 7.31s
2025-06-13 04:37:50,729 - INFO - 
--- Iter 155 (train size=165) ---
2025-06-13 04:37:58,252 - INFO - Selected O=C(OCCC1CCn2cc([N+](=O)[O-])nc2O1)OCc1cccc(OC(F)(F)F)c1 → EI = 0.2828
f1 shape: (1,)
2025-06-13 04:37:58,253 - INFO -   True f = 0.3151
2025-06-13 04:37:58,353 - INFO - Iter time: 7.62s
2025-06-13 04:37:58,354 - INFO - 
--- Iter 156 (train size=166) ---
2025-06-13 04:38:05,624 - INFO - Selected CCCOc1cc(CC2CS(=O)(=O)CC(NCc3cccc(C(C)(C)C)c3)C2O)ccc1N → EI = 0.2823
f1 shape: (1,)
2025-06-13 04:38:05,625 - INFO -   True f = 0.3536
2025-06-13 04:38:05,724 - INFO - Iter time: 7.37s
2025-06-13 04:38:05,724 - INFO - 
--- Iter 157 (train size=167) ---
2025-06-13 04:38:12,996 - INFO - Selected CC(C)(C)CCNc1cc(NC2CCN(Cc3cccc(F)c3O)C2)ncn1 → EI = 0.2829
f1 shape: (1,)
2025-06-13 04:38:12,997 - INFO -   True f = 0.3208
2025-06-13 04:38:13,098 - INFO - Iter time: 7.37s
2025-06-13 04:38:13,098 - INFO - 
--- Iter 158 (train size=168) ---
2025-06-13 04:38:20,764 - INFO - Selected CCC(CO)Oc1cc(NCc2cccc(F)c2)c2ncn(C(C)C)c2c1 → EI = 0.283
f1 shape: (1,)
2025-06-13 04:38:20,765 - INFO -   True f = 0.1194
2025-06-13 04:38:20,867 - INFO - Iter time: 7.77s
2025-06-13 04:38:20,867 - INFO - 
--- Iter 159 (train size=169) ---
2025-06-13 04:38:28,208 - INFO - Selected CC(=O)Nc1c(Cl)cc(CNC(N)=NC(=O)C2C3CCC(C3)N2c2ccccc2)cc1Cl → EI = 0.2825
f1 shape: (1,)
2025-06-13 04:38:28,209 - INFO -   True f = 0.3873
2025-06-13 04:38:28,567 - INFO - Iter time: 7.70s
2025-06-13 04:38:28,567 - INFO - 
--- Iter 160 (train size=170) ---
2025-06-13 04:38:36,334 - INFO - Selected COc1cc(CN2CCCC(C(=O)c3ccc(SC)cc3)C2)cc(Cl)c1O → EI = 0.2826
f1 shape: (1,)
2025-06-13 04:38:36,336 - INFO -   True f = 0.3495
2025-06-13 04:38:36,441 - INFO - Iter time: 7.87s
2025-06-13 04:38:36,441 - INFO - 
--- Iter 161 (train size=171) ---
2025-06-13 04:38:43,926 - INFO - Selected COC(=O)C1=CCCN(CC2CCCCN2C(=O)Cc2ccc(Cl)c(Cl)c2)C1 → EI = 0.2823
f1 shape: (1,)
2025-06-13 04:38:43,927 - INFO -   True f = 0.1484
2025-06-13 04:38:44,033 - INFO - Iter time: 7.59s
2025-06-13 04:38:44,033 - INFO - 
--- Iter 162 (train size=172) ---
2025-06-13 04:38:51,561 - INFO - Selected NC1CN(c2cccnc2)CCC1c1cc(F)c(F)cc1F → EI = 0.2822
f1 shape: (1,)
2025-06-13 04:38:51,562 - INFO -   True f = 0.2357
2025-06-13 04:38:51,669 - INFO - Iter time: 7.64s
2025-06-13 04:38:51,669 - INFO - 
--- Iter 163 (train size=173) ---
2025-06-13 04:38:59,255 - INFO - Selected COc1cc(C=NOCC2CC2C2CC2(C)CCC(O)c2cccs2)cc(OC)c1OC → EI = 0.2817
f1 shape: (1,)
2025-06-13 04:38:59,257 - INFO -   True f = 0.331
2025-06-13 04:38:59,364 - INFO - Iter time: 7.70s
2025-06-13 04:38:59,364 - INFO - 
--- Iter 164 (train size=174) ---
2025-06-13 04:39:07,260 - INFO - Selected O=C(CN1CCc2sccc2C1)NN=Cc1ccc(O)c(O)c1 → EI = 0.2818
f1 shape: (1,)
2025-06-13 04:39:07,261 - INFO -   True f = 0.2806
2025-06-13 04:39:07,370 - INFO - Iter time: 8.01s
2025-06-13 04:39:07,370 - INFO - 
--- Iter 165 (train size=175) ---
2025-06-13 04:39:15,338 - INFO - Selected CC(C)(C)Nc1cc(C(=O)NC(Cc2ccccc2)C(O)CNC2CCOCC2)cc(N2CCCCS2(=O)=O)c1 → EI = 0.2815
f1 shape: (1,)
2025-06-13 04:39:15,339 - INFO -   True f = 0.3965
2025-06-13 04:39:15,451 - INFO - Iter time: 8.08s
2025-06-13 04:39:15,451 - INFO - 
--- Iter 166 (train size=176) ---
2025-06-13 04:39:22,841 - INFO - Selected CC(C)(CC1Cc2ccccc2C1)NCC(O)COc1cccc(C2CC3CC2C2C(C(=O)O)C32)c1 → EI = 0.2823
f1 shape: (1,)
2025-06-13 04:39:22,843 - INFO -   True f = 0.3903
2025-06-13 04:39:22,955 - INFO - Iter time: 7.50s
2025-06-13 04:39:22,955 - INFO - 
--- Iter 167 (train size=177) ---
2025-06-13 04:39:30,974 - INFO - Selected Cc1cc(=O)n(C(=O)C2CCc3ccccc3C2)o1 → EI = 0.2831
f1 shape: (1,)
2025-06-13 04:39:30,975 - INFO -   True f = 0.3106
2025-06-13 04:39:31,087 - INFO - Iter time: 8.13s
2025-06-13 04:39:31,087 - INFO - 
--- Iter 168 (train size=178) ---
2025-06-13 04:39:39,170 - INFO - Selected CC(C)=CCCC(C)=CCON=C1C2CCn3c(=O)n(-c4ccccc4)c(=O)n3C2C(O)C2OC12 → EI = 0.2831
f1 shape: (1,)
2025-06-13 04:39:39,172 - INFO -   True f = 0.3547
2025-06-13 04:39:39,286 - INFO - Iter time: 8.20s
2025-06-13 04:39:39,286 - INFO - 
--- Iter 169 (train size=179) ---
2025-06-13 04:39:47,814 - INFO - Selected CCCCC1(CC)CS(=O)(=O)c2cc(CNC(CO)C(=O)O)c(OC)cc2C(c2ccccc2)N1 → EI = 0.2828
f1 shape: (1,)
2025-06-13 04:39:47,815 - INFO -   True f = 0.3882
2025-06-13 04:39:47,930 - INFO - Iter time: 8.64s
2025-06-13 04:39:47,930 - INFO - 
--- Iter 170 (train size=180) ---
2025-06-13 04:39:55,818 - INFO - Selected COc1cc(C(F)(F)F)cc(C(F)(F)F)c1C(=O)NC1(c2ccccc2)CCCN(S(C)(=O)=O)C1 → EI = 0.2824
f1 shape: (1,)
2025-06-13 04:39:55,819 - INFO -   True f = 0.3162
2025-06-13 04:39:55,938 - INFO - Iter time: 8.01s
2025-06-13 04:39:55,938 - INFO - 
--- Iter 171 (train size=181) ---
2025-06-13 04:40:03,518 - INFO - Selected C=CCOc1c(Cl)cccc1C(=O)NC1(C(=O)O)Cc2ccccc2C1 → EI = 0.2823
f1 shape: (1,)
2025-06-13 04:40:03,519 - INFO -   True f = 0.315
2025-06-13 04:40:03,638 - INFO - Iter time: 7.70s
2025-06-13 04:40:03,638 - INFO - 
--- Iter 172 (train size=182) ---
2025-06-13 04:40:11,837 - INFO - Selected CC(C)c1cccc(C(C)C)c1OC(=O)NS(=O)(=O)N1CCc2ccccc21 → EI = 0.2818
f1 shape: (1,)
2025-06-13 04:40:11,838 - INFO -   True f = 0.3482
2025-06-13 04:40:11,958 - INFO - Iter time: 8.32s
2025-06-13 04:40:11,958 - INFO - 
--- Iter 173 (train size=183) ---
2025-06-13 04:40:20,242 - INFO - Selected COc1cc(OC)c(C2CCN(C)CC2)c(O)c1C(=O)C=Cc1ccccc1 → EI = 0.2818
f1 shape: (1,)
2025-06-13 04:40:20,243 - INFO -   True f = 0.3455
2025-06-13 04:40:20,638 - INFO - Iter time: 8.68s
2025-06-13 04:40:20,638 - INFO - 
--- Iter 174 (train size=184) ---
2025-06-13 04:40:29,004 - INFO - Selected C=C(C)C12CC(C)C34OC(Cc5ccccc5)(OC1C3C=C(COC(C)=O)CC1(O)C(=O)C(C)=CC14)O2 → EI = 0.2815
f1 shape: (1,)
2025-06-13 04:40:29,005 - INFO -   True f = 0.125
2025-06-13 04:40:29,128 - INFO - Iter time: 8.49s
2025-06-13 04:40:29,128 - INFO - 
--- Iter 175 (train size=185) ---
2025-06-13 04:40:37,171 - INFO - Selected CC(C(=O)NCc1ccc(C(F)(F)F)nc1N1CCC(NC(=O)OC(C)(C)C)C1)c1ccc(NS(C)(=O)=O)c(F)c1 → EI = 0.2817
f1 shape: (1,)
2025-06-13 04:40:37,172 - INFO -   True f = 0.3623
2025-06-13 04:40:37,296 - INFO - Iter time: 8.17s
2025-06-13 04:40:37,297 - INFO - 
--- Iter 176 (train size=186) ---
2025-06-13 04:40:46,098 - INFO - Selected Cc1cc(F)ccc1CCC1CCN(S(=O)(=O)CC(C)(CC(C)c2ncc(F)cn2)N(O)C=O)CC1 → EI = 0.2823
f1 shape: (1,)
2025-06-13 04:40:46,099 - INFO -   True f = 0.3651
2025-06-13 04:40:46,224 - INFO - Iter time: 8.93s
2025-06-13 04:40:46,224 - INFO - 
--- Iter 177 (train size=187) ---
2025-06-13 04:40:54,389 - INFO - Selected CCCCOc1ccc(CC(CC)C(=O)O)cc1CNC(=O)c1ccc(C(F)(F)F)cc1 → EI = 0.2817
f1 shape: (1,)
2025-06-13 04:40:54,390 - INFO -   True f = 0.3684
2025-06-13 04:40:54,517 - INFO - Iter time: 8.29s
2025-06-13 04:40:54,517 - INFO - 
--- Iter 178 (train size=188) ---
2025-06-13 04:41:02,792 - INFO - Selected O=C(CN1c2nc(N3CC4CC3CO4)cc(=O)n2CCC1C(F)(F)F)c1ccc(OC(F)F)cc1 → EI = 0.2813
f1 shape: (1,)
2025-06-13 04:41:02,793 - INFO -   True f = 0.3453
2025-06-13 04:41:02,922 - INFO - Iter time: 8.41s
2025-06-13 04:41:02,922 - INFO - 
--- Iter 179 (train size=189) ---
2025-06-13 04:41:11,190 - INFO - Selected CN1C(=O)Cc2ccc(-c3csc(CC(C#N)NC(=O)C4NC5CCC4C5)c3)cc21 → EI = 0.2818
f1 shape: (1,)
2025-06-13 04:41:11,192 - INFO -   True f = 0.3821
2025-06-13 04:41:11,322 - INFO - Iter time: 8.40s
2025-06-13 04:41:11,322 - INFO - 
--- Iter 180 (train size=190) ---
2025-06-13 04:41:19,603 - INFO - Selected O=S(=O)(NC1C2CCC1Cc1cc(OCCN3CCOCC3)ccc1C2)c1ccc(Cl)s1 → EI = 0.2822
f1 shape: (1,)
2025-06-13 04:41:19,604 - INFO -   True f = 0.3511
2025-06-13 04:41:19,735 - INFO - Iter time: 8.41s
2025-06-13 04:41:19,735 - INFO - 
--- Iter 181 (train size=191) ---
2025-06-13 04:41:28,372 - INFO - Selected CN(C)CCC1(C#N)CCN(c2c(Cl)cncc2-c2ccc3c(c2)CS(=O)(=O)N3C)CC1 → EI = 0.2819
f1 shape: (1,)
2025-06-13 04:41:28,373 - INFO -   True f = 0.2974
2025-06-13 04:41:28,506 - INFO - Iter time: 8.77s
2025-06-13 04:41:28,506 - INFO - 
--- Iter 182 (train size=192) ---
2025-06-13 04:41:37,141 - INFO - Selected Cc1onc(C2CCC(F)CN2)c1COc1ccc(C(=O)NC(C)(C)CO)cn1 → EI = 0.2819
f1 shape: (1,)
2025-06-13 04:41:37,142 - INFO -   True f = 0.3665
2025-06-13 04:41:37,277 - INFO - Iter time: 8.77s
2025-06-13 04:41:37,277 - INFO - 
--- Iter 183 (train size=193) ---
2025-06-13 04:41:46,061 - INFO - Selected Cc1ccccc1CNC(=O)c1cncc(N2CC3CNCC3C2)c1 → EI = 0.2827
f1 shape: (1,)
2025-06-13 04:41:46,063 - INFO -   True f = 0.3282
2025-06-13 04:41:46,197 - INFO - Iter time: 8.92s
2025-06-13 04:41:46,197 - INFO - 
--- Iter 184 (train size=194) ---
2025-06-13 04:41:54,962 - INFO - Selected CC(C)Cc1cc2oc(N3CCC(C(=O)NC4CCCC(CO)C4)CC3)nc2cc1Cl → EI = 0.2817
f1 shape: (1,)
2025-06-13 04:41:54,964 - INFO -   True f = 0.4216
2025-06-13 04:41:55,100 - INFO - Iter time: 8.90s
2025-06-13 04:41:55,100 - INFO - 
--- Iter 185 (train size=195) ---
2025-06-13 04:42:03,580 - INFO - Selected O=C(NCc1nc2ccccc2[nH]1)C1=CC(C2CC2)CC(OCCCCO)O1 → EI = 0.2824
f1 shape: (1,)
2025-06-13 04:42:03,581 - INFO -   True f = 0.378
2025-06-13 04:42:03,719 - INFO - Iter time: 8.62s
2025-06-13 04:42:03,719 - INFO - 
--- Iter 186 (train size=196) ---
2025-06-13 04:42:12,928 - INFO - Selected COC(C)(C)C(O)C(=O)N1C(C(=O)NCc2cc(Cl)ccc2-n2cnnn2)CC2CC21 → EI = 0.2826
f1 shape: (1,)
2025-06-13 04:42:12,929 - INFO -   True f = 0.4659
2025-06-13 04:42:13,067 - INFO - Iter time: 9.35s
2025-06-13 04:42:13,068 - INFO - 
--- Iter 187 (train size=197) ---
2025-06-13 04:42:21,678 - INFO - Selected CC(=O)c1nn(CC(=O)N2C(C(O)=NCC3CC3(Cl)Cl)CC3CC32)c2ccc(OCc3nccs3)cc12 → EI = 0.2822
f1 shape: (1,)
2025-06-13 04:42:21,680 - INFO -   True f = 0.1571
2025-06-13 04:42:21,820 - INFO - Iter time: 8.75s
2025-06-13 04:42:21,820 - INFO - 
--- Iter 188 (train size=198) ---
2025-06-13 04:42:30,801 - INFO - Selected CC(C)(C)OC(=O)NCC1CCC(CNC(=O)c2cc(N3CCC(CN)CC3)nc3ccccc23)CC1 → EI = 0.2801
f1 shape: (1,)
2025-06-13 04:42:30,803 - INFO -   True f = 0.4069
2025-06-13 04:42:30,946 - INFO - Iter time: 9.13s
2025-06-13 04:42:30,946 - INFO - 
--- Iter 189 (train size=199) ---
2025-06-13 04:42:39,647 - INFO - Selected CN=C(O)C(NC(=O)c1ccc(Br)c(OCC2CCCO2)n1)C(C)(C)C → EI = 0.2808
f1 shape: (1,)
2025-06-13 04:42:39,648 - INFO -   True f = 0.1446
2025-06-13 04:42:39,790 - INFO - Iter time: 8.84s
2025-06-13 04:42:39,791 - INFO - 
--- Iter 190 (train size=200) ---
2025-06-13 04:42:48,812 - INFO - Selected NC(Cc1ccccc1)C(=O)N1CCCC1CC(=O)NCc1cc(Cl)ccc1-n1cnnn1 → EI = 0.2802
f1 shape: (1,)
2025-06-13 04:42:48,813 - INFO -   True f = 0.1323
2025-06-13 04:42:48,958 - INFO - Iter time: 9.17s
2025-06-13 04:42:48,958 - INFO - 
--- Iter 191 (train size=201) ---
2025-06-13 04:42:58,462 - INFO - Selected O=C(NCC1CCOCC1)c1cnc(Nc2cccc(OC(F)(F)F)c2)cc1C1CC1 → EI = 0.2815
f1 shape: (1,)
2025-06-13 04:42:58,464 - INFO -   True f = 0.3227
2025-06-13 04:42:58,610 - INFO - Iter time: 9.65s
2025-06-13 04:42:58,610 - INFO - 
--- Iter 192 (train size=202) ---
2025-06-13 04:43:07,432 - INFO - Selected COc1cccc(N2CCN(c3nc(C)cc(O)n3)CC2)c1 → EI = 0.2804
f1 shape: (1,)
2025-06-13 04:43:07,434 - INFO -   True f = 0.2683
2025-06-13 04:43:07,582 - INFO - Iter time: 8.97s
2025-06-13 04:43:07,582 - INFO - 
--- Iter 193 (train size=203) ---
2025-06-13 04:43:16,455 - INFO - Selected CCc1ncc(-c2ccc(CC(C#N)NC(=O)C3NC4CC3C3CC43)c(F)c2)s1 → EI = 0.2796
f1 shape: (1,)
2025-06-13 04:43:16,457 - INFO -   True f = 0.3285
2025-06-13 04:43:16,605 - INFO - Iter time: 9.02s
2025-06-13 04:43:16,606 - INFO - 
--- Iter 194 (train size=204) ---
2025-06-13 04:43:25,855 - INFO - Selected CCCS(=O)(=O)N1C2CCC1CC(Oc1ncnc(Oc3cccnc3C)c1C)C2 → EI = 0.2796
f1 shape: (1,)
2025-06-13 04:43:25,856 - INFO -   True f = 0.3944
2025-06-13 04:43:26,006 - INFO - Iter time: 9.40s
2025-06-13 04:43:26,006 - INFO - 
--- Iter 195 (train size=205) ---
2025-06-13 04:43:35,366 - INFO - Selected CC(C)(C)OC(=O)N1C2CCC1CC(Nc1ncnc(Oc3ccccc3Cl)c1[N+](=O)[O-])C2 → EI = 0.2818
f1 shape: (1,)
2025-06-13 04:43:35,367 - INFO -   True f = 0.3846
2025-06-13 04:43:35,519 - INFO - Iter time: 9.51s
2025-06-13 04:43:35,519 - INFO - 
--- Iter 196 (train size=206) ---
2025-06-13 04:43:44,527 - INFO - Selected COc1ccc(-c2oc(C3(C)CC3)nc2C)cc1S(=O)(=O)NC1CCC(O)CC1 → EI = 0.2813
f1 shape: (1,)
2025-06-13 04:43:44,528 - INFO -   True f = 0.3562
2025-06-13 04:43:44,681 - INFO - Iter time: 9.16s
2025-06-13 04:43:44,681 - INFO - 
--- Iter 197 (train size=207) ---
2025-06-13 04:43:53,347 - INFO - Selected CCCS(=O)(=O)NCc1ccc2c(c1)C(C(C)(C)c1ccc(Cl)cc1)NCC2 → EI = 0.2812
f1 shape: (1,)
2025-06-13 04:43:53,348 - INFO -   True f = 0.322
2025-06-13 04:43:53,504 - INFO - Iter time: 8.82s
2025-06-13 04:43:53,504 - INFO - 
--- Iter 198 (train size=208) ---
2025-06-13 04:44:03,295 - INFO - Selected COc1ccc(CNC(=O)C2CCCN(S(=O)(=O)N3CC(C)CC(C)C3)C2)c(OC)c1 → EI = 0.2809
f1 shape: (1,)
2025-06-13 04:44:03,296 - INFO -   True f = 0.1524
2025-06-13 04:44:03,452 - INFO - Iter time: 9.95s
2025-06-13 04:44:03,452 - INFO - 
--- Iter 199 (train size=209) ---
2025-06-13 04:44:12,542 - INFO - Selected O=C(NC1CCCC(O)C1)c1noc(-c2ccc(C(F)(F)F)cc2)c1CNCC(O)C(F)(F)F → EI = 0.2812
f1 shape: (1,)
2025-06-13 04:44:12,543 - INFO -   True f = 0.3511
2025-06-13 04:44:12,701 - INFO - Iter time: 9.25s
