['CCCS(=O)(=O)C1=C(C(=O)O)N2C(=O)C(NC(=O)C(=NOC)c3csc(N)n3)C2CC1',
 'CCOC(=O)c1c(C)[nH]c(C(=O)COc2ccc3ccc(=O)oc3c2)c1C',
 'O=C(CCS(=O)(=O)c1cccc2nonc12)N1CC(=O)N(CCc2ccccc2)C(=O)C1',
 'N#Cc1cc(C(=O)NN=Cc2cn(C(=O)CC3CCCC3)c3ccccc23)ccc1O',
 'O=C(O)C1CN(Cc2ccc(-c3cc4cc(OCC5CC5)ccc4o3)c(F)c2)C1',
 'COC(=O)c1cc2c(o1)c1ccccc1n2Cc1ccccc1',
 'O=C1CC(c2ccccc2Br)c2cc3c(cc2N1)CCC3',
 'CC(C)[Si](OC(=O)Cc1cc(I)c(Oc2cc(I)c(O)c(I)c2)c(I)c1)(C(C)C)C(C)C',
 'Clc1cnc(NC2CCCNC2)cc1-c1cccc(NCC2CCCCC2)n1',
 'COc1ccc(C(=O)NC(CC(=O)O)c2ccccc2Cl)nc1-c1ccncc1']
f1 shape: (10,)
2025-06-13 03:36:43,250 - INFO - Initial Y: [0.49851316029573634, 0.4992774556407559, 0.6027333781282891, 0.6416531319071623, 0.1903086648482133, 0.0174972702823178, 0.0012439262832694596, 0.001263780207526076, 0.14975310116419044, 0.5633820172241194]
2025-06-13 03:36:45,819 - INFO - 
--- Iter 0 (train size=10) ---
2025-06-13 03:36:46,656 - INFO - Selected CCOC(=O)c1csc(NC(=O)c2ccncc2NS(=O)(=O)c2ccc(C)cc2)n1 → EI = 0.2251
f1 shape: (1,)
2025-06-13 03:36:46,658 - INFO -   True f = 0.4919
2025-06-13 03:36:46,663 - INFO - Iter time: 0.84s
2025-06-13 03:36:46,663 - INFO - 
--- Iter 1 (train size=11) ---
2025-06-13 03:36:47,461 - INFO - Selected CCOC(=O)Cc1csc(NC(=O)c2ccc3ccccc3n2)n1 → EI = 0.2317
f1 shape: (1,)
2025-06-13 03:36:47,463 - INFO -   True f = 0.4665
2025-06-13 03:36:47,468 - INFO - Iter time: 0.81s
2025-06-13 03:36:47,468 - INFO - 
--- Iter 2 (train size=12) ---
2025-06-13 03:36:48,301 - INFO - Selected CSCCC(NC(=O)c1cccc(S(=O)(=O)N2CCN(C(C)=O)CC2)c1)c1nc2ccccc2[nH]1 → EI = 0.2331
f1 shape: (1,)
2025-06-13 03:36:48,303 - INFO -   True f = 0.604
2025-06-13 03:36:48,309 - INFO - Iter time: 0.84s
2025-06-13 03:36:48,309 - INFO - 
--- Iter 3 (train size=13) ---
2025-06-13 03:36:49,188 - INFO - Selected CCOCC(=O)Nc1ccc(S(=O)(=O)N2CCC(c3nc4ccccc4[nH]3)CC2)cc1 → EI = 0.2446
f1 shape: (1,)
2025-06-13 03:36:49,190 - INFO -   True f = 0.6336
2025-06-13 03:36:49,196 - INFO - Iter time: 0.89s
2025-06-13 03:36:49,196 - INFO - 
--- Iter 4 (train size=14) ---
2025-06-13 03:36:50,141 - INFO - Selected CCOc1ccccc1NC(=O)CCN1CCN(S(=O)(=O)c2ccc(OC)cc2)CC1 → EI = 0.2523
f1 shape: (1,)
2025-06-13 03:36:50,143 - INFO -   True f = 0.6815
2025-06-13 03:36:50,148 - INFO - Iter time: 0.95s
2025-06-13 03:36:50,148 - INFO - 
--- Iter 5 (train size=15) ---
2025-06-13 03:36:51,085 - INFO - Selected Cc1cccc(NC(=O)COC(=O)CCc2ccc(S(=O)(=O)N3CCOCC3)cc2)c1C → EI = 0.2505
f1 shape: (1,)
2025-06-13 03:36:51,086 - INFO -   True f = 0.6215
2025-06-13 03:36:51,092 - INFO - Iter time: 0.94s
2025-06-13 03:36:51,092 - INFO - 
--- Iter 6 (train size=16) ---
2025-06-13 03:36:52,086 - INFO - Selected Cc1ccc(C)c(NC(=O)COC(=O)c2ccc(S(=O)(=O)N3CCCC3)cc2)c1 → EI = 0.2553
f1 shape: (1,)
2025-06-13 03:36:52,087 - INFO -   True f = 0.5796
2025-06-13 03:36:52,093 - INFO - Iter time: 1.00s
2025-06-13 03:36:52,093 - INFO - 
--- Iter 7 (train size=17) ---
2025-06-13 03:36:53,141 - INFO - Selected Cc1ccc(S(=O)(=O)CCC(=O)Nc2ccccc2N2CCCC2)cc1 → EI = 0.2555
f1 shape: (1,)
2025-06-13 03:36:53,142 - INFO -   True f = 0.241
2025-06-13 03:36:53,148 - INFO - Iter time: 1.05s
2025-06-13 03:36:53,148 - INFO - 
--- Iter 8 (train size=18) ---
2025-06-13 03:36:54,207 - INFO - Selected CCOC(=O)c1c(NC(=O)c2ccc(S(=O)(=O)N3CCC(C)CC3)cc2)sc2c1CCN(CC)C2 → EI = 0.2534
f1 shape: (1,)
2025-06-13 03:36:54,209 - INFO -   True f = 0.6045
2025-06-13 03:36:54,215 - INFO - Iter time: 1.07s
2025-06-13 03:36:54,215 - INFO - 
--- Iter 9 (train size=19) ---
2025-06-13 03:36:55,302 - INFO - Selected CCOc1ccc(C(=O)CN2CCN(S(=O)(=O)c3ccc(Cl)cc3)CC2)cc1 → EI = 0.2548
f1 shape: (1,)
2025-06-13 03:36:55,303 - INFO -   True f = 0.2613
2025-06-13 03:36:55,309 - INFO - Iter time: 1.09s
2025-06-13 03:36:55,309 - INFO - 
--- Iter 10 (train size=20) ---
2025-06-13 03:36:56,430 - INFO - Selected Cc1ccc(S(=O)(=O)N2CCC(C(=O)OCC(=O)NC(C)c3ccc(F)cc3)CC2)cc1C → EI = 0.2448
f1 shape: (1,)
2025-06-13 03:36:56,432 - INFO -   True f = 0.6297
2025-06-13 03:36:56,438 - INFO - Iter time: 1.13s
2025-06-13 03:36:56,438 - INFO - 
--- Iter 11 (train size=21) ---
2025-06-13 03:36:57,647 - INFO - Selected COc1ccc(S(=O)(=O)N2CCC(C(=O)NC(C)C(=O)N3CCCC3)CC2)cc1 → EI = 0.2459
f1 shape: (1,)
2025-06-13 03:36:57,649 - INFO -   True f = 0.5688
2025-06-13 03:36:57,655 - INFO - Iter time: 1.22s
2025-06-13 03:36:57,655 - INFO - 
--- Iter 12 (train size=22) ---
2025-06-13 03:36:58,842 - INFO - Selected COc1ccc(NC(=O)C2CCCN(S(=O)(=O)c3cccc4nonc34)C2)cc1OC → EI = 0.2473
f1 shape: (1,)
2025-06-13 03:36:58,843 - INFO -   True f = 0.5993
2025-06-13 03:36:58,850 - INFO - Iter time: 1.19s
2025-06-13 03:36:58,850 - INFO - 
--- Iter 13 (train size=23) ---
2025-06-13 03:37:00,125 - INFO - Selected CCc1ccc(NC(=O)C2CCN(S(=O)(=O)c3c(C)nc(O)nc3O)CC2)cc1 → EI = 0.2501
f1 shape: (1,)
2025-06-13 03:37:00,126 - INFO -   True f = 0.5983
2025-06-13 03:37:00,133 - INFO - Iter time: 1.28s
2025-06-13 03:37:00,133 - INFO - 
--- Iter 14 (train size=24) ---
2025-06-13 03:37:01,390 - INFO - Selected O=C(CCNC(=O)C1CCN(S(=O)(=O)c2ccccc2)CC1)NCc1cccc(C(F)(F)F)c1 → EI = 0.2513
f1 shape: (1,)
2025-06-13 03:37:01,392 - INFO -   True f = 0.6345
2025-06-13 03:37:01,399 - INFO - Iter time: 1.27s
2025-06-13 03:37:01,399 - INFO - 
--- Iter 15 (train size=25) ---
2025-06-13 03:37:02,684 - INFO - Selected COC1CCN(S(=O)(=O)c2ccc(CNC(=O)c3cnc4[nH]ncc4c3)cc2)CC1 → EI = 0.2553
f1 shape: (1,)
2025-06-13 03:37:02,686 - INFO -   True f = 0.5775
2025-06-13 03:37:02,693 - INFO - Iter time: 1.29s
2025-06-13 03:37:02,693 - INFO - 
--- Iter 16 (train size=26) ---
2025-06-13 03:37:04,154 - INFO - Selected COc1ccc(OC)c(S(=O)(=O)N2CCC(Oc3ccc(C(F)(F)F)cc3)CC2)c1C(=O)NO → EI = 0.2567
f1 shape: (1,)
2025-06-13 03:37:04,156 - INFO -   True f = 0.6047
2025-06-13 03:37:04,163 - INFO - Iter time: 1.47s
2025-06-13 03:37:04,163 - INFO - 
--- Iter 17 (train size=27) ---
2025-06-13 03:37:05,538 - INFO - Selected CCN(C(C)=O)c1ccc(OC)c2nc(NC(=O)C3CCN(C(=O)c4cccc(C(F)(F)F)c4)CC3)sc12 → EI = 0.2574
f1 shape: (1,)
2025-06-13 03:37:05,540 - INFO -   True f = 0.4788
2025-06-13 03:37:05,547 - INFO - Iter time: 1.38s
2025-06-13 03:37:05,547 - INFO - 
--- Iter 18 (train size=28) ---
2025-06-13 03:37:07,018 - INFO - Selected Cc1cccc(NC(=O)C2CCN(S(=O)(=O)c3ccc4c(c3)OCCCO4)CC2)n1 → EI = 0.2535
f1 shape: (1,)
2025-06-13 03:37:07,019 - INFO -   True f = 0.6085
2025-06-13 03:37:07,027 - INFO - Iter time: 1.48s
2025-06-13 03:37:07,027 - INFO - 
--- Iter 19 (train size=29) ---
2025-06-13 03:37:08,541 - INFO - Selected COc1ccc2nc(NC(=O)C3CCN(S(=O)(=O)c4c[nH]cn4)CC3)sc2c1 → EI = 0.2558
f1 shape: (1,)
2025-06-13 03:37:08,542 - INFO -   True f = 0.5601
2025-06-13 03:37:08,550 - INFO - Iter time: 1.52s
2025-06-13 03:37:08,550 - INFO - 
--- Iter 20 (train size=30) ---
2025-06-13 03:37:10,021 - INFO - Selected O=C(COC(=O)c1cnc(O)nc1O)Nc1cccc(S(=O)(=O)N2CCCCC2)c1 → EI = 0.2556
f1 shape: (1,)
2025-06-13 03:37:10,022 - INFO -   True f = 0.5809
2025-06-13 03:37:10,031 - INFO - Iter time: 1.48s
2025-06-13 03:37:10,031 - INFO - 
--- Iter 21 (train size=31) ---
2025-06-13 03:37:11,599 - INFO - Selected COc1ccccc1CNC(=O)CN1C(=O)COc2ccc(S(=O)(=O)N3CCCCC3)cc21 → EI = 0.256
f1 shape: (1,)
2025-06-13 03:37:11,601 - INFO -   True f = 0.6127
2025-06-13 03:37:11,609 - INFO - Iter time: 1.58s
2025-06-13 03:37:11,609 - INFO - 
--- Iter 22 (train size=32) ---
2025-06-13 03:37:13,299 - INFO - Selected COc1ccc(S(=O)(=O)N2CCOCC2)cc1C(=O)Nc1ccc2c(c1)OCO2 → EI = 0.2584
f1 shape: (1,)
2025-06-13 03:37:13,300 - INFO -   True f = 0.6173
2025-06-13 03:37:13,309 - INFO - Iter time: 1.70s
2025-06-13 03:37:13,309 - INFO - 
--- Iter 23 (train size=33) ---
2025-06-13 03:37:14,976 - INFO - Selected COc1ccc(CCNC(=O)CN2C(=O)CSc3ccc(S(=O)(=O)N4CCOCC4)cc32)cc1OC → EI = 0.2625
f1 shape: (1,)
2025-06-13 03:37:14,978 - INFO -   True f = 0.6002
2025-06-13 03:37:14,987 - INFO - Iter time: 1.68s
2025-06-13 03:37:14,987 - INFO - 
--- Iter 24 (train size=34) ---
2025-06-13 03:37:16,612 - INFO - Selected CC(C)C(=O)Nc1nc(-c2ccc(S(=O)(=O)N3CCOCC3)cc2)cs1 → EI = 0.2593
f1 shape: (1,)
2025-06-13 03:37:16,613 - INFO -   True f = 0.5773
2025-06-13 03:37:16,622 - INFO - Iter time: 1.64s
2025-06-13 03:37:16,622 - INFO - 
--- Iter 25 (train size=35) ---
2025-06-13 03:37:18,441 - INFO - Selected COc1cccc(OC)c1-c1ccc(CC(Nc2ccc(S(=O)(=O)N3CCCC3)cc2)C(=O)O)cc1 → EI = 0.2586
f1 shape: (1,)
2025-06-13 03:37:18,442 - INFO -   True f = 0.6483
2025-06-13 03:37:18,452 - INFO - Iter time: 1.83s
2025-06-13 03:37:18,452 - INFO - 
--- Iter 26 (train size=36) ---
2025-06-13 03:37:20,124 - INFO - Selected COc1cccc(CNC(=O)c2cc(S(=O)(=O)N3CCCC3)cn2C)c1 → EI = 0.2599
f1 shape: (1,)
2025-06-13 03:37:20,126 - INFO -   True f = 0.492
2025-06-13 03:37:20,135 - INFO - Iter time: 1.68s
2025-06-13 03:37:20,135 - INFO - 
--- Iter 27 (train size=37) ---
2025-06-13 03:37:22,039 - INFO - Selected COc1ccc(S(=O)(=O)N(Cc2ccc3c(c2)OCO3)C(CCC(=O)N2CCN(C)CC2)C(=O)NO)cc1 → EI = 0.2597
f1 shape: (1,)
2025-06-13 03:37:22,041 - INFO -   True f = 0.6278
2025-06-13 03:37:22,051 - INFO - Iter time: 1.92s
2025-06-13 03:37:22,051 - INFO - 
--- Iter 28 (train size=38) ---
2025-06-13 03:37:23,890 - INFO - Selected O=C(NCCCN1CCOCC1)C(=O)C(Cc1ccccc1)NC(=O)C1CCN(S(=O)(=O)c2ccc3ccccc3c2)CC1 → EI = 0.2597
f1 shape: (1,)
2025-06-13 03:37:23,892 - INFO -   True f = 0.686
2025-06-13 03:37:23,902 - INFO - Iter time: 1.85s
2025-06-13 03:37:23,902 - INFO - 
--- Iter 29 (train size=39) ---
2025-06-13 03:37:25,772 - INFO - Selected CCCC(=O)NC(C(=O)NCCS(N)(=O)=O)c1nc2ccc(-c3ccc(C(=O)N4CCOCC4)cc3)cc2s1 → EI = 0.2629
f1 shape: (1,)
2025-06-13 03:37:25,773 - INFO -   True f = 0.6269
2025-06-13 03:37:25,783 - INFO - Iter time: 1.88s
2025-06-13 03:37:25,783 - INFO - 
--- Iter 30 (train size=40) ---
2025-06-13 03:37:27,786 - INFO - Selected CCOC(=O)C(Cc1ccc(NC(=O)c2c(Cl)cncc2Cl)cc1)NC(=O)C1CC(NC2CCC2)CN1S(=O)(=O)c1cccc(C#N)c1 → EI = 0.2628
f1 shape: (1,)
2025-06-13 03:37:27,788 - INFO -   True f = 0.6194
2025-06-13 03:37:27,798 - INFO - Iter time: 2.01s
2025-06-13 03:37:27,798 - INFO - 
--- Iter 31 (train size=41) ---
2025-06-13 03:37:29,837 - INFO - Selected CC(C)(C)c1ccc(-c2ccc(S(=O)(=O)N3CCCC3C(=O)NC(C#N)CC(N)=O)cc2)cc1 → EI = 0.2627
f1 shape: (1,)
2025-06-13 03:37:29,838 - INFO -   True f = 0.6319
2025-06-13 03:37:29,849 - INFO - Iter time: 2.05s
2025-06-13 03:37:29,849 - INFO - 
--- Iter 32 (train size=42) ---
2025-06-13 03:37:31,825 - INFO - Selected O=C(O)C(Cc1ccc(-c2ccccc2)cc1)NC(=O)C1CCCN1S(=O)(=O)c1cc(Cl)cc(Cl)c1 → EI = 0.2667
f1 shape: (1,)
2025-06-13 03:37:31,827 - INFO -   True f = 0.6144
2025-06-13 03:37:31,838 - INFO - Iter time: 1.99s
2025-06-13 03:37:31,838 - INFO - 
--- Iter 33 (train size=43) ---
2025-06-13 03:37:33,951 - INFO - Selected CN(C)CCNC(=O)c1ccc2c(c1)n(C1CCN(S(=O)(=O)c3ccc(-c4ccccc4)cc3)CC1)c(=O)n2CC1CCCCC1 → EI = 0.2663
f1 shape: (1,)
2025-06-13 03:37:33,953 - INFO -   True f = 0.5037
2025-06-13 03:37:33,965 - INFO - Iter time: 2.13s
2025-06-13 03:37:33,965 - INFO - 
--- Iter 34 (train size=44) ---
2025-06-13 03:37:36,024 - INFO - Selected O=C(O)COc1c(C(=O)O)sc(-c2cccc(NC3CCN(S(=O)(=O)Cc4ccccc4)CC3)c2)c1Cl → EI = 0.2642
f1 shape: (1,)
2025-06-13 03:37:36,025 - INFO -   True f = 0.6226
2025-06-13 03:37:36,037 - INFO - Iter time: 2.07s
2025-06-13 03:37:36,037 - INFO - 
--- Iter 35 (train size=45) ---
2025-06-13 03:37:38,211 - INFO - Selected CCCc1nc(SC)c(C(=O)O)n1Cc1ccc(-c2ccccc2S(=O)(=O)NC(=O)NC2CCCCC2)cc1 → EI = 0.2664
f1 shape: (1,)
2025-06-13 03:37:38,212 - INFO -   True f = 0.4812
2025-06-13 03:37:38,224 - INFO - Iter time: 2.19s
2025-06-13 03:37:38,224 - INFO - 
--- Iter 36 (train size=46) ---
2025-06-13 03:37:40,454 - INFO - Selected CCOc1ccc(NC(=O)N2CCC(NC(=O)C(Cc3ccccc3OC)NC(C)=O)CC2)cc1 → EI = 0.2654
f1 shape: (1,)
2025-06-13 03:37:40,456 - INFO -   True f = 0.6504
2025-06-13 03:37:40,469 - INFO - Iter time: 2.24s
2025-06-13 03:37:40,469 - INFO - 
--- Iter 37 (train size=47) ---
2025-06-13 03:37:42,641 - INFO - Selected CC(=O)NC(CC(=O)Nc1cccc(S(=O)(=O)N2CCCCC2)c1)c1ccccc1 → EI = 0.2681
f1 shape: (1,)
2025-06-13 03:37:42,643 - INFO -   True f = 0.6232
2025-06-13 03:37:42,656 - INFO - Iter time: 2.19s
2025-06-13 03:37:42,656 - INFO - 
--- Iter 38 (train size=48) ---
2025-06-13 03:37:44,969 - INFO - Selected Cc1cc(COc2ccc(S(=O)(=O)NCC(C(=O)NO)N3CCN(C(=O)C(C)C)CC3)cc2)c2ccccc2n1 → EI = 0.2682
f1 shape: (1,)
2025-06-13 03:37:44,970 - INFO -   True f = 0.6253
2025-06-13 03:37:44,983 - INFO - Iter time: 2.33s
2025-06-13 03:37:44,983 - INFO - 
--- Iter 39 (train size=49) ---
2025-06-13 03:37:47,228 - INFO - Selected COC(=O)NC(Cc1ccccc1)C(=O)NC(Cc1ccc(NS(=O)(=O)O)cc1)c1csc(C)n1 → EI = 0.2667
f1 shape: (1,)
2025-06-13 03:37:47,230 - INFO -   True f = 0.5595
2025-06-13 03:37:47,243 - INFO - Iter time: 2.26s
2025-06-13 03:37:47,243 - INFO - 
--- Iter 40 (train size=50) ---
2025-06-13 03:37:49,503 - INFO - Selected O=C(NCc1ccccc1)C(=O)NCC1OCCN1S(=O)(=O)c1ccc2c(c1)OCCO2 → EI = 0.2669
f1 shape: (1,)
2025-06-13 03:37:49,505 - INFO -   True f = 0.5773
2025-06-13 03:37:49,518 - INFO - Iter time: 2.27s
2025-06-13 03:37:49,518 - INFO - 
--- Iter 41 (train size=51) ---
2025-06-13 03:37:51,813 - INFO - Selected Cc1ccc(NC(=O)CCCOc2ccccc2)cc1S(=O)(=O)N1CCOCC1 → EI = 0.2672
f1 shape: (1,)
2025-06-13 03:37:51,815 - INFO -   True f = 0.5886
2025-06-13 03:37:51,828 - INFO - Iter time: 2.31s
2025-06-13 03:37:51,828 - INFO - 
--- Iter 42 (train size=52) ---
2025-06-13 03:37:54,289 - INFO - Selected CCNC(=N)c1ccc(C2=NOC(CC(=O)NCC(NS(=O)(=O)c3cccc(C)c3)C(=O)O)C2)cc1 → EI = 0.2668
f1 shape: (1,)
2025-06-13 03:37:54,290 - INFO -   True f = 0.6035
2025-06-13 03:37:54,304 - INFO - Iter time: 2.48s
2025-06-13 03:37:54,304 - INFO - 
--- Iter 43 (train size=53) ---
2025-06-13 03:37:56,822 - INFO - Selected CCC(C)C(NC(=O)c1cccc(Cn2ccnc2)c1)C(=O)NNS(=O)(=O)c1ccc(OC)cc1 → EI = 0.2685
f1 shape: (1,)
2025-06-13 03:37:56,824 - INFO -   True f = 0.5522
2025-06-13 03:37:56,839 - INFO - Iter time: 2.53s
2025-06-13 03:37:56,839 - INFO - 
--- Iter 44 (train size=54) ---
2025-06-13 03:37:59,439 - INFO - Selected COc1ccc(Cl)cc1S(=O)(=O)N1CCOc2ccc(C(=O)Nc3ccc(C(=O)O)cc3)cc21 → EI = 0.2688
f1 shape: (1,)
2025-06-13 03:37:59,440 - INFO -   True f = 0.5928
2025-06-13 03:37:59,455 - INFO - Iter time: 2.62s
2025-06-13 03:37:59,455 - INFO - 
--- Iter 45 (train size=55) ---
2025-06-13 03:38:01,929 - INFO - Selected COc1ccccc1CCC(=O)Nc1ccc(S(=O)(=O)Nc2cc(C)nc(C)n2)cc1 → EI = 0.2701
f1 shape: (1,)
2025-06-13 03:38:01,931 - INFO -   True f = 0.5436
2025-06-13 03:38:01,946 - INFO - Iter time: 2.49s
2025-06-13 03:38:01,946 - INFO - 
--- Iter 46 (train size=56) ---
2025-06-13 03:38:04,468 - INFO - Selected COc1ccc(CC(=O)Oc2ccc(C(C)C)cc2)cc1S(=O)(=O)N1CCOCC1 → EI = 0.2679
f1 shape: (1,)
2025-06-13 03:38:04,470 - INFO -   True f = 0.5752
2025-06-13 03:38:04,485 - INFO - Iter time: 2.54s
2025-06-13 03:38:04,485 - INFO - 
--- Iter 47 (train size=57) ---
2025-06-13 03:38:07,136 - INFO - Selected COc1ccc(NS(=O)(=O)c2cc(NC(=O)CNC(=O)c3cccc(OC)c3)ccc2C)cc1 → EI = 0.2676
f1 shape: (1,)
2025-06-13 03:38:07,138 - INFO -   True f = 0.5421
2025-06-13 03:38:07,154 - INFO - Iter time: 2.67s
2025-06-13 03:38:07,154 - INFO - 
--- Iter 48 (train size=58) ---
2025-06-13 03:38:09,839 - INFO - Selected CC(C)(C)c1ccc(CC(=O)N2CCC2(C)C(=O)NS(=O)(=O)c2cccc(F)c2)cc1 → EI = 0.2677
f1 shape: (1,)
2025-06-13 03:38:09,841 - INFO -   True f = 0.5647
2025-06-13 03:38:09,857 - INFO - Iter time: 2.70s
2025-06-13 03:38:09,857 - INFO - 
--- Iter 49 (train size=59) ---
2025-06-13 03:38:12,611 - INFO - Selected COc1ccccc1N(C)S(=O)(=O)c1ccc(C(=O)OCC(=O)N2CCCCCC2)cc1 → EI = 0.2679
f1 shape: (1,)
2025-06-13 03:38:12,613 - INFO -   True f = 0.6533
2025-06-13 03:38:12,630 - INFO - Iter time: 2.77s
2025-06-13 03:38:12,630 - INFO - 
--- Iter 50 (train size=60) ---
2025-06-13 03:38:15,271 - INFO - Selected COc1ccccc1C(=O)Nc1ccc(OCC(=O)N2CC(C)CC(C)C2)cc1 → EI = 0.2707
f1 shape: (1,)
2025-06-13 03:38:15,272 - INFO -   True f = 0.2722
2025-06-13 03:38:15,290 - INFO - Iter time: 2.66s
2025-06-13 03:38:15,290 - INFO - 
--- Iter 51 (train size=61) ---
2025-06-13 03:38:18,085 - INFO - Selected COc1cc(C(=O)NS(=O)(=O)c2ccccc2C)ccc1Cn1cc(CCC(=O)N2CCC(C)(C)CC2)c2ccc(C(=O)NCC3CCCC3)cc21 → EI = 0.269
f1 shape: (1,)
2025-06-13 03:38:18,087 - INFO -   True f = 0.2078
2025-06-13 03:38:18,105 - INFO - Iter time: 2.81s
2025-06-13 03:38:18,105 - INFO - 
--- Iter 52 (train size=62) ---
2025-06-13 03:38:20,928 - INFO - Selected O=C(O)CCC(=NNc1ccc(S(=O)(=O)N2CCOCC2)cc1[N+](=O)[O-])c1cccs1 → EI = 0.2691
f1 shape: (1,)
2025-06-13 03:38:20,930 - INFO -   True f = 0.5866
2025-06-13 03:38:20,947 - INFO - Iter time: 2.84s
2025-06-13 03:38:20,947 - INFO - 
--- Iter 53 (train size=63) ---
2025-06-13 03:38:23,972 - INFO - Selected CN(CC(=O)Nc1cccc2ccccc12)c1ccc(S(=O)(=O)N2CCOCC2)cn1 → EI = 0.2697
f1 shape: (1,)
2025-06-13 03:38:23,973 - INFO -   True f = 0.626
2025-06-13 03:38:23,992 - INFO - Iter time: 3.04s
2025-06-13 03:38:23,992 - INFO - 
--- Iter 54 (train size=64) ---
2025-06-13 03:38:26,781 - INFO - Selected NS(=O)(=O)c1ccc(NC(=O)NC(Cc2ccccc2)C(=O)O)cc1 → EI = 0.2699
f1 shape: (1,)
2025-06-13 03:38:26,783 - INFO -   True f = 0.5333
2025-06-13 03:38:26,801 - INFO - Iter time: 2.81s
2025-06-13 03:38:26,801 - INFO - 
--- Iter 55 (train size=65) ---
2025-06-13 03:38:29,823 - INFO - Selected CCN(CC)S(=O)(=O)c1ccc(N2CCOCC2)c(NC(=O)c2ccc(O)nc2)c1 → EI = 0.2659
f1 shape: (1,)
2025-06-13 03:38:29,825 - INFO -   True f = 0.6197
2025-06-13 03:38:29,844 - INFO - Iter time: 3.04s
2025-06-13 03:38:29,844 - INFO - 
--- Iter 56 (train size=66) ---
2025-06-13 03:38:32,774 - INFO - Selected CCC(=O)N1CCc2cc(S(=O)(=O)CCC(=O)N(C)c3ccc(OC)cc3)ccc21 → EI = 0.2668
f1 shape: (1,)
2025-06-13 03:38:32,776 - INFO -   True f = 0.5807
2025-06-13 03:38:32,796 - INFO - Iter time: 2.95s
2025-06-13 03:38:32,796 - INFO - 
--- Iter 57 (train size=67) ---
2025-06-13 03:38:35,712 - INFO - Selected CCCOC(=O)Nc1ccc(S(=O)(=O)N2CC(c3ccccc3)NC2=O)cc1CC → EI = 0.2676
f1 shape: (1,)
2025-06-13 03:38:35,714 - INFO -   True f = 0.5836
2025-06-13 03:38:35,734 - INFO - Iter time: 2.94s
2025-06-13 03:38:35,734 - INFO - 
--- Iter 58 (train size=68) ---
2025-06-13 03:38:38,795 - INFO - Selected CCOC(=O)c1cc(C#N)c(N2CC(C(=O)NS(=O)(=O)Cc3ccc(F)cc3)C2)nc1C → EI = 0.2677
f1 shape: (1,)
2025-06-13 03:38:38,797 - INFO -   True f = 0.5352
2025-06-13 03:38:38,817 - INFO - Iter time: 3.08s
2025-06-13 03:38:38,818 - INFO - 
--- Iter 59 (train size=69) ---
2025-06-13 03:38:41,895 - INFO - Selected CCOc1ccc(NC(=O)CSc2nnc3c(n2)[nH]c2ccc(S(=O)(=O)N4CCOCC4)cc23)cc1 → EI = 0.2669
f1 shape: (1,)
2025-06-13 03:38:41,897 - INFO -   True f = 0.5688
2025-06-13 03:38:41,918 - INFO - Iter time: 3.10s
2025-06-13 03:38:41,918 - INFO - 
--- Iter 60 (train size=70) ---
2025-06-13 03:38:44,941 - INFO - Selected COc1ccc2cc(S(=O)(=O)NN(Cc3cccc(C(=N)NO)c3)C(=O)N3CCCCC3C)ccc2c1 → EI = 0.2669
f1 shape: (1,)
2025-06-13 03:38:44,942 - INFO -   True f = 0.6604
2025-06-13 03:38:44,964 - INFO - Iter time: 3.05s
2025-06-13 03:38:44,964 - INFO - 
--- Iter 61 (train size=71) ---
2025-06-13 03:38:48,328 - INFO - Selected N=C(N)c1cccc(CC(NS(=O)(=O)c2ccc3ccccc3c2)C(=O)C(=O)O)c1 → EI = 0.2712
f1 shape: (1,)
2025-06-13 03:38:48,330 - INFO -   True f = 0.5651
2025-06-13 03:38:48,352 - INFO - Iter time: 3.39s
2025-06-13 03:38:48,352 - INFO - 
--- Iter 62 (train size=72) ---
2025-06-13 03:38:51,467 - INFO - Selected CCCS(=O)(=O)N1CCC(Nc2nccc(N(C(=O)Nc3ccccc3Cl)c3ccc(F)cc3)n2)CC1 → EI = 0.2677
f1 shape: (1,)
2025-06-13 03:38:51,469 - INFO -   True f = 0.486
2025-06-13 03:38:51,491 - INFO - Iter time: 3.14s
2025-06-13 03:38:51,491 - INFO - 
--- Iter 63 (train size=73) ---
2025-06-13 03:38:54,630 - INFO - Selected COc1ccc(NC(=O)CCNS(=O)(=O)c2ccc(C(=N)N)cc2)cc1OC → EI = 0.2677
f1 shape: (1,)
2025-06-13 03:38:54,632 - INFO -   True f = 0.5362
2025-06-13 03:38:54,654 - INFO - Iter time: 3.16s
2025-06-13 03:38:54,654 - INFO - 
--- Iter 64 (train size=74) ---
2025-06-13 03:38:57,951 - INFO - Selected CCOc1cccc(-c2ccc(C3CCN(S(=O)(=O)C(C)(C)C(=O)NO)CC3)cc2C)c1 → EI = 0.2671
f1 shape: (1,)
2025-06-13 03:38:57,952 - INFO -   True f = 0.6689
2025-06-13 03:38:57,976 - INFO - Iter time: 3.32s
2025-06-13 03:38:57,976 - INFO - 
--- Iter 65 (train size=75) ---
2025-06-13 03:39:01,463 - INFO - Selected CCOc1cc(C(=S)N2CCOCC2)ccc1OS(=O)(=O)c1ccc(OC)cc1 → EI = 0.2686
f1 shape: (1,)
2025-06-13 03:39:01,464 - INFO -   True f = 0.4029
2025-06-13 03:39:01,488 - INFO - Iter time: 3.51s
2025-06-13 03:39:01,488 - INFO - 
--- Iter 66 (train size=76) ---
2025-06-13 03:39:04,746 - INFO - Selected CC(CCn1ccc(-c2ccc3ccccc3c2)cc1=O)(C(=O)NO)S(C)(=O)=O → EI = 0.2679
f1 shape: (1,)
2025-06-13 03:39:04,747 - INFO -   True f = 0.6088
2025-06-13 03:39:04,772 - INFO - Iter time: 3.28s
2025-06-13 03:39:04,772 - INFO - 
--- Iter 67 (train size=77) ---
2025-06-13 03:39:08,088 - INFO - Selected CC(C(=O)NCCN)N1CCC(NS(=O)(=O)c2ccc3cc(Cl)ccc3c2)C1=O → EI = 0.2691
f1 shape: (1,)
2025-06-13 03:39:08,089 - INFO -   True f = 0.5908
2025-06-13 03:39:08,114 - INFO - Iter time: 3.34s
2025-06-13 03:39:08,114 - INFO - 
--- Iter 68 (train size=78) ---
2025-06-13 03:39:11,590 - INFO - Selected Cc1ccc(NC(=O)C2CCCN2S(=O)(=O)c2cccc3cccnc23)c(C)c1 → EI = 0.2693
f1 shape: (1,)
2025-06-13 03:39:11,591 - INFO -   True f = 0.5088
2025-06-13 03:39:11,617 - INFO - Iter time: 3.50s
2025-06-13 03:39:11,617 - INFO - 
--- Iter 69 (train size=79) ---
2025-06-13 03:39:14,990 - INFO - Selected CC1CN(C(C)CO)C(=O)c2cc(NC(=O)c3ccncc3)ccc2OC1CN(C)S(=O)(=O)c1cccs1 → EI = 0.2679
f1 shape: (1,)
2025-06-13 03:39:14,992 - INFO -   True f = 0.6187
2025-06-13 03:39:15,018 - INFO - Iter time: 3.40s
2025-06-13 03:39:15,018 - INFO - 
--- Iter 70 (train size=80) ---
2025-06-13 03:39:18,746 - INFO - Selected CN(c1ccsc1C(=O)NC(CCCNC(=N)N)C(=O)O)S(=O)(=O)c1ccc([N+](=O)[O-])cc1 → EI = 0.2696
f1 shape: (1,)
2025-06-13 03:39:18,748 - INFO -   True f = 0.5713
2025-06-13 03:39:18,774 - INFO - Iter time: 3.76s
2025-06-13 03:39:18,774 - INFO - 
--- Iter 71 (train size=81) ---
2025-06-13 03:39:22,208 - INFO - Selected CSCCC(NC(=O)c1ccc(CS(=O)(=O)c2cccnc2)cc1-c1ccccc1)C(=O)O → EI = 0.2702
f1 shape: (1,)
2025-06-13 03:39:22,210 - INFO -   True f = 0.6338
2025-06-13 03:39:22,236 - INFO - Iter time: 3.46s
2025-06-13 03:39:22,237 - INFO - 
--- Iter 72 (train size=82) ---
2025-06-13 03:39:25,829 - INFO - Selected CCCCC(Cc1cccnc1)(C(=O)NO)S(=O)(=O)c1ccc(OC)cc1 → EI = 0.269
f1 shape: (1,)
2025-06-13 03:39:25,831 - INFO -   True f = 0.6059
2025-06-13 03:39:25,858 - INFO - Iter time: 3.62s
2025-06-13 03:39:25,858 - INFO - 
--- Iter 73 (train size=83) ---
2025-06-13 03:39:29,526 - INFO - Selected O=C(O)CN(CC(=O)NC(Cc1ccc(OCc2c(Cl)cccc2Cl)cc1)C(=O)O)S(=O)(=O)c1cccs1 → EI = 0.2689
f1 shape: (1,)
2025-06-13 03:39:29,528 - INFO -   True f = 0.6055
2025-06-13 03:39:29,556 - INFO - Iter time: 3.70s
2025-06-13 03:39:29,556 - INFO - 
--- Iter 74 (train size=84) ---
2025-06-13 03:39:33,274 - INFO - Selected CC(OC(=O)c1cccc(S(=O)(=O)N(C)C)c1)C(=O)NCC(=O)Nc1ccc(F)c(F)c1F → EI = 0.2701
f1 shape: (1,)
2025-06-13 03:39:33,275 - INFO -   True f = 0.5092
2025-06-13 03:39:33,304 - INFO - Iter time: 3.75s
2025-06-13 03:39:33,304 - INFO - 
--- Iter 75 (train size=85) ---
2025-06-13 03:39:37,212 - INFO - Selected CC1CCCCN1C(=O)C(CCCN=C(N)N)NS(=O)(=O)c1cccc2c(N(C)C)cccc12 → EI = 0.269
f1 shape: (1,)
2025-06-13 03:39:37,213 - INFO -   True f = 0.6522
2025-06-13 03:39:37,242 - INFO - Iter time: 3.94s
2025-06-13 03:39:37,243 - INFO - 
--- Iter 76 (train size=86) ---
2025-06-13 03:39:40,888 - INFO - Selected COc1ccc(S(=O)(=O)N(CC(C)C)CC(O)C(Cc2cccc(-c3ccccc3OC)c2)NC(=O)OC2COC3OCCC23)cc1 → EI = 0.2691
f1 shape: (1,)
2025-06-13 03:39:40,890 - INFO -   True f = 0.6289
2025-06-13 03:39:40,920 - INFO - Iter time: 3.68s
2025-06-13 03:39:40,920 - INFO - 
--- Iter 77 (train size=87) ---
2025-06-13 03:39:44,765 - INFO - Selected CCOc1ccc(N(C)S(=O)(=O)c2ccc3ncc(C(=O)NCC4CCCO4)c(O)c3c2)cc1 → EI = 0.2703
f1 shape: (1,)
2025-06-13 03:39:44,767 - INFO -   True f = 0.6313
2025-06-13 03:39:44,798 - INFO - Iter time: 3.88s
2025-06-13 03:39:44,798 - INFO - 
--- Iter 78 (train size=88) ---
2025-06-13 03:39:48,716 - INFO - Selected COc1cccc(NC(=O)CN(Cc2ccccc2)S(=O)(=O)c2ccc3nc(C)sc3c2)c1 → EI = 0.2712
f1 shape: (1,)
2025-06-13 03:39:48,717 - INFO -   True f = 0.5475
2025-06-13 03:39:48,749 - INFO - Iter time: 3.95s
2025-06-13 03:39:48,749 - INFO - 
--- Iter 79 (train size=89) ---
2025-06-13 03:39:52,532 - INFO - Selected COc1ccc(S(=O)(=O)N(Cc2ccccn2)C(C(=O)NO)C(C)C)cc1 → EI = 0.2706
f1 shape: (1,)
2025-06-13 03:39:52,534 - INFO -   True f = 0.5005
2025-06-13 03:39:52,565 - INFO - Iter time: 3.82s
2025-06-13 03:39:52,566 - INFO - 
--- Iter 80 (train size=90) ---
2025-06-13 03:39:56,519 - INFO - Selected CC(=O)NC(Cc1ccc(OP(=O)(O)O)cc1)C(=O)NC1CSCCN(Cc2cccc(-c3ccccc3C#N)c2)C1=O → EI = 0.2702
f1 shape: (1,)
2025-06-13 03:39:56,521 - INFO -   True f = 0.6696
2025-06-13 03:39:56,554 - INFO - Iter time: 3.99s
2025-06-13 03:39:56,554 - INFO - 
--- Iter 81 (train size=91) ---
2025-06-13 03:40:00,581 - INFO - Selected COC(=O)c1c(O)cccc1OCCCCNC(=O)C(Cc1ccc(NC(=O)C(=O)O)cc1)NC(C)=O → EI = 0.2705
f1 shape: (1,)
2025-06-13 03:40:00,582 - INFO -   True f = 0.6523
2025-06-13 03:40:00,616 - INFO - Iter time: 4.06s
2025-06-13 03:40:00,616 - INFO - 
--- Iter 82 (train size=92) ---
2025-06-13 03:40:04,823 - INFO - Selected COP(=O)(F)CC(=O)NC(CCCCNS(=O)(=O)c1ccc2ccc3cccc4ccc1c2c34)C(N)=O → EI = 0.2731
f1 shape: (1,)
2025-06-13 03:40:04,825 - INFO -   True f = 0.6426
2025-06-13 03:40:04,859 - INFO - Iter time: 4.24s
2025-06-13 03:40:04,859 - INFO - 
--- Iter 83 (train size=93) ---
2025-06-13 03:40:08,990 - INFO - Selected CCc1ccc(NC(=O)CN(C)S(=O)(=O)c2ccc3c(c2)c(=O)n(C)c(=O)n3C)cc1 → EI = 0.2723
f1 shape: (1,)
2025-06-13 03:40:08,991 - INFO -   True f = 0.5374
2025-06-13 03:40:09,026 - INFO - Iter time: 4.17s
2025-06-13 03:40:09,026 - INFO - 
--- Iter 84 (train size=94) ---
2025-06-13 03:40:12,970 - INFO - Selected CCCC1C(=O)N(C(Cc2ccc3ccccc3c2)C(=O)NC)CCN1C(=O)C(Cc1ccc(F)cc1)NC(=O)C1CCCCN1 → EI = 0.2717
f1 shape: (1,)
2025-06-13 03:40:12,972 - INFO -   True f = 0.6621
2025-06-13 03:40:13,008 - INFO - Iter time: 3.98s
2025-06-13 03:40:13,008 - INFO - 
--- Iter 85 (train size=95) ---
2025-06-13 03:40:17,212 - INFO - Selected COc1ccc(Cn2ccc(C)c(NC(=O)C(Cc3ccc(CC(=O)O)cc3)NC(C)=O)c2=O)cc1 → EI = 0.2748
f1 shape: (1,)
2025-06-13 03:40:17,214 - INFO -   True f = 0.5886
2025-06-13 03:40:17,250 - INFO - Iter time: 4.24s
2025-06-13 03:40:17,250 - INFO - 
--- Iter 86 (train size=96) ---
2025-06-13 03:40:21,513 - INFO - Selected CC(C)CC(NC(=O)C1CCCN1C(=O)C(N)Cc1ccc(O)cc1)C(=O)NC(Cc1ccccc1)C(N)=O → EI = 0.2737
f1 shape: (1,)
2025-06-13 03:40:21,515 - INFO -   True f = 0.6072
2025-06-13 03:40:21,553 - INFO - Iter time: 4.30s
2025-06-13 03:40:21,553 - INFO - 
--- Iter 87 (train size=97) ---
2025-06-13 03:40:25,643 - INFO - Selected COc1cccc(OC)c1-c1ccc(CC(NC(=O)C2(S(=O)(=O)c3ccccc3)CCCNC2)C(=O)O)cc1 → EI = 0.2737
f1 shape: (1,)
2025-06-13 03:40:25,645 - INFO -   True f = 0.6627
2025-06-13 03:40:25,682 - INFO - Iter time: 4.13s
2025-06-13 03:40:25,682 - INFO - 
--- Iter 88 (train size=98) ---
2025-06-13 03:40:30,019 - INFO - Selected COc1cccc(OC)c1-c1cc(C(=O)NC(CCCCN)C(=O)O)nn1-c1ccc(F)cc1 → EI = 0.2745
f1 shape: (1,)
2025-06-13 03:40:30,020 - INFO -   True f = 0.5885
2025-06-13 03:40:30,058 - INFO - Iter time: 4.38s
2025-06-13 03:40:30,058 - INFO - 
--- Iter 89 (train size=99) ---
2025-06-13 03:40:34,627 - INFO - Selected O=C(O)CC(NC(=O)C(CCCCNS(=O)(=O)c1ccc(O)c(C(=O)O)c1)c1ccccc1)C(=O)c1ncc(-c2c(Cl)cccc2Cl)o1 → EI = 0.274
f1 shape: (1,)
2025-06-13 03:40:34,629 - INFO -   True f = 0.5075
2025-06-13 03:40:34,668 - INFO - Iter time: 4.61s
2025-06-13 03:40:34,668 - INFO - 
--- Iter 90 (train size=100) ---
2025-06-13 03:40:39,088 - INFO - Selected O=C(O)CCC(=O)NC(CC(=O)O)Cc1ccc(-c2cccc(F)c2)cc1 → EI = 0.2738
f1 shape: (1,)
2025-06-13 03:40:39,089 - INFO -   True f = 0.6336
2025-06-13 03:40:39,128 - INFO - Iter time: 4.46s
2025-06-13 03:40:39,129 - INFO - 
--- Iter 91 (train size=101) ---
2025-06-13 03:40:43,390 - INFO - Selected COc1ccc(CC(=O)Nc2ccc3c(c2)C(=O)N(CCC(=O)O)C3=O)cc1 → EI = 0.2746
f1 shape: (1,)
2025-06-13 03:40:43,391 - INFO -   True f = 0.5961
2025-06-13 03:40:43,431 - INFO - Iter time: 4.30s
2025-06-13 03:40:43,431 - INFO - 
--- Iter 92 (train size=102) ---
2025-06-13 03:40:47,901 - INFO - Selected CCCCOC(=O)NS(=O)(=O)c1sc(CC(C)C)cc1-c1ccc(Cc2ccsc2)cc1 → EI = 0.2737
f1 shape: (1,)
2025-06-13 03:40:47,902 - INFO -   True f = 0.1294
2025-06-13 03:40:47,942 - INFO - Iter time: 4.51s
2025-06-13 03:40:47,942 - INFO - 
--- Iter 93 (train size=103) ---
2025-06-13 03:40:52,463 - INFO - Selected CC(C)(C)NC(=O)C1CC2SCCC2CN1CC(O)C(Cc1ccccc1)NC(=O)C(CS(=O)(=O)c1ccc(F)cc1)NS(C)(=O)=O → EI = 0.2751
f1 shape: (1,)
2025-06-13 03:40:52,465 - INFO -   True f = 0.6058
2025-06-13 03:40:52,508 - INFO - Iter time: 4.57s
2025-06-13 03:40:52,508 - INFO - 
--- Iter 94 (train size=104) ---
2025-06-13 03:40:57,284 - INFO - Selected CS(=O)(=O)NC(C(=O)N1CCCC1C(=O)NCc1ccc(CN)cc1)C(c1ccccc1)c1ccccc1 → EI = 0.2734
f1 shape: (1,)
2025-06-13 03:40:57,285 - INFO -   True f = 0.6879
2025-06-13 03:40:57,327 - INFO - Iter time: 4.82s
2025-06-13 03:40:57,327 - INFO - 
--- Iter 95 (train size=105) ---
2025-06-13 03:41:02,003 - INFO - Selected CN1CCN(C(=O)NC(Cc2cccnc2)C(=O)NC(C=CS(=O)(=O)c2ccccc2)CCc2ccccc2)CC1 → EI = 0.2745
f1 shape: (1,)
2025-06-13 03:41:02,005 - INFO -   True f = 0.666
2025-06-13 03:41:02,048 - INFO - Iter time: 4.72s
2025-06-13 03:41:02,048 - INFO - 
--- Iter 96 (train size=106) ---
2025-06-13 03:41:06,561 - INFO - Selected COc1ccc(CCNC(=O)C(=O)C(CCCN=C(N)N)NC(=O)C2CCN3CCC(N)(Cc4ccccc4)CN23)cc1 → EI = 0.2758
f1 shape: (1,)
2025-06-13 03:41:06,562 - INFO -   True f = 0.6477
2025-06-13 03:41:06,770 - INFO - Iter time: 4.72s
2025-06-13 03:41:06,770 - INFO - 
--- Iter 97 (train size=107) ---
2025-06-13 03:41:11,528 - INFO - Selected CC(C)CC(NC(=O)C=Cc1ccc(OP(=O)(O)O)cc1)C(=O)N1CCCC1C(=O)NC(COCc1ccccc1)COC(N)=O → EI = 0.2743
f1 shape: (1,)
2025-06-13 03:41:11,530 - INFO -   True f = 0.6259
2025-06-13 03:41:11,575 - INFO - Iter time: 4.81s
2025-06-13 03:41:11,575 - INFO - 
--- Iter 98 (train size=108) ---
2025-06-13 03:41:16,406 - INFO - Selected COc1ccc(OC)c(C(=O)CCC(=O)NC(Cc2ccccc2)C(=O)C(N)=O)c1 → EI = 0.2753
f1 shape: (1,)
2025-06-13 03:41:16,408 - INFO -   True f = 0.5788
2025-06-13 03:41:16,453 - INFO - Iter time: 4.88s
2025-06-13 03:41:16,453 - INFO - 
--- Iter 99 (train size=109) ---
2025-06-13 03:41:21,544 - INFO - Selected CCCC(NC(=O)OCc1ccccc1)C(=O)NC(CC1CCNC1=O)C(O)S(=O)(=O)O → EI = 0.2749
f1 shape: (1,)
2025-06-13 03:41:21,545 - INFO -   True f = 0.5773
2025-06-13 03:41:21,591 - INFO - Iter time: 5.14s
2025-06-13 03:41:21,591 - INFO - 
--- Iter 100 (train size=110) ---
2025-06-13 03:41:26,518 - INFO - Selected CC(C)C(NS(=O)(=O)c1cnccc1NC(CO)Cc1ccccc1)C(=O)N1CCC(CCF)CC1 → EI = 0.2751
f1 shape: (1,)
2025-06-13 03:41:26,519 - INFO -   True f = 0.6408
2025-06-13 03:41:26,566 - INFO - Iter time: 4.97s
2025-06-13 03:41:26,566 - INFO - 
--- Iter 101 (train size=111) ---
2025-06-13 03:41:31,315 - INFO - Selected CCC(C(=O)NCc1ccco1)N(C(=O)CNS(=O)(=O)c1ccccc1)C1CCCCC1 → EI = 0.2764
f1 shape: (1,)
2025-06-13 03:41:31,317 - INFO -   True f = 0.6201
2025-06-13 03:41:31,364 - INFO - Iter time: 4.80s
2025-06-13 03:41:31,364 - INFO - 
--- Iter 102 (train size=112) ---
2025-06-13 03:41:36,385 - INFO - Selected Cc1ccc(S(=O)(=O)NC(Cc2ccccc2)C(=O)N2CCCC2C(=O)O)cc1 → EI = 0.2771
f1 shape: (1,)
2025-06-13 03:41:36,387 - INFO -   True f = 0.6394
2025-06-13 03:41:36,436 - INFO - Iter time: 5.07s
2025-06-13 03:41:36,437 - INFO - 
--- Iter 103 (train size=113) ---
2025-06-13 03:41:41,493 - INFO - Selected NC(Cc1ccccc1)C(=O)NC1CCC(=O)N(CC(=O)Nc2cccc(Cl)c2)C1=O → EI = 0.2755
f1 shape: (1,)
2025-06-13 03:41:41,494 - INFO -   True f = 0.6123
2025-06-13 03:41:41,544 - INFO - Iter time: 5.11s
2025-06-13 03:41:41,544 - INFO - 
--- Iter 104 (train size=114) ---
2025-06-13 03:41:46,431 - INFO - Selected CCCNC(=O)c1cccc(C(=O)NC(Cc2ccccc2)C(O)CN(CC(C)C)S(=O)(=O)c2ccc(OC)cc2)c1 → EI = 0.2759
f1 shape: (1,)
2025-06-13 03:41:46,433 - INFO -   True f = 0.6526
2025-06-13 03:41:46,484 - INFO - Iter time: 4.94s
2025-06-13 03:41:46,484 - INFO - 
--- Iter 105 (train size=115) ---
2025-06-13 03:41:51,641 - INFO - Selected CC(C)C(NC(=O)COc1cccc2ccccc12)C(=O)NC(CC(=O)O)C(=O)CSc1nc(-c2ccccc2)no1 → EI = 0.2752
f1 shape: (1,)
2025-06-13 03:41:51,643 - INFO -   True f = 0.5795
2025-06-13 03:41:51,694 - INFO - Iter time: 5.21s
2025-06-13 03:41:51,694 - INFO - 
--- Iter 106 (train size=116) ---
2025-06-13 03:41:56,910 - INFO - Selected CSCCC(NC(=O)CN1C(=O)C(N(C)C(=O)C(N)CS)N=C(c2ccccc2)c2ccccc21)C(=O)O → EI = 0.2757
f1 shape: (1,)
2025-06-13 03:41:56,912 - INFO -   True f = 0.6369
2025-06-13 03:41:56,965 - INFO - Iter time: 5.27s
2025-06-13 03:41:56,965 - INFO - 
--- Iter 107 (train size=117) ---
2025-06-13 03:42:02,196 - INFO - Selected CCN1C(=O)N(CC(=O)NC(CC(=O)O)c2ccccc2)C(=O)C1(C)c1ccc(C(=N)N)cc1 → EI = 0.2776
f1 shape: (1,)
2025-06-13 03:42:02,198 - INFO -   True f = 0.6335
2025-06-13 03:42:02,251 - INFO - Iter time: 5.29s
2025-06-13 03:42:02,252 - INFO - 
--- Iter 108 (train size=118) ---
2025-06-13 03:42:07,555 - INFO - Selected CC(C)(C)C(=O)CN1C(=O)N(CC(=O)Nc2cccc(C(=O)O)c2)N=C(C2CCCCCC2)c2ccccc21 → EI = 0.2786
f1 shape: (1,)
2025-06-13 03:42:07,557 - INFO -   True f = 0.4559
2025-06-13 03:42:07,611 - INFO - Iter time: 5.36s
2025-06-13 03:42:07,611 - INFO - 
--- Iter 109 (train size=119) ---
2025-06-13 03:42:12,973 - INFO - Selected C=CCOC(=O)N1CCN(C(=O)C(CCC(=O)O)NC(=O)c2cc(OCCO)cc(-c3ccccc3)n2)CC1 → EI = 0.276
f1 shape: (1,)
2025-06-13 03:42:12,975 - INFO -   True f = 0.6535
2025-06-13 03:42:13,030 - INFO - Iter time: 5.42s
2025-06-13 03:42:13,030 - INFO - 
--- Iter 110 (train size=120) ---
2025-06-13 03:42:18,398 - INFO - Selected NC(=O)C(CO)NC(=O)C(CCC(=O)O)NC(=O)CCc1ccc(-c2ccccc2)cc1 → EI = 0.2797
f1 shape: (1,)
2025-06-13 03:42:18,400 - INFO -   True f = 0.6545
2025-06-13 03:42:18,456 - INFO - Iter time: 5.43s
2025-06-13 03:42:18,456 - INFO - 
--- Iter 111 (train size=121) ---
2025-06-13 03:42:23,631 - INFO - Selected N=C(N)N1CCCC(NC(=O)CNC(=O)C(CCNC(=O)c2cncc(Br)c2)NC(=O)OCc2ccccc2)C1O → EI = 0.2795
f1 shape: (1,)
2025-06-13 03:42:23,632 - INFO -   True f = 0.583
2025-06-13 03:42:23,689 - INFO - Iter time: 5.23s
2025-06-13 03:42:23,689 - INFO - 
--- Iter 112 (train size=122) ---
2025-06-13 03:42:29,362 - INFO - Selected CCN1CCN(C(=O)NC(C(=O)NC2CN3CC(C#N)=C(C(=O)O)N3C2=O)c2ccccc2)C(=O)C1=O → EI = 0.2786
f1 shape: (1,)
2025-06-13 03:42:29,363 - INFO -   True f = 0.5667
2025-06-13 03:42:29,423 - INFO - Iter time: 5.73s
2025-06-13 03:42:29,423 - INFO - 
--- Iter 113 (train size=123) ---
2025-06-13 03:42:34,695 - INFO - Selected CC(=O)NC(CCC(N)=O)C(=O)NC(CC(=O)Nc1ccc2c(c1)C(=O)C(=O)c1ccccc1-2)C(=O)O → EI = 0.2765
f1 shape: (1,)
2025-06-13 03:42:34,697 - INFO -   True f = 0.5858
2025-06-13 03:42:34,755 - INFO - Iter time: 5.33s
2025-06-13 03:42:34,756 - INFO - 
--- Iter 114 (train size=124) ---
2025-06-13 03:42:40,306 - INFO - Selected CCNC(=O)C(c1ccccc1)N1CCN(c2ccc(NC(=O)C(CC)CC)cc2C#N)CC1 → EI = 0.2767
f1 shape: (1,)
2025-06-13 03:42:40,307 - INFO -   True f = 0.6521
2025-06-13 03:42:40,367 - INFO - Iter time: 5.61s
2025-06-13 03:42:40,367 - INFO - 
--- Iter 115 (train size=125) ---
2025-06-13 03:42:46,201 - INFO - Selected CCC(C)C(NC(=O)OCc1ccccc1)C(=O)OCC(=O)N1CCN(c2ccc(OC)cc2)CC1 → EI = 0.2791
f1 shape: (1,)
2025-06-13 03:42:46,203 - INFO -   True f = 0.6115
2025-06-13 03:42:46,264 - INFO - Iter time: 5.90s
2025-06-13 03:42:46,264 - INFO - 
--- Iter 116 (train size=126) ---
2025-06-13 03:42:51,923 - INFO - Selected CCCN(CCc1cccc(-c2ccccc2)c1)C(=O)C1OC(C(=O)O)=CC(N)C1NC(C)=O → EI = 0.2773
f1 shape: (1,)
2025-06-13 03:42:51,924 - INFO -   True f = 0.6847
2025-06-13 03:42:51,986 - INFO - Iter time: 5.72s
2025-06-13 03:42:51,986 - INFO - 
--- Iter 117 (train size=127) ---
2025-06-13 03:42:57,401 - INFO - Selected CCCN(CC)C(=O)C(NC(=O)C1CCN(C(=O)c2ccccc2-c2ccc(C(F)(F)F)cc2)CC1)c1ccccc1 → EI = 0.2801
f1 shape: (1,)
2025-06-13 03:42:57,402 - INFO -   True f = 0.1391
2025-06-13 03:42:57,465 - INFO - Iter time: 5.48s
2025-06-13 03:42:57,465 - INFO - 
--- Iter 118 (train size=128) ---
2025-06-13 03:43:03,380 - INFO - Selected CN(C)C(=O)C(=O)N(C)C1CCCn2c1nc(C(=O)NCc1ccc(F)cc1)c(O)c2=O → EI = 0.2764
f1 shape: (1,)
2025-06-13 03:43:03,381 - INFO -   True f = 0.5454
2025-06-13 03:43:03,444 - INFO - Iter time: 5.98s
2025-06-13 03:43:03,444 - INFO - 
--- Iter 119 (train size=129) ---
2025-06-13 03:43:09,451 - INFO - Selected N=C(N)c1ccc(C(=O)NCC(=O)N2CCN(CC(=O)O)C(=O)C2CC(=O)O)cc1 → EI = 0.2753
f1 shape: (1,)
2025-06-13 03:43:09,452 - INFO -   True f = 0.6006
2025-06-13 03:43:09,517 - INFO - Iter time: 6.07s
2025-06-13 03:43:09,517 - INFO - 
--- Iter 120 (train size=130) ---
2025-06-13 03:43:15,081 - INFO - Selected CC(=O)N1CCN(C(=O)C(Cc2cccc(C(=N)N)c2)NS(=O)(=O)NCCc2cc3c(cc2[N+](=O)[O-])OCO3)CC1 → EI = 0.2759
f1 shape: (1,)
2025-06-13 03:43:15,083 - INFO -   True f = 0.6045
2025-06-13 03:43:15,149 - INFO - Iter time: 5.63s
2025-06-13 03:43:15,149 - INFO - 
--- Iter 121 (train size=131) ---
2025-06-13 03:43:21,258 - INFO - Selected N=C(N)c1ccc(CNC(=O)C(CCC2CCNCC2)NC(=O)C(CCCC2CCNCC2)NS(=O)(=O)Cc2ccccc2)cc1 → EI = 0.2762
f1 shape: (1,)
2025-06-13 03:43:21,260 - INFO -   True f = 0.5938
2025-06-13 03:43:21,326 - INFO - Iter time: 6.18s
2025-06-13 03:43:21,326 - INFO - 
--- Iter 122 (train size=132) ---
2025-06-13 03:43:27,258 - INFO - Selected N=C(N)CC1CCC(NC(=O)C2CCCN2C(=O)C(Cc2ccccc2)NS(=O)(=O)Cc2ccccc2)CC1 → EI = 0.2767
f1 shape: (1,)
2025-06-13 03:43:27,260 - INFO -   True f = 0.6348
2025-06-13 03:43:27,330 - INFO - Iter time: 6.00s
2025-06-13 03:43:27,330 - INFO - 
--- Iter 123 (train size=133) ---
2025-06-13 03:43:33,022 - INFO - Selected CCCC(NC(=O)C(N)Cc1ccc(O)cc1)C(=O)N1CCCC1C(=O)NCC(=O)NC(Cc1ccccc1)C(=O)N1CCCC1C(=O)O → EI = 0.2773
f1 shape: (1,)
2025-06-13 03:43:33,024 - INFO -   True f = 0.6179
2025-06-13 03:43:33,092 - INFO - Iter time: 5.76s
2025-06-13 03:43:33,093 - INFO - 
--- Iter 124 (train size=134) ---
2025-06-13 03:43:39,315 - INFO - Selected N=C(N)N1CCCC(CNC(=O)CNS(=O)(=O)c2ccc3ccccc3c2)C1 → EI = 0.2755
f1 shape: (1,)
2025-06-13 03:43:39,316 - INFO -   True f = 0.6176
2025-06-13 03:43:39,385 - INFO - Iter time: 6.29s
2025-06-13 03:43:39,385 - INFO - 
--- Iter 125 (train size=135) ---
2025-06-13 03:43:45,700 - INFO - Selected CCOC(=O)C(Cc1ccc(O)cc1)NC(=O)C1(NC(=O)C(SC(=O)c2ccccn2)C(C)C)CCCC1 → EI = 0.2751
f1 shape: (1,)
2025-06-13 03:43:45,702 - INFO -   True f = 0.6292
2025-06-13 03:43:45,772 - INFO - Iter time: 6.39s
2025-06-13 03:43:45,773 - INFO - 
--- Iter 126 (train size=136) ---
2025-06-13 03:43:51,602 - INFO - Selected CCC1OCC(=O)C1NC(=O)C(CC1(C)CCCC1)NC(=O)c1cccc(S(=O)(=O)NC)c1 → EI = 0.2769
f1 shape: (1,)
2025-06-13 03:43:51,603 - INFO -   True f = 0.6048
2025-06-13 03:43:51,675 - INFO - Iter time: 5.90s
2025-06-13 03:43:51,675 - INFO - 
--- Iter 127 (train size=137) ---
2025-06-13 03:43:58,049 - INFO - Selected CC(C)C(NC(=O)CNC(=O)C(N)Cc1ccc(O)cc1)C(=O)NC1CCc2ccccc21 → EI = 0.2765
f1 shape: (1,)
2025-06-13 03:43:58,051 - INFO -   True f = 0.5799
2025-06-13 03:43:58,123 - INFO - Iter time: 6.45s
2025-06-13 03:43:58,123 - INFO - 
--- Iter 128 (train size=138) ---
2025-06-13 03:44:04,346 - INFO - Selected CCCCC(N)C(=O)Nc1cc(C(=O)NC(Cc2c[nH]c3ccccc23)C(=O)O)ccc1N → EI = 0.2766
f1 shape: (1,)
2025-06-13 03:44:04,348 - INFO -   True f = 0.5928
2025-06-13 03:44:04,422 - INFO - Iter time: 6.30s
2025-06-13 03:44:04,422 - INFO - 
--- Iter 129 (train size=139) ---
2025-06-13 03:44:10,978 - INFO - Selected CCC(CO)NCc1cccnc1N1CCN(C(=O)C(Cc2ccc(Cl)cc2Cl)NC(=O)CCN)CC1 → EI = 0.2768
f1 shape: (1,)
2025-06-13 03:44:10,980 - INFO -   True f = 0.6476
2025-06-13 03:44:11,054 - INFO - Iter time: 6.63s
2025-06-13 03:44:11,054 - INFO - 
--- Iter 130 (train size=140) ---
2025-06-13 03:44:17,070 - INFO - Selected CC(C)CC(NC(=O)C(CS)NC(=O)CNC(=O)C(CS)NC(=O)CNS(=O)(=O)c1cccc2c(N(C)C)cccc12)C(=O)O → EI = 0.2754
f1 shape: (1,)
2025-06-13 03:44:17,072 - INFO -   True f = 0.5717
2025-06-13 03:44:17,147 - INFO - Iter time: 6.09s
2025-06-13 03:44:17,147 - INFO - 
--- Iter 131 (train size=141) ---
2025-06-13 03:44:23,740 - INFO - Selected CC(C)(C)OC(=O)NC(CCCNC(=N)N)C(=O)NC(Cc1c[nH]c2ccccc12)C(=O)NC(Cc1ccccc1)C(=O)N1CCCCC1 → EI = 0.2757
f1 shape: (1,)
2025-06-13 03:44:23,742 - INFO -   True f = 0.6237
2025-06-13 03:44:23,819 - INFO - Iter time: 6.67s
2025-06-13 03:44:23,819 - INFO - 
--- Iter 132 (train size=142) ---
2025-06-13 03:44:29,937 - INFO - Selected C=CC1CC1(NC(=O)C1CC(Oc2ccnc3ccccc23)CN1C(=O)C(NC(=O)OC(C)(C)C)C(C)(C)C)C(=O)NCCc1ccc(C(=O)O)cc1 → EI = 0.2768
f1 shape: (1,)
2025-06-13 03:44:29,939 - INFO -   True f = 0.5549
2025-06-13 03:44:30,017 - INFO - Iter time: 6.20s
2025-06-13 03:44:30,017 - INFO - 
--- Iter 133 (train size=143) ---
2025-06-13 03:44:36,677 - INFO - Selected CSCCC(NC(=O)C1CCCN1C(=O)C(NC(=O)C(Cc1ccc(C(F)(F)P(=O)(O)O)cc1)NC(C)=O)C(C)C)C(N)=O → EI = 0.2768
f1 shape: (1,)
2025-06-13 03:44:36,679 - INFO -   True f = 0.5573
2025-06-13 03:44:36,758 - INFO - Iter time: 6.74s
2025-06-13 03:44:36,758 - INFO - 
--- Iter 134 (train size=144) ---
2025-06-13 03:44:43,493 - INFO - Selected C=C(C)C(=O)Nc1cccc(C2=NOC3(C2)CC(C(N)=O)N(C(=O)c2ccccc2)C3)c1 → EI = 0.2749
f1 shape: (1,)
2025-06-13 03:44:43,495 - INFO -   True f = 0.6107
2025-06-13 03:44:43,575 - INFO - Iter time: 6.82s
2025-06-13 03:44:43,575 - INFO - 
--- Iter 135 (train size=145) ---
2025-06-13 03:44:49,814 - INFO - Selected CC(=O)c1ccc(N(C(=O)CNC(=O)c2ccco2)C(C(=O)NC2CCCC2)c2ccncc2)cc1 → EI = 0.2756
f1 shape: (1,)
2025-06-13 03:44:49,815 - INFO -   True f = 0.6633
2025-06-13 03:44:49,896 - INFO - Iter time: 6.32s
2025-06-13 03:44:49,897 - INFO - 
--- Iter 136 (train size=146) ---
2025-06-13 03:44:56,727 - INFO - Selected CN(C(=O)c1ccc2c(c1)nc(NC(=O)c1cccnc1)n2CCC(N)=O)C1CCCCC1 → EI = 0.2767
f1 shape: (1,)
2025-06-13 03:44:56,729 - INFO -   True f = 0.6175
2025-06-13 03:44:56,811 - INFO - Iter time: 6.91s
2025-06-13 03:44:56,811 - INFO - 
--- Iter 137 (train size=147) ---
2025-06-13 03:45:03,395 - INFO - Selected O=C(Nc1ccc(CC(NC(=O)C2(CCNC(=O)C(F)(F)F)CCCC2)C(=O)O)cc1)c1c(Cl)cccc1Cl → EI = 0.2771
f1 shape: (1,)
2025-06-13 03:45:03,397 - INFO -   True f = 0.5548
2025-06-13 03:45:03,481 - INFO - Iter time: 6.67s
2025-06-13 03:45:03,482 - INFO - 
--- Iter 138 (train size=148) ---
2025-06-13 03:45:10,081 - INFO - Selected CCC(C)C(NC(=O)c1ccc(-c2ccccc2)cc1)C(=O)NC(C(=O)NC(CCC(N)=O)C(=O)O)C(C)C → EI = 0.2771
f1 shape: (1,)
2025-06-13 03:45:10,082 - INFO -   True f = 0.5873
2025-06-13 03:45:10,166 - INFO - Iter time: 6.68s
2025-06-13 03:45:10,166 - INFO - 
--- Iter 139 (train size=149) ---
2025-06-13 03:45:17,095 - INFO - Selected CC(=O)N1CCN(S(=O)(=O)c2cccc(C(=O)OCC(=O)NC(=O)c3cccn3C)c2)CC1 → EI = 0.2768
f1 shape: (1,)
2025-06-13 03:45:17,097 - INFO -   True f = 0.5683
2025-06-13 03:45:17,182 - INFO - Iter time: 7.02s
2025-06-13 03:45:17,182 - INFO - 
--- Iter 140 (train size=150) ---
2025-06-13 03:45:24,445 - INFO - Selected CCCCCCC1C(=O)NC(C(=O)NCCCn2ccnc2)Cc2ccc(cc2)OCCCC1C(=O)NO → EI = 0.2767
f1 shape: (1,)
2025-06-13 03:45:24,447 - INFO -   True f = 0.6139
2025-06-13 03:45:24,533 - INFO - Iter time: 7.35s
2025-06-13 03:45:24,533 - INFO - 
--- Iter 141 (train size=151) ---
2025-06-13 03:45:31,031 - INFO - Selected CC(C)(C)NC(=O)C1CCCN1CC(O)C1Cc2ccc(cc2)OCCCOc2cc3ccccc3cc2C(=O)NC(CC(N)=O)C(=O)N1 → EI = 0.2773
f1 shape: (1,)
2025-06-13 03:45:31,033 - INFO -   True f = 0.6469
2025-06-13 03:45:31,121 - INFO - Iter time: 6.59s
2025-06-13 03:45:31,121 - INFO - 
--- Iter 142 (train size=152) ---
2025-06-13 03:45:38,220 - INFO - Selected NC(=O)NCCNC(=O)C1CNC(=O)NCCCCC(NC(=O)C(N)Cc2ccc(O)cc2)C(=O)NC(Cc2ccccc2)C(=O)N1 → EI = 0.2795
f1 shape: (1,)
2025-06-13 03:45:38,222 - INFO -   True f = 0.5818
2025-06-13 03:45:38,311 - INFO - Iter time: 7.19s
2025-06-13 03:45:38,311 - INFO - 
--- Iter 143 (train size=153) ---
2025-06-13 03:45:44,909 - INFO - Selected CN(C)C(=O)c1c(CNC(=O)c2ccc(N3CCC(CCO)CC3)nc2)c(=O)c2ccc(Cl)cc2n1-c1ccccc1 → EI = 0.278
f1 shape: (1,)
2025-06-13 03:45:44,911 - INFO -   True f = 0.6212
2025-06-13 03:45:45,001 - INFO - Iter time: 6.69s
2025-06-13 03:45:45,001 - INFO - 
--- Iter 144 (train size=154) ---
2025-06-13 03:45:52,478 - INFO - Selected Cc1nc2ccccc2n1Cc1ccc(CNC(=O)C(O)C(O)C(=O)N2CCCC2c2cccnc2)s1 → EI = 0.279
f1 shape: (1,)
2025-06-13 03:45:52,480 - INFO -   True f = 0.6289
2025-06-13 03:45:52,572 - INFO - Iter time: 7.57s
2025-06-13 03:45:52,572 - INFO - 
--- Iter 145 (train size=155) ---
2025-06-13 03:45:59,248 - INFO - Selected O=C(C(=O)N1CCCC1C(=O)OCCCc1cccnc1)c1ccccc1 → EI = 0.2794
f1 shape: (1,)
2025-06-13 03:45:59,250 - INFO -   True f = 0.4875
2025-06-13 03:45:59,342 - INFO - Iter time: 6.77s
2025-06-13 03:45:59,342 - INFO - 
--- Iter 146 (train size=156) ---
2025-06-13 03:46:06,593 - INFO - Selected CC(C)(O)C(NC(=O)N1CCN(c2ccc(C#Cc3ccccc3)cc2)CC1)C(=O)NO → EI = 0.2794
f1 shape: (1,)
2025-06-13 03:46:06,595 - INFO -   True f = 0.6439
2025-06-13 03:46:06,688 - INFO - Iter time: 7.35s
2025-06-13 03:46:06,688 - INFO - 
--- Iter 147 (train size=157) ---
2025-06-13 03:46:13,699 - INFO - Selected CC(=O)Nc1ccc(C=NNC(=O)CCN2CCN(c3ccccc3)CC2)cc1 → EI = 0.2782
f1 shape: (1,)
2025-06-13 03:46:13,701 - INFO -   True f = 0.5123
2025-06-13 03:46:13,795 - INFO - Iter time: 7.11s
2025-06-13 03:46:13,795 - INFO - 
--- Iter 148 (train size=158) ---
2025-06-13 03:46:20,897 - INFO - Selected CCC(=O)NCCc1nc2cc(NC(=O)c3cccc([N+](=O)[O-])c3)ccc2n1C → EI = 0.2769
f1 shape: (1,)
2025-06-13 03:46:20,898 - INFO -   True f = 0.6029
2025-06-13 03:46:20,995 - INFO - Iter time: 7.20s
2025-06-13 03:46:20,995 - INFO - 
--- Iter 149 (train size=159) ---
2025-06-13 03:46:28,109 - INFO - Selected CCC(C)C(C(=O)NC1CCOC(c2nc(C(=O)NCCc3ccccc3)cs2)C1)N(C)C → EI = 0.277
f1 shape: (1,)
2025-06-13 03:46:28,111 - INFO -   True f = 0.5165
2025-06-13 03:46:28,207 - INFO - Iter time: 7.21s
2025-06-13 03:46:28,208 - INFO - 
--- Iter 150 (train size=160) ---
2025-06-13 03:46:35,588 - INFO - Selected CCC(O)(CC)c1ccccc1N1CCN(C(=O)C(Cc2ccc(Cl)cc2Cl)NC(=O)N2CCCC2=O)CC1 → EI = 0.277
f1 shape: (1,)
2025-06-13 03:46:35,590 - INFO -   True f = 0.6229
2025-06-13 03:46:35,687 - INFO - Iter time: 7.48s
2025-06-13 03:46:35,687 - INFO - 
--- Iter 151 (train size=161) ---
2025-06-13 03:46:43,464 - INFO - Selected CN1C(=O)OC2(CCN(CCC(C)(C(=O)N(C)C(Cc3ccccc3)C(=O)NCCCN)c3ccc(Cl)c(Cl)c3)CC2)c2cc(F)ccc21 → EI = 0.2771
f1 shape: (1,)
2025-06-13 03:46:43,466 - INFO -   True f = 0.375
2025-06-13 03:46:43,566 - INFO - Iter time: 7.88s
2025-06-13 03:46:43,566 - INFO - 
--- Iter 152 (train size=162) ---
2025-06-13 03:46:50,524 - INFO - Selected Nc1nc2[nH]cc(Cc3ccc(C(=O)NC(CCC(=O)O)C(=O)O)cc3)c2c(=O)[nH]1 → EI = 0.2772
f1 shape: (1,)
2025-06-13 03:46:50,526 - INFO -   True f = 0.5634
2025-06-13 03:46:50,626 - INFO - Iter time: 7.06s
2025-06-13 03:46:50,626 - INFO - 
--- Iter 153 (train size=163) ---
2025-06-13 03:46:58,217 - INFO - Selected COC(=O)C(Cc1ccc(OP(=O)(Oc2ccc(CC(NC(C)=O)C(=O)OC)cc2)C2CCCN2C(=O)C2CCCN2)cc1)NC(C)=O → EI = 0.2772
f1 shape: (1,)
2025-06-13 03:46:58,219 - INFO -   True f = 0.611
2025-06-13 03:46:58,321 - INFO - Iter time: 7.69s
2025-06-13 03:46:58,321 - INFO - 
--- Iter 154 (train size=164) ---
2025-06-13 03:47:05,659 - INFO - Selected CCCCCOC(=O)N1CCN(C(=O)C(CCC(=O)O)NC(=O)c2cc(OCC3CCN(C)CC3)nc(-c3ccccc3)n2)CC1 → EI = 0.2763
f1 shape: (1,)
2025-06-13 03:47:05,661 - INFO -   True f = 0.624
2025-06-13 03:47:05,764 - INFO - Iter time: 7.44s
2025-06-13 03:47:05,764 - INFO - 
--- Iter 155 (train size=165) ---
2025-06-13 03:47:13,424 - INFO - Selected CCCCCCNC(=O)N1CCN(c2ccc(C3CC(C(=O)O)=NO3)cc2)CC1 → EI = 0.2768
f1 shape: (1,)
2025-06-13 03:47:13,426 - INFO -   True f = 0.6088
2025-06-13 03:47:13,531 - INFO - Iter time: 7.77s
2025-06-13 03:47:13,531 - INFO - 
--- Iter 156 (train size=166) ---
2025-06-13 03:47:20,963 - INFO - Selected COc1ccc(N2CCN(S(=O)(=O)CCNC(=O)COc3cccc(OC)c3)CC2)cc1 → EI = 0.277
f1 shape: (1,)
2025-06-13 03:47:20,965 - INFO -   True f = 0.6374
2025-06-13 03:47:21,070 - INFO - Iter time: 7.54s
2025-06-13 03:47:21,070 - INFO - 
--- Iter 157 (train size=167) ---
2025-06-13 03:47:28,526 - INFO - Selected COc1cc(N2CCN(C)CC2)ccc1Nc1nc(N)n(C(=O)NCc2ccc(S(C)(=O)=O)cc2)n1 → EI = 0.2767
f1 shape: (1,)
2025-06-13 03:47:28,528 - INFO -   True f = 0.5439
2025-06-13 03:47:28,637 - INFO - Iter time: 7.57s
2025-06-13 03:47:28,637 - INFO - 
--- Iter 158 (train size=168) ---
2025-06-13 03:47:36,464 - INFO - Selected CC1CCCC(C)N1CCNC(=O)CCn1nc(-c2ccccc2)ccc1=O → EI = 0.2766
f1 shape: (1,)
2025-06-13 03:47:36,465 - INFO -   True f = 0.2627
2025-06-13 03:47:36,573 - INFO - Iter time: 7.94s
2025-06-13 03:47:36,574 - INFO - 
--- Iter 159 (train size=169) ---
2025-06-13 03:47:44,114 - INFO - Selected CCOc1ccc(CC(NC(=O)c2cccc(N)c2Cl)C(O)C(=O)N2CCC(C)(C)C2C(=O)NCc2c(C)cccc2C)cc1 → EI = 0.277
f1 shape: (1,)
2025-06-13 03:47:44,116 - INFO -   True f = 0.5948
2025-06-13 03:47:44,495 - INFO - Iter time: 7.92s
2025-06-13 03:47:44,495 - INFO - 
--- Iter 160 (train size=170) ---
2025-06-13 03:47:52,416 - INFO - Selected CCC(NC(=O)N1CC(=O)NCC(Cc2cc(Cl)ccc2OC)C1=O)c1cncc(C(=O)O)c1 → EI = 0.2764
f1 shape: (1,)
2025-06-13 03:47:52,418 - INFO -   True f = 0.6079
2025-06-13 03:47:52,529 - INFO - Iter time: 8.03s
2025-06-13 03:47:52,529 - INFO - 
--- Iter 161 (train size=171) ---
2025-06-13 03:48:00,185 - INFO - Selected COc1ccc(C(=O)C=CC(=O)N2CCN(c3ccc(N4CC(CNC(C)=O)OC4=O)cc3F)CC2)cc1 → EI = 0.2764
f1 shape: (1,)
2025-06-13 03:48:00,187 - INFO -   True f = 0.648
2025-06-13 03:48:00,298 - INFO - Iter time: 7.77s
2025-06-13 03:48:00,299 - INFO - 
--- Iter 162 (train size=172) ---
2025-06-13 03:48:08,002 - INFO - Selected CCOC(=O)c1ccc(N2C(=O)CC(N3CCN(C(=O)c4ccco4)CC3)C2=O)cc1 → EI = 0.2787
f1 shape: (1,)
2025-06-13 03:48:08,004 - INFO -   True f = 0.656
2025-06-13 03:48:08,117 - INFO - Iter time: 7.82s
2025-06-13 03:48:08,117 - INFO - 
--- Iter 163 (train size=173) ---
2025-06-13 03:48:15,892 - INFO - Selected CNC(=O)c1ccc(OC)c2c(C(=O)C(=O)N3CCN(C(=O)c4ccccc4)CC3)c[nH]c12 → EI = 0.2792
f1 shape: (1,)
2025-06-13 03:48:15,893 - INFO -   True f = 0.639
2025-06-13 03:48:16,007 - INFO - Iter time: 7.89s
2025-06-13 03:48:16,007 - INFO - 
--- Iter 164 (train size=174) ---
2025-06-13 03:48:24,107 - INFO - Selected CCOC(=O)c1cccc(NC(=O)N2CCC(C(NC3CCC(c4c[nH]c5ccccc45)CC3)C(N)=O)CC2)c1 → EI = 0.2774
f1 shape: (1,)
2025-06-13 03:48:24,108 - INFO -   True f = 0.6084
2025-06-13 03:48:24,224 - INFO - Iter time: 8.22s
2025-06-13 03:48:24,224 - INFO - 
--- Iter 165 (train size=175) ---
2025-06-13 03:48:32,373 - INFO - Selected CCC(NC(=O)C1CC(S(=O)(=O)c2ccc(F)cc2Cl)CN1C(=O)C1(c2ccc(Cl)cc2)CC1)C(=O)C(=O)NC1CC1 → EI = 0.278
f1 shape: (1,)
2025-06-13 03:48:32,375 - INFO -   True f = 0.594
2025-06-13 03:48:32,491 - INFO - Iter time: 8.27s
2025-06-13 03:48:32,491 - INFO - 
--- Iter 166 (train size=176) ---
2025-06-13 03:48:40,059 - INFO - Selected COc1ccc(NC(=O)CN2CCC(NC(=O)c3ccco3)CC2)c([N+](=O)[O-])c1 → EI = 0.2781
f1 shape: (1,)
2025-06-13 03:48:40,061 - INFO -   True f = 0.6579
2025-06-13 03:48:40,179 - INFO - Iter time: 7.69s
2025-06-13 03:48:40,179 - INFO - 
--- Iter 167 (train size=177) ---
2025-06-13 03:48:48,391 - INFO - Selected CCOC(=O)C=CC(CC1CCNC1=O)NC(=O)C(Cc1ccc(F)cc1)OC(=O)C(NC(=O)c1cc(C)on1)C(C)C → EI = 0.278
f1 shape: (1,)
2025-06-13 03:48:48,393 - INFO -   True f = 0.5495
2025-06-13 03:48:48,512 - INFO - Iter time: 8.33s
2025-06-13 03:48:48,512 - INFO - 
--- Iter 168 (train size=178) ---
2025-06-13 03:48:56,772 - INFO - Selected Cc1ccc(C)c(S(=O)(=O)N2CCN(CC(=O)NC(=O)NCc3ccco3)CC2)c1 → EI = 0.2778
f1 shape: (1,)
2025-06-13 03:48:56,774 - INFO -   True f = 0.598
2025-06-13 03:48:56,894 - INFO - Iter time: 8.38s
2025-06-13 03:48:56,895 - INFO - 
--- Iter 169 (train size=179) ---
2025-06-13 03:49:05,542 - INFO - Selected COc1ccc(CNC(=O)C(c2ccco2)N(C(=O)c2snc(C(N)=O)c2N)c2cccc(OC)c2)cc1 → EI = 0.2777
f1 shape: (1,)
2025-06-13 03:49:05,543 - INFO -   True f = 0.545
2025-06-13 03:49:05,665 - INFO - Iter time: 8.77s
2025-06-13 03:49:05,665 - INFO - 
--- Iter 170 (train size=180) ---
2025-06-13 03:49:13,785 - INFO - Selected CCNC(=O)C(CCC(=O)O)NC(=O)c1c[nH]c(-c2cc(Oc3ccc(NC(=O)Nc4cccc(C)c4)c(F)c3)ccn2)c1 → EI = 0.2775
f1 shape: (1,)
2025-06-13 03:49:13,787 - INFO -   True f = 0.4689
2025-06-13 03:49:13,910 - INFO - Iter time: 8.25s
2025-06-13 03:49:13,911 - INFO - 
--- Iter 171 (train size=181) ---
2025-06-13 03:49:21,673 - INFO - Selected CCOC(=O)CSc1nc2ccccc2c(=O)n1CC1CCC(C(=O)NCc2ccco2)CC1 → EI = 0.2776
f1 shape: (1,)
2025-06-13 03:49:21,675 - INFO -   True f = 0.6417
2025-06-13 03:49:21,799 - INFO - Iter time: 7.89s
2025-06-13 03:49:21,799 - INFO - 
--- Iter 172 (train size=182) ---
2025-06-13 03:49:30,241 - INFO - Selected CC(=O)N1c2ccc(S(=O)(=O)NCC3CCC(C(=O)NCc4ccc(C)o4)CC3)cc2CC1C → EI = 0.2789
f1 shape: (1,)
2025-06-13 03:49:30,243 - INFO -   True f = 0.6154
2025-06-13 03:49:30,368 - INFO - Iter time: 8.57s
2025-06-13 03:49:30,368 - INFO - 
--- Iter 173 (train size=183) ---
2025-06-13 03:49:38,853 - INFO - Selected CCOC(=O)CCNC(=O)C1CC(NC(=O)c2cc(CC)nn2C)CN1C(=O)c1coc2ccccc12 → EI = 0.279
f1 shape: (1,)
2025-06-13 03:49:38,855 - INFO -   True f = 0.5877
2025-06-13 03:49:39,256 - INFO - Iter time: 8.89s
2025-06-13 03:49:39,256 - INFO - 
--- Iter 174 (train size=184) ---
2025-06-13 03:49:47,820 - INFO - Selected CCOC(=O)c1ccc(NC(=O)C2CCC(CNc3c(N4CCOCC4)c(=O)c3=O)CC2)cc1 → EI = 0.279
f1 shape: (1,)
2025-06-13 03:49:47,822 - INFO -   True f = 0.6083
2025-06-13 03:49:47,950 - INFO - Iter time: 8.69s
2025-06-13 03:49:47,951 - INFO - 
--- Iter 175 (train size=185) ---
2025-06-13 03:49:56,210 - INFO - Selected COc1ccc2[nH]cc(CCNC(=O)C3CCCCNC(=O)OCCCC(C(=O)NO)C(CC(C)C)C(=O)N3)c2c1 → EI = 0.2777
f1 shape: (1,)
2025-06-13 03:49:56,211 - INFO -   True f = 0.5846
2025-06-13 03:49:56,341 - INFO - Iter time: 8.39s
2025-06-13 03:49:56,341 - INFO - 
--- Iter 176 (train size=186) ---
2025-06-13 03:50:05,341 - INFO - Selected O=C(CF)NC1C(O)CC(OCc2cccc(F)c2F)(C(=O)O)OC1C(O)C(O)CNC(=O)c1ccccc1 → EI = 0.2778
f1 shape: (1,)
2025-06-13 03:50:05,343 - INFO -   True f = 0.5714
2025-06-13 03:50:05,474 - INFO - Iter time: 9.13s
2025-06-13 03:50:05,474 - INFO - 
--- Iter 177 (train size=187) ---
2025-06-13 03:50:13,837 - INFO - Selected O=C(NCC(NS(=O)(=O)c1c(Cl)cccc1Cl)C(=O)O)C1=NOC(CCCCNc2ncc[nH]2)C1 → EI = 0.2783
f1 shape: (1,)
2025-06-13 03:50:13,839 - INFO -   True f = 0.5407
2025-06-13 03:50:13,972 - INFO - Iter time: 8.50s
2025-06-13 03:50:13,972 - INFO - 
--- Iter 178 (train size=188) ---
2025-06-13 03:50:22,418 - INFO - Selected COc1ccc(CC(=O)CC(=O)NC2CCOC2=O)cc1 → EI = 0.2777
f1 shape: (1,)
2025-06-13 03:50:22,420 - INFO -   True f = 0.4988
2025-06-13 03:50:22,554 - INFO - Iter time: 8.58s
2025-06-13 03:50:22,554 - INFO - 
--- Iter 179 (train size=189) ---
2025-06-13 03:50:31,013 - INFO - Selected CC(C)C(O)C(=O)N1CC(OCCCc2ccccc2)CC1C(=O)NC(CC(F)F)C(=O)NCCc1c(F)cc(C(=O)O)cc1F → EI = 0.278
f1 shape: (1,)
2025-06-13 03:50:31,015 - INFO -   True f = 0.5989
2025-06-13 03:50:31,152 - INFO - Iter time: 8.60s
2025-06-13 03:50:31,152 - INFO - 
--- Iter 180 (train size=190) ---
2025-06-13 03:50:39,624 - INFO - Selected CC(NC(=O)c1ccco1)C(=O)N1CCCN(CCCOc2ccc(-c3noc(C(C)NC(=O)OC(C)(C)C)n3)c(F)c2)CC1 → EI = 0.2777
f1 shape: (1,)
2025-06-13 03:50:39,626 - INFO -   True f = 0.6228
2025-06-13 03:50:39,764 - INFO - Iter time: 8.61s
2025-06-13 03:50:39,764 - INFO - 
--- Iter 181 (train size=191) ---
2025-06-13 03:50:48,627 - INFO - Selected CCN(CC)c1ccc(C(=O)NNC(=O)CNC(=O)c2ccco2)cc1 → EI = 0.2787
f1 shape: (1,)
2025-06-13 03:50:48,628 - INFO -   True f = 0.499
2025-06-13 03:50:48,767 - INFO - Iter time: 9.00s
2025-06-13 03:50:48,767 - INFO - 
--- Iter 182 (train size=192) ---
2025-06-13 03:50:57,607 - INFO - Selected C#CC1CN(C(=O)C(CC(C)C)NC(=O)c2ccc(-c3csc(N4CCN(C)CC4)n3)cc2)C2C(=O)COC12 → EI = 0.2784
f1 shape: (1,)
2025-06-13 03:50:57,609 - INFO -   True f = 0.622
2025-06-13 03:50:57,748 - INFO - Iter time: 8.98s
2025-06-13 03:50:57,748 - INFO - 
--- Iter 183 (train size=193) ---
2025-06-13 03:51:06,747 - INFO - Selected O=C(O)c1ccc(-c2noc(C3CCN(C(=O)NC4CC4c4ccccc4)CC3)n2)cc1 → EI = 0.2776
f1 shape: (1,)
2025-06-13 03:51:06,749 - INFO -   True f = 0.7
2025-06-13 03:51:06,890 - INFO - Iter time: 9.14s
2025-06-13 03:51:06,890 - INFO - 
--- Iter 184 (train size=194) ---
2025-06-13 03:51:15,866 - INFO - Selected CC(=O)Nc1ccc(CC(NC(=O)N2CCC(n3c(=O)[nH]c4ccccc43)CC2)C(=O)N2CCC(N3CCCCC3)CC2)cc1 → EI = 0.2735
f1 shape: (1,)
2025-06-13 03:51:15,868 - INFO -   True f = 0.6745
2025-06-13 03:51:16,011 - INFO - Iter time: 9.12s
2025-06-13 03:51:16,011 - INFO - 
--- Iter 185 (train size=195) ---
2025-06-13 03:51:24,764 - INFO - Selected COc1ccc(C(=O)Nc2ccccc2NC(=O)NCC2CCN(c3ccncc3)CC2)cc1 → EI = 0.2732
f1 shape: (1,)
2025-06-13 03:51:24,766 - INFO -   True f = 0.664
2025-06-13 03:51:24,910 - INFO - Iter time: 8.90s
2025-06-13 03:51:24,910 - INFO - 
--- Iter 186 (train size=196) ---
2025-06-13 03:51:34,370 - INFO - Selected COCCN1CCN(C(=O)C2CCN(c3ccc(S(=O)(=O)C4(C(=O)NO)CCOCC4)cc3)CC2)CC1 → EI = 0.2736
f1 shape: (1,)
2025-06-13 03:51:34,372 - INFO -   True f = 0.6399
2025-06-13 03:51:34,519 - INFO - Iter time: 9.61s
2025-06-13 03:51:34,519 - INFO - 
--- Iter 187 (train size=197) ---
2025-06-13 03:51:43,290 - INFO - Selected COc1ccc(CC(NC(=O)C(C)NC(=O)CN2CCOCC2)C(=O)NC(CC2CCCCC2)C(=O)C2(C)CO2)cc1 → EI = 0.2741
f1 shape: (1,)
2025-06-13 03:51:43,292 - INFO -   True f = 0.585
2025-06-13 03:51:43,439 - INFO - Iter time: 8.92s
2025-06-13 03:51:43,439 - INFO - 
--- Iter 188 (train size=198) ---
2025-06-13 03:51:52,605 - INFO - Selected CCCNS(=O)(=O)c1ccc(NC(=O)Nc2ncnc3c2ncn3C2OC(C(=O)NCC)C(O)C2O)cc1 → EI = 0.2732
f1 shape: (1,)
2025-06-13 03:51:52,607 - INFO -   True f = 0.5346
2025-06-13 03:51:52,755 - INFO - Iter time: 9.32s
2025-06-13 03:51:52,756 - INFO - 
--- Iter 189 (train size=199) ---
2025-06-13 03:52:01,595 - INFO - Selected CCC(Cc1cc(CNC(=O)c2ccc(C34CC5CC(CC(C5)C3)C4)cc2)c(OC)cc1F)C(=O)O → EI = 0.2733
f1 shape: (1,)
2025-06-13 03:52:01,597 - INFO -   True f = 0.2574
2025-06-13 03:52:01,747 - INFO - Iter time: 8.99s
2025-06-13 03:52:01,747 - INFO - 
--- Iter 190 (train size=200) ---
2025-06-13 03:52:10,984 - INFO - Selected Cn1ccnc1SC1=C(C(=O)O)N2C(=O)C(NC(=O)C(N)c3ccccc3)C2CC1 → EI = 0.2723
f1 shape: (1,)
2025-06-13 03:52:10,986 - INFO -   True f = 0.5649
2025-06-13 03:52:11,138 - INFO - Iter time: 9.39s
2025-06-13 03:52:11,138 - INFO - 
--- Iter 191 (train size=201) ---
2025-06-13 03:52:20,802 - INFO - Selected CNC(=O)N1CC(NC(=O)c2ccc(-n3ccccc3=O)cc2)C(NC(=O)c2ccc(Cl)s2)C1 → EI = 0.2716
f1 shape: (1,)
2025-06-13 03:52:20,804 - INFO -   True f = 0.5976
2025-06-13 03:52:20,958 - INFO - Iter time: 9.82s
2025-06-13 03:52:20,958 - INFO - 
--- Iter 192 (train size=202) ---
2025-06-13 03:52:29,985 - INFO - Selected CC(=O)N1CCN(C(=O)c2cc(CSc3cnc(NC(=O)c4ccc(N(C)C)cc4)s3)ccc2[N+](=O)[O-])CC1 → EI = 0.2724
f1 shape: (1,)
2025-06-13 03:52:29,987 - INFO -   True f = 0.6121
2025-06-13 03:52:30,149 - INFO - Iter time: 9.19s
2025-06-13 03:52:30,149 - INFO - 
--- Iter 193 (train size=203) ---
2025-06-13 03:52:39,212 - INFO - Selected COc1cccc(CNC(=O)C2CCCN2C(=O)C2CCCN2C(=O)c2ccc(Cl)cc2)c1 → EI = 0.2721
f1 shape: (1,)
2025-06-13 03:52:39,213 - INFO -   True f = 0.5557
2025-06-13 03:52:39,370 - INFO - Iter time: 9.22s
2025-06-13 03:52:39,370 - INFO - 
--- Iter 194 (train size=204) ---
2025-06-13 03:52:48,803 - INFO - Selected CCCCC(NC(=O)CCCCCNC(=O)C1CCC2c3[nH]c4ccccc4c3CCN2C1)C(=O)NC(Cc1c[nH]c2ccccc12)C(=O)N1CC(N)CC1C(N)=O → EI = 0.2713
f1 shape: (1,)
2025-06-13 03:52:48,805 - INFO -   True f = 0.6092
2025-06-13 03:52:48,963 - INFO - Iter time: 9.59s
2025-06-13 03:52:48,963 - INFO - 
--- Iter 195 (train size=205) ---
2025-06-13 03:52:58,472 - INFO - Selected O=C(CCC(=O)OCCCOc1no[n+]([O-])c1S(=O)(=O)c1ccccc1)Nc1ccn(C2OC(CO)C(O)C2(F)F)c(=O)n1 → EI = 0.2713
f1 shape: (1,)
2025-06-13 03:52:58,474 - INFO -   True f = 0.5896
2025-06-13 03:52:58,633 - INFO - Iter time: 9.67s
2025-06-13 03:52:58,633 - INFO - 
--- Iter 196 (train size=206) ---
2025-06-13 03:53:07,816 - INFO - Selected Cc1cc(C#N)ccc1C1CCN(S(=O)(=O)CC2(C(=O)NO)CCN(C(=O)OC3CCOC3)CC2)CC1 → EI = 0.2712
f1 shape: (1,)
2025-06-13 03:53:07,818 - INFO -   True f = 0.5954
2025-06-13 03:53:07,979 - INFO - Iter time: 9.35s
2025-06-13 03:53:07,979 - INFO - 
--- Iter 197 (train size=207) ---
2025-06-13 03:53:16,787 - INFO - Selected C=C(C)C(=O)N1CCC(CN(C2Cc3cc(C#N)ccc3N(Cc3cncn3C)C2)S(=O)(=O)c2ccccn2)CC1 → EI = 0.2726
f1 shape: (1,)
2025-06-13 03:53:16,789 - INFO -   True f = 0.6512
2025-06-13 03:53:16,952 - INFO - Iter time: 8.97s
2025-06-13 03:53:16,952 - INFO - 
--- Iter 198 (train size=208) ---
2025-06-13 03:53:26,998 - INFO - Selected N#Cc1cccn1CCC(NS(=O)(=O)c1cccc2[nH]ccc12)C(=O)N1CCC(C(F)(F)F)CC1 → EI = 0.2728
f1 shape: (1,)
2025-06-13 03:53:26,999 - INFO -   True f = 0.6404
2025-06-13 03:53:27,163 - INFO - Iter time: 10.21s
2025-06-13 03:53:27,164 - INFO - 
--- Iter 199 (train size=209) ---
2025-06-13 03:53:36,454 - INFO - Selected CCOC(=O)N1CCC(NC(=O)c2ccc(C[S+]([O-])c3cccc(Cl)c3)o2)CC1 → EI = 0.2727
f1 shape: (1,)
2025-06-13 03:53:36,455 - INFO -   True f = 0.6274
2025-06-13 03:53:36,623 - INFO - Iter time: 9.46s
