['Cc1cccc2nc(-c3cccc(-c4cccc(CNCCCN5CCCC5=O)c4)c3)[nH]c12',
 'Cc1cc(NCc2ccco2)nc2cc(O)ccc12',
 'CC(C)C(C(=O)O)N1C(=O)C(=Cc2cccn2C)SC1=S',
 'COc1ccccc1Oc1c(NS(=O)(=O)NCc2ccccc2)ncnc1OCCOc1ncc(Br)cn1',
 'OCc1ccc(-c2cncc(-c3ccc(CO)cc3)c2)cc1',
 'CCOC(=O)CC1C(CO)OC(n2cnc3c(N)ncnc32)C1O[Si](C)(C)C(C)(C)C',
 'CCc1ccc(S(=O)(=O)Nc2ccc(-c3ccc(N4CCCCCC4)nn3)cc2)cc1',
 'NCCCCCCNc1nc(C=Cc2ccc(Cl)cc2)nc2ccc(Cl)cc12',
 'N=C(NCCCCc1ccc(Cl)cc1)SCCCN1CCCCC1',
 'S=c1sc2ccccc2n1CCc1ccncc1']
f1 shape: (10,)
2025-06-13 02:46:55,599 - INFO - Initial Y: [0.006968055783856965, 0.3713906763541037, 0.1360418654700178, 0.1511219012789953, 0.3320184038158742, 0.3978358723078702, 0.12384667442776208, 0.39151586370522296, 0.12401213432042038, 0.3746343246326776]
2025-06-13 02:46:58,199 - INFO - 
--- Iter 0 (train size=10) ---
2025-06-13 02:46:59,077 - INFO - Selected CCOC(=O)CNc1nc(-c2ccncc2)nc2ccccc12 → EI = 0.2887
f1 shape: (1,)
2025-06-13 02:46:59,079 - INFO -   True f = 0.4694
2025-06-13 02:46:59,084 - INFO - Iter time: 0.89s
2025-06-13 02:46:59,084 - INFO - 
--- Iter 1 (train size=11) ---
2025-06-13 02:46:59,923 - INFO - Selected Oc1cncc2nc(-c3ccncc3)ccc12 → EI = 0.2673
f1 shape: (1,)
2025-06-13 02:46:59,924 - INFO -   True f = 0.3079
2025-06-13 02:46:59,930 - INFO - Iter time: 0.85s
2025-06-13 02:46:59,930 - INFO - 
--- Iter 2 (train size=12) ---
2025-06-13 02:47:00,791 - INFO - Selected CCOC(=O)c1cnc2c(ccc3ccccc32)c1Cl → EI = 0.2675
f1 shape: (1,)
2025-06-13 02:47:00,792 - INFO -   True f = 0.5371
2025-06-13 02:47:00,799 - INFO - Iter time: 0.87s
2025-06-13 02:47:00,799 - INFO - 
--- Iter 3 (train size=13) ---
2025-06-13 02:47:01,685 - INFO - Selected CCOC(=O)c1ccc(-c2nn(CC)c3ccccc23)cc1 → EI = 0.2559
f1 shape: (1,)
2025-06-13 02:47:01,686 - INFO -   True f = 0.5111
2025-06-13 02:47:01,692 - INFO - Iter time: 0.89s
2025-06-13 02:47:01,692 - INFO - 
--- Iter 4 (train size=14) ---
2025-06-13 02:47:02,656 - INFO - Selected CCCCCc1nc2ccccc2c(O)c1C(=O)OCC → EI = 0.2603
f1 shape: (1,)
2025-06-13 02:47:02,657 - INFO -   True f = 0.1999
2025-06-13 02:47:02,664 - INFO - Iter time: 0.97s
2025-06-13 02:47:02,664 - INFO - 
--- Iter 5 (train size=15) ---
2025-06-13 02:47:03,626 - INFO - Selected NC(=O)c1nn(Cc2ccc(Cl)cc2)c2ccccc12 → EI = 0.2587
f1 shape: (1,)
2025-06-13 02:47:03,627 - INFO -   True f = 0.4432
2025-06-13 02:47:03,633 - INFO - Iter time: 0.97s
2025-06-13 02:47:03,633 - INFO - 
--- Iter 6 (train size=16) ---
2025-06-13 02:47:04,679 - INFO - Selected CCOC(=O)c1ccc(-c2cn3nc(-c4ccco4)nc3c(N)n2)cc1 → EI = 0.2587
f1 shape: (1,)
2025-06-13 02:47:04,681 - INFO -   True f = 0.1671
2025-06-13 02:47:04,687 - INFO - Iter time: 1.05s
2025-06-13 02:47:04,687 - INFO - 
--- Iter 7 (train size=17) ---
2025-06-13 02:47:05,745 - INFO - Selected CCn1c2ccccc2c2cc(NC(=O)CNC)ccc21 → EI = 0.2572
f1 shape: (1,)
2025-06-13 02:47:05,746 - INFO -   True f = 0.4492
2025-06-13 02:47:05,752 - INFO - Iter time: 1.06s
2025-06-13 02:47:05,752 - INFO - 
--- Iter 8 (train size=18) ---
2025-06-13 02:47:06,838 - INFO - Selected CCOC(=O)c1cc2n(c1C)-c1ccccc1-c1ccccc1-2 → EI = 0.2593
f1 shape: (1,)
2025-06-13 02:47:06,839 - INFO -   True f = 0.1896
2025-06-13 02:47:06,846 - INFO - Iter time: 1.09s
2025-06-13 02:47:06,846 - INFO - 
--- Iter 9 (train size=19) ---
2025-06-13 02:47:08,017 - INFO - Selected O=C(Cc1noc2ccccc12)Nc1ccc(Cl)cc1 → EI = 0.2581
f1 shape: (1,)
2025-06-13 02:47:08,018 - INFO -   True f = 0.4292
2025-06-13 02:47:08,025 - INFO - Iter time: 1.18s
2025-06-13 02:47:08,025 - INFO - 
--- Iter 10 (train size=20) ---
2025-06-13 02:47:09,155 - INFO - Selected C=CCOc1ccc2ccccc2c1CNc1nc[nH]n1 → EI = 0.2579
f1 shape: (1,)
2025-06-13 02:47:09,156 - INFO -   True f = 0.3979
2025-06-13 02:47:09,163 - INFO - Iter time: 1.14s
2025-06-13 02:47:09,163 - INFO - 
--- Iter 11 (train size=21) ---
2025-06-13 02:47:10,401 - INFO - Selected CCOc1ccc2ccccc2c1C(=O)NCB(O)O → EI = 0.2598
f1 shape: (1,)
2025-06-13 02:47:10,402 - INFO -   True f = 0.1682
2025-06-13 02:47:10,409 - INFO - Iter time: 1.25s
2025-06-13 02:47:10,409 - INFO - 
--- Iter 12 (train size=22) ---
2025-06-13 02:47:11,611 - INFO - Selected CNCc1ccc(-c2nn(C)c3ccccc23)o1 → EI = 0.2563
f1 shape: (1,)
2025-06-13 02:47:11,612 - INFO -   True f = 0.4027
2025-06-13 02:47:11,619 - INFO - Iter time: 1.21s
2025-06-13 02:47:11,619 - INFO - 
--- Iter 13 (train size=23) ---
2025-06-13 02:47:12,872 - INFO - Selected CN(C)CCNc1cc(-c2ccc(Cl)cc2)nc2ccccc12 → EI = 0.2563
f1 shape: (1,)
2025-06-13 02:47:12,873 - INFO -   True f = 0.4264
2025-06-13 02:47:12,880 - INFO - Iter time: 1.26s
2025-06-13 02:47:12,880 - INFO - 
--- Iter 14 (train size=24) ---
2025-06-13 02:47:14,099 - INFO - Selected CCCC(=O)Nc1n[nH]c2cc(-c3ccc(Cl)cc3)ccc12 → EI = 0.2572
f1 shape: (1,)
2025-06-13 02:47:14,100 - INFO -   True f = 0.4318
2025-06-13 02:47:14,107 - INFO - Iter time: 1.23s
2025-06-13 02:47:14,107 - INFO - 
--- Iter 15 (train size=25) ---
2025-06-13 02:47:15,351 - INFO - Selected Cn1ncc2c(NCc3ccc(Cl)cc3)ncnc21 → EI = 0.2581
f1 shape: (1,)
2025-06-13 02:47:15,352 - INFO -   True f = 0.3581
2025-06-13 02:47:15,359 - INFO - Iter time: 1.25s
2025-06-13 02:47:15,359 - INFO - 
--- Iter 16 (train size=26) ---
2025-06-13 02:47:16,785 - INFO - Selected Oc1c(Cl)c2nccnc2c2ccccc12 → EI = 0.257
f1 shape: (1,)
2025-06-13 02:47:16,786 - INFO -   True f = 0.414
2025-06-13 02:47:16,794 - INFO - Iter time: 1.43s
2025-06-13 02:47:16,794 - INFO - 
--- Iter 17 (train size=27) ---
2025-06-13 02:47:18,118 - INFO - Selected O=C(Nc1ccc(Cl)cn1)c1ccc2nccnc2c1 → EI = 0.2579
f1 shape: (1,)
2025-06-13 02:47:18,119 - INFO -   True f = 0.3667
2025-06-13 02:47:18,127 - INFO - Iter time: 1.33s
2025-06-13 02:47:18,127 - INFO - 
--- Iter 18 (train size=28) ---
2025-06-13 02:47:19,556 - INFO - Selected C=CCn1c(SCC(=O)Nc2cccnc2Cl)nnc1-c1ccc(Cl)cc1 → EI = 0.2583
f1 shape: (1,)
2025-06-13 02:47:19,557 - INFO -   True f = 0.3863
2025-06-13 02:47:19,565 - INFO - Iter time: 1.44s
2025-06-13 02:47:19,565 - INFO - 
--- Iter 19 (train size=29) ---
2025-06-13 02:47:21,046 - INFO - Selected Fc1ccccc1C=Cc1ccc(Cl)cc1 → EI = 0.2589
f1 shape: (1,)
2025-06-13 02:47:21,047 - INFO -   True f = 0.1423
2025-06-13 02:47:21,055 - INFO - Iter time: 1.49s
2025-06-13 02:47:21,055 - INFO - 
--- Iter 20 (train size=30) ---
2025-06-13 02:47:22,487 - INFO - Selected COc1cc(C(N)=O)c2ncnc(NC(CN(C)C)c3ccc(Cl)cc3)c2c1 → EI = 0.2576
f1 shape: (1,)
2025-06-13 02:47:22,488 - INFO -   True f = 0.428
2025-06-13 02:47:22,496 - INFO - Iter time: 1.44s
2025-06-13 02:47:22,496 - INFO - 
--- Iter 21 (train size=31) ---
2025-06-13 02:47:24,038 - INFO - Selected COc1ccc(-c2cc3ncccc3c(NCCCN)n2)cc1 → EI = 0.2596
f1 shape: (1,)
2025-06-13 02:47:24,039 - INFO -   True f = 0.4247
2025-06-13 02:47:24,047 - INFO - Iter time: 1.55s
2025-06-13 02:47:24,048 - INFO - 
--- Iter 22 (train size=32) ---
2025-06-13 02:47:25,681 - INFO - Selected CN(C)CCCNC(=O)c1cccc2c1ncc1ccccc12 → EI = 0.2604
f1 shape: (1,)
2025-06-13 02:47:25,682 - INFO -   True f = 0.4378
2025-06-13 02:47:25,690 - INFO - Iter time: 1.64s
2025-06-13 02:47:25,690 - INFO - 
--- Iter 23 (train size=33) ---
2025-06-13 02:47:27,325 - INFO - Selected CN(CCCNc1ccnc2cc(Cl)ccc12)C(=O)c1ccc(Br)cc1 → EI = 0.2623
f1 shape: (1,)
2025-06-13 02:47:27,326 - INFO -   True f = 0.4019
2025-06-13 02:47:27,335 - INFO - Iter time: 1.65s
2025-06-13 02:47:27,335 - INFO - 
--- Iter 24 (train size=34) ---
2025-06-13 02:47:28,951 - INFO - Selected CCCNc1ncc(-c2ccncc2-c2cccc(Cl)c2)s1 → EI = 0.2618
f1 shape: (1,)
2025-06-13 02:47:28,952 - INFO -   True f = 0.3946
2025-06-13 02:47:28,961 - INFO - Iter time: 1.63s
2025-06-13 02:47:28,961 - INFO - 
--- Iter 25 (train size=35) ---
2025-06-13 02:47:30,789 - INFO - Selected Cc1c(Cl)cccc1NC(=O)CCNc1ccc(C#N)cn1 → EI = 0.2628
f1 shape: (1,)
2025-06-13 02:47:30,790 - INFO -   True f = 0.1638
2025-06-13 02:47:30,800 - INFO - Iter time: 1.84s
2025-06-13 02:47:30,800 - INFO - 
--- Iter 26 (train size=36) ---
2025-06-13 02:47:32,468 - INFO - Selected COc1ncccc1C(C)c1c(CCN(C)C)sc2ccccc12 → EI = 0.2623
f1 shape: (1,)
2025-06-13 02:47:32,469 - INFO -   True f = 0.4342
2025-06-13 02:47:32,478 - INFO - Iter time: 1.68s
2025-06-13 02:47:32,479 - INFO - 
--- Iter 27 (train size=37) ---
2025-06-13 02:47:34,364 - INFO - Selected CN(C)CCCn1c2cc(=O)c3ccccc3c-2nc2cc(Cl)ccc21 → EI = 0.263
f1 shape: (1,)
2025-06-13 02:47:34,366 - INFO -   True f = 0.1599
2025-06-13 02:47:34,375 - INFO - Iter time: 1.90s
2025-06-13 02:47:34,375 - INFO - 
--- Iter 28 (train size=38) ---
2025-06-13 02:47:36,198 - INFO - Selected CC(C)Cc1cc(NC(=NC(C)(C)C)Nc2nccs2)c2ccccc2n1 → EI = 0.2616
f1 shape: (1,)
2025-06-13 02:47:36,200 - INFO -   True f = 0.3878
2025-06-13 02:47:36,210 - INFO - Iter time: 1.83s
2025-06-13 02:47:36,210 - INFO - 
--- Iter 29 (train size=39) ---
2025-06-13 02:47:38,084 - INFO - Selected CCC(=O)NC(c1cccs1)c1ccc2cccnc2c1O → EI = 0.2619
f1 shape: (1,)
2025-06-13 02:47:38,085 - INFO -   True f = 0.3963
2025-06-13 02:47:38,095 - INFO - Iter time: 1.89s
2025-06-13 02:47:38,095 - INFO - 
--- Iter 30 (train size=40) ---
2025-06-13 02:47:40,098 - INFO - Selected O=C(Nc1ncc(Cc2cccc3ccccc23)s1)C(F)(F)F → EI = 0.262
f1 shape: (1,)
2025-06-13 02:47:40,099 - INFO -   True f = 0.393
2025-06-13 02:47:40,109 - INFO - Iter time: 2.01s
2025-06-13 02:47:40,109 - INFO - 
--- Iter 31 (train size=41) ---
2025-06-13 02:47:42,124 - INFO - Selected Nc1ccc(NC(=O)Nc2ccnc3ccccc23)cc1 → EI = 0.2624
f1 shape: (1,)
2025-06-13 02:47:42,125 - INFO -   True f = 0.3996
2025-06-13 02:47:42,136 - INFO - Iter time: 2.03s
2025-06-13 02:47:42,136 - INFO - 
--- Iter 32 (train size=42) ---
2025-06-13 02:47:44,098 - INFO - Selected O=C(COc1nncc2ccccc12)Nc1ccc(F)c(F)c1 → EI = 0.2628
f1 shape: (1,)
2025-06-13 02:47:44,099 - INFO -   True f = 0.4149
2025-06-13 02:47:44,110 - INFO - Iter time: 1.97s
2025-06-13 02:47:44,110 - INFO - 
--- Iter 33 (train size=43) ---
2025-06-13 02:47:46,205 - INFO - Selected COc1ncnc2sc(-c3ccccc3)cc12 → EI = 0.2622
f1 shape: (1,)
2025-06-13 02:47:46,206 - INFO -   True f = 0.4064
2025-06-13 02:47:46,217 - INFO - Iter time: 2.11s
2025-06-13 02:47:46,217 - INFO - 
--- Iter 34 (train size=44) ---
2025-06-13 02:47:48,268 - INFO - Selected COc1ccccc1Nc1ncnc2cc(N)ncc12 → EI = 0.2636
f1 shape: (1,)
2025-06-13 02:47:48,269 - INFO -   True f = 0.417
2025-06-13 02:47:48,283 - INFO - Iter time: 2.07s
2025-06-13 02:47:48,283 - INFO - 
--- Iter 35 (train size=45) ---
2025-06-13 02:47:50,483 - INFO - Selected COc1cccc(NC(=O)CSc2ccccn2)c1 → EI = 0.2643
f1 shape: (1,)
2025-06-13 02:47:50,484 - INFO -   True f = 0.1508
2025-06-13 02:47:50,496 - INFO - Iter time: 2.21s
2025-06-13 02:47:50,496 - INFO - 
--- Iter 36 (train size=46) ---
2025-06-13 02:47:52,719 - INFO - Selected CCCn1cnc2c(N)nc3ccccc3c21 → EI = 0.262
f1 shape: (1,)
2025-06-13 02:47:52,720 - INFO -   True f = 0.4344
2025-06-13 02:47:52,732 - INFO - Iter time: 2.24s
2025-06-13 02:47:52,732 - INFO - 
--- Iter 37 (train size=47) ---
2025-06-13 02:47:54,874 - INFO - Selected Cc1ccc(CNc2nc(N)nc3ccccc23)cc1 → EI = 0.2637
f1 shape: (1,)
2025-06-13 02:47:54,875 - INFO -   True f = 0.417
2025-06-13 02:47:54,888 - INFO - Iter time: 2.16s
2025-06-13 02:47:54,888 - INFO - 
--- Iter 38 (train size=48) ---
2025-06-13 02:47:57,184 - INFO - Selected Cn1c(S)nnc1-c1sc2ccccc2c1Cl → EI = 0.262
f1 shape: (1,)
2025-06-13 02:47:57,185 - INFO -   True f = 0.4234
2025-06-13 02:47:57,197 - INFO - Iter time: 2.31s
2025-06-13 02:47:57,197 - INFO - 
--- Iter 39 (train size=49) ---
2025-06-13 02:47:59,310 - INFO - Selected CNc1nccc2c1nnn2Cc1ccccc1F → EI = 0.262
f1 shape: (1,)
2025-06-13 02:47:59,311 - INFO -   True f = 0.3845
2025-06-13 02:47:59,324 - INFO - Iter time: 2.13s
2025-06-13 02:47:59,324 - INFO - 
--- Iter 40 (train size=50) ---
2025-06-13 02:48:01,467 - INFO - Selected OCC1OC(n2cnc3c(NCC4=CCc5ccccc54)ncnc32)C(O)C1O → EI = 0.2629
f1 shape: (1,)
2025-06-13 02:48:01,468 - INFO -   True f = 0.0067
2025-06-13 02:48:01,480 - INFO - Iter time: 2.16s
2025-06-13 02:48:01,480 - INFO - 
--- Iter 41 (train size=51) ---
2025-06-13 02:48:03,718 - INFO - Selected Cc1cc(NC(=O)CCn2nc(C)c3ccccc32)n(C(C)C)n1 → EI = 0.2614
f1 shape: (1,)
2025-06-13 02:48:03,719 - INFO -   True f = 0.4472
2025-06-13 02:48:03,732 - INFO - Iter time: 2.25s
2025-06-13 02:48:03,732 - INFO - 
--- Iter 42 (train size=52) ---
2025-06-13 02:48:06,136 - INFO - Selected CN(CCc1cccc2ccccc12)Cc1nc(N)nc(N(C)C)n1 → EI = 0.2615
f1 shape: (1,)
2025-06-13 02:48:06,137 - INFO -   True f = 0.429
2025-06-13 02:48:06,150 - INFO - Iter time: 2.42s
2025-06-13 02:48:06,150 - INFO - 
--- Iter 43 (train size=53) ---
2025-06-13 02:48:08,582 - INFO - Selected CCCC(=O)c1cnc2c(OC)cccc2c1Nc1ccc(N(C)C)cc1C → EI = 0.2625
f1 shape: (1,)
2025-06-13 02:48:08,583 - INFO -   True f = 0.4385
2025-06-13 02:48:08,597 - INFO - Iter time: 2.45s
2025-06-13 02:48:08,597 - INFO - 
--- Iter 44 (train size=54) ---
2025-06-13 02:48:11,119 - INFO - Selected COCc1nc(N(C)C)ncc1C(=O)Nc1ccc(Cl)cc1 → EI = 0.2646
f1 shape: (1,)
2025-06-13 02:48:11,120 - INFO -   True f = 0.1645
2025-06-13 02:48:11,134 - INFO - Iter time: 2.54s
2025-06-13 02:48:11,134 - INFO - 
--- Iter 45 (train size=55) ---
2025-06-13 02:48:13,552 - INFO - Selected CCN(CC)CCCC(C)Nc1c(-c2ccc(OC)cc2)cnc2ccccc12 → EI = 0.2644
f1 shape: (1,)
2025-06-13 02:48:13,553 - INFO -   True f = 0.4405
2025-06-13 02:48:13,568 - INFO - Iter time: 2.43s
2025-06-13 02:48:13,568 - INFO - 
--- Iter 46 (train size=56) ---
2025-06-13 02:48:16,048 - INFO - Selected Nc1ccc2ccc3ccccc3c2c1 → EI = 0.264
f1 shape: (1,)
2025-06-13 02:48:16,049 - INFO -   True f = 0.3904
2025-06-13 02:48:16,064 - INFO - Iter time: 2.50s
2025-06-13 02:48:16,064 - INFO - 
--- Iter 47 (train size=57) ---
2025-06-13 02:48:18,672 - INFO - Selected Nc1ccc(-c2nnc(O)c3ccccc23)cc1N → EI = 0.2637
f1 shape: (1,)
2025-06-13 02:48:18,673 - INFO -   True f = 0.3862
2025-06-13 02:48:18,688 - INFO - Iter time: 2.62s
2025-06-13 02:48:18,688 - INFO - 
--- Iter 48 (train size=58) ---
2025-06-13 02:48:21,352 - INFO - Selected Cc1cc(C(C)(C)C)ccc1C(C)NC(=O)Nc1cccc2cnccc12 → EI = 0.2634
f1 shape: (1,)
2025-06-13 02:48:21,353 - INFO -   True f = 0.3892
2025-06-13 02:48:21,368 - INFO - Iter time: 2.68s
2025-06-13 02:48:21,368 - INFO - 
--- Iter 49 (train size=59) ---
2025-06-13 02:48:24,068 - INFO - Selected CC(C)n1c(=O)c2ccccc2n1Cc1cn(Cc2cccnc2)nn1 → EI = 0.2642
f1 shape: (1,)
2025-06-13 02:48:24,070 - INFO -   True f = 0.1432
2025-06-13 02:48:24,086 - INFO - Iter time: 2.72s
2025-06-13 02:48:24,086 - INFO - 
--- Iter 50 (train size=60) ---
2025-06-13 02:48:26,683 - INFO - Selected CC(=O)N(C(C)=O)c1ccc(-c2nc3ccccc3s2)cc1C → EI = 0.263
f1 shape: (1,)
2025-06-13 02:48:26,684 - INFO -   True f = 0.4755
2025-06-13 02:48:26,701 - INFO - Iter time: 2.61s
2025-06-13 02:48:26,701 - INFO - 
--- Iter 51 (train size=61) ---
2025-06-13 02:48:29,525 - INFO - Selected CCCN(CCC)CCNC(=O)c1cc(-c2ccc(Br)s2)nc2ccccc12 → EI = 0.2651
f1 shape: (1,)
2025-06-13 02:48:29,526 - INFO -   True f = 0.4455
2025-06-13 02:48:29,542 - INFO - Iter time: 2.84s
2025-06-13 02:48:29,542 - INFO - 
--- Iter 52 (train size=62) ---
2025-06-13 02:48:32,285 - INFO - Selected CCCn1nc2cc(C(=O)N(CC)c3ccc(OC)cc3)ccc2c1OCC → EI = 0.2646
f1 shape: (1,)
2025-06-13 02:48:32,286 - INFO -   True f = 0.4575
2025-06-13 02:48:32,303 - INFO - Iter time: 2.76s
2025-06-13 02:48:32,303 - INFO - 
--- Iter 53 (train size=63) ---
2025-06-13 02:48:35,279 - INFO - Selected CON(C)C(=O)c1cc2c(Sc3ccc(C)cc3)cncc2s1 → EI = 0.2659
f1 shape: (1,)
2025-06-13 02:48:35,281 - INFO -   True f = 0.4166
2025-06-13 02:48:35,298 - INFO - Iter time: 3.00s
2025-06-13 02:48:35,298 - INFO - 
--- Iter 54 (train size=64) ---
2025-06-13 02:48:38,034 - INFO - Selected CNC(=O)c1cc2c(Oc3ccc(CO)cc3)cncc2s1 → EI = 0.2668
f1 shape: (1,)
2025-06-13 02:48:38,035 - INFO -   True f = 0.3841
2025-06-13 02:48:38,052 - INFO - Iter time: 2.75s
2025-06-13 02:48:38,052 - INFO - 
--- Iter 55 (train size=65) ---
2025-06-13 02:48:40,987 - INFO - Selected Cc1cc(C)n(-c2ccc(C(=O)Nc3nc4ccccc4s3)cc2)n1 → EI = 0.2665
f1 shape: (1,)
2025-06-13 02:48:40,988 - INFO -   True f = 0.1531
2025-06-13 02:48:41,006 - INFO - Iter time: 2.95s
2025-06-13 02:48:41,006 - INFO - 
--- Iter 56 (train size=66) ---
2025-06-13 02:48:43,770 - INFO - Selected CCCN(CCC)Cc1cc(=O)oc2ccc3ccccc3c12 → EI = 0.2666
f1 shape: (1,)
2025-06-13 02:48:43,771 - INFO -   True f = 0.4491
2025-06-13 02:48:43,789 - INFO - Iter time: 2.78s
2025-06-13 02:48:43,789 - INFO - 
--- Iter 57 (train size=67) ---
2025-06-13 02:48:46,550 - INFO - Selected O=[N+]([O-])c1ccc2c(c1)oc1ccccc12 → EI = 0.2673
f1 shape: (1,)
2025-06-13 02:48:46,551 - INFO -   True f = 0.3867
2025-06-13 02:48:46,570 - INFO - Iter time: 2.78s
2025-06-13 02:48:46,570 - INFO - 
--- Iter 58 (train size=68) ---
2025-06-13 02:48:49,504 - INFO - Selected CCN(CC)CCCN=c1cc(O)c2ccc3ccccc3c2o1 → EI = 0.2669
f1 shape: (1,)
2025-06-13 02:48:49,505 - INFO -   True f = 0.4324
2025-06-13 02:48:49,524 - INFO - Iter time: 2.95s
2025-06-13 02:48:49,524 - INFO - 
--- Iter 59 (train size=69) ---
2025-06-13 02:48:52,574 - INFO - Selected CCn1c(=O)c2cc(C(=O)N(C)CC(OC)OC)sc2c2ccccc21 → EI = 0.2672
f1 shape: (1,)
2025-06-13 02:48:52,575 - INFO -   True f = 0.4916
2025-06-13 02:48:52,595 - INFO - Iter time: 3.07s
2025-06-13 02:48:52,596 - INFO - 
--- Iter 60 (train size=70) ---
2025-06-13 02:48:55,530 - INFO - Selected CCN(CCCl)CCCCNc1c2ccccc2nc2ccc(OC)cc12 → EI = 0.2677
f1 shape: (1,)
2025-06-13 02:48:55,531 - INFO -   True f = 0.4489
2025-06-13 02:48:55,550 - INFO - Iter time: 2.95s
2025-06-13 02:48:55,551 - INFO - 
--- Iter 61 (train size=71) ---
2025-06-13 02:48:58,855 - INFO - Selected CCCN(CCC)C(=O)C(=O)c1c(-c2ccc(Cl)cc2)[nH]c2ccccc12 → EI = 0.2675
f1 shape: (1,)
2025-06-13 02:48:58,856 - INFO -   True f = 0.5143
2025-06-13 02:48:58,877 - INFO - Iter time: 3.33s
2025-06-13 02:48:58,877 - INFO - 
--- Iter 62 (train size=72) ---
2025-06-13 02:49:01,886 - INFO - Selected CCCN(CCC)C(=O)Cc1c(-c2cccs2)[nH]c2ccc(Cl)cc12 → EI = 0.2686
f1 shape: (1,)
2025-06-13 02:49:01,887 - INFO -   True f = 0.4616
2025-06-13 02:49:01,907 - INFO - Iter time: 3.03s
2025-06-13 02:49:01,907 - INFO - 
--- Iter 63 (train size=73) ---
2025-06-13 02:49:04,953 - INFO - Selected CCCN(CCC)c1c(C)nc(-c2ccc(OC)cc2CC)c2ccccc12 → EI = 0.2703
f1 shape: (1,)
2025-06-13 02:49:04,954 - INFO -   True f = 0.4575
2025-06-13 02:49:04,975 - INFO - Iter time: 3.07s
2025-06-13 02:49:04,975 - INFO - 
--- Iter 64 (train size=74) ---
2025-06-13 02:49:08,212 - INFO - Selected CCCCN(CCCC)CC(O)c1cc2ccccc2c2cc(F)ccc12 → EI = 0.2702
f1 shape: (1,)
2025-06-13 02:49:08,213 - INFO -   True f = 0.419
2025-06-13 02:49:08,234 - INFO - Iter time: 3.26s
2025-06-13 02:49:08,235 - INFO - 
--- Iter 65 (train size=75) ---
2025-06-13 02:49:11,677 - INFO - Selected Nc1cc2cn[nH]c2c2c1[nH]c1ccccc12 → EI = 0.2694
f1 shape: (1,)
2025-06-13 02:49:11,678 - INFO -   True f = 0.1495
2025-06-13 02:49:11,701 - INFO - Iter time: 3.47s
2025-06-13 02:49:11,701 - INFO - 
--- Iter 66 (train size=76) ---
2025-06-13 02:49:14,835 - INFO - Selected CCN(CC)C(=O)Cn1cc(S(=O)(=O)CC(=O)Nc2ccc(F)cc2F)c2ccccc21 → EI = 0.2692
f1 shape: (1,)
2025-06-13 02:49:14,836 - INFO -   True f = 0.4618
2025-06-13 02:49:14,858 - INFO - Iter time: 3.16s
2025-06-13 02:49:14,858 - INFO - 
--- Iter 67 (train size=77) ---
2025-06-13 02:49:17,999 - INFO - Selected CCN(CC)C(=O)c1cc(-c2ccccc2I)c2ccccc2n1 → EI = 0.2689
f1 shape: (1,)
2025-06-13 02:49:18,000 - INFO -   True f = 0.4454
2025-06-13 02:49:18,022 - INFO - Iter time: 3.16s
2025-06-13 02:49:18,022 - INFO - 
--- Iter 68 (train size=78) ---
2025-06-13 02:49:21,419 - INFO - Selected CCN(C(=O)COc1cc(=O)n(C)c2ccccc12)c1cccc(Cl)c1 → EI = 0.2699
f1 shape: (1,)
2025-06-13 02:49:21,420 - INFO -   True f = 0.4791
2025-06-13 02:49:21,443 - INFO - Iter time: 3.42s
2025-06-13 02:49:21,443 - INFO - 
--- Iter 69 (train size=79) ---
2025-06-13 02:49:24,680 - INFO - Selected CC(C)c1c(S(=O)(=O)c2ccc(OCCCNC(C)(C)C)cc2)c2ccccc2n1C → EI = 0.2701
f1 shape: (1,)
2025-06-13 02:49:24,681 - INFO -   True f = 0.4372
2025-06-13 02:49:24,705 - INFO - Iter time: 3.26s
2025-06-13 02:49:24,705 - INFO - 
--- Iter 70 (train size=80) ---
2025-06-13 02:49:28,227 - INFO - Selected CC(C)(C)NC(=O)C(c1ccsc1)N(C(=O)Cc1c[nH]c2ccccc12)c1ccc(F)cc1 → EI = 0.2714
f1 shape: (1,)
2025-06-13 02:49:28,228 - INFO -   True f = 0.1599
2025-06-13 02:49:28,252 - INFO - Iter time: 3.55s
2025-06-13 02:49:28,252 - INFO - 
--- Iter 71 (train size=81) ---
2025-06-13 02:49:31,483 - INFO - Selected CCN(CC)CCNC(=O)c1cc2c(-c3cccc(OC)c3)nn(C)c2s1 → EI = 0.2702
f1 shape: (1,)
2025-06-13 02:49:31,484 - INFO -   True f = 0.4525
2025-06-13 02:49:31,509 - INFO - Iter time: 3.26s
2025-06-13 02:49:31,509 - INFO - 
--- Iter 72 (train size=82) ---
2025-06-13 02:49:35,036 - INFO - Selected CCN(CC)CCCOc1ccc(-c2nn(C(C)C)c(=O)c3ccsc23)cc1 → EI = 0.2721
f1 shape: (1,)
2025-06-13 02:49:35,037 - INFO -   True f = 0.4159
2025-06-13 02:49:35,062 - INFO - Iter time: 3.55s
2025-06-13 02:49:35,062 - INFO - 
--- Iter 73 (train size=83) ---
2025-06-13 02:49:38,609 - INFO - Selected CCN(CC)C(=O)CCn1c(=O)c(-c2ccc(OC)cc2)cc2c(OC)cc(OC)cc21 → EI = 0.2715
f1 shape: (1,)
2025-06-13 02:49:38,610 - INFO -   True f = 0.4504
2025-06-13 02:49:38,636 - INFO - Iter time: 3.57s
2025-06-13 02:49:38,636 - INFO - 
--- Iter 74 (train size=84) ---
2025-06-13 02:49:42,231 - INFO - Selected CCCCNC(=O)N1N=C(c2ccc(N)cc2)c2cc(OC)ccc2C1C → EI = 0.272
f1 shape: (1,)
2025-06-13 02:49:42,232 - INFO -   True f = 0.4629
2025-06-13 02:49:42,259 - INFO - Iter time: 3.62s
2025-06-13 02:49:42,259 - INFO - 
--- Iter 75 (train size=85) ---
2025-06-13 02:49:46,099 - INFO - Selected CCN(CC)C(=O)C1Sc2ccccc2-c2c1c1cc(OC(F)(F)F)ccc1n2CCF → EI = 0.2719
f1 shape: (1,)
2025-06-13 02:49:46,100 - INFO -   True f = 0.1657
2025-06-13 02:49:46,127 - INFO - Iter time: 3.87s
2025-06-13 02:49:46,127 - INFO - 
--- Iter 76 (train size=86) ---
2025-06-13 02:49:49,614 - INFO - Selected Cc1ccc(-c2ccc3c(c2)c(CC(N)=O)cn3CC(C)C)cc1 → EI = 0.2702
f1 shape: (1,)
2025-06-13 02:49:49,615 - INFO -   True f = 0.4247
2025-06-13 02:49:49,642 - INFO - Iter time: 3.51s
2025-06-13 02:49:49,642 - INFO - 
--- Iter 77 (train size=87) ---
2025-06-13 02:49:53,367 - INFO - Selected CCCOC(=O)Nc1ccc(Nc2ncnc3cc(OC)c(OC)cc23)cc1 → EI = 0.2693
f1 shape: (1,)
2025-06-13 02:49:53,368 - INFO -   True f = 0.4557
2025-06-13 02:49:53,396 - INFO - Iter time: 3.75s
2025-06-13 02:49:53,396 - INFO - 
--- Iter 78 (train size=88) ---
2025-06-13 02:49:57,127 - INFO - Selected CCOc1ccc(-c2cc(OC)c3ccccc3n2)cc1OCC → EI = 0.2711
f1 shape: (1,)
2025-06-13 02:49:57,129 - INFO -   True f = 0.4763
2025-06-13 02:49:57,157 - INFO - Iter time: 3.76s
2025-06-13 02:49:57,157 - INFO - 
--- Iter 79 (train size=89) ---
2025-06-13 02:50:00,745 - INFO - Selected COc1ccc(Cc2nn(C(C)(C)C)c(=O)c3ccccc23)cc1OC → EI = 0.2728
f1 shape: (1,)
2025-06-13 02:50:00,747 - INFO -   True f = 0.4382
2025-06-13 02:50:00,775 - INFO - Iter time: 3.62s
2025-06-13 02:50:00,775 - INFO - 
--- Iter 80 (train size=90) ---
2025-06-13 02:50:04,574 - INFO - Selected CCn1c(SCC(=NO)c2ccccc2)nnc1-c1ccc(OC)c(OC)c1 → EI = 0.272
f1 shape: (1,)
2025-06-13 02:50:04,575 - INFO -   True f = 0.4455
2025-06-13 02:50:04,604 - INFO - Iter time: 3.83s
2025-06-13 02:50:04,604 - INFO - 
--- Iter 81 (train size=91) ---
2025-06-13 02:50:08,467 - INFO - Selected CCOC(=O)c1cc2c3ccccc3n(C)c2c(-c2cc(OC)c(OC)c(OC)c2)n1 → EI = 0.272
f1 shape: (1,)
2025-06-13 02:50:08,468 - INFO -   True f = 0.1846
2025-06-13 02:50:08,498 - INFO - Iter time: 3.89s
2025-06-13 02:50:08,498 - INFO - 
--- Iter 82 (train size=92) ---
2025-06-13 02:50:12,541 - INFO - Selected COc1ccc(C(=O)OCCc2cc3ccccc3c(=O)o2)cc1 → EI = 0.2707
f1 shape: (1,)
2025-06-13 02:50:12,542 - INFO -   True f = 0.4979
2025-06-13 02:50:12,572 - INFO - Iter time: 4.07s
2025-06-13 02:50:12,572 - INFO - 
--- Iter 83 (train size=93) ---
2025-06-13 02:50:16,489 - INFO - Selected COc1ccc2nc3c(C(O)=NCCN(C)C)cccc3cc2c1 → EI = 0.2705
f1 shape: (1,)
2025-06-13 02:50:16,490 - INFO -   True f = 0.4115
2025-06-13 02:50:16,522 - INFO - Iter time: 3.95s
2025-06-13 02:50:16,522 - INFO - 
--- Iter 84 (train size=94) ---
2025-06-13 02:50:20,328 - INFO - Selected CCN(CC)c1ccc(NC(=O)c2cccc(OC)c2)c(C)c1 → EI = 0.27
f1 shape: (1,)
2025-06-13 02:50:20,329 - INFO -   True f = 0.1666
2025-06-13 02:50:20,360 - INFO - Iter time: 3.84s
2025-06-13 02:50:20,360 - INFO - 
--- Iter 85 (train size=95) ---
2025-06-13 02:50:24,408 - INFO - Selected CCCCC(=NOC)c1ccc(-n2cnc3ccccc32)s1 → EI = 0.2702
f1 shape: (1,)
2025-06-13 02:50:24,409 - INFO -   True f = 0.4415
2025-06-13 02:50:24,441 - INFO - Iter time: 4.08s
2025-06-13 02:50:24,441 - INFO - 
--- Iter 86 (train size=96) ---
2025-06-13 02:50:28,488 - INFO - Selected CCC(Cn1nnc2ccccc2c1=O)NC(=O)Nc1ccc(C)cc1 → EI = 0.2695
f1 shape: (1,)
2025-06-13 02:50:28,489 - INFO -   True f = 0.4454
2025-06-13 02:50:28,522 - INFO - Iter time: 4.08s
2025-06-13 02:50:28,522 - INFO - 
--- Iter 87 (train size=97) ---
2025-06-13 02:50:32,416 - INFO - Selected CCCCn1c(=O)c2ccccc2c2cc(C(C)=O)ccc21 → EI = 0.2694
f1 shape: (1,)
2025-06-13 02:50:32,417 - INFO -   True f = 0.4797
2025-06-13 02:50:32,450 - INFO - Iter time: 3.93s
2025-06-13 02:50:32,450 - INFO - 
--- Iter 88 (train size=98) ---
2025-06-13 02:50:36,543 - INFO - Selected COc1ccc(-c2nn(C)c(=O)c3ccccc23)cc1NS(C)(=O)=O → EI = 0.2708
f1 shape: (1,)
2025-06-13 02:50:36,544 - INFO -   True f = 0.4324
2025-06-13 02:50:36,578 - INFO - Iter time: 4.13s
2025-06-13 02:50:36,578 - INFO - 
--- Iter 89 (train size=99) ---
2025-06-13 02:50:40,891 - INFO - Selected O=C(O)c1nn(CCOc2cccc(Br)c2)c(=O)c2ccccc12 → EI = 0.2709
f1 shape: (1,)
2025-06-13 02:50:40,892 - INFO -   True f = 0.4454
2025-06-13 02:50:40,926 - INFO - Iter time: 4.35s
2025-06-13 02:50:40,926 - INFO - 
--- Iter 90 (train size=100) ---
2025-06-13 02:50:45,114 - INFO - Selected CCCc1cc2c(c(NC(C)=O)n1)c(=O)oc1ccccc12 → EI = 0.2708
f1 shape: (1,)
2025-06-13 02:50:45,115 - INFO -   True f = 0.4683
2025-06-13 02:50:45,149 - INFO - Iter time: 4.22s
2025-06-13 02:50:45,149 - INFO - 
--- Iter 91 (train size=101) ---
2025-06-13 02:50:49,166 - INFO - Selected CCCn1c2ccccc2c2cnn(CC(=O)OC)c(=O)c21 → EI = 0.2723
f1 shape: (1,)
2025-06-13 02:50:49,167 - INFO -   True f = 0.5022
2025-06-13 02:50:49,202 - INFO - Iter time: 4.05s
2025-06-13 02:50:49,202 - INFO - 
--- Iter 92 (train size=102) ---
2025-06-13 02:50:53,487 - INFO - Selected CCCCc1c(C)c2ccc(OCC(C)=O)cc2oc1=O → EI = 0.2717
f1 shape: (1,)
2025-06-13 02:50:53,488 - INFO -   True f = 0.1754
2025-06-13 02:50:53,523 - INFO - Iter time: 4.32s
2025-06-13 02:50:53,523 - INFO - 
--- Iter 93 (train size=103) ---
2025-06-13 02:50:57,816 - INFO - Selected COc1ccccc1CNC(=O)Cn1nc(-c2ccc(F)cc2)oc1=O → EI = 0.2703
f1 shape: (1,)
2025-06-13 02:50:57,817 - INFO -   True f = 0.4454
2025-06-13 02:50:57,854 - INFO - Iter time: 4.33s
2025-06-13 02:50:57,854 - INFO - 
--- Iter 94 (train size=104) ---
2025-06-13 02:51:02,417 - INFO - Selected COc1ccccc1Cn1c(SCC(N)=O)nc2c(oc3ccccc32)c1=O → EI = 0.27
f1 shape: (1,)
2025-06-13 02:51:02,419 - INFO -   True f = 0.1639
2025-06-13 02:51:02,456 - INFO - Iter time: 4.60s
2025-06-13 02:51:02,456 - INFO - 
--- Iter 95 (train size=105) ---
2025-06-13 02:51:06,892 - INFO - Selected CCOP(=O)(Cc1ccc(-c2nc3cccc(O)c3s2)cc1)OCC → EI = 0.2696
f1 shape: (1,)
2025-06-13 02:51:06,893 - INFO -   True f = 0.429
2025-06-13 02:51:06,931 - INFO - Iter time: 4.48s
2025-06-13 02:51:06,931 - INFO - 
--- Iter 96 (train size=106) ---
2025-06-13 02:51:11,186 - INFO - Selected Cc1cc2c(-c3ccc(S(=O)(=O)NCCO)cc3)ccnc2[nH]1 → EI = 0.2698
f1 shape: (1,)
2025-06-13 02:51:11,187 - INFO -   True f = 0.393
2025-06-13 02:51:11,423 - INFO - Iter time: 4.49s
2025-06-13 02:51:11,423 - INFO - 
--- Iter 97 (train size=107) ---
2025-06-13 02:51:15,976 - INFO - Selected CCC(C(=O)O)N1Cc2sc(-c3ccc(-c4cnn(C)c4)cc3)cc2S1(=O)=O → EI = 0.2691
f1 shape: (1,)
2025-06-13 02:51:15,977 - INFO -   True f = 0.1416
2025-06-13 02:51:16,016 - INFO - Iter time: 4.59s
2025-06-13 02:51:16,016 - INFO - 
--- Iter 98 (train size=108) ---
2025-06-13 02:51:20,566 - INFO - Selected COCCN(C(=NO)c1ccc(C)nc1Oc1cccc2cnccc12)C(C)C → EI = 0.2682
f1 shape: (1,)
2025-06-13 02:51:20,567 - INFO -   True f = 0.4216
2025-06-13 02:51:20,607 - INFO - Iter time: 4.59s
2025-06-13 02:51:20,607 - INFO - 
--- Iter 99 (train size=109) ---
2025-06-13 02:51:25,405 - INFO - Selected CCCc1cc(-c2nc(-c3ccnc(OCCOC)c3)cs2)ccn1 → EI = 0.2678
f1 shape: (1,)
2025-06-13 02:51:25,406 - INFO -   True f = 0.4256
2025-06-13 02:51:25,446 - INFO - Iter time: 4.84s
2025-06-13 02:51:25,446 - INFO - 
--- Iter 100 (train size=110) ---
2025-06-13 02:51:30,104 - INFO - Selected CCOc1ccc(-c2nnc(NC(=O)CCCOc3cccc(C)c3)o2)cc1 → EI = 0.2683
f1 shape: (1,)
2025-06-13 02:51:30,105 - INFO -   True f = 0.4641
2025-06-13 02:51:30,146 - INFO - Iter time: 4.70s
2025-06-13 02:51:30,146 - INFO - 
--- Iter 101 (train size=111) ---
2025-06-13 02:51:34,645 - INFO - Selected CCC(=O)NC(=S)Nc1ccc(-c2nc3ccc(C)cc3s2)cc1 → EI = 0.2679
f1 shape: (1,)
2025-06-13 02:51:34,646 - INFO -   True f = 0.4115
2025-06-13 02:51:34,687 - INFO - Iter time: 4.54s
2025-06-13 02:51:34,688 - INFO - 
--- Iter 102 (train size=112) ---
2025-06-13 02:51:39,480 - INFO - Selected Cc1ccc(C(C)C)c(OCc2ccc(-c3nnco3)cc2)c1 → EI = 0.2684
f1 shape: (1,)
2025-06-13 02:51:39,481 - INFO -   True f = 0.3914
2025-06-13 02:51:39,525 - INFO - Iter time: 4.84s
2025-06-13 02:51:39,525 - INFO - 
--- Iter 103 (train size=113) ---
2025-06-13 02:51:44,303 - INFO - Selected CCCCN(C(=O)c1ccc(C(F)(F)F)cc1)c1nnc(-c2ccc(CN(C)C)cc2)s1 → EI = 0.2684
f1 shape: (1,)
2025-06-13 02:51:44,305 - INFO -   True f = 0.401
2025-06-13 02:51:44,350 - INFO - Iter time: 4.82s
2025-06-13 02:51:44,350 - INFO - 
--- Iter 104 (train size=114) ---
2025-06-13 02:51:48,972 - INFO - Selected CC(COc1ccc2sc3ccc(OCC(C)CN(C)C)cc3c2c1)CN(C)C → EI = 0.2683
f1 shape: (1,)
2025-06-13 02:51:48,973 - INFO -   True f = 0.3915
2025-06-13 02:51:49,017 - INFO - Iter time: 4.67s
2025-06-13 02:51:49,017 - INFO - 
--- Iter 105 (train size=115) ---
2025-06-13 02:51:53,915 - INFO - Selected CCOc1ccc2nc3c(O)n(CCc4ccc(OC)cc4)cnc-3c2c1 → EI = 0.2682
f1 shape: (1,)
2025-06-13 02:51:53,916 - INFO -   True f = 0.1496
2025-06-13 02:51:53,961 - INFO - Iter time: 4.94s
2025-06-13 02:51:53,961 - INFO - 
--- Iter 106 (train size=116) ---
2025-06-13 02:51:58,870 - INFO - Selected C[N+](C)(C)CCC(=O)NCc1cccc2cc3cccc(CNC(=O)CC[N+](C)(C)C)c3nc12 → EI = 0.2687
f1 shape: (1,)
2025-06-13 02:51:58,871 - INFO -   True f = 0.433
2025-06-13 02:51:58,917 - INFO - Iter time: 4.96s
2025-06-13 02:51:58,917 - INFO - 
--- Iter 107 (train size=117) ---
2025-06-13 02:52:03,830 - INFO - Selected CCc1ccccc1Oc1cc(C)ncc1CN(C)C → EI = 0.269
f1 shape: (1,)
2025-06-13 02:52:03,831 - INFO -   True f = 0.1682
2025-06-13 02:52:03,877 - INFO - Iter time: 4.96s
2025-06-13 02:52:03,877 - INFO - 
--- Iter 108 (train size=118) ---
2025-06-13 02:52:08,814 - INFO - Selected CCCCN(CCCC)c1cc(=O)c2ccc3ccccc3c2o1 → EI = 0.2686
f1 shape: (1,)
2025-06-13 02:52:08,815 - INFO -   True f = 0.4435
2025-06-13 02:52:08,862 - INFO - Iter time: 4.99s
2025-06-13 02:52:08,862 - INFO - 
--- Iter 109 (train size=119) ---
2025-06-13 02:52:13,854 - INFO - Selected CCCCOC(=O)NS(=O)(=O)c1sc(CC(C)C)cc1-c1ccc(Cc2ccsc2)cc1 → EI = 0.2687
f1 shape: (1,)
2025-06-13 02:52:13,855 - INFO -   True f = 0.4392
2025-06-13 02:52:13,904 - INFO - Iter time: 5.04s
2025-06-13 02:52:13,904 - INFO - 
--- Iter 110 (train size=120) ---
2025-06-13 02:52:18,975 - INFO - Selected COC(=O)c1ccc(S(=O)(=O)N(CCC(F)(F)F)c2sc3ccccc3c2C)cc1 → EI = 0.2684
f1 shape: (1,)
2025-06-13 02:52:18,976 - INFO -   True f = 0.4822
2025-06-13 02:52:19,025 - INFO - Iter time: 5.12s
2025-06-13 02:52:19,025 - INFO - 
--- Iter 111 (train size=121) ---
2025-06-13 02:52:23,890 - INFO - Selected COC(=O)c1cc2ccccc2c(=O)s1 → EI = 0.2693
f1 shape: (1,)
2025-06-13 02:52:23,891 - INFO -   True f = 0.1849
2025-06-13 02:52:23,941 - INFO - Iter time: 4.92s
2025-06-13 02:52:23,941 - INFO - 
--- Iter 112 (train size=122) ---
2025-06-13 02:52:29,301 - INFO - Selected CCC(C)=NNC(=O)c1[nH]c2ccc(C)cc2c1-c1ccccc1 → EI = 0.2673
f1 shape: (1,)
2025-06-13 02:52:29,302 - INFO -   True f = 0.4783
2025-06-13 02:52:29,353 - INFO - Iter time: 5.41s
2025-06-13 02:52:29,353 - INFO - 
--- Iter 113 (train size=123) ---
2025-06-13 02:52:34,322 - INFO - Selected CCCCN(C(=O)Nc1cc(-c2ccc(Cl)c(Cl)c2)sc1C(=O)O)c1ccccc1 → EI = 0.2678
f1 shape: (1,)
2025-06-13 02:52:34,323 - INFO -   True f = 0.4785
2025-06-13 02:52:34,377 - INFO - Iter time: 5.02s
2025-06-13 02:52:34,377 - INFO - 
--- Iter 114 (train size=124) ---
2025-06-13 02:52:39,611 - INFO - Selected CCCN(CCC)C(=S)NC(=O)c1ccc(-c2ccccc2)cc1 → EI = 0.2691
f1 shape: (1,)
2025-06-13 02:52:39,612 - INFO -   True f = 0.1638
2025-06-13 02:52:39,663 - INFO - Iter time: 5.29s
2025-06-13 02:52:39,663 - INFO - 
--- Iter 115 (train size=125) ---
2025-06-13 02:52:45,155 - INFO - Selected O=c1c2ccccc2c(Cc2nnc(-c3ccc(Cl)nc3)o2)nn1Cc1cnc(Cl)s1 → EI = 0.2677
f1 shape: (1,)
2025-06-13 02:52:45,156 - INFO -   True f = 0.006946
2025-06-13 02:52:45,209 - INFO - Iter time: 5.55s
2025-06-13 02:52:45,209 - INFO - 
--- Iter 116 (train size=126) ---
2025-06-13 02:52:50,531 - INFO - Selected COc1ccc(C2OC(c3ccncc3)=NN2C(C)=O)cc1OC → EI = 0.2689
f1 shape: (1,)
2025-06-13 02:52:50,532 - INFO -   True f = 0.4115
2025-06-13 02:52:50,585 - INFO - Iter time: 5.38s
2025-06-13 02:52:50,585 - INFO - 
--- Iter 117 (train size=127) ---
2025-06-13 02:52:55,678 - INFO - Selected COC(=O)COc1cccc2c(=O)n(CC(=O)NCCc3ccc(OC)c(OC)c3)ccc12 → EI = 0.2696
f1 shape: (1,)
2025-06-13 02:52:55,679 - INFO -   True f = 0.4723
2025-06-13 02:52:55,733 - INFO - Iter time: 5.15s
2025-06-13 02:52:55,733 - INFO - 
--- Iter 118 (train size=128) ---
2025-06-13 02:53:01,321 - INFO - Selected COc1ccc(NC(=O)COC(=O)CNS(=O)(=O)c2ccc(C)cc2)c(OC)c1 → EI = 0.2699
f1 shape: (1,)
2025-06-13 02:53:01,323 - INFO -   True f = 0.1714
2025-06-13 02:53:01,377 - INFO - Iter time: 5.64s
2025-06-13 02:53:01,377 - INFO - 
--- Iter 119 (train size=129) ---
2025-06-13 02:53:07,098 - INFO - Selected O=c1cc(-c2ccncc2)c2cccc([N+](=O)[O-])c2[nH]1 → EI = 0.2707
f1 shape: (1,)
2025-06-13 02:53:07,099 - INFO -   True f = 0.3682
2025-06-13 02:53:07,155 - INFO - Iter time: 5.78s
2025-06-13 02:53:07,155 - INFO - 
--- Iter 120 (train size=130) ---
2025-06-13 02:53:12,390 - INFO - Selected CCCCCCC(C)(C)c1ccc(-c2cccc(C(=O)O)c2)c(O)c1 → EI = 0.2681
f1 shape: (1,)
2025-06-13 02:53:12,391 - INFO -   True f = 0.1591
2025-06-13 02:53:12,447 - INFO - Iter time: 5.29s
2025-06-13 02:53:12,447 - INFO - 
--- Iter 121 (train size=131) ---
2025-06-13 02:53:18,284 - INFO - Selected COc1c2ccc(OCCC(C)=CC(=O)C=C(C)C)cc2nc2occc12 → EI = 0.2666
f1 shape: (1,)
2025-06-13 02:53:18,285 - INFO -   True f = 0.4419
2025-06-13 02:53:18,343 - INFO - Iter time: 5.90s
2025-06-13 02:53:18,343 - INFO - 
--- Iter 122 (train size=132) ---
2025-06-13 02:53:23,877 - INFO - Selected CN(C)CCCOc1ccc(-c2nc3cc(C(N)=O)ccc3[nH]2)cc1 → EI = 0.2665
f1 shape: (1,)
2025-06-13 02:53:23,878 - INFO -   True f = 0.4399
2025-06-13 02:53:23,936 - INFO - Iter time: 5.59s
2025-06-13 02:53:23,936 - INFO - 
--- Iter 123 (train size=133) ---
2025-06-13 02:53:29,243 - INFO - Selected COC(=O)CCC(=O)N(C)c1cccc(OCc2ccc3ccccc3n2)c1 → EI = 0.2666
f1 shape: (1,)
2025-06-13 02:53:29,244 - INFO -   True f = 0.496
2025-06-13 02:53:29,304 - INFO - Iter time: 5.37s
2025-06-13 02:53:29,304 - INFO - 
--- Iter 124 (train size=134) ---
2025-06-13 02:53:35,224 - INFO - Selected COc1ccc(C(O)Cc2ccc3ccccc3n2)cc1OC → EI = 0.2688
f1 shape: (1,)
2025-06-13 02:53:35,225 - INFO -   True f = 0.4264
2025-06-13 02:53:35,284 - INFO - Iter time: 5.98s
2025-06-13 02:53:35,284 - INFO - 
--- Iter 125 (train size=135) ---
2025-06-13 02:53:41,242 - INFO - Selected CCN(CCOC)C(=O)c1cc(-n2nc(C(C)(C)C)cc2NC(=O)Nc2cccc3ccccc23)ccc1C → EI = 0.2669
f1 shape: (1,)
2025-06-13 02:53:41,244 - INFO -   True f = 0.1709
2025-06-13 02:53:41,304 - INFO - Iter time: 6.02s
2025-06-13 02:53:41,304 - INFO - 
--- Iter 126 (train size=136) ---
2025-06-13 02:53:46,773 - INFO - Selected C=CCn1c2ccccc2c(=O)c2cc(C#CCC(C)O)ccc21 → EI = 0.2662
f1 shape: (1,)
2025-06-13 02:53:46,775 - INFO -   True f = 0.4
2025-06-13 02:53:46,836 - INFO - Iter time: 5.53s
2025-06-13 02:53:46,836 - INFO - 
--- Iter 127 (train size=137) ---
2025-06-13 02:53:52,897 - INFO - Selected CC(C)=CCn1c2cc(=O)ccc-2nc2c(C(N)=O)cccc21 → EI = 0.2666
f1 shape: (1,)
2025-06-13 02:53:52,898 - INFO -   True f = 0.43
2025-06-13 02:53:52,964 - INFO - Iter time: 6.13s
2025-06-13 02:53:52,965 - INFO - 
--- Iter 128 (train size=138) ---
2025-06-13 02:53:58,837 - INFO - Selected COn1c(-c2ccc(Cl)cc2)nc2ccc(Cl)cc21 → EI = 0.2661
f1 shape: (1,)
2025-06-13 02:53:58,838 - INFO -   True f = 0.3862
2025-06-13 02:53:58,901 - INFO - Iter time: 5.94s
2025-06-13 02:53:58,901 - INFO - 
--- Iter 129 (train size=139) ---
2025-06-13 02:54:05,062 - INFO - Selected O=C(CCCCl)NCCc1c(Sc2ccc(F)cc2)sc2ccc(F)cc12 → EI = 0.2653
f1 shape: (1,)
2025-06-13 02:54:05,063 - INFO -   True f = 0.3863
2025-06-13 02:54:05,128 - INFO - Iter time: 6.23s
2025-06-13 02:54:05,128 - INFO - 
--- Iter 130 (train size=140) ---
2025-06-13 02:54:10,763 - INFO - Selected COC(=O)CCC1N=C(c2ccccc2F)c2cc(Cl)ccc2N=C1NCCO → EI = 0.2659
f1 shape: (1,)
2025-06-13 02:54:10,764 - INFO -   True f = 0.4822
2025-06-13 02:54:10,829 - INFO - Iter time: 5.70s
2025-06-13 02:54:10,829 - INFO - 
--- Iter 131 (train size=141) ---
2025-06-13 02:54:17,128 - INFO - Selected COc1ccc(NC(=O)CN(C)C2=NS(=O)(=O)c3ccccc32)cc1Cl → EI = 0.2671
f1 shape: (1,)
2025-06-13 02:54:17,129 - INFO -   True f = 0.481
2025-06-13 02:54:17,195 - INFO - Iter time: 6.37s
2025-06-13 02:54:17,195 - INFO - 
--- Iter 132 (train size=142) ---
2025-06-13 02:54:22,922 - INFO - Selected Cc1cc(OCCCC(=O)NCCc2nnc3ccccn23)ccc1Cl → EI = 0.2677
f1 shape: (1,)
2025-06-13 02:54:22,923 - INFO -   True f = 0.4752
2025-06-13 02:54:22,989 - INFO - Iter time: 5.79s
2025-06-13 02:54:22,989 - INFO - 
--- Iter 133 (train size=143) ---
2025-06-13 02:54:29,365 - INFO - Selected O=C(CCc1ccccc1)Nc1ccc2c(Cl)c(OCCBr)oc(=O)c2c1 → EI = 0.269
f1 shape: (1,)
2025-06-13 02:54:29,366 - INFO -   True f = 0.4714
2025-06-13 02:54:29,434 - INFO - Iter time: 6.44s
2025-06-13 02:54:29,434 - INFO - 
--- Iter 134 (train size=144) ---
2025-06-13 02:54:35,886 - INFO - Selected Cc1ccc(NC(=O)NCCOCCn2c(=O)oc3ccccc32)cc1C → EI = 0.2692
f1 shape: (1,)
2025-06-13 02:54:35,887 - INFO -   True f = 0.4919
2025-06-13 02:54:35,958 - INFO - Iter time: 6.52s
2025-06-13 02:54:35,958 - INFO - 
--- Iter 135 (train size=145) ---
2025-06-13 02:54:41,866 - INFO - Selected NC(=O)c1cc2ccccc2n1Cc1ccc(Cl)c(Cl)c1 → EI = 0.2705
f1 shape: (1,)
2025-06-13 02:54:41,867 - INFO -   True f = 0.4629
2025-06-13 02:54:41,936 - INFO - Iter time: 5.98s
2025-06-13 02:54:41,936 - INFO - 
--- Iter 136 (train size=146) ---
2025-06-13 02:54:48,353 - INFO - Selected CS(=O)(=O)Nc1ccc(CCC(=O)NCCNc2ccc(Cl)c(Cl)c2)cc1 → EI = 0.2716
f1 shape: (1,)
2025-06-13 02:54:48,354 - INFO -   True f = 0.1553
2025-06-13 02:54:48,424 - INFO - Iter time: 6.49s
2025-06-13 02:54:48,424 - INFO - 
--- Iter 137 (train size=147) ---
2025-06-13 02:54:54,586 - INFO - Selected COc1ccc(C=NNC(=O)Cn2c(=O)c(C)nc3ccccc32)c(OC)c1 → EI = 0.2714
f1 shape: (1,)
2025-06-13 02:54:54,587 - INFO -   True f = 0.4677
2025-06-13 02:54:54,659 - INFO - Iter time: 6.23s
2025-06-13 02:54:54,659 - INFO - 
--- Iter 138 (train size=148) ---
2025-06-13 02:55:00,898 - INFO - Selected COc1cc(Cl)ccc1OCCNC(C)Cc1cc(C(N)=O)c2c(ccn2CCCO)c1 → EI = 0.271
f1 shape: (1,)
2025-06-13 02:55:00,899 - INFO -   True f = 0.4488
2025-06-13 02:55:00,971 - INFO - Iter time: 6.31s
2025-06-13 02:55:00,971 - INFO - 
--- Iter 139 (train size=149) ---
2025-06-13 02:55:07,547 - INFO - Selected CCCCOc1cc(NC(=O)NC2CCc3ccccc32)ccc1OC → EI = 0.2707
f1 shape: (1,)
2025-06-13 02:55:07,548 - INFO -   True f = 0.5062
2025-06-13 02:55:07,622 - INFO - Iter time: 6.65s
2025-06-13 02:55:07,622 - INFO - 
--- Iter 140 (train size=150) ---
2025-06-13 02:55:14,522 - INFO - Selected COc1ccc(NC(=O)NC(C)c2ccccc2)cc1OCCC(C)C → EI = 0.2739
f1 shape: (1,)
2025-06-13 02:55:14,524 - INFO -   True f = 0.1685
2025-06-13 02:55:14,597 - INFO - Iter time: 6.98s
2025-06-13 02:55:14,598 - INFO - 
--- Iter 141 (train size=151) ---
2025-06-13 02:55:20,646 - INFO - Selected Cc1cc(OCCCC(=O)NC2(C(N)=O)Cc3ccccc3C2)ccc1Cl → EI = 0.2721
f1 shape: (1,)
2025-06-13 02:55:20,647 - INFO -   True f = 0.5143
2025-06-13 02:55:20,723 - INFO - Iter time: 6.13s
2025-06-13 02:55:20,723 - INFO - 
--- Iter 142 (train size=152) ---
2025-06-13 02:55:27,385 - INFO - Selected CCCc1c(OCCCOc2ccc3c(ccn3CC(=O)O)c2)ccc2c(C(F)(F)F)noc12 → EI = 0.2727
f1 shape: (1,)
2025-06-13 02:55:27,387 - INFO -   True f = 0.1476
2025-06-13 02:55:27,463 - INFO - Iter time: 6.74s
2025-06-13 02:55:27,463 - INFO - 
--- Iter 143 (train size=153) ---
2025-06-13 02:55:33,560 - INFO - Selected COc1ccc(C(=O)NCCCNC(=O)c2cc3ccccc3[nH]2)cc1OC → EI = 0.2715
f1 shape: (1,)
2025-06-13 02:55:33,561 - INFO -   True f = 0.496
2025-06-13 02:55:33,638 - INFO - Iter time: 6.18s
2025-06-13 02:55:33,639 - INFO - 
--- Iter 144 (train size=154) ---
2025-06-13 02:55:40,757 - INFO - Selected COc1ccc(-c2csc(N)c2C(=O)NCc2ccncc2)cc1OC → EI = 0.2714
f1 shape: (1,)
2025-06-13 02:55:40,758 - INFO -   True f = 0.413
2025-06-13 02:55:40,836 - INFO - Iter time: 7.20s
2025-06-13 02:55:40,836 - INFO - 
--- Iter 145 (train size=155) ---
2025-06-13 02:55:47,077 - INFO - Selected CCCC(=O)NCCC1CCc2c(OC)ccc3ccc(OC)c1c23 → EI = 0.2713
f1 shape: (1,)
2025-06-13 02:55:47,078 - INFO -   True f = 0.4724
2025-06-13 02:55:47,157 - INFO - Iter time: 6.32s
2025-06-13 02:55:47,157 - INFO - 
--- Iter 146 (train size=156) ---
2025-06-13 02:55:54,051 - INFO - Selected CCOc1ccc(CCNC(=O)C2Cc3ccccc3N2C(=O)CC)cc1OCC → EI = 0.2714
f1 shape: (1,)
2025-06-13 02:55:54,052 - INFO -   True f = 0.5058
2025-06-13 02:55:54,132 - INFO - Iter time: 6.97s
2025-06-13 02:55:54,132 - INFO - 
--- Iter 147 (train size=157) ---
2025-06-13 02:56:00,738 - INFO - Selected CCC1c2ccccc2CN1CNC(=O)c1cc(Cl)c(N)cc1OC → EI = 0.2731
f1 shape: (1,)
2025-06-13 02:56:00,739 - INFO -   True f = 0.538
2025-06-13 02:56:00,821 - INFO - Iter time: 6.69s
2025-06-13 02:56:00,821 - INFO - 
--- Iter 148 (train size=158) ---
2025-06-13 02:56:07,425 - INFO - Selected COC=C(C(=O)OC)c1ccccc1COc1cc(-c2ccc(Cl)cc2Cl)nn1C → EI = 0.2726
f1 shape: (1,)
2025-06-13 02:56:07,426 - INFO -   True f = 0.5078
2025-06-13 02:56:07,512 - INFO - Iter time: 6.69s
2025-06-13 02:56:07,513 - INFO - 
--- Iter 149 (train size=159) ---
2025-06-13 02:56:14,157 - INFO - Selected COc1ccc(Cl)cc1NC(=O)CN(C)C(=O)c1cc2ccccc2cc1O → EI = 0.2742
f1 shape: (1,)
2025-06-13 02:56:14,158 - INFO -   True f = 0.4797
2025-06-13 02:56:14,241 - INFO - Iter time: 6.73s
2025-06-13 02:56:14,241 - INFO - 
--- Iter 150 (train size=160) ---
2025-06-13 02:56:21,138 - INFO - Selected COc1cc(C2NC(=O)NC(C)=C2C(C)=O)ccc1OCc1ccccc1Cl → EI = 0.2748
f1 shape: (1,)
2025-06-13 02:56:21,139 - INFO -   True f = 0.5798
2025-06-13 02:56:21,223 - INFO - Iter time: 6.98s
2025-06-13 02:56:21,223 - INFO - 
--- Iter 151 (train size=161) ---
2025-06-13 02:56:28,623 - INFO - Selected COc1cc(C(O)=NC(C)c2ccccc2Cl)ccc1-c1cn[nH]c1 → EI = 0.2609
f1 shape: (1,)
2025-06-13 02:56:28,624 - INFO -   True f = 0.4616
2025-06-13 02:56:28,710 - INFO - Iter time: 7.49s
2025-06-13 02:56:28,710 - INFO - 
--- Iter 152 (train size=162) ---
2025-06-13 02:56:35,261 - INFO - Selected COc1cc(C=CC(=O)NO)ccc1OCC(N)Cc1c[nH]c2ccccc12 → EI = 0.2605
f1 shape: (1,)
2025-06-13 02:56:35,262 - INFO -   True f = 0.4557
2025-06-13 02:56:35,350 - INFO - Iter time: 6.64s
2025-06-13 02:56:35,350 - INFO - 
--- Iter 153 (train size=163) ---
2025-06-13 02:56:42,505 - INFO - Selected O=C(O)c1ccc2c(c1)NC(=O)C(CSCc1ccccc1Cl)N2 → EI = 0.2603
f1 shape: (1,)
2025-06-13 02:56:42,506 - INFO -   True f = 0.5
2025-06-13 02:56:42,594 - INFO - Iter time: 7.24s
2025-06-13 02:56:42,594 - INFO - 
--- Iter 154 (train size=164) ---
2025-06-13 02:56:49,428 - INFO - Selected CC1NC(c2ccccc2Cl)c2cc([N+](=O)[O-])ccc2NC1=O → EI = 0.2622
f1 shape: (1,)
2025-06-13 02:56:49,429 - INFO -   True f = 0.5089
2025-06-13 02:56:49,519 - INFO - Iter time: 6.93s
2025-06-13 02:56:49,519 - INFO - 
--- Iter 155 (train size=165) ---
2025-06-13 02:56:56,779 - INFO - Selected COc1ccc(CC2c3cccc(Cl)c3CCN2C)cc1OC → EI = 0.2629
f1 shape: (1,)
2025-06-13 02:56:56,780 - INFO -   True f = 0.4845
2025-06-13 02:56:56,869 - INFO - Iter time: 7.35s
2025-06-13 02:56:56,869 - INFO - 
--- Iter 156 (train size=166) ---
2025-06-13 02:57:03,824 - INFO - Selected COc1ccc(C(=O)NC(CC(=O)O)c2ccccc2Cl)nc1-c1ccncc1 → EI = 0.2629
f1 shape: (1,)
2025-06-13 02:57:03,825 - INFO -   True f = 0.4822
2025-06-13 02:57:03,915 - INFO - Iter time: 7.05s
2025-06-13 02:57:03,915 - INFO - 
--- Iter 157 (train size=167) ---
2025-06-13 02:57:10,942 - INFO - Selected C=CCOC(CC=C)C1=CC(C)(C)Nc2ccc(-c3ccccc3OC)cc21 → EI = 0.2625
f1 shape: (1,)
2025-06-13 02:57:10,943 - INFO -   True f = 0.4369
2025-06-13 02:57:11,035 - INFO - Iter time: 7.12s
2025-06-13 02:57:11,036 - INFO - 
--- Iter 158 (train size=168) ---
2025-06-13 02:57:18,452 - INFO - Selected COc1cc(C=O)cc(Cl)c1OCc1ccc(C)cc1 → EI = 0.2618
f1 shape: (1,)
2025-06-13 02:57:18,452 - INFO -   True f = 0.1726
2025-06-13 02:57:18,545 - INFO - Iter time: 7.51s
2025-06-13 02:57:18,545 - INFO - 
--- Iter 159 (train size=169) ---
2025-06-13 02:57:25,697 - INFO - Selected O=C(CNC(=O)c1ccc(Cl)cc1Cl)OCN1C(=O)c2ccccc2C1=O → EI = 0.2613
f1 shape: (1,)
2025-06-13 02:57:25,698 - INFO -   True f = 0.4856
2025-06-13 02:57:26,071 - INFO - Iter time: 7.53s
2025-06-13 02:57:26,071 - INFO - 
--- Iter 160 (train size=170) ---
2025-06-13 02:57:33,492 - INFO - Selected CCOP(=O)(c1ccc(OC)cc1)N1Cc2[nH]c3ccccc3c2CC1C(=O)NO → EI = 0.2601
f1 shape: (1,)
2025-06-13 02:57:33,493 - INFO -   True f = 0.1754
2025-06-13 02:57:33,589 - INFO - Iter time: 7.52s
2025-06-13 02:57:33,590 - INFO - 
--- Iter 161 (train size=171) ---
2025-06-13 02:57:40,763 - INFO - Selected COc1ccc(Cl)cc1C1=C(Br)C(=O)N(CC(C)C)C1(O)Cc1ccccc1Br → EI = 0.2596
f1 shape: (1,)
2025-06-13 02:57:40,764 - INFO -   True f = 0.4472
2025-06-13 02:57:40,860 - INFO - Iter time: 7.27s
2025-06-13 02:57:40,860 - INFO - 
--- Iter 162 (train size=172) ---
2025-06-13 02:57:48,090 - INFO - Selected Cc1nn(CC(=O)NCc2ccccc2Cl)c(C)c1[N+](=O)[O-] → EI = 0.2591
f1 shape: (1,)
2025-06-13 02:57:48,091 - INFO -   True f = 0.1865
2025-06-13 02:57:48,188 - INFO - Iter time: 7.33s
2025-06-13 02:57:48,188 - INFO - 
--- Iter 163 (train size=173) ---
2025-06-13 02:57:55,600 - INFO - Selected CCc1c(CC(N)=O)c2c(OCC(=O)O)cccc2n1Cc1cccc(Cl)c1 → EI = 0.2592
f1 shape: (1,)
2025-06-13 02:57:55,601 - INFO -   True f = 0.4899
2025-06-13 02:57:55,699 - INFO - Iter time: 7.51s
2025-06-13 02:57:55,699 - INFO - 
--- Iter 164 (train size=174) ---
2025-06-13 02:58:03,404 - INFO - Selected COc1ccccc1C=C(NC(=O)c1ccc(Cl)cc1Cl)C(=O)O → EI = 0.2594
f1 shape: (1,)
2025-06-13 02:58:03,405 - INFO -   True f = 0.1775
2025-06-13 02:58:03,505 - INFO - Iter time: 7.81s
2025-06-13 02:58:03,505 - INFO - 
--- Iter 165 (train size=175) ---
2025-06-13 02:58:11,149 - INFO - Selected CC(C)CC(=O)Nc1ccc2nc(SCC(=O)N3CCc4ccccc43)sc2c1 → EI = 0.2579
f1 shape: (1,)
2025-06-13 02:58:11,150 - INFO -   True f = 0.162
2025-06-13 02:58:11,250 - INFO - Iter time: 7.75s
2025-06-13 02:58:11,251 - INFO - 
--- Iter 166 (train size=176) ---
2025-06-13 02:58:18,304 - INFO - Selected CCCN(CCC)c1nc(N)nc(-c2cc(Cl)ccc2OC)n1 → EI = 0.2578
f1 shape: (1,)
2025-06-13 02:58:18,305 - INFO -   True f = 0.1666
2025-06-13 02:58:18,408 - INFO - Iter time: 7.16s
2025-06-13 02:58:18,408 - INFO - 
--- Iter 167 (train size=177) ---
2025-06-13 02:58:26,195 - INFO - Selected CN1CCC(n2nc(-c3ccc4ccccc4c3)c(C(N)=O)c2N)CC1 → EI = 0.256
f1 shape: (1,)
2025-06-13 02:58:26,196 - INFO -   True f = 0.1519
2025-06-13 02:58:26,300 - INFO - Iter time: 7.89s
2025-06-13 02:58:26,300 - INFO - 
--- Iter 168 (train size=178) ---
2025-06-13 02:58:34,152 - INFO - Selected COc1ccc(CCOC(=O)Cc2ccc(SCc3ccccc3C(=O)O)cc2)cc1OC → EI = 0.2551
f1 shape: (1,)
2025-06-13 02:58:34,154 - INFO -   True f = 0.4982
2025-06-13 02:58:34,258 - INFO - Iter time: 7.96s
2025-06-13 02:58:34,258 - INFO - 
--- Iter 169 (train size=179) ---
2025-06-13 02:58:42,519 - INFO - Selected COc1ccc(OC)c(CN2C(=O)c3ccccc3C2c2nnnn2C(C)C)c1 → EI = 0.2552
f1 shape: (1,)
2025-06-13 02:58:42,520 - INFO -   True f = 0.1664
2025-06-13 02:58:42,625 - INFO - Iter time: 8.37s
2025-06-13 02:58:42,625 - INFO - 
--- Iter 170 (train size=180) ---
2025-06-13 02:58:50,256 - INFO - Selected O=C(CCn1c(=S)oc2ccccc21)Nc1cc([N+](=O)[O-])ccc1F → EI = 0.2553
f1 shape: (1,)
2025-06-13 02:58:50,257 - INFO -   True f = 0.4195
2025-06-13 02:58:50,364 - INFO - Iter time: 7.74s
2025-06-13 02:58:50,364 - INFO - 
--- Iter 171 (train size=181) ---
2025-06-13 02:58:57,586 - INFO - Selected C#CCOc1ccc(CCNC(=O)C(OCC#C)c2ccc(Cl)cc2)cc1OC → EI = 0.255
f1 shape: (1,)
2025-06-13 02:58:57,587 - INFO -   True f = 0.1589
2025-06-13 02:58:57,695 - INFO - Iter time: 7.33s
2025-06-13 02:58:57,695 - INFO - 
--- Iter 172 (train size=182) ---
2025-06-13 02:59:05,656 - INFO - Selected N=C(N)SCc1cccc2c1sc1c(CSC(=N)N)cccc12 → EI = 0.2545
f1 shape: (1,)
2025-06-13 02:59:05,657 - INFO -   True f = 0.393
2025-06-13 02:59:05,766 - INFO - Iter time: 8.07s
2025-06-13 02:59:05,766 - INFO - 
--- Iter 173 (train size=183) ---
2025-06-13 02:59:13,860 - INFO - Selected Cc1ccc2[nH]c([S+]([O-])Cc3ccccc3N)nc2c1 → EI = 0.2539
f1 shape: (1,)
2025-06-13 02:59:13,861 - INFO -   True f = 0.4311
2025-06-13 02:59:14,282 - INFO - Iter time: 8.52s
2025-06-13 02:59:14,282 - INFO - 
--- Iter 174 (train size=184) ---
2025-06-13 02:59:22,432 - INFO - Selected CCOC(=O)Cc1csc(NC(=O)c2ccc3ccccc3n2)n1 → EI = 0.2538
f1 shape: (1,)
2025-06-13 02:59:22,433 - INFO -   True f = 0.4979
2025-06-13 02:59:22,547 - INFO - Iter time: 8.26s
2025-06-13 02:59:22,547 - INFO - 
--- Iter 175 (train size=185) ---
2025-06-13 02:59:30,381 - INFO - Selected CCOC(=O)Cc1nc(-c2cccc(Cl)c2)oc1-c1ccsc1 → EI = 0.255
f1 shape: (1,)
2025-06-13 02:59:30,382 - INFO -   True f = 0.4714
2025-06-13 02:59:30,494 - INFO - Iter time: 7.95s
2025-06-13 02:59:30,494 - INFO - 
--- Iter 176 (train size=186) ---
2025-06-13 02:59:38,942 - INFO - Selected CCOC(=O)C(=CNc1ccc(N(C2=NCC(C)S2)c2ccc(F)c(Cl)c2)cc1)C(=O)OCC → EI = 0.255
f1 shape: (1,)
2025-06-13 02:59:38,944 - INFO -   True f = 0.4872
2025-06-13 02:59:39,057 - INFO - Iter time: 8.56s
2025-06-13 02:59:39,057 - INFO - 
--- Iter 177 (train size=187) ---
2025-06-13 02:59:46,909 - INFO - Selected CCOC(=O)C1=C(C)NC(C)=C(C(=O)OCC)C1c1ccccc1I → EI = 0.256
f1 shape: (1,)
2025-06-13 02:59:46,910 - INFO -   True f = 0.2669
2025-06-13 02:59:47,027 - INFO - Iter time: 7.97s
2025-06-13 02:59:47,027 - INFO - 
--- Iter 178 (train size=188) ---
2025-06-13 02:59:54,963 - INFO - Selected CC(=O)c1ccc(OCCCC(=O)Nc2cc(Cl)ccc2-n2cncn2)cc1 → EI = 0.2542
f1 shape: (1,)
2025-06-13 02:59:54,964 - INFO -   True f = 0.4352
2025-06-13 02:59:55,081 - INFO - Iter time: 8.05s
2025-06-13 02:59:55,081 - INFO - 
--- Iter 179 (train size=189) ---
2025-06-13 03:00:03,056 - INFO - Selected CCOC(=O)C=CC(=O)Cc1cc2c(Nc3cccc(Br)c3)ncnc2cn1 → EI = 0.2536
f1 shape: (1,)
2025-06-13 03:00:03,057 - INFO -   True f = 0.4557
2025-06-13 03:00:03,175 - INFO - Iter time: 8.09s
2025-06-13 03:00:03,175 - INFO - 
--- Iter 180 (train size=190) ---
2025-06-13 03:00:11,305 - INFO - Selected O=C1COc2ccc(C(=O)COC(=O)Cc3ccc(F)cc3)cc2N1 → EI = 0.2542
f1 shape: (1,)
2025-06-13 03:00:11,306 - INFO -   True f = 0.4399
2025-06-13 03:00:11,424 - INFO - Iter time: 8.25s
2025-06-13 03:00:11,424 - INFO - 
--- Iter 181 (train size=191) ---
2025-06-13 03:00:19,824 - INFO - Selected CCOn1c(=O)c(-c2ccc(Br)cc2)[n+]([O-])c2ccccc21 → EI = 0.2541
f1 shape: (1,)
2025-06-13 03:00:19,825 - INFO -   True f = 0.4336
2025-06-13 03:00:19,945 - INFO - Iter time: 8.52s
2025-06-13 03:00:19,945 - INFO - 
--- Iter 182 (train size=192) ---
2025-06-13 03:00:28,333 - INFO - Selected CC(=O)OCc1ccc2oc(=O)c(C(=O)Sc3cccc(Br)c3)cc2c1 → EI = 0.2545
f1 shape: (1,)
2025-06-13 03:00:28,334 - INFO -   True f = 0.4364
2025-06-13 03:00:28,458 - INFO - Iter time: 8.51s
2025-06-13 03:00:28,458 - INFO - 
--- Iter 183 (train size=193) ---
2025-06-13 03:00:36,978 - INFO - Selected CC1(C)CC(NC(=S)Nc2ccccc2Cl)c2cc(Br)ccc2O1 → EI = 0.254
f1 shape: (1,)
2025-06-13 03:00:36,979 - INFO -   True f = 0.4472
2025-06-13 03:00:37,102 - INFO - Iter time: 8.64s
2025-06-13 03:00:37,102 - INFO - 
--- Iter 184 (train size=194) ---
2025-06-13 03:00:45,659 - INFO - Selected CCC(CC)COC(=O)C1(C(=O)O)Oc2ccc(CC(C)NCC(O)c3cccc(Cl)c3)cc2O1 → EI = 0.2548
f1 shape: (1,)
2025-06-13 03:00:45,660 - INFO -   True f = 0.4564
2025-06-13 03:00:45,783 - INFO - Iter time: 8.68s
2025-06-13 03:00:45,783 - INFO - 
--- Iter 185 (train size=195) ---
2025-06-13 03:00:53,964 - INFO - Selected COc1cccc(N2C(=O)Nc3ccc(Br)cc3C2(O)C(=O)NCCN(C)C)c1 → EI = 0.2553
f1 shape: (1,)
2025-06-13 03:00:53,965 - INFO -   True f = 0.4455
2025-06-13 03:00:54,090 - INFO - Iter time: 8.31s
2025-06-13 03:00:54,091 - INFO - 
--- Iter 186 (train size=196) ---
2025-06-13 03:01:03,109 - INFO - Selected Cc1ccc2c(c1)N(CC(=O)NCC1COc3ccccc3O1)C(=O)CO2 → EI = 0.2548
f1 shape: (1,)
2025-06-13 03:01:03,110 - INFO -   True f = 0.1613
2025-06-13 03:01:03,236 - INFO - Iter time: 9.15s
2025-06-13 03:01:03,236 - INFO - 
--- Iter 187 (train size=197) ---
2025-06-13 03:01:11,467 - INFO - Selected O=C(Cc1cc(Br)cc(Br)c1OCCCN=C=S)Nc1ccccc1[N+](=O)[O-] → EI = 0.2543
f1 shape: (1,)
2025-06-13 03:01:11,468 - INFO -   True f = 0.1652
2025-06-13 03:01:11,597 - INFO - Iter time: 8.36s
2025-06-13 03:01:11,597 - INFO - 
--- Iter 188 (train size=198) ---
2025-06-13 03:01:20,308 - INFO - Selected CCC(C)NC(=O)c1nc(-c2ccccc2Cl)c2ccccc2n1 → EI = 0.2541
f1 shape: (1,)
2025-06-13 03:01:20,309 - INFO -   True f = 0.4783
2025-06-13 03:01:20,437 - INFO - Iter time: 8.84s
2025-06-13 03:01:20,437 - INFO - 
--- Iter 189 (train size=199) ---
2025-06-13 03:01:28,786 - INFO - Selected CCC(=C(CC)c1cccc(C(C)=O)c1)c1cccc(C(C)=O)c1 → EI = 0.254
f1 shape: (1,)
2025-06-13 03:01:28,787 - INFO -   True f = 0.1652
2025-06-13 03:01:28,916 - INFO - Iter time: 8.48s
2025-06-13 03:01:28,916 - INFO - 
--- Iter 190 (train size=200) ---
2025-06-13 03:01:37,720 - INFO - Selected O=C(Nc1nnc(SCc2cccc(Cl)c2)s1)c1ccccc1Cl → EI = 0.2535
f1 shape: (1,)
2025-06-13 03:01:37,721 - INFO -   True f = 0.4435
2025-06-13 03:01:37,852 - INFO - Iter time: 8.94s
2025-06-13 03:01:37,852 - INFO - 
--- Iter 191 (train size=201) ---
2025-06-13 03:01:47,060 - INFO - Selected O=C(CCn1c(=O)c2cccn2c2cccnc21)NCc1cccc(Cl)c1 → EI = 0.2537
f1 shape: (1,)
2025-06-13 03:01:47,061 - INFO -   True f = 0.1536
2025-06-13 03:01:47,193 - INFO - Iter time: 9.34s
2025-06-13 03:01:47,193 - INFO - 
--- Iter 192 (train size=202) ---
2025-06-13 03:01:55,693 - INFO - Selected O=C(COc1ccccc1Cl)c1ccc(O)cc1O → EI = 0.2537
f1 shape: (1,)
2025-06-13 03:01:55,694 - INFO -   True f = 0.175
2025-06-13 03:01:55,827 - INFO - Iter time: 8.63s
2025-06-13 03:01:55,827 - INFO - 
--- Iter 193 (train size=203) ---
2025-06-13 03:02:04,339 - INFO - Selected COCCOC(=O)c1c(C)oc2ccc(OC(=O)c3cccs3)cc12 → EI = 0.2543
f1 shape: (1,)
2025-06-13 03:02:04,340 - INFO -   True f = 0.5252
2025-06-13 03:02:04,477 - INFO - Iter time: 8.65s
2025-06-13 03:02:04,477 - INFO - 
--- Iter 194 (train size=204) ---
2025-06-13 03:02:13,508 - INFO - Selected COCCN=C(S)N(CCc1c(C)[nH]c2ccc(F)cc12)Cc1ccco1 → EI = 0.2545
f1 shape: (1,)
2025-06-13 03:02:13,510 - INFO -   True f = 0.4402
2025-06-13 03:02:13,646 - INFO - Iter time: 9.17s
2025-06-13 03:02:13,646 - INFO - 
--- Iter 195 (train size=205) ---
2025-06-13 03:02:22,627 - INFO - Selected CC1(C)OC(S)=Nc2ccc(-c3cccc(F)c3)cc21 → EI = 0.2551
f1 shape: (1,)
2025-06-13 03:02:22,628 - INFO -   True f = 0.3565
2025-06-13 03:02:22,766 - INFO - Iter time: 9.12s
2025-06-13 03:02:22,766 - INFO - 
--- Iter 196 (train size=206) ---
2025-06-13 03:02:31,446 - INFO - Selected CCc1ccc(OCCCC(=O)Oc2ccc3c(C)cc(=O)oc3c2)cc1 → EI = 0.2544
f1 shape: (1,)
2025-06-13 03:02:31,447 - INFO -   True f = 0.4611
2025-06-13 03:02:31,585 - INFO - Iter time: 8.82s
2025-06-13 03:02:31,585 - INFO - 
--- Iter 197 (train size=207) ---
2025-06-13 03:02:39,913 - INFO - Selected CCC(=O)Oc1ccc(COC(=O)Nc2ccncc2N)cc1 → EI = 0.2537
f1 shape: (1,)
2025-06-13 03:02:39,915 - INFO -   True f = 0.1701
2025-06-13 03:02:40,058 - INFO - Iter time: 8.47s
2025-06-13 03:02:40,058 - INFO - 
--- Iter 198 (train size=208) ---
2025-06-13 03:02:49,639 - INFO - Selected Cc1ccc(C2=C(CC(=O)O)C(c3cccs3)NC(S)=N2)cc1 → EI = 0.254
f1 shape: (1,)
2025-06-13 03:02:49,640 - INFO -   True f = 0.4166
2025-06-13 03:02:49,782 - INFO - Iter time: 9.72s
2025-06-13 03:02:49,782 - INFO - 
--- Iter 199 (train size=209) ---
2025-06-13 03:02:58,599 - INFO - Selected CC1(C)C=Cc2c(ccc3oc4cccc(Cl)c4c23)O1 → EI = 0.2539
f1 shape: (1,)
2025-06-13 03:02:58,600 - INFO -   True f = 0.1495
2025-06-13 03:02:58,743 - INFO - Iter time: 8.96s
