Initial SMILES: ['Cc1nn2cc(-c3ccc(Cl)cc3)nc2s1',
 'COc1cc(C(=O)NC2CCN(C)CC2F)ccc1Nc1ncc(C(F)(F)F)c(Oc2cccc3c2C(=O)CC3)n1',
 'CN1CCN(CCNc2nc(-c3ccccc3)nc3nc(N4CCN(C)CC4)cnc23)CC1',
 'NC(Cc1cc(Cl)cc(-c2cccc(C(=O)O)c2)c1)C(=O)O',
 'CCc1ccc(S(=O)(=O)N=C2C=C(Nc3ccc(C(=O)O)cc3)C(=O)c3ccccc32)cc1',
 'O=C(OCC1CCCN(C(=O)CCc2ccccc2)C1)c1ccccc1C(F)(F)F',
 'CN(CC(=O)Nc1ccc(Oc2ccccc2)cc1)C1CCN(Cc2ccc(C(=O)O)cc2)C1',
 'COc1ccccc1S(=O)(=O)NC1CCC(CCn2cc(C3CCCC3)nn2)OC1CO',
 'Cc1cc(Oc2cc(C3CC3)ccn2)ccc1-c1c(C)c(=O)[nH]c(=O)n1C',
 'C=C(C)C(O)Cc1c(O)c(CC=C(C)C)c(O)c2c(=O)c(-c3ccc(O)c(O)c3)coc12']
f1 shape: (10,)
2025-06-13 04:44:21,058 - INFO -  Initial objectives: [0.04851450401444064, 0.11667736872638886, 0.09737602327214696, 0.28747978728803447, 0.09864069993505743, 0.37240586916274737, 0.13092925269003464, 0.41552601663866623, 0.11008895313917172, 0.09595041351047318]
2025-06-13 04:44:23,642 - INFO - 
--- Iter 0 (train size=10) ---
2025-06-13 04:44:24,487 - INFO - Selected COc1ccccc1C(=O)NCCC(=O)N1CCCCC1 → EI = 0.2645
f1 shape: (1,)
2025-06-13 04:44:24,489 - INFO -   True f = 0.1515
2025-06-13 04:44:24,494 - INFO - Iter time: 0.85s
2025-06-13 04:44:24,494 - INFO - 
--- Iter 1 (train size=11) ---
2025-06-13 04:44:25,302 - INFO - Selected O=C(C(O)CCc1ccccc1)N(CCN1C2CCC1CC(c1cccc(O)c1)C2)CC1CCCCC1 → EI = 0.2632
f1 shape: (1,)
2025-06-13 04:44:25,303 - INFO -   True f = 0.4029
2025-06-13 04:44:25,308 - INFO - Iter time: 0.81s
2025-06-13 04:44:25,308 - INFO - 
--- Iter 2 (train size=12) ---
2025-06-13 04:44:26,143 - INFO - Selected O=C(OCC1CCCN(CCCc2ccccc2)C1)c1ccccc1N1C(=O)CC(C2CCCC2)C1=O → EI = 0.2719
f1 shape: (1,)
2025-06-13 04:44:26,144 - INFO -   True f = 0.4215
2025-06-13 04:44:26,150 - INFO - Iter time: 0.84s
2025-06-13 04:44:26,150 - INFO - 
--- Iter 3 (train size=13) ---
2025-06-13 04:44:27,022 - INFO - Selected O=C1NCC(Cc2ccccc2)N(CC2CCN(CCC3CCCC3)CC2)C1=O → EI = 0.2767
f1 shape: (1,)
2025-06-13 04:44:27,023 - INFO -   True f = 0.1411
2025-06-13 04:44:27,028 - INFO - Iter time: 0.88s
2025-06-13 04:44:27,029 - INFO - 
--- Iter 4 (train size=14) ---
2025-06-13 04:44:27,990 - INFO - Selected CC1CN(CCCc2ccccc2)C2CC(N(C)CC3CC3)CC1(c1cccc(O)c1)C2 → EI = 0.2722
f1 shape: (1,)
2025-06-13 04:44:27,991 - INFO -   True f = 0.3523
2025-06-13 04:44:27,997 - INFO - Iter time: 0.97s
2025-06-13 04:44:27,997 - INFO - 
--- Iter 5 (train size=15) ---
2025-06-13 04:44:28,939 - INFO - Selected O=C(OCC1CCCCO1)c1cccc(-c2ccccc2)c1 → EI = 0.2745
f1 shape: (1,)
2025-06-13 04:44:28,940 - INFO -   True f = 0.3521
2025-06-13 04:44:28,946 - INFO - Iter time: 0.95s
2025-06-13 04:44:28,946 - INFO - 
--- Iter 6 (train size=16) ---
2025-06-13 04:44:29,960 - INFO - Selected ON=C(NC1CCCCC1)c1ccccc1Cc1ccccc1 → EI = 0.2774
f1 shape: (1,)
2025-06-13 04:44:29,961 - INFO -   True f = 0.3607
2025-06-13 04:44:29,966 - INFO - Iter time: 1.02s
2025-06-13 04:44:29,966 - INFO - 
--- Iter 7 (train size=17) ---
2025-06-13 04:44:30,993 - INFO - Selected O=C(COc1ccc(Br)cc1CNC1CCCCC1)NCCc1ccccc1 → EI = 0.2791
f1 shape: (1,)
2025-06-13 04:44:30,994 - INFO -   True f = 0.3878
2025-06-13 04:44:31,000 - INFO - Iter time: 1.03s
2025-06-13 04:44:31,000 - INFO - 
--- Iter 8 (train size=18) ---
2025-06-13 04:44:32,056 - INFO - Selected O=C(NCCCc1cccc2oc(CCCCc3ccccc3)cc12)C1CC1 → EI = 0.2821
f1 shape: (1,)
2025-06-13 04:44:32,058 - INFO -   True f = 0.1073
2025-06-13 04:44:32,064 - INFO - Iter time: 1.06s
2025-06-13 04:44:32,064 - INFO - 
--- Iter 9 (train size=19) ---
2025-06-13 04:44:33,159 - INFO - Selected CN(CC#CCCC1(C(O)(c2ccccc2)C2CCCCC2)SCCCS1)CCc1ccccc1 → EI = 0.2778
f1 shape: (1,)
2025-06-13 04:44:33,161 - INFO -   True f = 0.3291
2025-06-13 04:44:33,167 - INFO - Iter time: 1.10s
2025-06-13 04:44:33,167 - INFO - 
--- Iter 10 (train size=20) ---
2025-06-13 04:44:34,286 - INFO - Selected O=C(NC1CN(Cc2ccccc2)CC1c1ccccc1)C1CCCCC1 → EI = 0.2794
f1 shape: (1,)
2025-06-13 04:44:34,288 - INFO -   True f = 0.3907
2025-06-13 04:44:34,294 - INFO - Iter time: 1.13s
2025-06-13 04:44:34,294 - INFO - 
--- Iter 11 (train size=21) ---
2025-06-13 04:44:35,507 - INFO - Selected N=C(N)CC1CCC(NC(=O)C2CCCN2C(=O)C(Cc2ccccc2)NS(=O)(=O)Cc2ccccc2)CC1 → EI = 0.2822
f1 shape: (1,)
2025-06-13 04:44:35,508 - INFO -   True f = 0.4264
2025-06-13 04:44:35,515 - INFO - Iter time: 1.22s
2025-06-13 04:44:35,515 - INFO - 
--- Iter 12 (train size=22) ---
2025-06-13 04:44:36,706 - INFO - Selected NC(=O)CCC(NC(=O)C(Cc1ccccc1)NC(=O)CNC(=O)CCc1ccccc1)C(=O)NC1CCCCC1 → EI = 0.2877
f1 shape: (1,)
2025-06-13 04:44:36,708 - INFO -   True f = 0.4271
2025-06-13 04:44:36,714 - INFO - Iter time: 1.20s
2025-06-13 04:44:36,714 - INFO - 
--- Iter 13 (train size=23) ---
2025-06-13 04:44:38,004 - INFO - Selected O=C(CN(c1nc(Cl)nc2c1ncn2C1CCCCO1)C1CC1)NC(CCC(=O)OCc1ccccc1)C(=O)OCc1ccccc1 → EI = 0.2859
f1 shape: (1,)
2025-06-13 04:44:38,005 - INFO -   True f = 0.007976
2025-06-13 04:44:38,012 - INFO - Iter time: 1.30s
2025-06-13 04:44:38,012 - INFO - 
--- Iter 14 (train size=24) ---
2025-06-13 04:44:39,279 - INFO - Selected NCc1cccc(-c2cccc(OC(=O)NC3CCCCC3)c2)c1 → EI = 0.2832
f1 shape: (1,)
2025-06-13 04:44:39,280 - INFO -   True f = 0.3825
2025-06-13 04:44:39,287 - INFO - Iter time: 1.27s
2025-06-13 04:44:39,287 - INFO - 
--- Iter 15 (train size=25) ---
2025-06-13 04:44:40,575 - INFO - Selected O=C(CN(Cc1cccs1)C(=O)CNS(=O)(=O)c1ccccc1)NC1CCCC1 → EI = 0.2847
f1 shape: (1,)
2025-06-13 04:44:40,576 - INFO -   True f = 0.4082
2025-06-13 04:44:40,583 - INFO - Iter time: 1.30s
2025-06-13 04:44:40,583 - INFO - 
--- Iter 16 (train size=26) ---
2025-06-13 04:44:42,053 - INFO - Selected O=C(CNC(=O)NC1CCCCC1)NC(Cc1ccccc1)C(=O)O → EI = 0.2878
f1 shape: (1,)
2025-06-13 04:44:42,054 - INFO -   True f = 0.1823
2025-06-13 04:44:42,061 - INFO - Iter time: 1.48s
2025-06-13 04:44:42,061 - INFO - 
--- Iter 17 (train size=27) ---
2025-06-13 04:44:43,422 - INFO - Selected CCOc1ccccc1NC(=O)C1CCCCN1S(=O)(=O)c1ccccc1 → EI = 0.2836
f1 shape: (1,)
2025-06-13 04:44:43,423 - INFO -   True f = 0.4179
2025-06-13 04:44:43,430 - INFO - Iter time: 1.37s
2025-06-13 04:44:43,430 - INFO - 
--- Iter 18 (train size=28) ---
2025-06-13 04:44:44,891 - INFO - Selected O=S(=O)(c1ccccc1)C1CCN(CCc2ccccc2)CC1 → EI = 0.2883
f1 shape: (1,)
2025-06-13 04:44:44,892 - INFO -   True f = 0.3086
2025-06-13 04:44:44,900 - INFO - Iter time: 1.47s
2025-06-13 04:44:44,900 - INFO - 
--- Iter 19 (train size=29) ---
2025-06-13 04:44:46,417 - INFO - Selected O=C1C2CCCCC2C(=O)N1c1cccc(OS(=O)(=O)c2ccccc2)c1 → EI = 0.2861
f1 shape: (1,)
2025-06-13 04:44:46,418 - INFO -   True f = 0.3602
2025-06-13 04:44:46,426 - INFO - Iter time: 1.53s
2025-06-13 04:44:46,426 - INFO - 
--- Iter 20 (train size=30) ---
2025-06-13 04:44:47,920 - INFO - Selected O=C(COc1ccc(S(=O)(=O)NC2CCCCC2)cc1Cl)N1CCN(c2ccccc2)CC1 → EI = 0.2876
f1 shape: (1,)
2025-06-13 04:44:47,921 - INFO -   True f = 0.3806
2025-06-13 04:44:47,929 - INFO - Iter time: 1.50s
2025-06-13 04:44:47,929 - INFO - 
--- Iter 21 (train size=31) ---
2025-06-13 04:44:49,499 - INFO - Selected O=C(Nc1ccccc1[N+](=O)[O-])c1ccccc1NC(=O)C1CCCCC1 → EI = 0.2856
f1 shape: (1,)
2025-06-13 04:44:49,500 - INFO -   True f = 0.3953
2025-06-13 04:44:49,508 - INFO - Iter time: 1.58s
2025-06-13 04:44:49,508 - INFO - 
--- Iter 22 (train size=32) ---
2025-06-13 04:44:51,196 - INFO - Selected CCC(C(=O)NCc1ccco1)N(C(=O)CNS(=O)(=O)c1ccccc1)C1CCCCC1 → EI = 0.2877
f1 shape: (1,)
2025-06-13 04:44:51,197 - INFO -   True f = 0.4372
2025-06-13 04:44:51,206 - INFO - Iter time: 1.70s
2025-06-13 04:44:51,206 - INFO - 
--- Iter 23 (train size=33) ---
2025-06-13 04:44:52,889 - INFO - Selected O=C(c1ccccc1NS(=O)(=O)c1ccccc1)N1CCCCCC1 → EI = 0.2851
f1 shape: (1,)
2025-06-13 04:44:52,890 - INFO -   True f = 0.3294
2025-06-13 04:44:52,898 - INFO - Iter time: 1.69s
2025-06-13 04:44:52,898 - INFO - 
--- Iter 24 (train size=34) ---
2025-06-13 04:44:54,500 - INFO - Selected Cc1c(N(C(=O)CNC(=O)c2ccccc2)C2(C(=O)NC3CCCCC3)CCCCC2)c(=O)n(-c2ccccc2)n1C → EI = 0.2837
f1 shape: (1,)
2025-06-13 04:44:54,501 - INFO -   True f = 0.146
2025-06-13 04:44:54,510 - INFO - Iter time: 1.61s
2025-06-13 04:44:54,510 - INFO - 
--- Iter 25 (train size=35) ---
2025-06-13 04:44:56,318 - INFO - Selected N=C(N)N1CCCC(CNC(=O)CNS(=O)(=O)c2ccc3ccccc3c2)C1 → EI = 0.2824
f1 shape: (1,)
2025-06-13 04:44:56,319 - INFO -   True f = 0.3575
2025-06-13 04:44:56,328 - INFO - Iter time: 1.82s
2025-06-13 04:44:56,328 - INFO - 
--- Iter 26 (train size=36) ---
2025-06-13 04:44:57,992 - INFO - Selected NC1CCC(CNC(=O)C2CCCN2C(=O)CC2c3ccccc3-c3ccccc32)CC1 → EI = 0.2834
f1 shape: (1,)
2025-06-13 04:44:57,993 - INFO -   True f = 0.3936
2025-06-13 04:44:58,002 - INFO - Iter time: 1.67s
2025-06-13 04:44:58,002 - INFO - 
--- Iter 27 (train size=37) ---
2025-06-13 04:44:59,882 - INFO - Selected O=C(NCc1cccs1)C1CCCN1S(=O)(=O)c1ccccc1F → EI = 0.2836
f1 shape: (1,)
2025-06-13 04:44:59,883 - INFO -   True f = 0.3478
2025-06-13 04:44:59,893 - INFO - Iter time: 1.89s
2025-06-13 04:44:59,893 - INFO - 
--- Iter 28 (train size=38) ---
2025-06-13 04:45:01,721 - INFO - Selected COc1ccc(-c2ccncc2)cc1S(=O)(=O)NC1CCCC1 → EI = 0.2837
f1 shape: (1,)
2025-06-13 04:45:01,722 - INFO -   True f = 0.3636
2025-06-13 04:45:01,732 - INFO - Iter time: 1.84s
2025-06-13 04:45:01,732 - INFO - 
--- Iter 29 (train size=39) ---
2025-06-13 04:45:03,585 - INFO - Selected O=S(=O)(CCC1CCNCC1)c1ccccc1-c1cccc(Cl)c1 → EI = 0.2847
f1 shape: (1,)
2025-06-13 04:45:03,586 - INFO -   True f = 0.292
2025-06-13 04:45:03,596 - INFO - Iter time: 1.86s
2025-06-13 04:45:03,596 - INFO - 
--- Iter 30 (train size=40) ---
2025-06-13 04:45:05,572 - INFO - Selected O=C(NC1CCCC1)C1c2ccccc2OCC(=O)N1Cc1ccccn1 → EI = 0.2845
f1 shape: (1,)
2025-06-13 04:45:05,573 - INFO -   True f = 0.3922
2025-06-13 04:45:05,583 - INFO - Iter time: 1.99s
2025-06-13 04:45:05,583 - INFO - 
--- Iter 31 (train size=41) ---
2025-06-13 04:45:07,577 - INFO - Selected CC(C)c1ccc(OCC(=O)N(c2ccccn2)C2CCCCC2)cc1 → EI = 0.2855
f1 shape: (1,)
2025-06-13 04:45:07,578 - INFO -   True f = 0.4099
2025-06-13 04:45:07,588 - INFO - Iter time: 2.01s
2025-06-13 04:45:07,588 - INFO - 
--- Iter 32 (train size=42) ---
2025-06-13 04:45:09,546 - INFO - Selected O=c1c(C=CC(O)c2ccccc2)coc2cccc(OCC3CCCCC3)c12 → EI = 0.2862
f1 shape: (1,)
2025-06-13 04:45:09,547 - INFO -   True f = 0.1287
2025-06-13 04:45:09,558 - INFO - Iter time: 1.97s
2025-06-13 04:45:09,558 - INFO - 
--- Iter 33 (train size=43) ---
2025-06-13 04:45:11,638 - INFO - Selected O=C(OCCCc1cccnc1)C1CCCN1S(=O)(=O)Cc1ccccc1 → EI = 0.2862
f1 shape: (1,)
2025-06-13 04:45:11,639 - INFO -   True f = 0.3707
2025-06-13 04:45:11,650 - INFO - Iter time: 2.09s
2025-06-13 04:45:11,650 - INFO - 
--- Iter 34 (train size=44) ---
2025-06-13 04:45:13,661 - INFO - Selected O=C(NCC1C(c2ccccc2)C(CO)N1Cc1ccccn1)C1CCC1 → EI = 0.287
f1 shape: (1,)
2025-06-13 04:45:13,662 - INFO -   True f = 0.3707
2025-06-13 04:45:13,673 - INFO - Iter time: 2.02s
2025-06-13 04:45:13,673 - INFO - 
--- Iter 35 (train size=45) ---
2025-06-13 04:45:15,831 - INFO - Selected Cc1ccc(S(=O)(=O)N2CCCC2CNC(=O)C(=O)NCc2ccccn2)cc1 → EI = 0.2864
f1 shape: (1,)
2025-06-13 04:45:15,832 - INFO -   True f = 0.3651
2025-06-13 04:45:15,844 - INFO - Iter time: 2.17s
2025-06-13 04:45:15,844 - INFO - 
--- Iter 36 (train size=46) ---
2025-06-13 04:45:18,025 - INFO - Selected O=C(O)C1CCCN(CCOCCN2c3ccccc3Sc3ccccc32)C1 → EI = 0.286
f1 shape: (1,)
2025-06-13 04:45:18,026 - INFO -   True f = 0.3651
2025-06-13 04:45:18,039 - INFO - Iter time: 2.19s
2025-06-13 04:45:18,039 - INFO - 
--- Iter 37 (train size=47) ---
2025-06-13 04:45:20,167 - INFO - Selected CC1CCCCN1C(=O)C(CCCN=C(N)N)NS(=O)(=O)c1cccc2c(N(C)C)cccc12 → EI = 0.2865
f1 shape: (1,)
2025-06-13 04:45:20,168 - INFO -   True f = 0.4423
2025-06-13 04:45:20,181 - INFO - Iter time: 2.14s
2025-06-13 04:45:20,181 - INFO - 
--- Iter 38 (train size=48) ---
2025-06-13 04:45:22,443 - INFO - Selected CC(C)C(NS(=O)(=O)c1cnccc1NC(CO)Cc1ccccc1)C(=O)N1CCC(CCF)CC1 → EI = 0.2863
f1 shape: (1,)
2025-06-13 04:45:22,444 - INFO -   True f = 0.4027
2025-06-13 04:45:22,457 - INFO - Iter time: 2.28s
2025-06-13 04:45:22,457 - INFO - 
--- Iter 39 (train size=49) ---
2025-06-13 04:45:24,673 - INFO - Selected O=C(C(Cc1ccccc1)NS(=O)(=O)c1ccc(Cl)cc1)N1CCC2(O)CCCCC2C1 → EI = 0.2883
f1 shape: (1,)
2025-06-13 04:45:24,674 - INFO -   True f = 0.3964
2025-06-13 04:45:24,687 - INFO - Iter time: 2.23s
2025-06-13 04:45:24,687 - INFO - 
--- Iter 40 (train size=50) ---
2025-06-13 04:45:26,917 - INFO - Selected N#Cc1cccn1CCC(NS(=O)(=O)c1cccc2[nH]ccc12)C(=O)N1CCC(C(F)(F)F)CC1 → EI = 0.2882
f1 shape: (1,)
2025-06-13 04:45:26,918 - INFO -   True f = 0.1348
2025-06-13 04:45:26,931 - INFO - Iter time: 2.24s
2025-06-13 04:45:26,931 - INFO - 
--- Iter 41 (train size=51) ---
2025-06-13 04:45:29,200 - INFO - Selected CC(=O)c1ccc(S(=O)(=O)N2CCCC(N(C)CCc3ccccc3)C2)cc1 → EI = 0.2882
f1 shape: (1,)
2025-06-13 04:45:29,201 - INFO -   True f = 0.3575
2025-06-13 04:45:29,214 - INFO - Iter time: 2.28s
2025-06-13 04:45:29,214 - INFO - 
--- Iter 42 (train size=52) ---
2025-06-13 04:45:31,638 - INFO - Selected O=C(CN1CCCCC1c1cccnc1)c1ccccc1 → EI = 0.2873
f1 shape: (1,)
2025-06-13 04:45:31,640 - INFO -   True f = 0.343
2025-06-13 04:45:31,653 - INFO - Iter time: 2.44s
2025-06-13 04:45:31,653 - INFO - 
--- Iter 43 (train size=53) ---
2025-06-13 04:45:34,127 - INFO - Selected CN=C(S)C1(c2cccnc2)CCCCC1CCNS(=O)(=O)c1ccc(Cl)cc1 → EI = 0.2866
f1 shape: (1,)
2025-06-13 04:45:34,128 - INFO -   True f = 0.3417
2025-06-13 04:45:34,142 - INFO - Iter time: 2.49s
2025-06-13 04:45:34,142 - INFO - 
--- Iter 44 (train size=54) ---
2025-06-13 04:45:36,650 - INFO - Selected CC(C)CC(NC(=O)C1CCCN1C(=O)C(N)Cc1ccc(O)cc1)C(=O)NC(Cc1ccccc1)C(N)=O → EI = 0.2856
f1 shape: (1,)
2025-06-13 04:45:36,651 - INFO -   True f = 0.4397
2025-06-13 04:45:36,666 - INFO - Iter time: 2.52s
2025-06-13 04:45:36,666 - INFO - 
--- Iter 45 (train size=55) ---
2025-06-13 04:45:39,121 - INFO - Selected CN(C)Cc1ccc(C2CCCCN2C(=O)c2ncccc2O)cc1 → EI = 0.2879
f1 shape: (1,)
2025-06-13 04:45:39,122 - INFO -   True f = 0.3688
2025-06-13 04:45:39,137 - INFO - Iter time: 2.47s
2025-06-13 04:45:39,137 - INFO - 
--- Iter 46 (train size=56) ---
2025-06-13 04:45:41,607 - INFO - Selected NC(Cc1ccccc1)C(=O)N1CCCCC1c1nc(-c2ccccc2)c[nH]1 → EI = 0.2887
f1 shape: (1,)
2025-06-13 04:45:41,608 - INFO -   True f = 0.1257
2025-06-13 04:45:41,623 - INFO - Iter time: 2.49s
2025-06-13 04:45:41,623 - INFO - 
--- Iter 47 (train size=57) ---
2025-06-13 04:45:44,246 - INFO - Selected Cc1ccc(CCNS(=O)(=O)c2ccc3c(c2)CC(C)N3C(=O)C2CCC2)cc1 → EI = 0.2893
f1 shape: (1,)
2025-06-13 04:45:44,247 - INFO -   True f = 0.3892
2025-06-13 04:45:44,263 - INFO - Iter time: 2.64s
2025-06-13 04:45:44,263 - INFO - 
--- Iter 48 (train size=58) ---
2025-06-13 04:45:46,946 - INFO - Selected Cc1ccccc1CCN1CCCC(CN(C)C(=O)C(=O)c2ccco2)C1 → EI = 0.2895
f1 shape: (1,)
2025-06-13 04:45:46,947 - INFO -   True f = 0.3838
2025-06-13 04:45:46,963 - INFO - Iter time: 2.70s
2025-06-13 04:45:46,963 - INFO - 
--- Iter 49 (train size=59) ---
2025-06-13 04:45:49,690 - INFO - Selected CCC1CCC(C(=O)Nc2ccc(S(=O)(=O)Nc3nccs3)cc2)CC1 → EI = 0.2891
f1 shape: (1,)
2025-06-13 04:45:49,691 - INFO -   True f = 0.3644
2025-06-13 04:45:49,707 - INFO - Iter time: 2.74s
2025-06-13 04:45:49,708 - INFO - 
--- Iter 50 (train size=60) ---
2025-06-13 04:45:52,296 - INFO - Selected CC(C)NS(=O)(=O)c1ccc(NC2CCN(CC(O)=Nc3ccccc3)CC2)c([N+](=O)O)c1 → EI = 0.2898
f1 shape: (1,)
2025-06-13 04:45:52,297 - INFO -   True f = 0.374
2025-06-13 04:45:52,314 - INFO - Iter time: 2.61s
2025-06-13 04:45:52,314 - INFO - 
--- Iter 51 (train size=61) ---
2025-06-13 04:45:55,074 - INFO - Selected CC(C)(C)NC(=O)C1CC2SCCC2CN1CC(O)C(Cc1ccccc1)NC(=O)C(CS(=O)(=O)c1ccc(F)cc1)NS(C)(=O)=O → EI = 0.2906
f1 shape: (1,)
2025-06-13 04:45:55,075 - INFO -   True f = 0.4201
2025-06-13 04:45:55,092 - INFO - Iter time: 2.78s
2025-06-13 04:45:55,092 - INFO - 
--- Iter 52 (train size=62) ---
2025-06-13 04:45:57,879 - INFO - Selected CCNC(=O)C1CC2C(=O)CCCCC2N1S(=O)(=O)c1ccc(C)cc1 → EI = 0.2919
f1 shape: (1,)
2025-06-13 04:45:57,880 - INFO -   True f = 0.1775
2025-06-13 04:45:57,899 - INFO - Iter time: 2.81s
2025-06-13 04:45:57,899 - INFO - 
--- Iter 53 (train size=63) ---
2025-06-13 04:46:00,877 - INFO - Selected CC(C)CC(O)C(O)C(CC1CCCCC1)NC(=O)c1cc(NC(=O)CSc2ccccc2)ccc1CO → EI = 0.291
f1 shape: (1,)
2025-06-13 04:46:00,878 - INFO -   True f = 0.432
2025-06-13 04:46:00,896 - INFO - Iter time: 3.00s
2025-06-13 04:46:00,896 - INFO - 
--- Iter 54 (train size=64) ---
2025-06-13 04:46:03,660 - INFO - Selected NC(=O)C1CCCN1Cc1cccc(NC(=O)c2cccs2)c1 → EI = 0.2908
f1 shape: (1,)
2025-06-13 04:46:03,661 - INFO -   True f = 0.3636
2025-06-13 04:46:03,679 - INFO - Iter time: 2.78s
2025-06-13 04:46:03,679 - INFO - 
--- Iter 55 (train size=65) ---
2025-06-13 04:46:06,649 - INFO - Selected CC(C)c1ccccc1OCCN1CCC(NS(=O)(=O)c2cccc(Cl)c2)C1 → EI = 0.2903
f1 shape: (1,)
2025-06-13 04:46:06,650 - INFO -   True f = 0.3455
2025-06-13 04:46:06,668 - INFO - Iter time: 2.99s
2025-06-13 04:46:06,668 - INFO - 
--- Iter 56 (train size=66) ---
2025-06-13 04:46:09,550 - INFO - Selected O=C(Nc1ccc(Cl)cc1)C1CCCCC1NCc1ccncc1 → EI = 0.2901
f1 shape: (1,)
2025-06-13 04:46:09,551 - INFO -   True f = 0.3703
2025-06-13 04:46:09,570 - INFO - Iter time: 2.90s
2025-06-13 04:46:09,571 - INFO - 
--- Iter 57 (train size=67) ---
2025-06-13 04:46:12,458 - INFO - Selected O=C(CS(=O)(=O)c1ncccc1Cl)NC1CCCc2ccccc21 → EI = 0.29
f1 shape: (1,)
2025-06-13 04:46:12,459 - INFO -   True f = 0.3212
2025-06-13 04:46:12,479 - INFO - Iter time: 2.91s
2025-06-13 04:46:12,479 - INFO - 
--- Iter 58 (train size=68) ---
2025-06-13 04:46:15,487 - INFO - Selected CC(C)Oc1ccc(C(c2cccnc2)N2CCC(NC(=O)C3CC3)CC2)cc1 → EI = 0.2899
f1 shape: (1,)
2025-06-13 04:46:15,488 - INFO -   True f = 0.3863
2025-06-13 04:46:15,508 - INFO - Iter time: 3.03s
2025-06-13 04:46:15,508 - INFO - 
--- Iter 59 (train size=69) ---
2025-06-13 04:46:18,577 - INFO - Selected COc1ccc(S(=O)(=O)NC(CC(C)C)C(=O)NC(C)c2cccs2)cc1 → EI = 0.2911
f1 shape: (1,)
2025-06-13 04:46:18,578 - INFO -   True f = 0.3397
2025-06-13 04:46:18,598 - INFO - Iter time: 3.09s
2025-06-13 04:46:18,598 - INFO - 
--- Iter 60 (train size=70) ---
2025-06-13 04:46:21,575 - INFO - Selected O=C(NCCc1ccncc1)c1ccc(S(=O)(=O)NC2CCC2)cc1 → EI = 0.2905
f1 shape: (1,)
2025-06-13 04:46:21,576 - INFO -   True f = 0.3437
2025-06-13 04:46:21,597 - INFO - Iter time: 3.00s
2025-06-13 04:46:21,597 - INFO - 
--- Iter 61 (train size=71) ---
2025-06-13 04:46:24,896 - INFO - Selected Cc1ccccc1N(C(=O)c1csnn1)C(C(=O)NC1CCCCC1)c1ccncc1 → EI = 0.29
f1 shape: (1,)
2025-06-13 04:46:24,898 - INFO -   True f = 0.1425
2025-06-13 04:46:24,919 - INFO - Iter time: 3.32s
2025-06-13 04:46:24,919 - INFO - 
--- Iter 62 (train size=72) ---
2025-06-13 04:46:27,975 - INFO - Selected CC(C)CC(NC(=O)C=Cc1ccc(OP(=O)(O)O)cc1)C(=O)N1CCCC1C(=O)NC(COCc1ccccc1)COC(N)=O → EI = 0.2895
f1 shape: (1,)
2025-06-13 04:46:27,976 - INFO -   True f = 0.4296
2025-06-13 04:46:27,998 - INFO - Iter time: 3.08s
2025-06-13 04:46:27,998 - INFO - 
--- Iter 63 (train size=73) ---
2025-06-13 04:46:31,082 - INFO - Selected CC(C)(C)c1ccc(-c2ccc(S(=O)(=O)N3CCCC3C(=O)NC(C#N)CC(N)=O)cc2)cc1 → EI = 0.291
f1 shape: (1,)
2025-06-13 04:46:31,083 - INFO -   True f = 0.3832
2025-06-13 04:46:31,105 - INFO - Iter time: 3.11s
2025-06-13 04:46:31,105 - INFO - 
--- Iter 64 (train size=74) ---
2025-06-13 04:46:34,361 - INFO - Selected COc1ccc2cc(S(=O)(=O)NN(Cc3cccc(C(=N)NO)c3)C(=O)N3CCCCC3C)ccc2c1 → EI = 0.2911
f1 shape: (1,)
2025-06-13 04:46:34,362 - INFO -   True f = 0.1395
2025-06-13 04:46:34,385 - INFO - Iter time: 3.28s
2025-06-13 04:46:34,385 - INFO - 
--- Iter 65 (train size=75) ---
2025-06-13 04:46:37,811 - INFO - Selected CNC(C(=O)NC1CCCCC1C(=O)NC(C=O)CCCN=C(N)N)c1ccccc1 → EI = 0.2917
f1 shape: (1,)
2025-06-13 04:46:37,812 - INFO -   True f = 0.1707
2025-06-13 04:46:37,835 - INFO - Iter time: 3.45s
2025-06-13 04:46:37,835 - INFO - 
--- Iter 66 (train size=76) ---
2025-06-13 04:46:41,038 - INFO - Selected CN(C)S(=O)(=O)N1CCCC(c2cccc(Cc3ccccc3F)n2)C1 → EI = 0.2884
f1 shape: (1,)
2025-06-13 04:46:41,040 - INFO -   True f = 0.315
2025-06-13 04:46:41,063 - INFO - Iter time: 3.23s
2025-06-13 04:46:41,063 - INFO - 
--- Iter 67 (train size=77) ---
2025-06-13 04:46:44,317 - INFO - Selected CCOC(=O)C(Cc1ccc(O)cc1)NC(=O)C1(NC(=O)C(SC(=O)c2ccccn2)C(C)C)CCCC1 → EI = 0.2884
f1 shape: (1,)
2025-06-13 04:46:44,319 - INFO -   True f = 0.4876
2025-06-13 04:46:44,342 - INFO - Iter time: 3.28s
2025-06-13 04:46:44,343 - INFO - 
--- Iter 68 (train size=78) ---
2025-06-13 04:46:47,793 - INFO - Selected CCOc1ccccc1C(=O)NC(C(=O)NCCc1ccccn1)C(C)C → EI = 0.2717
f1 shape: (1,)
2025-06-13 04:46:47,794 - INFO -   True f = 0.3853
2025-06-13 04:46:47,819 - INFO - Iter time: 3.48s
2025-06-13 04:46:47,819 - INFO - 
--- Iter 69 (train size=79) ---
2025-06-13 04:46:51,147 - INFO - Selected CCOC(=O)C=CC(=O)Nc1ccccc1CCCN1CCC23CCCCC2C1Cc1ccc(O)cc13 → EI = 0.2717
f1 shape: (1,)
2025-06-13 04:46:51,148 - INFO -   True f = 0.4502
2025-06-13 04:46:51,173 - INFO - Iter time: 3.35s
2025-06-13 04:46:51,174 - INFO - 
--- Iter 70 (train size=80) ---
2025-06-13 04:46:54,829 - INFO - Selected CCOC(=O)C(C)(C)Oc1ccc(N(CC2CCCC2)C(=O)Nc2nccs2)cc1 → EI = 0.2732
f1 shape: (1,)
2025-06-13 04:46:54,830 - INFO -   True f = 0.4677
2025-06-13 04:46:54,855 - INFO - Iter time: 3.68s
2025-06-13 04:46:54,855 - INFO - 
--- Iter 71 (train size=81) ---
2025-06-13 04:46:58,233 - INFO - Selected CC(C)(CC1Cc2ccccc2C1)NCC(O)COc1cccc(C2CC3CC2C2C(C(=O)O)C32)c1 → EI = 0.2735
f1 shape: (1,)
2025-06-13 04:46:58,234 - INFO -   True f = 0.3903
2025-06-13 04:46:58,260 - INFO - Iter time: 3.40s
2025-06-13 04:46:58,260 - INFO - 
--- Iter 72 (train size=82) ---
2025-06-13 04:47:01,814 - INFO - Selected CC(C)(C)NC(=O)C1Cc2ccccc2CN1C(=O)Nc1cccc(Cl)c1 → EI = 0.2739
f1 shape: (1,)
2025-06-13 04:47:01,815 - INFO -   True f = 0.3384
2025-06-13 04:47:01,842 - INFO - Iter time: 3.58s
2025-06-13 04:47:01,842 - INFO - 
--- Iter 73 (train size=83) ---
2025-06-13 04:47:05,449 - INFO - Selected CCOC(=O)NC1CCc2ccc(OCCNS(=O)(=O)CC3CC3)cc2C1Cc1cccc(Cl)c1 → EI = 0.2739
f1 shape: (1,)
2025-06-13 04:47:05,450 - INFO -   True f = 0.4054
2025-06-13 04:47:05,478 - INFO - Iter time: 3.64s
2025-06-13 04:47:05,478 - INFO - 
--- Iter 74 (train size=84) ---
2025-06-13 04:47:09,149 - INFO - Selected CCNC(=O)OC1CCC2C(C(=O)Nc3ccc(N(C)C)cc3)CC1N2Cc1ccccc1 → EI = 0.2733
f1 shape: (1,)
2025-06-13 04:47:09,150 - INFO -   True f = 0.4226
2025-06-13 04:47:09,178 - INFO - Iter time: 3.70s
2025-06-13 04:47:09,178 - INFO - 
--- Iter 75 (train size=85) ---
2025-06-13 04:47:13,066 - INFO - Selected CCOc1ccccc1NC(=O)C(CC(C)C)NC(=O)C1CCC(C)CC1 → EI = 0.274
f1 shape: (1,)
2025-06-13 04:47:13,067 - INFO -   True f = 0.1752
2025-06-13 04:47:13,095 - INFO - Iter time: 3.92s
2025-06-13 04:47:13,095 - INFO - 
--- Iter 76 (train size=86) ---
2025-06-13 04:47:16,745 - INFO - Selected Cc1ccc(C)c(OCCCC(C)(C)C(=O)NS(=O)(=O)c2ccccc2)c1 → EI = 0.2733
f1 shape: (1,)
2025-06-13 04:47:16,746 - INFO -   True f = 0.3138
2025-06-13 04:47:16,775 - INFO - Iter time: 3.68s
2025-06-13 04:47:16,776 - INFO - 
--- Iter 77 (train size=87) ---
2025-06-13 04:47:20,540 - INFO - Selected COc1ccc(CC(C(=NOCCCCC(=O)O)C2CCCCC2)n2ccnc2)cc1 → EI = 0.2723
f1 shape: (1,)
2025-06-13 04:47:20,541 - INFO -   True f = 0.4287
2025-06-13 04:47:20,571 - INFO - Iter time: 3.80s
2025-06-13 04:47:20,571 - INFO - 
--- Iter 78 (train size=88) ---
2025-06-13 04:47:24,394 - INFO - Selected COC(=O)C(Cc1ccc(OP(=O)(Oc2ccc(CC(NC(C)=O)C(=O)OC)cc2)C2CCCN2C(=O)C2CCCN2)cc1)NC(C)=O → EI = 0.2747
f1 shape: (1,)
2025-06-13 04:47:24,395 - INFO -   True f = 0.4301
2025-06-13 04:47:24,426 - INFO - Iter time: 3.86s
2025-06-13 04:47:24,426 - INFO - 
--- Iter 79 (train size=89) ---
2025-06-13 04:47:28,138 - INFO - Selected COc1ccc(CC(NC(=O)C(C)NC(=O)CN2CCOCC2)C(=O)NC(CC2CCCCC2)C(=O)C2(C)CO2)cc1 → EI = 0.2756
f1 shape: (1,)
2025-06-13 04:47:28,139 - INFO -   True f = 0.1754
2025-06-13 04:47:28,170 - INFO - Iter time: 3.74s
2025-06-13 04:47:28,170 - INFO - 
--- Iter 80 (train size=90) ---
2025-06-13 04:47:32,072 - INFO - Selected COC(=O)C1C(=O)C(C(=O)OC)C(c2ccccn2)N(CCCO)C1c1ccccn1 → EI = 0.2731
f1 shape: (1,)
2025-06-13 04:47:32,073 - INFO -   True f = 0.3586
2025-06-13 04:47:32,104 - INFO - Iter time: 3.93s
2025-06-13 04:47:32,104 - INFO - 
--- Iter 81 (train size=91) ---
2025-06-13 04:47:36,086 - INFO - Selected CC(=O)NC(Cc1ccccc1)C(=O)N1CCCC1C(=O)NC(CCCn1ccnc1)B1OC2CC3CC(C3(C)C)C2(C)O1 → EI = 0.2733
f1 shape: (1,)
2025-06-13 04:47:36,087 - INFO -   True f = 0.4581
2025-06-13 04:47:36,120 - INFO - Iter time: 4.02s
2025-06-13 04:47:36,120 - INFO - 
--- Iter 82 (train size=92) ---
2025-06-13 04:47:40,253 - INFO - Selected CC(C)C(NC(=O)OC(C)(C)C)C(=O)N1CCCC1C(=O)NC(C(C)C)P(=O)(Oc1ccccc1)Oc1ccccc1 → EI = 0.2753
f1 shape: (1,)
2025-06-13 04:47:40,254 - INFO -   True f = 0.4031
2025-06-13 04:47:40,287 - INFO - Iter time: 4.17s
2025-06-13 04:47:40,287 - INFO - 
--- Iter 83 (train size=93) ---
2025-06-13 04:47:44,346 - INFO - Selected O=[N+]([O-])c1ccc(OC2CCCCC2Cn2ccnc2)cc1 → EI = 0.2744
f1 shape: (1,)
2025-06-13 04:47:44,347 - INFO -   True f = 0.3667
2025-06-13 04:47:44,380 - INFO - Iter time: 4.09s
2025-06-13 04:47:44,380 - INFO - 
--- Iter 84 (train size=94) ---
2025-06-13 04:47:48,268 - INFO - Selected CC(=O)NC(C)c1ccc(OC2CCN(c3ccnc(OC4CCCCC4)c3)C2)cc1 → EI = 0.2743
f1 shape: (1,)
2025-06-13 04:47:48,269 - INFO -   True f = 0.4082
2025-06-13 04:47:48,303 - INFO - Iter time: 3.92s
2025-06-13 04:47:48,303 - INFO - 
--- Iter 85 (train size=95) ---
2025-06-13 04:47:52,418 - INFO - Selected CCC(NC(=O)C1CC(S(=O)(=O)c2ccc(F)cc2Cl)CN1C(=O)C1(c2ccc(Cl)cc2)CC1)C(=O)C(=O)NC1CC1 → EI = 0.2743
f1 shape: (1,)
2025-06-13 04:47:52,420 - INFO -   True f = 0.4223
2025-06-13 04:47:52,454 - INFO - Iter time: 4.15s
2025-06-13 04:47:52,454 - INFO - 
--- Iter 86 (train size=96) ---
2025-06-13 04:47:56,565 - INFO - Selected CCOC(=O)C(Cc1ccc(NC(=O)c2c(Cl)cncc2Cl)cc1)NC(=O)C1CC(NC2CCC2)CN1S(=O)(=O)c1cccc(C#N)c1 → EI = 0.2764
f1 shape: (1,)
2025-06-13 04:47:56,566 - INFO -   True f = 0.1726
2025-06-13 04:47:56,601 - INFO - Iter time: 4.15s
2025-06-13 04:47:56,601 - INFO - 
--- Iter 87 (train size=97) ---
2025-06-13 04:48:00,614 - INFO - Selected CC1CN(C(=O)C2CN(CC3CC3)CC2c2ccc(F)cc2F)CC(C)C1(O)c1ccccc1 → EI = 0.2751
f1 shape: (1,)
2025-06-13 04:48:00,616 - INFO -   True f = 0.3487
2025-06-13 04:48:00,652 - INFO - Iter time: 4.05s
2025-06-13 04:48:00,652 - INFO - 
--- Iter 88 (train size=98) ---
2025-06-13 04:48:04,881 - INFO - Selected CN1C2CCC1CC(NC(=O)c1cccc3ccccc13)C2 → EI = 0.2745
f1 shape: (1,)
2025-06-13 04:48:04,882 - INFO -   True f = 0.3667
2025-06-13 04:48:04,919 - INFO - Iter time: 4.27s
2025-06-13 04:48:04,919 - INFO - 
--- Iter 89 (train size=99) ---
2025-06-13 04:48:09,358 - INFO - Selected CCC(CC)(CNC(=O)C1CCN(CCOc2ccccc2)CC1)c1ccc(F)cc1 → EI = 0.2747
f1 shape: (1,)
2025-06-13 04:48:09,359 - INFO -   True f = 0.378
2025-06-13 04:48:09,396 - INFO - Iter time: 4.48s
2025-06-13 04:48:09,396 - INFO - 
--- Iter 90 (train size=100) ---
2025-06-13 04:48:13,716 - INFO - Selected C=C(C)C1CCC2C(CCC3(C)C(C(C)CCC(=O)Nc4ccc(F)cc4)CCC23)C1(C)CCC(=O)Nc1ccc(F)cc1 → EI = 0.2751
f1 shape: (1,)
2025-06-13 04:48:13,717 - INFO -   True f = 0.4021
2025-06-13 04:48:13,755 - INFO - Iter time: 4.36s
2025-06-13 04:48:13,755 - INFO - 
--- Iter 91 (train size=101) ---
2025-06-13 04:48:17,904 - INFO - Selected CC12CCC(OC(=O)COCC(=O)O)CC1=CCC1C2CCC2(C)C(n3cnc4ccccc43)=CCC12 → EI = 0.2762
f1 shape: (1,)
2025-06-13 04:48:17,906 - INFO -   True f = 0.3961
2025-06-13 04:48:17,944 - INFO - Iter time: 4.19s
2025-06-13 04:48:17,944 - INFO - 
--- Iter 92 (train size=102) ---
2025-06-13 04:48:22,350 - INFO - Selected CC(C)(C)c1ccc(CC(=O)N2CCC2(C)C(=O)NS(=O)(=O)c2cccc(F)c2)cc1 → EI = 0.2761
f1 shape: (1,)
2025-06-13 04:48:22,351 - INFO -   True f = 0.3273
2025-06-13 04:48:22,390 - INFO - Iter time: 4.45s
2025-06-13 04:48:22,391 - INFO - 
--- Iter 93 (train size=103) ---
2025-06-13 04:48:26,826 - INFO - Selected CCOP(=O)(OCC)C(CNc1ccc(NC(=S)NC(=O)C2(C)CCCC3(C)c4ccc(C(C)C)cc4CCC23)cc1)P(=O)(OCC)OCC → EI = 0.276
f1 shape: (1,)
2025-06-13 04:48:26,828 - INFO -   True f = 0.3933
2025-06-13 04:48:26,868 - INFO - Iter time: 4.48s
2025-06-13 04:48:26,868 - INFO - 
--- Iter 94 (train size=104) ---
2025-06-13 04:48:31,555 - INFO - Selected Cc1ccccc1COc1ccc2c(c1)C1(C)CCCC(C)(C(=O)O)C1CC2 → EI = 0.2787
f1 shape: (1,)
2025-06-13 04:48:31,556 - INFO -   True f = 0.3693
2025-06-13 04:48:31,596 - INFO - Iter time: 4.73s
2025-06-13 04:48:31,596 - INFO - 
--- Iter 95 (train size=105) ---
2025-06-13 04:48:36,226 - INFO - Selected CCOc1cc(NC(=O)N2CCC(O)(CC(CC)CC)CC2)cc(Oc2ccc(F)cc2)c1 → EI = 0.2779
f1 shape: (1,)
2025-06-13 04:48:36,227 - INFO -   True f = 0.3832
2025-06-13 04:48:36,268 - INFO - Iter time: 4.67s
2025-06-13 04:48:36,268 - INFO - 
--- Iter 96 (train size=106) ---
2025-06-13 04:48:40,712 - INFO - Selected CCCOc1ccc(N2CCC(Oc3ccc(C(C)C(O)=NCC)cc3)C2)cc1 → EI = 0.2786
f1 shape: (1,)
2025-06-13 04:48:40,714 - INFO -   True f = 0.3974
2025-06-13 04:48:40,925 - INFO - Iter time: 4.66s
2025-06-13 04:48:40,925 - INFO - 
--- Iter 97 (train size=107) ---
2025-06-13 04:48:45,577 - INFO - Selected CCCS(=O)(=O)NCC(=O)Nc1ccc2c(c1)C(C1(c3ccc(Cl)cc3)CCC1)NCC2 → EI = 0.2787
f1 shape: (1,)
2025-06-13 04:48:45,578 - INFO -   True f = 0.3658
2025-06-13 04:48:45,621 - INFO - Iter time: 4.70s
2025-06-13 04:48:45,621 - INFO - 
--- Iter 98 (train size=108) ---
2025-06-13 04:48:50,329 - INFO - Selected CCOc1ccc(NC(=O)N2CCC(NC(=O)C(Cc3ccccc3OC)NC(C)=O)CC2)cc1 → EI = 0.2781
f1 shape: (1,)
2025-06-13 04:48:50,330 - INFO -   True f = 0.4441
2025-06-13 04:48:50,373 - INFO - Iter time: 4.75s
2025-06-13 04:48:50,373 - INFO - 
--- Iter 99 (train size=109) ---
2025-06-13 04:48:55,334 - INFO - Selected CCOC(=O)C1=C(Nc2ccccc2)CC(C)(O)C(C(=O)OCC)C1c1ccc(Br)cc1 → EI = 0.2786
f1 shape: (1,)
2025-06-13 04:48:55,336 - INFO -   True f = 0.3993
2025-06-13 04:48:55,380 - INFO - Iter time: 5.01s
2025-06-13 04:48:55,380 - INFO - 
--- Iter 100 (train size=110) ---
2025-06-13 04:49:00,226 - INFO - Selected C=CCN1C=C(C(=O)OCC)C(c2ccc(O)cc2)C(C(=O)OCC)=C1 → EI = 0.2794
f1 shape: (1,)
2025-06-13 04:49:00,227 - INFO -   True f = 0.1483
2025-06-13 04:49:00,272 - INFO - Iter time: 4.89s
2025-06-13 04:49:00,272 - INFO - 
--- Iter 101 (train size=111) ---
2025-06-13 04:49:04,925 - INFO - Selected COc1ccc(C#Cc2ccc3c(c2)C2C(CCN2C(=O)C2CCC2)C(CO)N3)cc1 → EI = 0.278
f1 shape: (1,)
2025-06-13 04:49:04,926 - INFO -   True f = 0.3671
2025-06-13 04:49:04,972 - INFO - Iter time: 4.70s
2025-06-13 04:49:04,972 - INFO - 
--- Iter 102 (train size=112) ---
2025-06-13 04:49:09,873 - INFO - Selected CCCN(CCC)C1CCc2cc(CN(C(C)=O)c3ccc(OC)cc3)ccc2C1 → EI = 0.2787
f1 shape: (1,)
2025-06-13 04:49:09,874 - INFO -   True f = 0.3612
2025-06-13 04:49:09,921 - INFO - Iter time: 4.95s
2025-06-13 04:49:09,921 - INFO - 
--- Iter 103 (train size=113) ---
2025-06-13 04:49:14,860 - INFO - Selected NCc1ccc(Cl)cc1CN=C(O)C1CCCN1C(=O)C1(O)CCc2cccnc21 → EI = 0.2778
f1 shape: (1,)
2025-06-13 04:49:14,861 - INFO -   True f = 0.3612
2025-06-13 04:49:14,909 - INFO - Iter time: 4.99s
2025-06-13 04:49:14,909 - INFO - 
--- Iter 104 (train size=114) ---
2025-06-13 04:49:19,662 - INFO - Selected CC12CCN(CCc3ccccc3)C(Cc3ccc(O)cc31)C2(C)O → EI = 0.2772
f1 shape: (1,)
2025-06-13 04:49:19,663 - INFO -   True f = 0.2752
2025-06-13 04:49:19,712 - INFO - Iter time: 4.80s
2025-06-13 04:49:19,712 - INFO - 
--- Iter 105 (train size=115) ---
2025-06-13 04:49:24,769 - INFO - Selected COc1cccc(CNC(=O)C2CCCN2C(=O)C2CCCN2C(=O)c2ccc(Cl)cc2)c1 → EI = 0.2768
f1 shape: (1,)
2025-06-13 04:49:24,770 - INFO -   True f = 0.4325
2025-06-13 04:49:24,820 - INFO - Iter time: 5.11s
2025-06-13 04:49:24,820 - INFO - 
--- Iter 106 (train size=116) ---
2025-06-13 04:49:29,908 - INFO - Selected COc1ccc(N2CCN(S(=O)(=O)CCNC(=O)COc3cccc(OC)c3)CC2)cc1 → EI = 0.2773
f1 shape: (1,)
2025-06-13 04:49:29,909 - INFO -   True f = 0.3424
2025-06-13 04:49:29,959 - INFO - Iter time: 5.14s
2025-06-13 04:49:29,959 - INFO - 
--- Iter 107 (train size=117) ---
2025-06-13 04:49:35,054 - INFO - Selected CN(C)CCC(=O)OC1(c2ccc(Cl)cc2)CCN(CCCC(=O)c2ccc(F)cc2)CC1 → EI = 0.2771
f1 shape: (1,)
2025-06-13 04:49:35,055 - INFO -   True f = 0.3401
2025-06-13 04:49:35,107 - INFO - Iter time: 5.15s
2025-06-13 04:49:35,107 - INFO - 
--- Iter 108 (train size=118) ---
2025-06-13 04:49:40,250 - INFO - Selected Cc1ccc(S(=O)(=O)N2CCC(C(=O)OCC(=O)NC(C)c3ccc(F)cc3)CC2)cc1C → EI = 0.2768
f1 shape: (1,)
2025-06-13 04:49:40,251 - INFO -   True f = 0.417
2025-06-13 04:49:40,303 - INFO - Iter time: 5.20s
2025-06-13 04:49:40,303 - INFO - 
--- Iter 109 (train size=119) ---
2025-06-13 04:49:45,520 - INFO - Selected O=C(Nc1ccccc1)C1CCCN(C(=O)c2ccc(F)cc2)C1 → EI = 0.2772
f1 shape: (1,)
2025-06-13 04:49:45,521 - INFO -   True f = 0.3464
2025-06-13 04:49:45,574 - INFO - Iter time: 5.27s
2025-06-13 04:49:45,574 - INFO - 
--- Iter 110 (train size=120) ---
2025-06-13 04:49:50,849 - INFO - Selected CCN(CC)C(=O)Nc1ccc(C(F)(F)F)cc1C(=O)NCC(=O)NC1CCCCC1CS(=O)(=O)c1ccc(SC)cc1 → EI = 0.2774
f1 shape: (1,)
2025-06-13 04:49:50,850 - INFO -   True f = 0.4344
2025-06-13 04:49:50,904 - INFO - Iter time: 5.33s
2025-06-13 04:49:50,904 - INFO - 
--- Iter 111 (train size=121) ---
2025-06-13 04:49:55,958 - INFO - Selected CC(=O)Nc1ccc(NC(=O)COC(=O)c2ccccc2SCC(=O)N2CCCC2)cc1 → EI = 0.2769
f1 shape: (1,)
2025-06-13 04:49:55,959 - INFO -   True f = 0.3964
2025-06-13 04:49:56,013 - INFO - Iter time: 5.11s
2025-06-13 04:49:56,013 - INFO - 
--- Iter 112 (train size=122) ---
2025-06-13 04:50:01,569 - INFO - Selected COc1cc(CN2CCCC(C(=O)c3ccccc3SC)C2)cc(OC)c1 → EI = 0.2775
f1 shape: (1,)
2025-06-13 04:50:01,570 - INFO -   True f = 0.3482
2025-06-13 04:50:01,625 - INFO - Iter time: 5.61s
2025-06-13 04:50:01,625 - INFO - 
--- Iter 113 (train size=123) ---
2025-06-13 04:50:06,764 - INFO - Selected CN(C)C(=O)c1ccc(-c2ccc(C3C(CO)N4CCCCN(CC5CC5)CC34)cc2)cc1 → EI = 0.2769
f1 shape: (1,)
2025-06-13 04:50:06,766 - INFO -   True f = 0.3922
2025-06-13 04:50:06,822 - INFO - Iter time: 5.20s
2025-06-13 04:50:06,822 - INFO - 
--- Iter 114 (train size=124) ---
2025-06-13 04:50:12,203 - INFO - Selected Cc1ccccc1CC1(CO)CCCN(C(=O)c2ccccc2N(C)C)C1 → EI = 0.2773
f1 shape: (1,)
2025-06-13 04:50:12,204 - INFO -   True f = 0.3371
2025-06-13 04:50:12,261 - INFO - Iter time: 5.44s
2025-06-13 04:50:12,261 - INFO - 
--- Iter 115 (train size=125) ---
2025-06-13 04:50:17,966 - INFO - Selected CCCCN(CCCC)C(=O)CN1CC(c2ccc3c(c2)OCCO3)C(C(=O)O)C1c1ccc(OC)cc1 → EI = 0.2766
f1 shape: (1,)
2025-06-13 04:50:17,967 - INFO -   True f = 0.4122
2025-06-13 04:50:18,025 - INFO - Iter time: 5.76s
2025-06-13 04:50:18,025 - INFO - 
--- Iter 116 (train size=126) ---
2025-06-13 04:50:23,505 - INFO - Selected CCC(=O)N1CCc2cc(S(=O)(=O)CCC(=O)N(C)c3ccc(OC)cc3)ccc21 → EI = 0.279
f1 shape: (1,)
2025-06-13 04:50:23,506 - INFO -   True f = 0.3638
2025-06-13 04:50:23,565 - INFO - Iter time: 5.54s
2025-06-13 04:50:23,565 - INFO - 
--- Iter 117 (train size=127) ---
2025-06-13 04:50:28,835 - INFO - Selected CCCCCCC1C(=O)NC(C(=O)NCCCn2ccnc2)Cc2ccc(cc2)OCCCC1C(=O)NO → EI = 0.2785
f1 shape: (1,)
2025-06-13 04:50:28,836 - INFO -   True f = 0.4016
2025-06-13 04:50:28,896 - INFO - Iter time: 5.33s
2025-06-13 04:50:28,896 - INFO - 
--- Iter 118 (train size=128) ---
2025-06-13 04:50:34,676 - INFO - Selected CCCCCCCCNC(=O)N1CCC(Nc2ccc(CCNCC(O)COc3ccc(O)cc3)cc2)CC1 → EI = 0.2797
f1 shape: (1,)
2025-06-13 04:50:34,677 - INFO -   True f = 0.3589
2025-06-13 04:50:34,737 - INFO - Iter time: 5.84s
2025-06-13 04:50:34,737 - INFO - 
--- Iter 119 (train size=129) ---
2025-06-13 04:50:40,624 - INFO - Selected COc1ccc(NC(=O)C2C3C=CC4(O3)C2C(=O)N(CCCN2CCCCC2)C4C(=O)NC2CCCC(C)C2C)cc1 → EI = 0.2791
f1 shape: (1,)
2025-06-13 04:50:40,626 - INFO -   True f = 0.1525
2025-06-13 04:50:40,688 - INFO - Iter time: 5.95s
2025-06-13 04:50:40,688 - INFO - 
--- Iter 120 (train size=130) ---
2025-06-13 04:50:46,129 - INFO - Selected CCOc1ccc(N(C)S(=O)(=O)c2ccc3ncc(C(=O)NCC4CCCO4)c(O)c3c2)cc1 → EI = 0.2791
f1 shape: (1,)
2025-06-13 04:50:46,131 - INFO -   True f = 0.1357
2025-06-13 04:50:46,193 - INFO - Iter time: 5.51s
2025-06-13 04:50:46,193 - INFO - 
--- Iter 121 (train size=131) ---
2025-06-13 04:50:52,149 - INFO - Selected CN(C(=O)C1C(c2ccc(Cl)cc2)CC2CCC1N2C)c1ccccc1 → EI = 0.2778
f1 shape: (1,)
2025-06-13 04:50:52,150 - INFO -   True f = 0.3522
2025-06-13 04:50:52,216 - INFO - Iter time: 6.02s
2025-06-13 04:50:52,216 - INFO - 
--- Iter 122 (train size=132) ---
2025-06-13 04:50:58,002 - INFO - Selected CCCCCC(=O)NC(Cc1ccccc1)C(=O)NCCCCCCCCCCCC1Cc2cc(O)ccc2C2CCC3(C)C(O)CCC3C12 → EI = 0.2776
f1 shape: (1,)
2025-06-13 04:50:58,004 - INFO -   True f = 0.379
2025-06-13 04:50:58,068 - INFO - Iter time: 5.85s
2025-06-13 04:50:58,068 - INFO - 
--- Iter 123 (train size=133) ---
2025-06-13 04:51:03,664 - INFO - Selected CCCC(NC(=O)C(N)Cc1ccc(O)cc1)C(=O)N1CCCC1C(=O)NCC(=O)NC(Cc1ccccc1)C(=O)N1CCCC1C(=O)O → EI = 0.2775
f1 shape: (1,)
2025-06-13 04:51:03,665 - INFO -   True f = 0.488
2025-06-13 04:51:03,731 - INFO - Iter time: 5.66s
2025-06-13 04:51:03,731 - INFO - 
--- Iter 124 (train size=134) ---
2025-06-13 04:51:09,838 - INFO - Selected O=C(CCCCSCC1CCCN2CCCCC12)N1c2ccccc2Sc2ccccc21 → EI = 0.277
f1 shape: (1,)
2025-06-13 04:51:09,839 - INFO -   True f = 0.3806
2025-06-13 04:51:09,905 - INFO - Iter time: 6.17s
2025-06-13 04:51:09,905 - INFO - 
--- Iter 125 (train size=135) ---
2025-06-13 04:51:16,050 - INFO - Selected O=C(O)C1CCC(OCC2CC(F)CN2C(=O)Cc2ccc(NC(=O)N3CCc4ccccc43)c(Cl)c2)CC1 → EI = 0.2773
f1 shape: (1,)
2025-06-13 04:51:16,052 - INFO -   True f = 0.4264
2025-06-13 04:51:16,119 - INFO - Iter time: 6.21s
2025-06-13 04:51:16,119 - INFO - 
--- Iter 126 (train size=136) ---
2025-06-13 04:51:21,831 - INFO - Selected CC(=O)N1CC2(CCCCN2Cc2ccc(Cl)cc2)Cc2ccccc21 → EI = 0.2797
f1 shape: (1,)
2025-06-13 04:51:21,832 - INFO -   True f = 0.3126
2025-06-13 04:51:21,900 - INFO - Iter time: 5.78s
2025-06-13 04:51:21,901 - INFO - 
--- Iter 127 (train size=137) ---
2025-06-13 04:51:28,145 - INFO - Selected CCOc1ccc(CCNC(=O)C2Cc3ccccc3N2C(=O)CC)cc1OCC → EI = 0.2775
f1 shape: (1,)
2025-06-13 04:51:28,146 - INFO -   True f = 0.3944
2025-06-13 04:51:28,215 - INFO - Iter time: 6.31s
2025-06-13 04:51:28,215 - INFO - 
--- Iter 128 (train size=138) ---
2025-06-13 04:51:34,264 - INFO - Selected CCCOc1cc(CC2CS(=O)(=O)CC(NCc3cccc(C(C)(C)C)c3)C2O)ccc1N → EI = 0.2774
f1 shape: (1,)
2025-06-13 04:51:34,265 - INFO -   True f = 0.3536
2025-06-13 04:51:34,335 - INFO - Iter time: 6.12s
2025-06-13 04:51:34,335 - INFO - 
--- Iter 129 (train size=139) ---
2025-06-13 04:51:40,745 - INFO - Selected CC(C)(C)OC(=O)NC(Cc1ccccc1)C(O)CNCC(O)C(Cc1ccc(CCC(=O)N2CCOCC2)cc1)NC(=O)OC(C)(C)C → EI = 0.2776
f1 shape: (1,)
2025-06-13 04:51:40,746 - INFO -   True f = 0.3706
2025-06-13 04:51:40,818 - INFO - Iter time: 6.48s
2025-06-13 04:51:40,818 - INFO - 
--- Iter 130 (train size=140) ---
2025-06-13 04:51:46,709 - INFO - Selected COc1ccc(CCNC(=O)C(=O)C(CCCN=C(N)N)NC(=O)C2CCN3CCC(N)(Cc4ccccc4)CN23)cc1 → EI = 0.2777
f1 shape: (1,)
2025-06-13 04:51:46,710 - INFO -   True f = 0.4033
2025-06-13 04:51:46,783 - INFO - Iter time: 5.96s
2025-06-13 04:51:46,783 - INFO - 
--- Iter 131 (train size=141) ---
2025-06-13 04:51:53,245 - INFO - Selected CC(C)C(N)C(=O)OC(CC(Cc1ccccc1)C(=O)NC1c2ccccc2CC1O)CN1CCN(Cc2cccnc2)CC1C(=O)NC(C)(C)C → EI = 0.278
f1 shape: (1,)
2025-06-13 04:51:53,246 - INFO -   True f = 0.1502
2025-06-13 04:51:53,320 - INFO - Iter time: 6.54s
2025-06-13 04:51:53,320 - INFO - 
--- Iter 132 (train size=142) ---
2025-06-13 04:51:59,316 - INFO - Selected NC(=O)C(CO)NC(=O)C(CCC(=O)O)NC(=O)CCc1ccc(-c2ccccc2)cc1 → EI = 0.2769
f1 shape: (1,)
2025-06-13 04:51:59,317 - INFO -   True f = 0.3671
2025-06-13 04:51:59,395 - INFO - Iter time: 6.07s
2025-06-13 04:51:59,395 - INFO - 
--- Iter 133 (train size=143) ---
2025-06-13 04:52:05,919 - INFO - Selected COC(=O)C1CC(C(=O)c2ccccc2)C(=O)C2C1(C)CCC1C(=O)OC(c3ccoc3)CC12C → EI = 0.2767
f1 shape: (1,)
2025-06-13 04:52:05,920 - INFO -   True f = 0.3664
2025-06-13 04:52:05,995 - INFO - Iter time: 6.60s
2025-06-13 04:52:05,996 - INFO - 
--- Iter 134 (train size=144) ---
2025-06-13 04:52:12,609 - INFO - Selected C#CC1(O)CCC2C3CCC4CC(O)C(N5CCN(C(=O)C6CCCN6C(=O)c6ccc7ccccc7c6)CC5)CC4(C)C3CCC21C → EI = 0.2772
f1 shape: (1,)
2025-06-13 04:52:12,611 - INFO -   True f = 0.3612
2025-06-13 04:52:12,688 - INFO - Iter time: 6.69s
2025-06-13 04:52:12,688 - INFO - 
--- Iter 135 (train size=145) ---
2025-06-13 04:52:18,802 - INFO - Selected O=C(CSc1ccc(Br)cc1)N1CCN(C(=O)c2ccco2)CC1 → EI = 0.2771
f1 shape: (1,)
2025-06-13 04:52:18,803 - INFO -   True f = 0.3062
2025-06-13 04:52:18,885 - INFO - Iter time: 6.20s
2025-06-13 04:52:18,885 - INFO - 
--- Iter 136 (train size=146) ---
2025-06-13 04:52:25,576 - INFO - Selected CCCOC(=O)Nc1ccc(S(=O)(=O)N2CC(c3ccccc3)NC2=O)cc1CC → EI = 0.2767
f1 shape: (1,)
2025-06-13 04:52:25,577 - INFO -   True f = 0.3738
2025-06-13 04:52:25,656 - INFO - Iter time: 6.77s
2025-06-13 04:52:25,656 - INFO - 
--- Iter 137 (train size=147) ---
2025-06-13 04:52:32,122 - INFO - Selected NC(=O)C1CCN(C(=O)NCc2ccccc2Cn2ccnc2)CC1 → EI = 0.2766
f1 shape: (1,)
2025-06-13 04:52:32,123 - INFO -   True f = 0.3673
2025-06-13 04:52:32,204 - INFO - Iter time: 6.55s
2025-06-13 04:52:32,204 - INFO - 
--- Iter 138 (train size=148) ---
2025-06-13 04:52:38,723 - INFO - Selected CCC(C)(C)C(=O)C(=O)N1CCCCC1C(=O)OCCCc1cc(OC)ccc1OC → EI = 0.2765
f1 shape: (1,)
2025-06-13 04:52:38,724 - INFO -   True f = 0.1758
2025-06-13 04:52:38,804 - INFO - Iter time: 6.60s
2025-06-13 04:52:38,804 - INFO - 
--- Iter 139 (train size=149) ---
2025-06-13 04:52:45,600 - INFO - Selected O=C(Nc1ccc2c(c1)OCCO2)C1CC(O)CN1C(=O)Nc1ccccc1 → EI = 0.277
f1 shape: (1,)
2025-06-13 04:52:45,601 - INFO -   True f = 0.3549
2025-06-13 04:52:45,683 - INFO - Iter time: 6.88s
2025-06-13 04:52:45,683 - INFO - 
--- Iter 140 (train size=150) ---
2025-06-13 04:52:52,794 - INFO - Selected O=C(O)C1CCCC(c2ccc3ccccc3c2)O1 → EI = 0.2771
f1 shape: (1,)
2025-06-13 04:52:52,795 - INFO -   True f = 0.3536
2025-06-13 04:52:52,877 - INFO - Iter time: 7.19s
2025-06-13 04:52:52,877 - INFO - 
--- Iter 141 (train size=151) ---
2025-06-13 04:52:59,243 - INFO - Selected O=S(=O)(c1ccccc1Cl)N1CCC(N2CCC(O)(c3ccc(Br)cc3)CC2)CC1 → EI = 0.2766
f1 shape: (1,)
2025-06-13 04:52:59,244 - INFO -   True f = 0.2887
2025-06-13 04:52:59,327 - INFO - Iter time: 6.45s
2025-06-13 04:52:59,327 - INFO - 
--- Iter 142 (train size=152) ---
2025-06-13 04:53:06,280 - INFO - Selected Cc1nn(-c2ccc(C(N)=O)c(NC3CC4CCCC(C3)C4NCc3ccccc3)c2)c2c1C(=O)CC(C)(C)C2 → EI = 0.2762
f1 shape: (1,)
2025-06-13 04:53:06,281 - INFO -   True f = 0.142
2025-06-13 04:53:06,366 - INFO - Iter time: 7.04s
2025-06-13 04:53:06,366 - INFO - 
--- Iter 143 (train size=153) ---
2025-06-13 04:53:12,778 - INFO - Selected O=C(NC1CC1c1ccccc1)N1CCC(Oc2ncccn2)CC1 → EI = 0.2755
f1 shape: (1,)
2025-06-13 04:53:12,779 - INFO -   True f = 0.3644
2025-06-13 04:53:12,866 - INFO - Iter time: 6.50s
2025-06-13 04:53:12,866 - INFO - 
--- Iter 144 (train size=154) ---
2025-06-13 04:53:20,202 - INFO - Selected O=C(O)CC=Cc1ccc(C(=C2C3CCCC2CCC3)c2ccc(O)cc2)cc1 → EI = 0.2753
f1 shape: (1,)
2025-06-13 04:53:20,203 - INFO -   True f = 0.3625
2025-06-13 04:53:20,289 - INFO - Iter time: 7.42s
2025-06-13 04:53:20,289 - INFO - 
--- Iter 145 (train size=155) ---
2025-06-13 04:53:26,841 - INFO - Selected CC(C)CC1(C(=O)NC(C)C)CC(C(=O)O)C(c2cccs2)N1C(=O)c1ccc(C(F)(F)F)cc1 → EI = 0.2754
f1 shape: (1,)
2025-06-13 04:53:26,842 - INFO -   True f = 0.4126
2025-06-13 04:53:26,930 - INFO - Iter time: 6.64s
2025-06-13 04:53:26,930 - INFO - 
--- Iter 146 (train size=156) ---
2025-06-13 04:53:34,046 - INFO - Selected O=C(O)COCCCCC1C(F)CCC1NS(=O)(=O)c1ccccc1[N+](=O)[O-] → EI = 0.2752
f1 shape: (1,)
2025-06-13 04:53:34,047 - INFO -   True f = 0.1412
2025-06-13 04:53:34,136 - INFO - Iter time: 7.21s
2025-06-13 04:53:34,136 - INFO - 
--- Iter 147 (train size=157) ---
2025-06-13 04:53:41,203 - INFO - Selected CCC(O)(CC)c1ccccc1N1CCN(C(=O)C(Cc2ccc(Cl)cc2Cl)NC(=O)N2CCCC2=O)CC1 → EI = 0.2755
f1 shape: (1,)
2025-06-13 04:53:41,204 - INFO -   True f = 0.4109
2025-06-13 04:53:41,294 - INFO - Iter time: 7.16s
2025-06-13 04:53:41,295 - INFO - 
--- Iter 148 (train size=158) ---
2025-06-13 04:53:48,223 - INFO - Selected CCNC(=O)C(c1ccccc1)N1CCN(c2ccc(NC(=O)C(CC)CC)cc2C#N)CC1 → EI = 0.2774
f1 shape: (1,)
2025-06-13 04:53:48,225 - INFO -   True f = 0.3895
2025-06-13 04:53:48,318 - INFO - Iter time: 7.02s
2025-06-13 04:53:48,318 - INFO - 
--- Iter 149 (train size=159) ---
2025-06-13 04:53:55,301 - INFO - Selected O=C(NCCC1=CCCCC1)C(=O)NCC(c1ccco1)N1CCN(c2ccccc2F)CC1 → EI = 0.2766
f1 shape: (1,)
2025-06-13 04:53:55,302 - INFO -   True f = 0.3547
2025-06-13 04:53:55,395 - INFO - Iter time: 7.08s
2025-06-13 04:53:55,395 - INFO - 
--- Iter 150 (train size=160) ---
2025-06-13 04:54:02,602 - INFO - Selected CCS(=O)(=O)NC(C)C(c1cccs1)N1CCN(c2ccc(F)cc2)CC1 → EI = 0.2767
f1 shape: (1,)
2025-06-13 04:54:02,603 - INFO -   True f = 0.3371
2025-06-13 04:54:02,696 - INFO - Iter time: 7.30s
2025-06-13 04:54:02,696 - INFO - 
--- Iter 151 (train size=161) ---
2025-06-13 04:54:10,307 - INFO - Selected CCC(CC)COC(=O)C1(C(=O)O)Oc2ccc(CC(C)NCC(O)c3cccc(Cl)c3)cc2O1 → EI = 0.2765
f1 shape: (1,)
2025-06-13 04:54:10,309 - INFO -   True f = 0.3882
2025-06-13 04:54:10,403 - INFO - Iter time: 7.71s
2025-06-13 04:54:10,403 - INFO - 
--- Iter 152 (train size=162) ---
2025-06-13 04:54:17,217 - INFO - Selected CCC(=C(CC)c1cccc(C(C)=O)c1)c1cccc(C(C)=O)c1 → EI = 0.2774
f1 shape: (1,)
2025-06-13 04:54:17,218 - INFO -   True f = 0.3374
2025-06-13 04:54:17,313 - INFO - Iter time: 6.91s
2025-06-13 04:54:17,313 - INFO - 
--- Iter 153 (train size=163) ---
2025-06-13 04:54:24,731 - INFO - Selected CCCN(CCC)C(=O)C1c2ccccc2Oc2ccccc21 → EI = 0.277
f1 shape: (1,)
2025-06-13 04:54:24,732 - INFO -   True f = 0.3098
2025-06-13 04:54:24,828 - INFO - Iter time: 7.52s
2025-06-13 04:54:24,829 - INFO - 
--- Iter 154 (train size=164) ---
2025-06-13 04:54:31,954 - INFO - Selected CCOC(=O)c1cccc(NC(=O)N2CCC(C(NC3CCC(c4c[nH]c5ccccc45)CC3)C(N)=O)CC2)c1 → EI = 0.2765
f1 shape: (1,)
2025-06-13 04:54:31,955 - INFO -   True f = 0.1581
2025-06-13 04:54:32,054 - INFO - Iter time: 7.23s
2025-06-13 04:54:32,054 - INFO - 
--- Iter 155 (train size=165) ---
2025-06-13 04:54:39,555 - INFO - Selected CN(C)C(C(=O)NCC1(Cn2cccn2)CC1)c1ccc(F)cc1 → EI = 0.2759
f1 shape: (1,)
2025-06-13 04:54:39,556 - INFO -   True f = 0.3086
2025-06-13 04:54:39,654 - INFO - Iter time: 7.60s
2025-06-13 04:54:39,654 - INFO - 
--- Iter 156 (train size=166) ---
2025-06-13 04:54:46,959 - INFO - Selected CCc1ccccc1NC(=O)Oc1ccc2c(c1)C1(C)CCN(C)OC1N2C → EI = 0.2756
f1 shape: (1,)
2025-06-13 04:54:46,960 - INFO -   True f = 0.3208
2025-06-13 04:54:47,062 - INFO - Iter time: 7.41s
2025-06-13 04:54:47,062 - INFO - 
--- Iter 157 (train size=167) ---
2025-06-13 04:54:54,326 - INFO - Selected CNCCN1C(=O)C(OC(C)=O)C(c2ccc(OC)cc2)Sc2ccccc21 → EI = 0.2754
f1 shape: (1,)
2025-06-13 04:54:54,327 - INFO -   True f = 0.3208
2025-06-13 04:54:54,428 - INFO - Iter time: 7.37s
2025-06-13 04:54:54,428 - INFO - 
--- Iter 158 (train size=168) ---
2025-06-13 04:55:02,056 - INFO - Selected CCCCC1(CC)CS(=O)(=O)c2cc(CNC(CO)C(=O)O)c(OC)cc2C(c2ccccc2)N1 → EI = 0.2753
f1 shape: (1,)
2025-06-13 04:55:02,057 - INFO -   True f = 0.3882
2025-06-13 04:55:02,159 - INFO - Iter time: 7.73s
2025-06-13 04:55:02,159 - INFO - 
--- Iter 159 (train size=169) ---
2025-06-13 04:55:09,497 - INFO - Selected CCC(CC)(c1ccc(F)cc1)c1ccc(C=CC(O)CC(O)CC(=O)O)c(C(C)C)c1 → EI = 0.2753
f1 shape: (1,)
2025-06-13 04:55:09,498 - INFO -   True f = 0.3357
2025-06-13 04:55:09,854 - INFO - Iter time: 7.70s
2025-06-13 04:55:09,855 - INFO - 
--- Iter 160 (train size=170) ---
2025-06-13 04:55:17,603 - INFO - Selected CC(C)c1cccc(C(C)C)c1OC(=O)NS(=O)(=O)N1CCc2ccccc21 → EI = 0.2752
f1 shape: (1,)
2025-06-13 04:55:17,604 - INFO -   True f = 0.3482
2025-06-13 04:55:17,709 - INFO - Iter time: 7.85s
2025-06-13 04:55:17,709 - INFO - 
--- Iter 161 (train size=171) ---
2025-06-13 04:55:25,177 - INFO - Selected O=C(O)C1(P(=O)(c2ccc(Cl)cc2)c2ccc(Cl)cc2)CCCC1 → EI = 0.2746
f1 shape: (1,)
2025-06-13 04:55:25,178 - INFO -   True f = 0.3086
2025-06-13 04:55:25,283 - INFO - Iter time: 7.57s
2025-06-13 04:55:25,284 - INFO - 
--- Iter 162 (train size=172) ---
2025-06-13 04:55:32,750 - INFO - Selected CCCCN(C)C(=O)c1c(F)cccc1OCC(=O)NC(CO)Cc1ccccc1 → EI = 0.2746
f1 shape: (1,)
2025-06-13 04:55:32,751 - INFO -   True f = 0.351
2025-06-13 04:55:32,857 - INFO - Iter time: 7.57s
2025-06-13 04:55:32,857 - INFO - 
--- Iter 163 (train size=173) ---
2025-06-13 04:55:40,427 - INFO - Selected CCCC1C(=O)N(C(Cc2ccc3ccccc3c2)C(=O)NC)CCN1C(=O)C(Cc1ccc(F)cc1)NC(=O)C1CCCCN1 → EI = 0.2744
f1 shape: (1,)
2025-06-13 04:55:40,428 - INFO -   True f = 0.1626
2025-06-13 04:55:40,536 - INFO - Iter time: 7.68s
2025-06-13 04:55:40,536 - INFO - 
--- Iter 164 (train size=174) ---
2025-06-13 04:55:48,450 - INFO - Selected O=C(COC(=O)C1CCCN1C(=O)c1cccs1)NCCc1ccccc1 → EI = 0.2742
f1 shape: (1,)
2025-06-13 04:55:48,451 - INFO -   True f = 0.4272
2025-06-13 04:55:48,560 - INFO - Iter time: 8.02s
2025-06-13 04:55:48,560 - INFO - 
--- Iter 165 (train size=175) ---
2025-06-13 04:55:56,558 - INFO - Selected O=P(O)(O)C(Nc1cc(-c2ccc(OC3CC3)cc2)ccn1)P(=O)(O)O → EI = 0.2741
f1 shape: (1,)
2025-06-13 04:55:56,559 - INFO -   True f = 0.2898
2025-06-13 04:55:56,669 - INFO - Iter time: 8.11s
2025-06-13 04:55:56,669 - INFO - 
--- Iter 166 (train size=176) ---
2025-06-13 04:56:04,022 - INFO - Selected CC(C)NC(=O)CSc1ccccc1C(=O)N1CCN(S(=O)(=O)C=Cc2ccccc2)CC1 → EI = 0.2741
f1 shape: (1,)
2025-06-13 04:56:04,023 - INFO -   True f = 0.3511
2025-06-13 04:56:04,135 - INFO - Iter time: 7.47s
2025-06-13 04:56:04,135 - INFO - 
--- Iter 167 (train size=177) ---
2025-06-13 04:56:12,139 - INFO - Selected COC(=O)C1CCN(C(=NO)c2cccnc2Oc2ccccc2OC)CC1 → EI = 0.2739
f1 shape: (1,)
2025-06-13 04:56:12,140 - INFO -   True f = 0.3443
2025-06-13 04:56:12,256 - INFO - Iter time: 8.12s
2025-06-13 04:56:12,256 - INFO - 
--- Iter 168 (train size=178) ---
2025-06-13 04:56:20,337 - INFO - Selected NC(=O)C1CCN(CCc2ccc(NCc3ccsc3)cc2)CC1 → EI = 0.2732
f1 shape: (1,)
2025-06-13 04:56:20,338 - INFO -   True f = 0.345
2025-06-13 04:56:20,451 - INFO - Iter time: 8.20s
2025-06-13 04:56:20,452 - INFO - 
--- Iter 169 (train size=179) ---
2025-06-13 04:56:28,888 - INFO - Selected CSCCC(NC(=O)C1CCCN1C(=O)C(NC(=O)C(Cc1ccc(C(F)(F)P(=O)(O)O)cc1)NC(C)=O)C(C)C)C(N)=O → EI = 0.273
f1 shape: (1,)
2025-06-13 04:56:28,890 - INFO -   True f = 0.1635
2025-06-13 04:56:29,006 - INFO - Iter time: 8.55s
2025-06-13 04:56:29,006 - INFO - 
--- Iter 170 (train size=180) ---
2025-06-13 04:56:36,881 - INFO - Selected CCCCNC(=O)Oc1ccc(CC(=O)N2CCN(Cc3ccccc3)CC2)cc1 → EI = 0.2741
f1 shape: (1,)
2025-06-13 04:56:36,882 - INFO -   True f = 0.3697
2025-06-13 04:56:36,999 - INFO - Iter time: 7.99s
2025-06-13 04:56:36,999 - INFO - 
--- Iter 171 (train size=181) ---
2025-06-13 04:56:44,541 - INFO - Selected CC(C)(C)[Si](C)(C)OCc1ccccc1C=CC(=O)CC(=O)C=Cc1ccc(O)cc1 → EI = 0.2741
f1 shape: (1,)
2025-06-13 04:56:44,542 - INFO -   True f = 0.3015
2025-06-13 04:56:44,660 - INFO - Iter time: 7.66s
2025-06-13 04:56:44,660 - INFO - 
--- Iter 172 (train size=182) ---
2025-06-13 04:56:52,875 - INFO - Selected C=CC(=O)NCCC1CC(c2ccccc2)Cc2ccc(OC)cc21 → EI = 0.2735
f1 shape: (1,)
2025-06-13 04:56:52,876 - INFO -   True f = 0.3162
2025-06-13 04:56:52,996 - INFO - Iter time: 8.34s
2025-06-13 04:56:52,996 - INFO - 
--- Iter 173 (train size=183) ---
2025-06-13 04:57:01,262 - INFO - Selected C=C(C)C1CCC2(C(=O)OCc3ccccc3)CCC3(C)C(CCC4C5(C)CCC(=NNS(=O)(=O)c6ccc(C)cc6)C(C)(CO)C5CCC43C)C12 → EI = 0.2732
f1 shape: (1,)
2025-06-13 04:57:01,263 - INFO -   True f = 0.3618
2025-06-13 04:57:01,655 - INFO - Iter time: 8.66s
2025-06-13 04:57:01,656 - INFO - 
--- Iter 174 (train size=184) ---
2025-06-13 04:57:09,999 - INFO - Selected CC(C)(C)OC(=O)NCCNC(=O)CN1CN(c2ccccc2)C2(CCN(C(=O)c3ccc(C4CCCCC4)cc3)CC2)C1=O → EI = 0.2736
f1 shape: (1,)
2025-06-13 04:57:10,001 - INFO -   True f = 0.4213
2025-06-13 04:57:10,124 - INFO - Iter time: 8.47s
2025-06-13 04:57:10,125 - INFO - 
--- Iter 175 (train size=185) ---
2025-06-13 04:57:18,194 - INFO - Selected O=C(Cn1c(=O)sc2ccc(Cl)cc21)N1CCCC(c2ccccc2)C1CN1CCCC1 → EI = 0.2729
f1 shape: (1,)
2025-06-13 04:57:18,195 - INFO -   True f = 0.1251
2025-06-13 04:57:18,318 - INFO - Iter time: 8.19s
2025-06-13 04:57:18,318 - INFO - 
--- Iter 176 (train size=186) ---
2025-06-13 04:57:27,091 - INFO - Selected Cc1ccc(C(=O)N2CCCC(CCC(=O)NCc3ccccc3F)C2)cn1 → EI = 0.2728
f1 shape: (1,)
2025-06-13 04:57:27,092 - INFO -   True f = 0.3794
2025-06-13 04:57:27,216 - INFO - Iter time: 8.90s
2025-06-13 04:57:27,216 - INFO - 
--- Iter 177 (train size=187) ---
2025-06-13 04:57:35,429 - INFO - Selected NS(=O)(=O)c1ccccc1NC(=O)CN(CCOCCOCCN(CC(=O)O)CC(=O)Nc1ccccc1S(N)(=O)=O)CC(=O)O → EI = 0.2725
f1 shape: (1,)
2025-06-13 04:57:35,430 - INFO -   True f = 0.2973
2025-06-13 04:57:35,557 - INFO - Iter time: 8.34s
2025-06-13 04:57:35,557 - INFO - 
--- Iter 178 (train size=188) ---
2025-06-13 04:57:43,770 - INFO - Selected CCC(CC)NC(=O)CON=C1c2ccccc2-c2ccccc21 → EI = 0.2726
f1 shape: (1,)
2025-06-13 04:57:43,771 - INFO -   True f = 0.3199
2025-06-13 04:57:43,898 - INFO - Iter time: 8.34s
2025-06-13 04:57:43,898 - INFO - 
--- Iter 179 (train size=189) ---
2025-06-13 04:57:52,156 - INFO - Selected CC(=O)OC1CCC(C)(O)C23OC(C)(C)C(C(OC(=O)C=Cc4ccccc4)C(OC(=O)c4ccccc4)C12C)C3OC(=O)CCC(=O)OC1CCCCC1O → EI = 0.2724
f1 shape: (1,)
2025-06-13 04:57:52,158 - INFO -   True f = 0.3902
2025-06-13 04:57:52,286 - INFO - Iter time: 8.39s
2025-06-13 04:57:52,286 - INFO - 
--- Iter 180 (train size=190) ---
2025-06-13 04:58:00,570 - INFO - Selected COC(=O)CC1C2(C)COC3(O)C(C=C4C(CCC5(C)C(c6ccoc6)OC(=O)CC45O)C13C)C2OC(=O)C=Cc1ccccc1 → EI = 0.2728
f1 shape: (1,)
2025-06-13 04:58:00,572 - INFO -   True f = 0.3425
2025-06-13 04:58:00,701 - INFO - Iter time: 8.42s
2025-06-13 04:58:00,702 - INFO - 
--- Iter 181 (train size=191) ---
2025-06-13 04:58:09,351 - INFO - Selected COc1ccc(-c2ccccc2)cc1NC(=O)C1OC(CO)C(O)C(O)C1O → EI = 0.2726
f1 shape: (1,)
2025-06-13 04:58:09,352 - INFO -   True f = 0.2823
2025-06-13 04:58:09,483 - INFO - Iter time: 8.78s
2025-06-13 04:58:09,483 - INFO - 
--- Iter 182 (train size=192) ---
2025-06-13 04:58:18,153 - INFO - Selected CCOC(=O)C12CCCC=C1N(Cc1ccccc1)C(=O)C(CC(=O)NCC13CC4CC(CC(C4)C1)C3)C2 → EI = 0.2724
f1 shape: (1,)
2025-06-13 04:58:18,155 - INFO -   True f = 0.1574
2025-06-13 04:58:18,288 - INFO - Iter time: 8.80s
2025-06-13 04:58:18,288 - INFO - 
--- Iter 183 (train size=193) ---
2025-06-13 04:58:27,086 - INFO - Selected CC(C)(O)C(NC(=O)N1CCN(c2ccc(C#Cc3ccccc3)cc2)CC1)C(=O)NO → EI = 0.2725
f1 shape: (1,)
2025-06-13 04:58:27,088 - INFO -   True f = 0.3322
2025-06-13 04:58:27,228 - INFO - Iter time: 8.94s
2025-06-13 04:58:27,228 - INFO - 
--- Iter 184 (train size=194) ---
2025-06-13 04:58:36,026 - INFO - Selected CC(=O)Oc1cccc(C=NNC(=O)C(=O)NN=Cc2cccc(OC(C)=O)c2)c1 → EI = 0.2724
f1 shape: (1,)
2025-06-13 04:58:36,027 - INFO -   True f = 0.3026
2025-06-13 04:58:36,162 - INFO - Iter time: 8.93s
2025-06-13 04:58:36,162 - INFO - 
--- Iter 185 (train size=195) ---
2025-06-13 04:58:44,651 - INFO - Selected COC(=O)C1=C(C)N=C(C)C(=C(O)OC)C1c1cccc(NC(=NCCNC2CCN(c3ccccc3SC)CC2)NC#N)c1 → EI = 0.2722
f1 shape: (1,)
2025-06-13 04:58:44,652 - INFO -   True f = 0.3625
2025-06-13 04:58:44,789 - INFO - Iter time: 8.63s
2025-06-13 04:58:44,789 - INFO - 
--- Iter 186 (train size=196) ---
2025-06-13 04:58:54,089 - INFO - Selected COc1cccc(C(=O)NC2(C(=O)c3cccc(C)c3)CCCC2)c1C → EI = 0.2723
f1 shape: (1,)
2025-06-13 04:58:54,090 - INFO -   True f = 0.3659
2025-06-13 04:58:54,228 - INFO - Iter time: 9.44s
2025-06-13 04:58:54,228 - INFO - 
--- Iter 187 (train size=197) ---
2025-06-13 04:59:02,790 - INFO - Selected COc1cc(C(=O)O)ccc1Cn1ccc2ccc(NC(=O)OC3CCC3)cc21 → EI = 0.2725
f1 shape: (1,)
2025-06-13 04:59:02,791 - INFO -   True f = 0.1427
2025-06-13 04:59:02,933 - INFO - Iter time: 8.70s
2025-06-13 04:59:02,933 - INFO - 
--- Iter 188 (train size=198) ---
2025-06-13 04:59:11,890 - INFO - Selected Cc1ccc(CNC(=O)CC2(CC3=NS(=O)(=O)c4ccccc4N3)CCCC2)cc1 → EI = 0.2724
f1 shape: (1,)
2025-06-13 04:59:11,891 - INFO -   True f = 0.3369
2025-06-13 04:59:12,032 - INFO - Iter time: 9.10s
2025-06-13 04:59:12,032 - INFO - 
--- Iter 189 (train size=199) ---
2025-06-13 04:59:20,637 - INFO - Selected CC=Cc1ccc(C2C(CO)N(CC3CCCC3)C2CNC(=O)NC(C)C)cc1 → EI = 0.2723
f1 shape: (1,)
2025-06-13 04:59:20,638 - INFO -   True f = 0.1703
2025-06-13 04:59:20,780 - INFO - Iter time: 8.75s
2025-06-13 04:59:20,780 - INFO - 
--- Iter 190 (train size=200) ---
2025-06-13 04:59:29,880 - INFO - Selected CCc1ccc(C(C)=NNC(=O)c2ccccn2)cc1 → EI = 0.2724
f1 shape: (1,)
2025-06-13 04:59:29,881 - INFO -   True f = 0.275
2025-06-13 04:59:30,024 - INFO - Iter time: 9.24s
2025-06-13 04:59:30,024 - INFO - 
--- Iter 191 (train size=201) ---
2025-06-13 04:59:39,449 - INFO - Selected O=C(COc1ccccc1N1CCNCC1)NCC(O)CN1CCc2ccccc2C1 → EI = 0.2722
f1 shape: (1,)
2025-06-13 04:59:39,451 - INFO -   True f = 0.331
2025-06-13 04:59:39,596 - INFO - Iter time: 9.57s
2025-06-13 04:59:39,596 - INFO - 
--- Iter 192 (train size=202) ---
2025-06-13 04:59:48,368 - INFO - Selected CCOc1cccc(-c2ccc(C3CCN(S(=O)(=O)C(C)(C)C(=O)NO)CC3)cc2C)c1 → EI = 0.271
f1 shape: (1,)
2025-06-13 04:59:48,369 - INFO -   True f = 0.4007
2025-06-13 04:59:48,517 - INFO - Iter time: 8.92s
2025-06-13 04:59:48,517 - INFO - 
--- Iter 193 (train size=203) ---
2025-06-13 04:59:57,340 - INFO - Selected Cc1cccc(OCCC(=O)NCC(=O)Nc2cccc(C)c2C)c1 → EI = 0.2709
f1 shape: (1,)
2025-06-13 04:59:57,341 - INFO -   True f = 0.332
2025-06-13 04:59:57,489 - INFO - Iter time: 8.97s
2025-06-13 04:59:57,489 - INFO - 
--- Iter 194 (train size=204) ---
2025-06-13 05:00:06,695 - INFO - Selected Cc1oc(-c2ccccc2)nc1CCOc1ccc(C=C(CC(=O)N2CC3CCCCC3C2)C(=O)O)cc1 → EI = 0.2706
f1 shape: (1,)
2025-06-13 05:00:06,696 - INFO -   True f = 0.164
2025-06-13 05:00:06,845 - INFO - Iter time: 9.36s
2025-06-13 05:00:06,845 - INFO - 
--- Iter 195 (train size=205) ---
2025-06-13 05:00:16,156 - INFO - Selected S=C(Nc1ccccc1Cl)NC1CCC(NC(=S)Nc2ccccc2Cl)CC1 → EI = 0.2711
f1 shape: (1,)
2025-06-13 05:00:16,157 - INFO -   True f = 0.2803
2025-06-13 05:00:16,308 - INFO - Iter time: 9.46s
2025-06-13 05:00:16,308 - INFO - 
--- Iter 196 (train size=206) ---
2025-06-13 05:00:25,255 - INFO - Selected CC(=O)N1CCN(S(=O)(=O)c2cccc(C(=O)OCC(=O)NC(=O)c3cccn3C)c2)CC1 → EI = 0.271
f1 shape: (1,)
2025-06-13 05:00:25,256 - INFO -   True f = 0.3753
2025-06-13 05:00:25,409 - INFO - Iter time: 9.10s
2025-06-13 05:00:25,409 - INFO - 
--- Iter 197 (train size=207) ---
2025-06-13 05:00:33,996 - INFO - Selected O=C(CCNC(=O)C1CCN(S(=O)(=O)c2ccccc2)CC1)NCc1cccc(C(F)(F)F)c1 → EI = 0.2712
f1 shape: (1,)
2025-06-13 05:00:33,997 - INFO -   True f = 0.3595
2025-06-13 05:00:34,151 - INFO - Iter time: 8.74s
2025-06-13 05:00:34,151 - INFO - 
--- Iter 198 (train size=208) ---
2025-06-13 05:00:43,884 - INFO - Selected CS(=O)(=O)N1CCc2cc(C(=O)OCC(=O)c3ccccc3)ccc21 → EI = 0.271
f1 shape: (1,)
2025-06-13 05:00:43,885 - INFO -   True f = 0.332
2025-06-13 05:00:44,040 - INFO - Iter time: 9.89s
2025-06-13 05:00:44,040 - INFO - 
--- Iter 199 (train size=209) ---
2025-06-13 05:00:53,125 - INFO - Selected CCOc1cccc(C2(N3CCN(c4ncccn4)CC3)C3CC(C)CC32)c1 → EI = 0.271
f1 shape: (1,)
2025-06-13 05:00:53,126 - INFO -   True f = 0.3417
2025-06-13 05:00:53,282 - INFO - Iter time: 9.24s
