Initial SMILES: ['C=C1CN(S(=O)(=O)c2ccc(C)cc2)CCCN(CC2CCCCC2)CCCN(S(=O)(=O)c2ccc(-n3cccc3)cc2)C1',
 'CCCCc1ncc(CNC(Cc2ccccc2)C(=O)O)n1Cc1ccc(C(=O)O)cc1',
 'Cc1nn(CC(=O)c2ccccc2Cl)c(C)c1[N+](=O)[O-]',
 'CC(C)(C)c1ccc(CC(=O)N2CCC2(C)C(=O)NS(=O)(=O)c2cccc(F)c2)cc1',
 'COc1ccc(NC(=O)NNC(=O)c2cc([N+](=O)[O-])cn2C)cc1',
 'CCC(COc1cc(Cl)ccc1Cl)OC(=O)NCc1ccccc1',
 'CSCCN1COc2cc3c(cc2C1=O)OC1CCCN1C3=O',
 'Nc1ccccc1Sc1ccc([N+](=O)[O-])cc1Cl',
 'CC(C)CC(NC(=O)CC(NC(=O)c1ccccc1)c1cccc(F)c1)B(O)O',
 'COc1cc2ccccc2cc1C(=O)Nc1ccc2oc(-c3cccc(Cl)c3Cl)nc2c1']
f1 shape: (10,)
2025-06-13 02:30:29,616 - INFO - Initial Y: [0.00588558940666492, 0.4375949744936837, 0.18744364915756742, 0.38729833462074165, 0.14834330828063777, 0.17597314527854796, 0.12119220320920875, 0.159048151902705, 0.15241125419825227, 0.007809814663177608]
2025-06-13 02:30:32,161 - INFO - 
--- Iter 0 (train size=10) ---
2025-06-13 02:30:33,038 - INFO - Selected CC(C)(C)c1ccc(Cn2ccc(CCCCC(=O)NO)n2)cc1 → EI = 0.2576
f1 shape: (1,)
2025-06-13 02:30:33,039 - INFO -   True f = 0.1434
2025-06-13 02:30:33,045 - INFO - Iter time: 0.88s
2025-06-13 02:30:33,045 - INFO - 
--- Iter 1 (train size=11) ---
2025-06-13 02:30:33,894 - INFO - Selected CCCCc1ncc(C=C2C(=O)N(CCCC)C(=O)N2Cc2ccsc2)n1Cc1ccc(C(=O)O)cc1 → EI = 0.2533
f1 shape: (1,)
2025-06-13 02:30:33,895 - INFO -   True f = 0.1399
2025-06-13 02:30:33,901 - INFO - Iter time: 0.85s
2025-06-13 02:30:33,901 - INFO - 
--- Iter 2 (train size=12) ---
2025-06-13 02:30:34,776 - INFO - Selected CC(=O)N1CCCC1(Cc1ccc(F)cc1)C(=O)OCc1ccccc1 → EI = 0.2521
f1 shape: (1,)
2025-06-13 02:30:34,777 - INFO -   True f = 0.4454
2025-06-13 02:30:34,784 - INFO - Iter time: 0.88s
2025-06-13 02:30:34,784 - INFO - 
--- Iter 3 (train size=13) ---
2025-06-13 02:30:35,691 - INFO - Selected CC(NC(=O)C1(Cc2ccccc2)CCN1C(=O)OCc1ccccc1)C(N)=O → EI = 0.2609
f1 shape: (1,)
2025-06-13 02:30:35,692 - INFO -   True f = 0.4319
2025-06-13 02:30:35,698 - INFO - Iter time: 0.91s
2025-06-13 02:30:35,698 - INFO - 
--- Iter 4 (train size=14) ---
2025-06-13 02:30:36,687 - INFO - Selected CC(C)(C)NC(=O)C1CCCN1C(=O)C(=O)C(Cc1ccccc1)NC(=O)OCc1ccccc1 → EI = 0.2685
f1 shape: (1,)
2025-06-13 02:30:36,688 - INFO -   True f = 0.4271
2025-06-13 02:30:36,694 - INFO - Iter time: 1.00s
2025-06-13 02:30:36,694 - INFO - 
--- Iter 5 (train size=15) ---
2025-06-13 02:30:37,684 - INFO - Selected COc1ccc(CC(NC(=O)C2(NC(=O)C(SC(C)=O)C(C)C)CCCC2)C(=O)OCc2ccccc2)cc1 → EI = 0.2739
f1 shape: (1,)
2025-06-13 02:30:37,685 - INFO -   True f = 0.4298
2025-06-13 02:30:37,692 - INFO - Iter time: 1.00s
2025-06-13 02:30:37,692 - INFO - 
--- Iter 6 (train size=16) ---
2025-06-13 02:30:38,744 - INFO - Selected NC(=O)C1(Cc2ccc(OCc3ccccc3)cc2)CC1C(=O)NO → EI = 0.2758
f1 shape: (1,)
2025-06-13 02:30:38,745 - INFO -   True f = 0.4508
2025-06-13 02:30:38,751 - INFO - Iter time: 1.06s
2025-06-13 02:30:38,751 - INFO - 
--- Iter 7 (train size=17) ---
2025-06-13 02:30:39,784 - INFO - Selected CC(C)CC(NC(=O)C1CCCN1C(=O)C(N)Cc1ccc(O)cc1)C(=O)NC(Cc1ccccc1)C(N)=O → EI = 0.2774
f1 shape: (1,)
2025-06-13 02:30:39,785 - INFO -   True f = 0.4044
2025-06-13 02:30:39,791 - INFO - Iter time: 1.04s
2025-06-13 02:30:39,791 - INFO - 
--- Iter 8 (train size=18) ---
2025-06-13 02:30:40,855 - INFO - Selected COc1ccc(CCNC(=O)C(=O)C(CCCN=C(N)N)NC(=O)C2CCN3CCC(N)(Cc4ccccc4)CN23)cc1 → EI = 0.2795
f1 shape: (1,)
2025-06-13 02:30:40,857 - INFO -   True f = 0.1489
2025-06-13 02:30:40,863 - INFO - Iter time: 1.07s
2025-06-13 02:30:40,863 - INFO - 
--- Iter 9 (train size=19) ---
2025-06-13 02:30:41,970 - INFO - Selected CCOC(=O)C(Cc1ccccc1)NC(=O)OC(C)(C)C → EI = 0.2769
f1 shape: (1,)
2025-06-13 02:30:41,971 - INFO -   True f = 0.009413
2025-06-13 02:30:41,978 - INFO - Iter time: 1.11s
2025-06-13 02:30:41,978 - INFO - 
--- Iter 10 (train size=20) ---
2025-06-13 02:30:43,107 - INFO - Selected CC(=O)N(CCc1ccccc1)c1ccc2c(c1)C1CC2CCN1C(=O)OCc1ccccc1 → EI = 0.2733
f1 shape: (1,)
2025-06-13 02:30:43,108 - INFO -   True f = 0.008302
2025-06-13 02:30:43,115 - INFO - Iter time: 1.14s
2025-06-13 02:30:43,115 - INFO - 
--- Iter 11 (train size=21) ---
2025-06-13 02:30:44,443 - INFO - Selected CC(C)C(NC(=O)C(S)Cc1ccccc1)C(=O)NC(Cc1ccc(O)cc1)C(=O)O → EI = 0.2648
f1 shape: (1,)
2025-06-13 02:30:44,444 - INFO -   True f = 0.1496
2025-06-13 02:30:44,451 - INFO - Iter time: 1.34s
2025-06-13 02:30:44,452 - INFO - 
--- Iter 12 (train size=22) ---
2025-06-13 02:30:45,686 - INFO - Selected CC(C)CC(NC(=O)C=Cc1ccc(OP(=O)(O)O)cc1)C(=O)N1CCCC1C(=O)NC(COCc1ccccc1)COC(N)=O → EI = 0.2632
f1 shape: (1,)
2025-06-13 02:30:45,687 - INFO -   True f = 0.438
2025-06-13 02:30:45,694 - INFO - Iter time: 1.24s
2025-06-13 02:30:45,694 - INFO - 
--- Iter 13 (train size=23) ---
2025-06-13 02:30:46,996 - INFO - Selected CC(NC(=O)OCc1ccccc1)C(=O)NC(C)C(=O)NN(CC(N)=O)C(=O)C=CC(=O)N1CCCc2ccccc21 → EI = 0.2662
f1 shape: (1,)
2025-06-13 02:30:46,998 - INFO -   True f = 0.4021
2025-06-13 02:30:47,005 - INFO - Iter time: 1.31s
2025-06-13 02:30:47,005 - INFO - 
--- Iter 14 (train size=24) ---
2025-06-13 02:30:48,279 - INFO - Selected N=C(N)N1CCCC(NC(=O)CNC(=O)C(CCNC(=O)c2cncc(Br)c2)NC(=O)OCc2ccccc2)C1O → EI = 0.2693
f1 shape: (1,)
2025-06-13 02:30:48,280 - INFO -   True f = 0.4132
2025-06-13 02:30:48,287 - INFO - Iter time: 1.28s
2025-06-13 02:30:48,288 - INFO - 
--- Iter 15 (train size=25) ---
2025-06-13 02:30:49,596 - INFO - Selected NC(=O)C(=O)C(Cc1ccccc1)NC(=O)C1CCN(C(=O)C=Cc2ccncc2)CC1 → EI = 0.2716
f1 shape: (1,)
2025-06-13 02:30:49,597 - INFO -   True f = 0.378
2025-06-13 02:30:49,604 - INFO - Iter time: 1.32s
2025-06-13 02:30:49,604 - INFO - 
--- Iter 16 (train size=26) ---
2025-06-13 02:30:51,095 - INFO - Selected Cc1cnc(C(=O)NC(Cc2nc(I)n(Cc3ccccc3)c2I)C(=O)N2CCCC2C(N)=O)cn1 → EI = 0.2704
f1 shape: (1,)
2025-06-13 02:30:51,096 - INFO -   True f = 0.1589
2025-06-13 02:30:51,104 - INFO - Iter time: 1.50s
2025-06-13 02:30:51,104 - INFO - 
--- Iter 17 (train size=27) ---
2025-06-13 02:30:52,473 - INFO - Selected CCC(NC(=O)C(CC(C)C)NC(=O)OCc1ccccc1)C(=O)C(=O)NCc1ccncc1 → EI = 0.2712
f1 shape: (1,)
2025-06-13 02:30:52,474 - INFO -   True f = 0.1657
2025-06-13 02:30:52,482 - INFO - Iter time: 1.38s
2025-06-13 02:30:52,482 - INFO - 
--- Iter 18 (train size=28) ---
2025-06-13 02:30:53,967 - INFO - Selected O=C(Nc1ccccc1)C1CCCN(C(=O)c2ccc(F)cc2)C1 → EI = 0.2677
f1 shape: (1,)
2025-06-13 02:30:53,968 - INFO -   True f = 0.3984
2025-06-13 02:30:53,976 - INFO - Iter time: 1.49s
2025-06-13 02:30:53,976 - INFO - 
--- Iter 19 (train size=29) ---
2025-06-13 02:30:55,502 - INFO - Selected NC(CCNCc1ccccc1OCc1ccccc1)C(=O)N1CCCCC1 → EI = 0.2691
f1 shape: (1,)
2025-06-13 02:30:55,503 - INFO -   True f = 0.4112
2025-06-13 02:30:55,512 - INFO - Iter time: 1.54s
2025-06-13 02:30:55,512 - INFO - 
--- Iter 20 (train size=30) ---
2025-06-13 02:30:57,014 - INFO - Selected O=C(C(Cc1ccccc1)NS(=O)(=O)c1ccc(Cl)cc1)N1CCC2(O)CCCCC2C1 → EI = 0.2726
f1 shape: (1,)
2025-06-13 02:30:57,015 - INFO -   True f = 0.139
2025-06-13 02:30:57,024 - INFO - Iter time: 1.51s
2025-06-13 02:30:57,024 - INFO - 
--- Iter 21 (train size=31) ---
2025-06-13 02:30:58,626 - INFO - Selected CC(=O)Nc1ccc(NC(=O)COC(=O)c2ccccc2SCC(=O)N2CCCC2)cc1 → EI = 0.2695
f1 shape: (1,)
2025-06-13 02:30:58,627 - INFO -   True f = 0.4279
2025-06-13 02:30:58,636 - INFO - Iter time: 1.61s
2025-06-13 02:30:58,636 - INFO - 
--- Iter 22 (train size=32) ---
2025-06-13 02:31:00,340 - INFO - Selected CSc1ccc(C(=O)C(=O)c2ccccc2C(=O)N2CCCCC2)cc1 → EI = 0.2743
f1 shape: (1,)
2025-06-13 02:31:00,341 - INFO -   True f = 0.4019
2025-06-13 02:31:00,350 - INFO - Iter time: 1.71s
2025-06-13 02:31:00,350 - INFO - 
--- Iter 23 (train size=33) ---
2025-06-13 02:31:02,046 - INFO - Selected CCOc1cc(C(=S)N2CCCC2)ccc1OCc1ccccc1 → EI = 0.2735
f1 shape: (1,)
2025-06-13 02:31:02,047 - INFO -   True f = 0.4307
2025-06-13 02:31:02,057 - INFO - Iter time: 1.71s
2025-06-13 02:31:02,057 - INFO - 
--- Iter 24 (train size=34) ---
2025-06-13 02:31:03,706 - INFO - Selected O=C(COc1cccc(F)c1C(=O)N1CCCCC1)NC(CO)Cc1ccccc1 → EI = 0.2767
f1 shape: (1,)
2025-06-13 02:31:03,707 - INFO -   True f = 0.4155
2025-06-13 02:31:03,716 - INFO - Iter time: 1.66s
2025-06-13 02:31:03,716 - INFO - 
--- Iter 25 (train size=35) ---
2025-06-13 02:31:05,550 - INFO - Selected O=C(C=Cc1ccc(OCCCCN2CCCCC2)cc1)c1ccccc1 → EI = 0.2784
f1 shape: (1,)
2025-06-13 02:31:05,551 - INFO -   True f = 0.4037
2025-06-13 02:31:05,561 - INFO - Iter time: 1.84s
2025-06-13 02:31:05,561 - INFO - 
--- Iter 26 (train size=36) ---
2025-06-13 02:31:07,265 - INFO - Selected NC(=O)c1ccc(-c2noc(C3CCCCN3C(=O)COc3ccccc3)n2)cc1 → EI = 0.2794
f1 shape: (1,)
2025-06-13 02:31:07,266 - INFO -   True f = 0.156
2025-06-13 02:31:07,276 - INFO - Iter time: 1.72s
2025-06-13 02:31:07,276 - INFO - 
--- Iter 27 (train size=37) ---
2025-06-13 02:31:09,243 - INFO - Selected O=C(c1ccccc1SCc1ccccc1)N1CCCCCC1 → EI = 0.2787
f1 shape: (1,)
2025-06-13 02:31:09,244 - INFO -   True f = 0.3644
2025-06-13 02:31:09,254 - INFO - Iter time: 1.98s
2025-06-13 02:31:09,254 - INFO - 
--- Iter 28 (train size=38) ---
2025-06-13 02:31:11,160 - INFO - Selected CCc1ccc(NC(=O)C(=O)c2cn(CC(=O)N3CCCCC3)c3ccccc23)cc1 → EI = 0.2781
f1 shape: (1,)
2025-06-13 02:31:11,161 - INFO -   True f = 0.1549
2025-06-13 02:31:11,172 - INFO - Iter time: 1.92s
2025-06-13 02:31:11,172 - INFO - 
--- Iter 29 (train size=39) ---
2025-06-13 02:31:13,088 - INFO - Selected O=C(NCCCN1CCOCC1)c1ccnc(OCc2ccccc2)c1 → EI = 0.2749
f1 shape: (1,)
2025-06-13 02:31:13,089 - INFO -   True f = 0.4082
2025-06-13 02:31:13,100 - INFO - Iter time: 1.93s
2025-06-13 02:31:13,100 - INFO - 
--- Iter 30 (train size=40) ---
2025-06-13 02:31:15,160 - INFO - Selected CC(=O)c1ccc(N2CCCC(CO)(Cc3ccccc3F)C2)nc1 → EI = 0.2747
f1 shape: (1,)
2025-06-13 02:31:15,162 - INFO -   True f = 0.3953
2025-06-13 02:31:15,172 - INFO - Iter time: 2.07s
2025-06-13 02:31:15,172 - INFO - 
--- Iter 31 (train size=41) ---
2025-06-13 02:31:17,293 - INFO - Selected O=C(C(=O)N1CCCC1C(=O)OCCCc1cccnc1)c1ccccc1 → EI = 0.2759
f1 shape: (1,)
2025-06-13 02:31:17,294 - INFO -   True f = 0.4385
2025-06-13 02:31:17,304 - INFO - Iter time: 2.13s
2025-06-13 02:31:17,305 - INFO - 
--- Iter 32 (train size=42) ---
2025-06-13 02:31:19,360 - INFO - Selected COc1ccccc1C(=CCCN1CCCC(C(=O)O)C1)c1ccccc1 → EI = 0.2792
f1 shape: (1,)
2025-06-13 02:31:19,361 - INFO -   True f = 0.4174
2025-06-13 02:31:19,372 - INFO - Iter time: 2.07s
2025-06-13 02:31:19,373 - INFO - 
--- Iter 33 (train size=43) ---
2025-06-13 02:31:21,569 - INFO - Selected O=C(CN1CCN(C(=O)c2ccccc2)CC1)Nc1ccc(Br)cn1 → EI = 0.2813
f1 shape: (1,)
2025-06-13 02:31:21,570 - INFO -   True f = 0.3937
2025-06-13 02:31:21,582 - INFO - Iter time: 2.21s
2025-06-13 02:31:21,582 - INFO - 
--- Iter 34 (train size=44) ---
2025-06-13 02:31:23,694 - INFO - Selected O=C(Oc1ccc(Br)cc1C(=S)N1CCOCC1)c1ccccc1 → EI = 0.2823
f1 shape: (1,)
2025-06-13 02:31:23,696 - INFO -   True f = 0.3984
2025-06-13 02:31:23,708 - INFO - Iter time: 2.13s
2025-06-13 02:31:23,708 - INFO - 
--- Iter 35 (train size=45) ---
2025-06-13 02:31:25,989 - INFO - Selected CS(=O)(=O)N1CCc2cc(C(=O)OCC(=O)c3ccccc3)ccc21 → EI = 0.2832
f1 shape: (1,)
2025-06-13 02:31:25,990 - INFO -   True f = 0.4527
2025-06-13 02:31:26,002 - INFO - Iter time: 2.29s
2025-06-13 02:31:26,002 - INFO - 
--- Iter 36 (train size=46) ---
2025-06-13 02:31:28,202 - INFO - Selected CNC(=O)c1ccc(OC)c2c(C(=O)C(=O)N3CCN(C(=O)c4ccccc4)CC3)c[nH]c12 → EI = 0.2814
f1 shape: (1,)
2025-06-13 02:31:28,203 - INFO -   True f = 0.1599
2025-06-13 02:31:28,216 - INFO - Iter time: 2.21s
2025-06-13 02:31:28,216 - INFO - 
--- Iter 37 (train size=47) ---
2025-06-13 02:31:30,384 - INFO - Selected O=C(c1ccc(OCc2cccnc2)cc1)C1CC1 → EI = 0.2823
f1 shape: (1,)
2025-06-13 02:31:30,385 - INFO -   True f = 0.3845
2025-06-13 02:31:30,398 - INFO - Iter time: 2.18s
2025-06-13 02:31:30,398 - INFO - 
--- Iter 38 (train size=48) ---
2025-06-13 02:31:32,738 - INFO - Selected O=C(CSCc1ccccc1)N1CCc2ccccc21 → EI = 0.2825
f1 shape: (1,)
2025-06-13 02:31:32,739 - INFO -   True f = 0.3906
2025-06-13 02:31:32,751 - INFO - Iter time: 2.35s
2025-06-13 02:31:32,752 - INFO - 
--- Iter 39 (train size=49) ---
2025-06-13 02:31:34,992 - INFO - Selected CSCC1CCN(C(=O)c2ccccc2NCc2cccnc2)C1 → EI = 0.2825
f1 shape: (1,)
2025-06-13 02:31:34,993 - INFO -   True f = 0.3968
2025-06-13 02:31:35,006 - INFO - Iter time: 2.25s
2025-06-13 02:31:35,006 - INFO - 
--- Iter 40 (train size=50) ---
2025-06-13 02:31:37,280 - INFO - Selected O=C(OCC1CCCN(C(=O)CCc2ccccc2)C1)c1ccccc1C(F)(F)F → EI = 0.2835
f1 shape: (1,)
2025-06-13 02:31:37,281 - INFO -   True f = 0.4372
2025-06-13 02:31:37,294 - INFO - Iter time: 2.29s
2025-06-13 02:31:37,294 - INFO - 
--- Iter 41 (train size=51) ---
2025-06-13 02:31:39,589 - INFO - Selected O=C(NC(=S)NCCC1CCN(Cc2ccccc2)CC1)c1ccc(C(F)(F)F)cc1 → EI = 0.2854
f1 shape: (1,)
2025-06-13 02:31:39,590 - INFO -   True f = 0.3819
2025-06-13 02:31:39,604 - INFO - Iter time: 2.31s
2025-06-13 02:31:39,604 - INFO - 
--- Iter 42 (train size=52) ---
2025-06-13 02:31:42,100 - INFO - Selected Cc1ccc(C(=O)N2CCCC(CCC(=O)NCc3ccccc3F)C2)cn1 → EI = 0.2857
f1 shape: (1,)
2025-06-13 02:31:42,102 - INFO -   True f = 0.4455
2025-06-13 02:31:42,116 - INFO - Iter time: 2.51s
2025-06-13 02:31:42,116 - INFO - 
--- Iter 43 (train size=53) ---
2025-06-13 02:31:44,636 - INFO - Selected O=C(NCc1cccs1)C1CCCN1S(=O)(=O)c1ccccc1F → EI = 0.2861
f1 shape: (1,)
2025-06-13 02:31:44,638 - INFO -   True f = 0.3883
2025-06-13 02:31:44,652 - INFO - Iter time: 2.54s
2025-06-13 02:31:44,652 - INFO - 
--- Iter 44 (train size=54) ---
2025-06-13 02:31:47,245 - INFO - Selected CCCN1CCCC1C(=O)NCc1ccc(C(=N)N)cc1 → EI = 0.2864
f1 shape: (1,)
2025-06-13 02:31:47,246 - INFO -   True f = 0.1482
2025-06-13 02:31:47,261 - INFO - Iter time: 2.61s
2025-06-13 02:31:47,261 - INFO - 
--- Iter 45 (train size=55) ---
2025-06-13 02:31:49,774 - INFO - Selected O=C(CCNC(=O)C1CCN(S(=O)(=O)c2ccccc2)CC1)NCc1cccc(C(F)(F)F)c1 → EI = 0.2847
f1 shape: (1,)
2025-06-13 02:31:49,775 - INFO -   True f = 0.3929
2025-06-13 02:31:49,792 - INFO - Iter time: 2.53s
2025-06-13 02:31:49,792 - INFO - 
--- Iter 46 (train size=56) ---
2025-06-13 02:31:52,317 - INFO - Selected Cc1cccc(C(=O)NCCC(=O)N2CCc3ccccc3C2)c1 → EI = 0.2849
f1 shape: (1,)
2025-06-13 02:31:52,318 - INFO -   True f = 0.4435
2025-06-13 02:31:52,334 - INFO - Iter time: 2.54s
2025-06-13 02:31:52,334 - INFO - 
--- Iter 47 (train size=57) ---
2025-06-13 02:31:55,041 - INFO - Selected O=S(=O)(NCCN1CCc2ccccc2C1)c1ccccc1 → EI = 0.2885
f1 shape: (1,)
2025-06-13 02:31:55,042 - INFO -   True f = 0.3703
2025-06-13 02:31:55,059 - INFO - Iter time: 2.73s
2025-06-13 02:31:55,059 - INFO - 
--- Iter 48 (train size=58) ---
2025-06-13 02:31:57,816 - INFO - Selected Cc1ccccc1CC1(CO)CCCN(C(=O)c2ccccc2N(C)C)C1 → EI = 0.2863
f1 shape: (1,)
2025-06-13 02:31:57,817 - INFO -   True f = 0.4206
2025-06-13 02:31:57,833 - INFO - Iter time: 2.77s
2025-06-13 02:31:57,834 - INFO - 
--- Iter 49 (train size=59) ---
2025-06-13 02:32:00,598 - INFO - Selected O=c1ccc(-c2ccccc2)nn1CCC(=S)N1CCCC1 → EI = 0.2868
f1 shape: (1,)
2025-06-13 02:32:00,599 - INFO -   True f = 0.3703
2025-06-13 02:32:00,616 - INFO - Iter time: 2.78s
2025-06-13 02:32:00,616 - INFO - 
--- Iter 50 (train size=60) ---
2025-06-13 02:32:03,298 - INFO - Selected CC1(c2ccccc2)CCCN(C(=O)NCCc2ccc3nc[nH]c3c2)C1 → EI = 0.2875
f1 shape: (1,)
2025-06-13 02:32:03,299 - INFO -   True f = 0.1451
2025-06-13 02:32:03,316 - INFO - Iter time: 2.70s
2025-06-13 02:32:03,316 - INFO - 
--- Iter 51 (train size=61) ---
2025-06-13 02:32:06,239 - INFO - Selected O=C(O)CCN1CCc2ccccc2C1c1ccncc1 → EI = 0.2855
f1 shape: (1,)
2025-06-13 02:32:06,240 - INFO -   True f = 0.4237
2025-06-13 02:32:06,258 - INFO - Iter time: 2.94s
2025-06-13 02:32:06,258 - INFO - 
--- Iter 52 (train size=62) ---
2025-06-13 02:32:09,140 - INFO - Selected CN(CC=Cc1ccccc1)Cc1cccc2c1CCC2 → EI = 0.2865
f1 shape: (1,)
2025-06-13 02:32:09,140 - INFO -   True f = 0.3733
2025-06-13 02:32:09,158 - INFO - Iter time: 2.90s
2025-06-13 02:32:09,158 - INFO - 
--- Iter 53 (train size=63) ---
2025-06-13 02:32:12,092 - INFO - Selected O=C(COC(=O)c1ccc(Br)o1)NC1CCCc2ccccc21 → EI = 0.2871
f1 shape: (1,)
2025-06-13 02:32:12,093 - INFO -   True f = 0.4825
2025-06-13 02:32:12,111 - INFO - Iter time: 2.95s
2025-06-13 02:32:12,111 - INFO - 
--- Iter 54 (train size=64) ---
2025-06-13 02:32:14,843 - INFO - Selected O=C(OCC1CCCCO1)c1cccc(-c2ccccc2)c1 → EI = 0.2761
f1 shape: (1,)
2025-06-13 02:32:14,845 - INFO -   True f = 0.4166
2025-06-13 02:32:14,863 - INFO - Iter time: 2.75s
2025-06-13 02:32:14,863 - INFO - 
--- Iter 55 (train size=65) ---
2025-06-13 02:32:17,857 - INFO - Selected c1coc(CN2CCC3(CCCc4ccccc43)CC2)c1 → EI = 0.2758
f1 shape: (1,)
2025-06-13 02:32:17,858 - INFO -   True f = 0.1226
2025-06-13 02:32:17,876 - INFO - Iter time: 3.01s
2025-06-13 02:32:17,876 - INFO - 
--- Iter 56 (train size=66) ---
2025-06-13 02:32:20,747 - INFO - Selected O=C(C=Cc1ccccc1)c1ccc2c(c1)OCCCCO2 → EI = 0.2749
f1 shape: (1,)
2025-06-13 02:32:20,748 - INFO -   True f = 0.3688
2025-06-13 02:32:20,768 - INFO - Iter time: 2.89s
2025-06-13 02:32:20,768 - INFO - 
--- Iter 57 (train size=67) ---
2025-06-13 02:32:23,649 - INFO - Selected O=C(O)C1CCCN(CCOCCN2c3ccccc3Sc3ccccc32)C1 → EI = 0.274
f1 shape: (1,)
2025-06-13 02:32:23,650 - INFO -   True f = 0.1589
2025-06-13 02:32:23,669 - INFO - Iter time: 2.90s
2025-06-13 02:32:23,670 - INFO - 
--- Iter 58 (train size=68) ---
2025-06-13 02:32:26,698 - INFO - Selected O=C(CN1CCCCC1c1cccnc1)c1ccccc1 → EI = 0.2735
f1 shape: (1,)
2025-06-13 02:32:26,699 - INFO -   True f = 0.3733
2025-06-13 02:32:26,718 - INFO - Iter time: 3.05s
2025-06-13 02:32:26,718 - INFO - 
--- Iter 59 (train size=69) ---
2025-06-13 02:32:29,805 - INFO - Selected Cc1ccc(C(=O)NCC(=O)OC(C)C(=O)NC2CCCc3ccccc32)cc1 → EI = 0.2731
f1 shape: (1,)
2025-06-13 02:32:29,807 - INFO -   True f = 0.4623
2025-06-13 02:32:29,827 - INFO - Iter time: 3.11s
2025-06-13 02:32:29,827 - INFO - 
--- Iter 60 (train size=70) ---
2025-06-13 02:32:32,845 - INFO - Selected Cc1cccc(C(=O)C2CCCc3cccnc32)c1 → EI = 0.2731
f1 shape: (1,)
2025-06-13 02:32:32,846 - INFO -   True f = 0.3974
2025-06-13 02:32:32,867 - INFO - Iter time: 3.04s
2025-06-13 02:32:32,867 - INFO - 
--- Iter 61 (train size=71) ---
2025-06-13 02:32:36,227 - INFO - Selected O=C(CS(=O)(=O)c1ncccc1Cl)NC1CCCc2ccccc21 → EI = 0.2752
f1 shape: (1,)
2025-06-13 02:32:36,228 - INFO -   True f = 0.4674
2025-06-13 02:32:36,249 - INFO - Iter time: 3.38s
2025-06-13 02:32:36,249 - INFO - 
--- Iter 62 (train size=72) ---
2025-06-13 02:32:39,354 - INFO - Selected CSc1ncccc1C(=O)OCC(=O)c1ccccc1 → EI = 0.2747
f1 shape: (1,)
2025-06-13 02:32:39,355 - INFO -   True f = 0.1718
2025-06-13 02:32:39,377 - INFO - Iter time: 3.13s
2025-06-13 02:32:39,377 - INFO - 
--- Iter 63 (train size=73) ---
2025-06-13 02:32:42,507 - INFO - Selected O=C(CNC(=O)c1ccc(N2CCCCC2)cc1)NC1CCCc2ccccc21 → EI = 0.2763
f1 shape: (1,)
2025-06-13 02:32:42,508 - INFO -   True f = 0.1534
2025-06-13 02:32:42,530 - INFO - Iter time: 3.15s
2025-06-13 02:32:42,530 - INFO - 
--- Iter 64 (train size=74) ---
2025-06-13 02:32:45,824 - INFO - Selected O=C(NCC1C(c2ccccc2)C(CO)N1Cc1ccccn1)C1CCC1 → EI = 0.2722
f1 shape: (1,)
2025-06-13 02:32:45,825 - INFO -   True f = 0.1375
2025-06-13 02:32:45,848 - INFO - Iter time: 3.32s
2025-06-13 02:32:45,848 - INFO - 
--- Iter 65 (train size=75) ---
2025-06-13 02:32:49,393 - INFO - Selected CCN(c1ccccc1)S(=O)(=O)c1ccc(C(=O)N2CCCC(C(F)(F)F)C2)cc1 → EI = 0.2715
f1 shape: (1,)
2025-06-13 02:32:49,394 - INFO -   True f = 0.3887
2025-06-13 02:32:49,417 - INFO - Iter time: 3.57s
2025-06-13 02:32:49,417 - INFO - 
--- Iter 66 (train size=76) ---
2025-06-13 02:32:52,638 - INFO - Selected Cc1ccc(NC(=O)CCCOc2ccccc2)cc1S(=O)(=O)N1CCOCC1 → EI = 0.2714
f1 shape: (1,)
2025-06-13 02:32:52,639 - INFO -   True f = 0.4303
2025-06-13 02:32:52,662 - INFO - Iter time: 3.25s
2025-06-13 02:32:52,662 - INFO - 
--- Iter 67 (train size=77) ---
2025-06-13 02:32:55,862 - INFO - Selected CCOc1ccccc1NC(=O)C1CCCCN1S(=O)(=O)c1ccccc1 → EI = 0.2726
f1 shape: (1,)
2025-06-13 02:32:55,863 - INFO -   True f = 0.419
2025-06-13 02:32:55,886 - INFO - Iter time: 3.22s
2025-06-13 02:32:55,886 - INFO - 
--- Iter 68 (train size=78) ---
2025-06-13 02:32:59,263 - INFO - Selected Cc1ccc(C2(O)CCN(C(=O)c3cccc(S(C)(=O)=O)c3)CC2)nc1 → EI = 0.2729
f1 shape: (1,)
2025-06-13 02:32:59,264 - INFO -   True f = 0.3707
2025-06-13 02:32:59,288 - INFO - Iter time: 3.40s
2025-06-13 02:32:59,288 - INFO - 
--- Iter 69 (train size=79) ---
2025-06-13 02:33:02,585 - INFO - Selected CN(C)S(=O)(=O)N1CCCC(c2cccc(Cc3ccccc3F)n2)C1 → EI = 0.2735
f1 shape: (1,)
2025-06-13 02:33:02,587 - INFO -   True f = 0.3922
2025-06-13 02:33:02,611 - INFO - Iter time: 3.32s
2025-06-13 02:33:02,611 - INFO - 
--- Iter 70 (train size=80) ---
2025-06-13 02:33:06,291 - INFO - Selected N=C(N)N1CCCC(CNC(=O)CNS(=O)(=O)c2ccc3ccccc3c2)C1 → EI = 0.2739
f1 shape: (1,)
2025-06-13 02:33:06,293 - INFO -   True f = 0.4052
2025-06-13 02:33:06,318 - INFO - Iter time: 3.71s
2025-06-13 02:33:06,318 - INFO - 
--- Iter 71 (train size=81) ---
2025-06-13 02:33:09,718 - INFO - Selected COC(=O)c1ccccc1S(=O)(=O)N1CCC2(C=Cc3ccccc32)CC1 → EI = 0.2739
f1 shape: (1,)
2025-06-13 02:33:09,719 - INFO -   True f = 0.1581
2025-06-13 02:33:09,745 - INFO - Iter time: 3.43s
2025-06-13 02:33:09,745 - INFO - 
--- Iter 72 (train size=82) ---
2025-06-13 02:33:13,358 - INFO - Selected O=C(NC1CCCC1)c1ccc(COc2ccccc2Br)o1 → EI = 0.2732
f1 shape: (1,)
2025-06-13 02:33:13,359 - INFO -   True f = 0.4183
2025-06-13 02:33:13,385 - INFO - Iter time: 3.64s
2025-06-13 02:33:13,385 - INFO - 
--- Iter 73 (train size=83) ---
2025-06-13 02:33:17,032 - INFO - Selected O=C(CN(Cc1cccs1)C(=O)CNS(=O)(=O)c1ccccc1)NC1CCCC1 → EI = 0.2749
f1 shape: (1,)
2025-06-13 02:33:17,033 - INFO -   True f = 0.3993
2025-06-13 02:33:17,060 - INFO - Iter time: 3.67s
2025-06-13 02:33:17,060 - INFO - 
--- Iter 74 (train size=84) ---
2025-06-13 02:33:20,737 - INFO - Selected O=C(O)c1ccc(NC2CCCCC2)c(NCc2ccccc2)c1 → EI = 0.2741
f1 shape: (1,)
2025-06-13 02:33:20,738 - INFO -   True f = 0.3853
2025-06-13 02:33:20,765 - INFO - Iter time: 3.71s
2025-06-13 02:33:20,765 - INFO - 
--- Iter 75 (train size=85) ---
2025-06-13 02:33:24,708 - INFO - Selected Cc1ccc(S(=O)(=O)CCC(=O)Nc2ccccc2N2CCCC2)cc1 → EI = 0.2734
f1 shape: (1,)
2025-06-13 02:33:24,709 - INFO -   True f = 0.413
2025-06-13 02:33:24,737 - INFO - Iter time: 3.97s
2025-06-13 02:33:24,737 - INFO - 
--- Iter 76 (train size=86) ---
2025-06-13 02:33:28,373 - INFO - Selected CC(C)c1ccccc1OCCN1CCC(NS(=O)(=O)c2cccc(Cl)c2)C1 → EI = 0.2735
f1 shape: (1,)
2025-06-13 02:33:28,374 - INFO -   True f = 0.4369
2025-06-13 02:33:28,403 - INFO - Iter time: 3.67s
2025-06-13 02:33:28,403 - INFO - 
--- Iter 77 (train size=87) ---
2025-06-13 02:33:32,199 - INFO - Selected Cc1cccc(NS(=O)(=O)c2cccc(C(=O)N3CC(C)OC(C)C3)c2)c1 → EI = 0.2754
f1 shape: (1,)
2025-06-13 02:33:32,200 - INFO -   True f = 0.4004
2025-06-13 02:33:32,229 - INFO - Iter time: 3.83s
2025-06-13 02:33:32,229 - INFO - 
--- Iter 78 (train size=88) ---
2025-06-13 02:33:36,089 - INFO - Selected Cc1ccccc1CCN1CCCC(CN(C)C(=O)C(=O)c2ccco2)C1 → EI = 0.2751
f1 shape: (1,)
2025-06-13 02:33:36,090 - INFO -   True f = 0.4507
2025-06-13 02:33:36,120 - INFO - Iter time: 3.89s
2025-06-13 02:33:36,120 - INFO - 
--- Iter 79 (train size=89) ---
2025-06-13 02:33:39,799 - INFO - Selected Cc1ccccc1COc1ccc2c(c1)C1(C)CCCC(C)(C(=O)O)C1CC2 → EI = 0.2752
f1 shape: (1,)
2025-06-13 02:33:39,800 - INFO -   True f = 0.1645
2025-06-13 02:33:39,830 - INFO - Iter time: 3.71s
2025-06-13 02:33:39,830 - INFO - 
--- Iter 80 (train size=90) ---
2025-06-13 02:33:43,636 - INFO - Selected CN(C)S(=O)(=O)N1CCC(c2ccc(CN(CC(F)(F)F)S(=O)(=O)Cc3ccccc3)c(F)c2)CC1 → EI = 0.2747
f1 shape: (1,)
2025-06-13 02:33:43,637 - INFO -   True f = 0.3792
2025-06-13 02:33:43,667 - INFO - Iter time: 3.84s
2025-06-13 02:33:43,667 - INFO - 
--- Iter 81 (train size=91) ---
2025-06-13 02:33:47,589 - INFO - Selected CC(C)C(NS(=O)(=O)c1cnccc1NC(CO)Cc1ccccc1)C(=O)N1CCC(CCF)CC1 → EI = 0.275
f1 shape: (1,)
2025-06-13 02:33:47,590 - INFO -   True f = 0.3948
2025-06-13 02:33:47,623 - INFO - Iter time: 3.96s
2025-06-13 02:33:47,623 - INFO - 
--- Iter 82 (train size=92) ---
2025-06-13 02:33:51,812 - INFO - Selected CN(CC(=O)Nc1ccccc1Cl)C(=O)C1CCN(C(=O)c2ccc(F)cc2)CC1 → EI = 0.2754
f1 shape: (1,)
2025-06-13 02:33:51,813 - INFO -   True f = 0.4489
2025-06-13 02:33:51,845 - INFO - Iter time: 4.22s
2025-06-13 02:33:51,845 - INFO - 
--- Iter 83 (train size=93) ---
2025-06-13 02:33:55,900 - INFO - Selected S=C(Nc1ccc(Br)cc1Cl)NC1CCN(Cc2ccccc2)CC1 → EI = 0.2758
f1 shape: (1,)
2025-06-13 02:33:55,901 - INFO -   True f = 0.3937
2025-06-13 02:33:55,934 - INFO - Iter time: 4.09s
2025-06-13 02:33:55,934 - INFO - 
--- Iter 84 (train size=94) ---
2025-06-13 02:33:59,804 - INFO - Selected CC(C)NS(=O)(=O)c1ccc(NC2CCN(CC(O)=Nc3ccccc3)CC2)c([N+](=O)O)c1 → EI = 0.2754
f1 shape: (1,)
2025-06-13 02:33:59,805 - INFO -   True f = 0.3767
2025-06-13 02:33:59,838 - INFO - Iter time: 3.90s
2025-06-13 02:33:59,838 - INFO - 
--- Iter 85 (train size=95) ---
2025-06-13 02:34:03,939 - INFO - Selected O=S(=O)(CCC1CCNCC1)c1ccccc1-c1cccc(Cl)c1 → EI = 0.2751
f1 shape: (1,)
2025-06-13 02:34:03,940 - INFO -   True f = 0.4212
2025-06-13 02:34:03,973 - INFO - Iter time: 4.13s
2025-06-13 02:34:03,973 - INFO - 
--- Iter 86 (train size=96) ---
2025-06-13 02:34:08,073 - INFO - Selected O=C(O)COc1c(C(=O)O)sc(-c2cccc(NC3CCN(S(=O)(=O)Cc4ccccc4)CC3)c2)c1Cl → EI = 0.2758
f1 shape: (1,)
2025-06-13 02:34:08,075 - INFO -   True f = 0.1574
2025-06-13 02:34:08,109 - INFO - Iter time: 4.14s
2025-06-13 02:34:08,109 - INFO - 
--- Iter 87 (train size=97) ---
2025-06-13 02:34:12,100 - INFO - Selected CS(=O)(=O)CCC(C(=O)Nc1cccc(C(F)(F)F)c1)N1Cc2ccccc2C1=O → EI = 0.2744
f1 shape: (1,)
2025-06-13 02:34:12,101 - INFO -   True f = 0.4007
2025-06-13 02:34:12,137 - INFO - Iter time: 4.03s
2025-06-13 02:34:12,137 - INFO - 
--- Iter 88 (train size=98) ---
2025-06-13 02:34:16,331 - INFO - Selected Cc1cccc2c1C(c1ccccc1)CN(C)C2 → EI = 0.2754
f1 shape: (1,)
2025-06-13 02:34:16,332 - INFO -   True f = 0.4027
2025-06-13 02:34:16,369 - INFO - Iter time: 4.23s
2025-06-13 02:34:16,369 - INFO - 
--- Iter 89 (train size=99) ---
2025-06-13 02:34:20,856 - INFO - Selected Cc1ccccc1NC(=O)C1CC(=O)N(Cc2ccccc2)C1 → EI = 0.2749
f1 shape: (1,)
2025-06-13 02:34:20,857 - INFO -   True f = 0.4264
2025-06-13 02:34:20,893 - INFO - Iter time: 4.52s
2025-06-13 02:34:20,893 - INFO - 
--- Iter 90 (train size=100) ---
2025-06-13 02:34:25,149 - INFO - Selected CN(CC(=O)Nc1ccccc1C(F)(F)F)C(=O)CN1C(=O)C2CCCCC2C1=O → EI = 0.2754
f1 shape: (1,)
2025-06-13 02:34:25,150 - INFO -   True f = 0.4216
2025-06-13 02:34:25,186 - INFO - Iter time: 4.29s
2025-06-13 02:34:25,186 - INFO - 
--- Iter 91 (train size=101) ---
2025-06-13 02:34:29,258 - INFO - Selected CN(C(=O)CSc1nnc(COc2ccccc2F)n1N)C1CCS(=O)(=O)C1 → EI = 0.2772
f1 shape: (1,)
2025-06-13 02:34:29,259 - INFO -   True f = 0.4385
2025-06-13 02:34:29,296 - INFO - Iter time: 4.11s
2025-06-13 02:34:29,296 - INFO - 
--- Iter 92 (train size=102) ---
2025-06-13 02:34:33,680 - INFO - Selected COc1ccccc1NC(=O)CCN1C(=O)C2CC=CCC2C1=O → EI = 0.2784
f1 shape: (1,)
2025-06-13 02:34:33,681 - INFO -   True f = 0.4454
2025-06-13 02:34:33,719 - INFO - Iter time: 4.42s
2025-06-13 02:34:33,719 - INFO - 
--- Iter 93 (train size=103) ---
2025-06-13 02:34:38,115 - INFO - Selected Cc1cc(=O)n(C(=O)C2CCc3ccccc3C2)o1 → EI = 0.2798
f1 shape: (1,)
2025-06-13 02:34:38,116 - INFO -   True f = 0.4369
2025-06-13 02:34:38,155 - INFO - Iter time: 4.44s
2025-06-13 02:34:38,155 - INFO - 
--- Iter 94 (train size=104) ---
2025-06-13 02:34:42,838 - INFO - Selected C=C=C(CC1CCCCC1=O)S(=O)(=O)c1ccccc1 → EI = 0.2808
f1 shape: (1,)
2025-06-13 02:34:42,839 - INFO -   True f = 0.1408
2025-06-13 02:34:42,878 - INFO - Iter time: 4.72s
2025-06-13 02:34:42,878 - INFO - 
--- Iter 95 (train size=105) ---
2025-06-13 02:34:47,436 - INFO - Selected CN(Cc1ccco1)C(=O)C1CCC(=O)N(CCc2cccc(F)c2)C1 → EI = 0.28
f1 shape: (1,)
2025-06-13 02:34:47,437 - INFO -   True f = 0.4019
2025-06-13 02:34:47,478 - INFO - Iter time: 4.60s
2025-06-13 02:34:47,478 - INFO - 
--- Iter 96 (train size=106) ---
2025-06-13 02:34:51,840 - INFO - Selected O=C(CSC1=NCCS1)Nc1cccc2ccccc12 → EI = 0.2791
f1 shape: (1,)
2025-06-13 02:34:51,841 - INFO -   True f = 0.3906
2025-06-13 02:34:52,061 - INFO - Iter time: 4.58s
2025-06-13 02:34:52,061 - INFO - 
--- Iter 97 (train size=107) ---
2025-06-13 02:34:56,655 - INFO - Selected CC(NC(=O)CO)c1ccc(OC2CCN(c3cccc(C(F)(F)F)n3)C2)cc1 → EI = 0.279
f1 shape: (1,)
2025-06-13 02:34:56,656 - INFO -   True f = 0.3586
2025-06-13 02:34:56,697 - INFO - Iter time: 4.64s
2025-06-13 02:34:56,697 - INFO - 
--- Iter 98 (train size=108) ---
2025-06-13 02:35:01,313 - INFO - Selected O=C(C=Cc1ccccc1)N(Cc1cccs1)C1CCS(=O)(=O)C1 → EI = 0.2786
f1 shape: (1,)
2025-06-13 02:35:01,314 - INFO -   True f = 0.375
2025-06-13 02:35:01,357 - INFO - Iter time: 4.66s
2025-06-13 02:35:01,357 - INFO - 
--- Iter 99 (train size=109) ---
2025-06-13 02:35:06,339 - INFO - Selected O=C(Cc1cccs1)N1CCN=C1SCc1cccc(F)c1 → EI = 0.2787
f1 shape: (1,)
2025-06-13 02:35:06,340 - INFO -   True f = 0.3703
2025-06-13 02:35:06,384 - INFO - Iter time: 5.03s
2025-06-13 02:35:06,384 - INFO - 
--- Iter 100 (train size=110) ---
2025-06-13 02:35:11,059 - INFO - Selected COc1cccc(OC)c1OC(=O)C1CNCCN1Cc1ccccc1 → EI = 0.279
f1 shape: (1,)
2025-06-13 02:35:11,060 - INFO -   True f = 0.4543
2025-06-13 02:35:11,103 - INFO - Iter time: 4.72s
2025-06-13 02:35:11,103 - INFO - 
--- Iter 101 (train size=111) ---
2025-06-13 02:35:15,671 - INFO - Selected Cc1cccc2c1N(C(=O)CSc1ncccc1C(F)(F)F)CCC2 → EI = 0.2794
f1 shape: (1,)
2025-06-13 02:35:15,672 - INFO -   True f = 0.3853
2025-06-13 02:35:15,716 - INFO - Iter time: 4.61s
2025-06-13 02:35:15,716 - INFO - 
--- Iter 102 (train size=112) ---
2025-06-13 02:35:20,588 - INFO - Selected O=C(c1ccccc1Oc1ccc(C(F)(F)F)cc1[N+](=O)[O-])N1CCOCC1 → EI = 0.2802
f1 shape: (1,)
2025-06-13 02:35:20,590 - INFO -   True f = 0.3849
2025-06-13 02:35:20,635 - INFO - Iter time: 4.92s
2025-06-13 02:35:20,635 - INFO - 
--- Iter 103 (train size=113) ---
2025-06-13 02:35:25,554 - INFO - Selected NC(CC(=O)N1CCSC1)Cc1ccccc1C(F)(F)F → EI = 0.2795
f1 shape: (1,)
2025-06-13 02:35:25,555 - INFO -   True f = 0.1443
2025-06-13 02:35:25,601 - INFO - Iter time: 4.97s
2025-06-13 02:35:25,601 - INFO - 
--- Iter 104 (train size=114) ---
2025-06-13 02:35:30,314 - INFO - Selected COC(=O)C1=C(c2ccc(OCc3ccccc3)c(F)c2)CC2CCC1N2C → EI = 0.2795
f1 shape: (1,)
2025-06-13 02:35:30,315 - INFO -   True f = 0.1861
2025-06-13 02:35:30,364 - INFO - Iter time: 4.76s
2025-06-13 02:35:30,364 - INFO - 
--- Iter 105 (train size=115) ---
2025-06-13 02:35:35,332 - INFO - Selected CC(C)c1cccc(C(C)C)c1OC(=O)NS(=O)(=O)N1CCc2ccccc21 → EI = 0.2788
f1 shape: (1,)
2025-06-13 02:35:35,333 - INFO -   True f = 0.419
2025-06-13 02:35:35,380 - INFO - Iter time: 5.02s
2025-06-13 02:35:35,380 - INFO - 
--- Iter 106 (train size=116) ---
2025-06-13 02:35:40,378 - INFO - Selected CC(C(=O)Nc1ccc(C#N)cc1)N1CCc2ccccc21 → EI = 0.2794
f1 shape: (1,)
2025-06-13 02:35:40,380 - INFO -   True f = 0.3841
2025-06-13 02:35:40,428 - INFO - Iter time: 5.05s
2025-06-13 02:35:40,429 - INFO - 
--- Iter 107 (train size=117) ---
2025-06-13 02:35:45,483 - INFO - Selected CC(C)(C)NC(=O)C1Cc2ccccc2CN1C(=O)Nc1cccc(Cl)c1 → EI = 0.2798
f1 shape: (1,)
2025-06-13 02:35:45,484 - INFO -   True f = 0.4543
2025-06-13 02:35:45,533 - INFO - Iter time: 5.10s
2025-06-13 02:35:45,533 - INFO - 
--- Iter 108 (train size=118) ---
2025-06-13 02:35:50,630 - INFO - Selected NC(Cc1ccccc1)C(=O)NC1CCC(=O)N(CC(=O)Nc2cccc(Cl)c2)C1=O → EI = 0.2806
f1 shape: (1,)
2025-06-13 02:35:50,632 - INFO -   True f = 0.4439
2025-06-13 02:35:50,681 - INFO - Iter time: 5.15s
2025-06-13 02:35:50,681 - INFO - 
--- Iter 109 (train size=119) ---
2025-06-13 02:35:55,787 - INFO - Selected CC(=O)c1cccc(NC(=O)C2COc3ccccc3O2)c1 → EI = 0.281
f1 shape: (1,)
2025-06-13 02:35:55,788 - INFO -   True f = 0.4318
2025-06-13 02:35:55,838 - INFO - Iter time: 5.16s
2025-06-13 02:35:55,839 - INFO - 
--- Iter 110 (train size=120) ---
2025-06-13 02:36:00,994 - INFO - Selected NC(=O)C1CCCN1Cc1cccc(NC(=O)c2cccs2)c1 → EI = 0.2816
f1 shape: (1,)
2025-06-13 02:36:00,995 - INFO -   True f = 0.4032
2025-06-13 02:36:01,047 - INFO - Iter time: 5.21s
2025-06-13 02:36:01,047 - INFO - 
--- Iter 111 (train size=121) ---
2025-06-13 02:36:06,071 - INFO - Selected O=C(CNc1cccc(Br)c1)Nc1ccccc1C(=O)O → EI = 0.282
f1 shape: (1,)
2025-06-13 02:36:06,072 - INFO -   True f = 0.1572
2025-06-13 02:36:06,124 - INFO - Iter time: 5.08s
2025-06-13 02:36:06,124 - INFO - 
--- Iter 112 (train size=122) ---
2025-06-13 02:36:11,648 - INFO - Selected Cc1cccc(OC(C)C(=O)NC2CCS(=O)(=O)C2)c1C → EI = 0.281
f1 shape: (1,)
2025-06-13 02:36:11,649 - INFO -   True f = 0.1495
2025-06-13 02:36:11,702 - INFO - Iter time: 5.58s
2025-06-13 02:36:11,703 - INFO - 
--- Iter 113 (train size=123) ---
2025-06-13 02:36:16,762 - INFO - Selected Cc1cc(OCCCC(=O)NC2(C(N)=O)Cc3ccccc3C2)ccc1Cl → EI = 0.2795
f1 shape: (1,)
2025-06-13 02:36:16,763 - INFO -   True f = 0.5143
2025-06-13 02:36:16,816 - INFO - Iter time: 5.11s
2025-06-13 02:36:16,816 - INFO - 
--- Iter 114 (train size=124) ---
2025-06-13 02:36:22,156 - INFO - Selected CCCN1CCc2cccc3c2C1Cc1ccccc1-3 → EI = 0.268
f1 shape: (1,)
2025-06-13 02:36:22,157 - INFO -   True f = 0.1528
2025-06-13 02:36:22,210 - INFO - Iter time: 5.39s
2025-06-13 02:36:22,211 - INFO - 
--- Iter 115 (train size=125) ---
2025-06-13 02:36:27,818 - INFO - Selected C=C(C)C(=O)Nc1cccc(C2=NOC3(C2)CC(C(N)=O)N(C(=O)c2ccccc2)C3)c1 → EI = 0.265
f1 shape: (1,)
2025-06-13 02:36:27,819 - INFO -   True f = 0.147
2025-06-13 02:36:27,874 - INFO - Iter time: 5.66s
2025-06-13 02:36:27,874 - INFO - 
--- Iter 116 (train size=126) ---
2025-06-13 02:36:33,299 - INFO - Selected O=C(CN(Cc1ccccc1)CC1CCOCC1)Nc1nccs1 → EI = 0.2641
f1 shape: (1,)
2025-06-13 02:36:33,300 - INFO -   True f = 0.3838
2025-06-13 02:36:33,356 - INFO - Iter time: 5.48s
2025-06-13 02:36:33,356 - INFO - 
--- Iter 117 (train size=127) ---
2025-06-13 02:36:38,585 - INFO - Selected CN(CCc1ccccn1)C(=O)C1Cc2ccccc2CN1C → EI = 0.2643
f1 shape: (1,)
2025-06-13 02:36:38,586 - INFO -   True f = 0.4149
2025-06-13 02:36:38,643 - INFO - Iter time: 5.29s
2025-06-13 02:36:38,644 - INFO - 
--- Iter 118 (train size=128) ---
2025-06-13 02:36:44,442 - INFO - Selected Cc1ccc2c(c1)N(CC(=O)NCC1COc3ccccc3O1)C(=O)CO2 → EI = 0.2643
f1 shape: (1,)
2025-06-13 02:36:44,443 - INFO -   True f = 0.1613
2025-06-13 02:36:44,500 - INFO - Iter time: 5.86s
2025-06-13 02:36:44,500 - INFO - 
--- Iter 119 (train size=129) ---
2025-06-13 02:36:50,332 - INFO - Selected Cc1cccnc1NC(=O)c1cccc(S(=O)(=O)N2CCCC2)c1 → EI = 0.2642
f1 shape: (1,)
2025-06-13 02:36:50,333 - INFO -   True f = 0.3765
2025-06-13 02:36:50,391 - INFO - Iter time: 5.89s
2025-06-13 02:36:50,391 - INFO - 
--- Iter 120 (train size=130) ---
2025-06-13 02:36:55,798 - INFO - Selected O=C(CCC1CCN(Cc2ccncc2)CC1)Nc1ccccc1Cl → EI = 0.264
f1 shape: (1,)
2025-06-13 02:36:55,799 - INFO -   True f = 0.4364
2025-06-13 02:36:55,859 - INFO - Iter time: 5.47s
2025-06-13 02:36:55,859 - INFO - 
--- Iter 121 (train size=131) ---
2025-06-13 02:37:01,793 - INFO - Selected O=C(c1cc(COc2cccc3cnccc23)on1)N1CCCC(CCCO)C1 → EI = 0.2638
f1 shape: (1,)
2025-06-13 02:37:01,794 - INFO -   True f = 0.1458
2025-06-13 02:37:01,854 - INFO - Iter time: 6.00s
2025-06-13 02:37:01,854 - INFO - 
--- Iter 122 (train size=132) ---
2025-06-13 02:37:07,529 - INFO - Selected O=C(CSc1nccn1Cc1ccccc1)NC1CCCC1 → EI = 0.2634
f1 shape: (1,)
2025-06-13 02:37:07,530 - INFO -   True f = 0.381
2025-06-13 02:37:07,591 - INFO - Iter time: 5.74s
2025-06-13 02:37:07,591 - INFO - 
--- Iter 123 (train size=133) ---
2025-06-13 02:37:13,036 - INFO - Selected O=C(NC(CC1=CCCCC1)c1ccc2ccccc2c1)C(F)(F)F → EI = 0.2611
f1 shape: (1,)
2025-06-13 02:37:13,037 - INFO -   True f = 0.3721
2025-06-13 02:37:13,099 - INFO - Iter time: 5.51s
2025-06-13 02:37:13,099 - INFO - 
--- Iter 124 (train size=134) ---
2025-06-13 02:37:19,164 - INFO - Selected [H]c1ccc(N2CCN(CC(=O)Nc3c([H])cc([H])c(C)c3[H])CC2)c(C#N)c1 → EI = 0.2613
f1 shape: (1,)
2025-06-13 02:37:19,165 - INFO -   True f = 0.3937
2025-06-13 02:37:19,227 - INFO - Iter time: 6.13s
2025-06-13 02:37:19,227 - INFO - 
--- Iter 125 (train size=135) ---
2025-06-13 02:37:25,381 - INFO - Selected CN1CCC(Oc2ccccc2Cc2ccc(Cl)cc2)CC1 → EI = 0.2612
f1 shape: (1,)
2025-06-13 02:37:25,382 - INFO -   True f = 0.4066
2025-06-13 02:37:25,445 - INFO - Iter time: 6.22s
2025-06-13 02:37:25,446 - INFO - 
--- Iter 126 (train size=136) ---
2025-06-13 02:37:31,046 - INFO - Selected CC1CCCN1CCc1ccc2ccccc2c1 → EI = 0.2619
f1 shape: (1,)
2025-06-13 02:37:31,047 - INFO -   True f = 0.3879
2025-06-13 02:37:31,111 - INFO - Iter time: 5.67s
2025-06-13 02:37:31,111 - INFO - 
--- Iter 127 (train size=137) ---
2025-06-13 02:37:37,330 - INFO - Selected Cc1cncc(NC(=O)c2ccc(CN3CCC(O)C3)cc2)c1 → EI = 0.2622
f1 shape: (1,)
2025-06-13 02:37:37,331 - INFO -   True f = 0.3673
2025-06-13 02:37:37,395 - INFO - Iter time: 6.28s
2025-06-13 02:37:37,395 - INFO - 
--- Iter 128 (train size=138) ---
2025-06-13 02:37:43,336 - INFO - Selected NC(=O)COc1ccccc1NC(=O)NC1CCN(Cc2ccc3cc(F)ccc3c2)C1 → EI = 0.2625
f1 shape: (1,)
2025-06-13 02:37:43,337 - INFO -   True f = 0.1604
2025-06-13 02:37:43,403 - INFO - Iter time: 6.01s
2025-06-13 02:37:43,403 - INFO - 
--- Iter 129 (train size=139) ---
2025-06-13 02:37:49,651 - INFO - Selected CC(=O)N1c2ccccc2CC1C(=O)N1CCN(c2cccc(Cl)c2)CC1 → EI = 0.2613
f1 shape: (1,)
2025-06-13 02:37:49,652 - INFO -   True f = 0.1581
2025-06-13 02:37:49,719 - INFO - Iter time: 6.32s
2025-06-13 02:37:49,719 - INFO - 
--- Iter 130 (train size=140) ---
2025-06-13 02:37:55,462 - INFO - Selected COc1ccc(C2CCCN2C(=O)c2cccs2)cc1 → EI = 0.2609
f1 shape: (1,)
2025-06-13 02:37:55,463 - INFO -   True f = 0.3796
2025-06-13 02:37:55,530 - INFO - Iter time: 5.81s
2025-06-13 02:37:55,530 - INFO - 
--- Iter 131 (train size=141) ---
2025-06-13 02:38:01,926 - INFO - Selected Cc1ccccc1C1CC(c2cccs2)=NN1S(C)(=O)=O → EI = 0.2614
f1 shape: (1,)
2025-06-13 02:38:01,927 - INFO -   True f = 0.4393
2025-06-13 02:38:01,995 - INFO - Iter time: 6.46s
2025-06-13 02:38:01,995 - INFO - 
--- Iter 132 (train size=142) ---
2025-06-13 02:38:07,839 - INFO - Selected O=C(CCC1CC(=O)Nc2ccccc21)NCc1cccnc1 → EI = 0.2622
f1 shape: (1,)
2025-06-13 02:38:07,840 - INFO -   True f = 0.4694
2025-06-13 02:38:07,908 - INFO - Iter time: 5.91s
2025-06-13 02:38:07,908 - INFO - 
--- Iter 133 (train size=143) ---
2025-06-13 02:38:14,353 - INFO - Selected O=C(CN1N=C(c2ccccc2)CCC1=O)NCc1cccs1 → EI = 0.264
f1 shape: (1,)
2025-06-13 02:38:14,354 - INFO -   True f = 0.4016
2025-06-13 02:38:14,425 - INFO - Iter time: 6.52s
2025-06-13 02:38:14,425 - INFO - 
--- Iter 134 (train size=144) ---
2025-06-13 02:38:20,902 - INFO - Selected CCNC1CC(Oc2ccccc2C)c2ccccc21 → EI = 0.2636
f1 shape: (1,)
2025-06-13 02:38:20,903 - INFO -   True f = 0.4532
2025-06-13 02:38:20,974 - INFO - Iter time: 6.55s
2025-06-13 02:38:20,974 - INFO - 
--- Iter 135 (train size=145) ---
2025-06-13 02:38:26,880 - INFO - Selected Cc1ccccc1CNC(=O)c1cncc(N2CC3CNCC3C2)c1 → EI = 0.264
f1 shape: (1,)
2025-06-13 02:38:26,881 - INFO -   True f = 0.1525
2025-06-13 02:38:26,953 - INFO - Iter time: 5.98s
2025-06-13 02:38:26,954 - INFO - 
--- Iter 136 (train size=146) ---
2025-06-13 02:38:33,490 - INFO - Selected Cc1ccccc1Oc1ccc(OCCSC#N)cc1 → EI = 0.2627
f1 shape: (1,)
2025-06-13 02:38:33,491 - INFO -   True f = 0.1579
2025-06-13 02:38:33,564 - INFO - Iter time: 6.61s
2025-06-13 02:38:33,564 - INFO - 
--- Iter 137 (train size=147) ---
2025-06-13 02:38:39,872 - INFO - Selected Cc1nccc(CNC(=O)N(CCCO)C2CCc3ccccc32)n1 → EI = 0.2616
f1 shape: (1,)
2025-06-13 02:38:39,873 - INFO -   True f = 0.4598
2025-06-13 02:38:39,947 - INFO - Iter time: 6.38s
2025-06-13 02:38:39,947 - INFO - 
--- Iter 138 (train size=148) ---
2025-06-13 02:38:46,267 - INFO - Selected CCCCOc1cc(NC(=O)NC2CCc3ccccc32)ccc1OC → EI = 0.2647
f1 shape: (1,)
2025-06-13 02:38:46,268 - INFO -   True f = 0.5062
2025-06-13 02:38:46,343 - INFO - Iter time: 6.40s
2025-06-13 02:38:46,343 - INFO - 
--- Iter 139 (train size=149) ---
2025-06-13 02:38:53,019 - INFO - Selected CN(CCC#N)C(=O)CN(C1CC1)C1CCc2ccccc21 → EI = 0.267
f1 shape: (1,)
2025-06-13 02:38:53,020 - INFO -   True f = 0.4336
2025-06-13 02:38:53,097 - INFO - Iter time: 6.75s
2025-06-13 02:38:53,098 - INFO - 
--- Iter 140 (train size=150) ---
2025-06-13 02:39:00,098 - INFO - Selected CC(C)CC1NCCc2ccccc21 → EI = 0.2656
f1 shape: (1,)
2025-06-13 02:39:00,099 - INFO -   True f = 0.162
2025-06-13 02:39:00,175 - INFO - Iter time: 7.08s
2025-06-13 02:39:00,175 - INFO - 
--- Iter 141 (train size=151) ---
2025-06-13 02:39:06,293 - INFO - Selected COC(=O)C1CCN(C(=NO)c2cccnc2Oc2ccccc2OC)CC1 → EI = 0.2624
f1 shape: (1,)
2025-06-13 02:39:06,294 - INFO -   True f = 0.4455
2025-06-13 02:39:06,372 - INFO - Iter time: 6.20s
2025-06-13 02:39:06,372 - INFO - 
--- Iter 142 (train size=152) ---
2025-06-13 02:39:13,192 - INFO - Selected COC(C(=O)N1CCC(CCC(=O)Nc2ccccc2)CC1)c1ccccc1 → EI = 0.2634
f1 shape: (1,)
2025-06-13 02:39:13,193 - INFO -   True f = 0.4232
2025-06-13 02:39:13,272 - INFO - Iter time: 6.90s
2025-06-13 02:39:13,272 - INFO - 
--- Iter 143 (train size=153) ---
2025-06-13 02:39:19,613 - INFO - Selected COc1ccccc1NC(=O)N1CCC(c2nc3ccccc3o2)CC1 → EI = 0.264
f1 shape: (1,)
2025-06-13 02:39:19,615 - INFO -   True f = 0.1508
2025-06-13 02:39:19,695 - INFO - Iter time: 6.42s
2025-06-13 02:39:19,695 - INFO - 
--- Iter 144 (train size=154) ---
2025-06-13 02:39:26,889 - INFO - Selected CC1CCCCN1C(=O)C(CCCN=C(N)N)NS(=O)(=O)c1cccc2c(N(C)C)cccc12 → EI = 0.2606
f1 shape: (1,)
2025-06-13 02:39:26,890 - INFO -   True f = 0.4138
2025-06-13 02:39:26,974 - INFO - Iter time: 7.28s
2025-06-13 02:39:26,974 - INFO - 
--- Iter 145 (train size=155) ---
2025-06-13 02:39:33,264 - INFO - Selected COc1ccccc1N(C(=O)C(C)OC)C1CCN(CCc2ccccc2)CC1C → EI = 0.2611
f1 shape: (1,)
2025-06-13 02:39:33,265 - INFO -   True f = 0.4272
2025-06-13 02:39:33,347 - INFO - Iter time: 6.37s
2025-06-13 02:39:33,347 - INFO - 
--- Iter 146 (train size=156) ---
2025-06-13 02:39:40,302 - INFO - Selected CC(=O)c1ccc(S(=O)(=O)N2CCCC(N(C)CCc3ccccc3)C2)cc1 → EI = 0.2621
f1 shape: (1,)
2025-06-13 02:39:40,303 - INFO -   True f = 0.4052
2025-06-13 02:39:40,388 - INFO - Iter time: 7.04s
2025-06-13 02:39:40,388 - INFO - 
--- Iter 147 (train size=157) ---
2025-06-13 02:39:47,050 - INFO - Selected CN(C(=O)CCCOc1ccc2c(c1)CN1C(=N2)NC(=O)C1Cc1ccccc1)C1CCCCC1 → EI = 0.2612
f1 shape: (1,)
2025-06-13 02:39:47,051 - INFO -   True f = 0.008218
2025-06-13 02:39:47,136 - INFO - Iter time: 6.75s
2025-06-13 02:39:47,136 - INFO - 
--- Iter 148 (train size=158) ---
2025-06-13 02:39:53,859 - INFO - Selected O=C(NC(=Cc1ccc(Br)cc1)C(=O)N1CCOCC1)c1cccs1 → EI = 0.2602
f1 shape: (1,)
2025-06-13 02:39:53,860 - INFO -   True f = 0.3468
2025-06-13 02:39:53,946 - INFO - Iter time: 6.81s
2025-06-13 02:39:53,946 - INFO - 
--- Iter 149 (train size=159) ---
2025-06-13 02:40:00,750 - INFO - Selected CS(=O)(=O)N1CCC(NC(c2cccnc2)c2ccc(Cl)cc2F)CC1 → EI = 0.2602
f1 shape: (1,)
2025-06-13 02:40:00,751 - INFO -   True f = 0.3575
2025-06-13 02:40:00,837 - INFO - Iter time: 6.89s
2025-06-13 02:40:00,837 - INFO - 
--- Iter 150 (train size=160) ---
2025-06-13 02:40:07,898 - INFO - Selected CN(C)C(C(=O)NCC1(Cn2cccn2)CC1)c1ccc(F)cc1 → EI = 0.2603
f1 shape: (1,)
2025-06-13 02:40:07,899 - INFO -   True f = 0.3536
2025-06-13 02:40:07,988 - INFO - Iter time: 7.15s
2025-06-13 02:40:07,988 - INFO - 
--- Iter 151 (train size=161) ---
2025-06-13 02:40:15,521 - INFO - Selected CC(C)N(CC(=O)Nc1cccc(C(=O)N(C)C)c1)C1CC1 → EI = 0.2602
f1 shape: (1,)
2025-06-13 02:40:15,522 - INFO -   True f = 0.1528
2025-06-13 02:40:15,611 - INFO - Iter time: 7.62s
2025-06-13 02:40:15,611 - INFO - 
--- Iter 152 (train size=162) ---
2025-06-13 02:40:22,178 - INFO - Selected CC1(C)CC(NC(=O)Nc2ccccc2)c2cc(F)ccc2O1 → EI = 0.2604
f1 shape: (1,)
2025-06-13 02:40:22,179 - INFO -   True f = 0.4166
2025-06-13 02:40:22,269 - INFO - Iter time: 6.66s
2025-06-13 02:40:22,269 - INFO - 
--- Iter 153 (train size=163) ---
2025-06-13 02:40:29,473 - INFO - Selected Cc1ccc(NC(=O)C2C(=O)N(CCO)C3(C)CC2c2ccccc2O3)cc1 → EI = 0.262
f1 shape: (1,)
2025-06-13 02:40:29,474 - INFO -   True f = 0.1683
2025-06-13 02:40:29,564 - INFO - Iter time: 7.30s
2025-06-13 02:40:29,565 - INFO - 
--- Iter 154 (train size=164) ---
2025-06-13 02:40:36,496 - INFO - Selected O=C(Nc1cc(Cl)cc(Cl)c1)C(NCC1CCCO1)c1ccccc1 → EI = 0.2601
f1 shape: (1,)
2025-06-13 02:40:36,497 - INFO -   True f = 0.405
2025-06-13 02:40:36,588 - INFO - Iter time: 7.02s
2025-06-13 02:40:36,588 - INFO - 
--- Iter 155 (train size=165) ---
2025-06-13 02:40:43,931 - INFO - Selected CCCC1=[N+](CC(=O)c2ccccc2)CCn2cccc21 → EI = 0.2604
f1 shape: (1,)
2025-06-13 02:40:43,932 - INFO -   True f = 0.4237
2025-06-13 02:40:44,024 - INFO - Iter time: 7.44s
2025-06-13 02:40:44,024 - INFO - 
--- Iter 156 (train size=166) ---
2025-06-13 02:40:51,060 - INFO - Selected O=C(CN1CCOCC1)n1c2ccccc2c2ccccc21 → EI = 0.2609
f1 shape: (1,)
2025-06-13 02:40:51,061 - INFO -   True f = 0.1402
2025-06-13 02:40:51,155 - INFO - Iter time: 7.13s
2025-06-13 02:40:51,155 - INFO - 
--- Iter 157 (train size=167) ---
2025-06-13 02:40:58,259 - INFO - Selected CC(NC(=O)N(Cc1ccccc1)Cc1ccc2c(c1)OCO2)(C(F)(F)F)C(F)(F)F → EI = 0.2603
f1 shape: (1,)
2025-06-13 02:40:58,260 - INFO -   True f = 0.3753
2025-06-13 02:40:58,354 - INFO - Iter time: 7.20s
2025-06-13 02:40:58,354 - INFO - 
--- Iter 158 (train size=168) ---
2025-06-13 02:41:05,745 - INFO - Selected O=C(COC(=O)C1CCCN1C(=O)c1cccs1)NCCc1ccccc1 → EI = 0.2602
f1 shape: (1,)
2025-06-13 02:41:05,746 - INFO -   True f = 0.428
2025-06-13 02:41:05,841 - INFO - Iter time: 7.49s
2025-06-13 02:41:05,841 - INFO - 
--- Iter 159 (train size=169) ---
2025-06-13 02:41:12,949 - INFO - Selected CC(O)(COc1ccccc1)C(=O)N1CCc2c(C#N)cccc21 → EI = 0.2597
f1 shape: (1,)
2025-06-13 02:41:12,950 - INFO -   True f = 0.4
2025-06-13 02:41:13,335 - INFO - Iter time: 7.49s
2025-06-13 02:41:13,335 - INFO - 
--- Iter 160 (train size=170) ---
2025-06-13 02:41:20,874 - INFO - Selected C=CC(=O)NCCC1CC(c2ccccc2)Cc2ccc(OC)cc21 → EI = 0.26
f1 shape: (1,)
2025-06-13 02:41:20,875 - INFO -   True f = 0.4382
2025-06-13 02:41:20,972 - INFO - Iter time: 7.64s
2025-06-13 02:41:20,972 - INFO - 
--- Iter 161 (train size=171) ---
2025-06-13 02:41:28,276 - INFO - Selected COCCCNC=C1C(=O)CC(c2ccccc2)CC1=O → EI = 0.2625
f1 shape: (1,)
2025-06-13 02:41:28,277 - INFO -   True f = 0.1695
2025-06-13 02:41:28,375 - INFO - Iter time: 7.40s
2025-06-13 02:41:28,375 - INFO - 
--- Iter 162 (train size=172) ---
2025-06-13 02:41:35,682 - INFO - Selected COc1cccc(NS(=O)(=O)c2ccc3c(c2)CCCN3C(C)=O)c1 → EI = 0.2611
f1 shape: (1,)
2025-06-13 02:41:35,683 - INFO -   True f = 0.3968
2025-06-13 02:41:35,783 - INFO - Iter time: 7.41s
2025-06-13 02:41:35,783 - INFO - 
--- Iter 163 (train size=173) ---
2025-06-13 02:41:43,103 - INFO - Selected COc1ccc(C=CC(=O)NCCC2CCN(Cc3ccccc3)CC2)c(OC)c1 → EI = 0.2615
f1 shape: (1,)
2025-06-13 02:41:43,104 - INFO -   True f = 0.4341
2025-06-13 02:41:43,205 - INFO - Iter time: 7.42s
2025-06-13 02:41:43,205 - INFO - 
--- Iter 164 (train size=174) ---
2025-06-13 02:41:50,884 - INFO - Selected O=C(NC1CCc2ccccc21)c1nc(-c2cccs2)nc(O)c1O → EI = 0.2596
f1 shape: (1,)
2025-06-13 02:41:50,885 - INFO -   True f = 0.1531
2025-06-13 02:41:50,988 - INFO - Iter time: 7.78s
2025-06-13 02:41:50,988 - INFO - 
--- Iter 165 (train size=175) ---
2025-06-13 02:41:58,757 - INFO - Selected COc1cccc(CNC(=O)CCSCc2ccccc2F)c1 → EI = 0.26
f1 shape: (1,)
2025-06-13 02:41:58,758 - INFO -   True f = 0.1652
2025-06-13 02:41:58,861 - INFO - Iter time: 7.87s
2025-06-13 02:41:58,861 - INFO - 
--- Iter 166 (train size=176) ---
2025-06-13 02:42:06,003 - INFO - Selected Cc1ccc(S(=O)(=O)N2CCCC2CNC(=O)C(=O)NCc2ccccn2)cc1 → EI = 0.2605
f1 shape: (1,)
2025-06-13 02:42:06,005 - INFO -   True f = 0.4112
2025-06-13 02:42:06,109 - INFO - Iter time: 7.25s
2025-06-13 02:42:06,109 - INFO - 
--- Iter 167 (train size=177) ---
2025-06-13 02:42:14,006 - INFO - Selected N#Cc1cccn1CCC(NS(=O)(=O)c1cccc2[nH]ccc12)C(=O)N1CCC(C(F)(F)F)CC1 → EI = 0.2604
f1 shape: (1,)
2025-06-13 02:42:14,008 - INFO -   True f = 0.1321
2025-06-13 02:42:14,114 - INFO - Iter time: 8.00s
2025-06-13 02:42:14,114 - INFO - 
--- Iter 168 (train size=178) ---
2025-06-13 02:42:22,042 - INFO - Selected Nc1ncc(-c2ccccc2)n1CC1CCCO1 → EI = 0.2584
f1 shape: (1,)
2025-06-13 02:42:22,043 - INFO -   True f = 0.3746
2025-06-13 02:42:22,150 - INFO - Iter time: 8.04s
2025-06-13 02:42:22,150 - INFO - 
--- Iter 169 (train size=179) ---
2025-06-13 02:42:30,386 - INFO - Selected CCSC1=NCCN1S(=O)(=O)c1ccc2ccccc2c1 → EI = 0.2581
f1 shape: (1,)
2025-06-13 02:42:30,387 - INFO -   True f = 0.4013
2025-06-13 02:42:30,495 - INFO - Iter time: 8.35s
2025-06-13 02:42:30,495 - INFO - 
--- Iter 170 (train size=180) ---
2025-06-13 02:42:38,216 - INFO - Selected CC(C)N(C)S(=O)(=O)c1ccc2c(c1)CCN(C(=O)c1cnccn1)C2 → EI = 0.2583
f1 shape: (1,)
2025-06-13 02:42:38,217 - INFO -   True f = 0.3589
2025-06-13 02:42:38,327 - INFO - Iter time: 7.83s
2025-06-13 02:42:38,327 - INFO - 
--- Iter 171 (train size=181) ---
2025-06-13 02:42:45,660 - INFO - Selected CC(=N)C(C#N)=C(O)COC(=O)C1Cc2ccccc2CN1S(C)(=O)=O → EI = 0.2581
f1 shape: (1,)
2025-06-13 02:42:45,661 - INFO -   True f = 0.1584
2025-06-13 02:42:45,772 - INFO - Iter time: 7.45s
2025-06-13 02:42:45,773 - INFO - 
--- Iter 172 (train size=182) ---
2025-06-13 02:42:53,845 - INFO - Selected c1ccc(-c2nc(CNCC3CCCN3c3cccnn3)co2)cc1 → EI = 0.2591
f1 shape: (1,)
2025-06-13 02:42:53,846 - INFO -   True f = 0.1305
2025-06-13 02:42:53,958 - INFO - Iter time: 8.19s
2025-06-13 02:42:53,958 - INFO - 
--- Iter 173 (train size=183) ---
2025-06-13 02:43:02,108 - INFO - Selected Cc1ccc(Nc2ccc(C(=O)N3CCCC3)cn2)c(C)c1 → EI = 0.2584
f1 shape: (1,)
2025-06-13 02:43:02,109 - INFO -   True f = 0.3718
2025-06-13 02:43:02,567 - INFO - Iter time: 8.61s
2025-06-13 02:43:02,567 - INFO - 
--- Iter 174 (train size=184) ---
2025-06-13 02:43:10,676 - INFO - Selected CC(C)CNC(=O)c1ccc(Br)c(S(=O)(=O)N(C)Cc2ccccc2)c1 → EI = 0.2581
f1 shape: (1,)
2025-06-13 02:43:10,677 - INFO -   True f = 0.1578
2025-06-13 02:43:10,791 - INFO - Iter time: 8.22s
2025-06-13 02:43:10,791 - INFO - 
--- Iter 175 (train size=185) ---
2025-06-13 02:43:18,599 - INFO - Selected CCC1CCC(C(=O)Nc2ccc(S(=O)(=O)Nc3nccs3)cc2)CC1 → EI = 0.2585
f1 shape: (1,)
2025-06-13 02:43:18,600 - INFO -   True f = 0.3562
2025-06-13 02:43:18,715 - INFO - Iter time: 7.92s
2025-06-13 02:43:18,715 - INFO - 
--- Iter 176 (train size=186) ---
2025-06-13 02:43:27,327 - INFO - Selected O=C(Nc1ncc(F)s1)C(c1ccc(Cl)cc1)C1CC1 → EI = 0.2582
f1 shape: (1,)
2025-06-13 02:43:27,328 - INFO -   True f = 0.3698
2025-06-13 02:43:27,446 - INFO - Iter time: 8.73s
2025-06-13 02:43:27,446 - INFO - 
--- Iter 177 (train size=187) ---
2025-06-13 02:43:35,394 - INFO - Selected NC(=O)C1CCN(CCc2ccc(NCc3ccsc3)cc2)CC1 → EI = 0.2574
f1 shape: (1,)
2025-06-13 02:43:35,395 - INFO -   True f = 0.3616
2025-06-13 02:43:35,513 - INFO - Iter time: 8.07s
2025-06-13 02:43:35,513 - INFO - 
--- Iter 178 (train size=188) ---
2025-06-13 02:43:43,501 - INFO - Selected COc1ccc(-c2ccncc2)cc1S(=O)(=O)NC1CCCC1 → EI = 0.2574
f1 shape: (1,)
2025-06-13 02:43:43,502 - INFO -   True f = 0.3549
2025-06-13 02:43:43,622 - INFO - Iter time: 8.11s
2025-06-13 02:43:43,622 - INFO - 
--- Iter 179 (train size=189) ---
2025-06-13 02:43:51,536 - INFO - Selected CC1=NCCN1CCNC(=O)Nc1ccc(F)cc1 → EI = 0.2574
f1 shape: (1,)
2025-06-13 02:43:51,536 - INFO -   True f = 0.1372
2025-06-13 02:43:51,658 - INFO - Iter time: 8.04s
2025-06-13 02:43:51,658 - INFO - 
--- Iter 180 (train size=190) ---
2025-06-13 02:43:59,649 - INFO - Selected NC1CN(c2ccccc2)C(=O)CC1c1ccccc1Cl → EI = 0.2569
f1 shape: (1,)
2025-06-13 02:43:59,650 - INFO -   True f = 0.4609
2025-06-13 02:43:59,771 - INFO - Iter time: 8.11s
2025-06-13 02:43:59,771 - INFO - 
--- Iter 181 (train size=191) ---
2025-06-13 02:44:08,179 - INFO - Selected COc1ccc(N2CC(NC(=O)Cc3cccs3)CC2=O)cc1 → EI = 0.2599
f1 shape: (1,)
2025-06-13 02:44:08,180 - INFO -   True f = 0.4032
2025-06-13 02:44:08,302 - INFO - Iter time: 8.53s
2025-06-13 02:44:08,302 - INFO - 
--- Iter 182 (train size=192) ---
2025-06-13 02:44:16,719 - INFO - Selected NC1CN(c2ccccn2)CC1c1ccc(Cl)cc1Cl → EI = 0.2579
f1 shape: (1,)
2025-06-13 02:44:16,720 - INFO -   True f = 0.4065
2025-06-13 02:44:16,842 - INFO - Iter time: 8.54s
2025-06-13 02:44:16,843 - INFO - 
--- Iter 183 (train size=193) ---
2025-06-13 02:44:25,378 - INFO - Selected NS(=O)(=O)NCC1CCN(c2cc(-c3ccccc3Cl)ncn2)CC1 → EI = 0.259
f1 shape: (1,)
2025-06-13 02:44:25,379 - INFO -   True f = 0.429
2025-06-13 02:44:25,504 - INFO - Iter time: 8.66s
2025-06-13 02:44:25,504 - INFO - 
--- Iter 184 (train size=194) ---
2025-06-13 02:44:34,051 - INFO - Selected O=C(Nc1ccn(-c2ccccc2F)n1)C1CCC(Oc2cc(Cl)ccn2)CC1 → EI = 0.2597
f1 shape: (1,)
2025-06-13 02:44:34,053 - INFO -   True f = 0.1464
2025-06-13 02:44:34,177 - INFO - Iter time: 8.67s
2025-06-13 02:44:34,177 - INFO - 
--- Iter 185 (train size=195) ---
2025-06-13 02:44:42,374 - INFO - Selected CS(=O)(=O)Nc1cccc2c1CCC2c1ncc[nH]1 → EI = 0.2594
f1 shape: (1,)
2025-06-13 02:44:42,375 - INFO -   True f = 0.3991
2025-06-13 02:44:42,503 - INFO - Iter time: 8.33s
2025-06-13 02:44:42,504 - INFO - 
--- Iter 186 (train size=196) ---
2025-06-13 02:44:51,532 - INFO - Selected CCOC(=O)c1cnc2n(c1=O)C(C)CCC2=NNc1ccccc1 → EI = 0.2588
f1 shape: (1,)
2025-06-13 02:44:51,533 - INFO -   True f = 0.5042
2025-06-13 02:44:51,661 - INFO - Iter time: 9.16s
2025-06-13 02:44:51,661 - INFO - 
--- Iter 187 (train size=197) ---
2025-06-13 02:44:59,953 - INFO - Selected CC1CCCC1=NN=C1SCC(=O)N1Cc1ccccc1 → EI = 0.2625
f1 shape: (1,)
2025-06-13 02:44:59,954 - INFO -   True f = 0.3873
2025-06-13 02:45:00,083 - INFO - Iter time: 8.42s
2025-06-13 02:45:00,083 - INFO - 
--- Iter 188 (train size=198) ---
2025-06-13 02:45:08,787 - INFO - Selected COc1ccccc1N1C(=O)C2CC=CC(C)C2C1=O → EI = 0.2612
f1 shape: (1,)
2025-06-13 02:45:08,788 - INFO -   True f = 0.433
2025-06-13 02:45:08,919 - INFO - Iter time: 8.84s
2025-06-13 02:45:08,919 - INFO - 
--- Iter 189 (train size=199) ---
2025-06-13 02:45:17,305 - INFO - Selected O=C(OC1CCCc2ncccc21)n1ccnc1 → EI = 0.2614
f1 shape: (1,)
2025-06-13 02:45:17,306 - INFO -   True f = 0.3612
2025-06-13 02:45:17,438 - INFO - Iter time: 8.52s
2025-06-13 02:45:17,438 - INFO - 
--- Iter 190 (train size=200) ---
2025-06-13 02:45:26,207 - INFO - Selected O=C1CCC2C(CCN2c2ncc(F)cn2)N1c1ccccc1 → EI = 0.2607
f1 shape: (1,)
2025-06-13 02:45:26,208 - INFO -   True f = 0.1301
2025-06-13 02:45:26,341 - INFO - Iter time: 8.90s
2025-06-13 02:45:26,342 - INFO - 
--- Iter 191 (train size=201) ---
2025-06-13 02:45:35,623 - INFO - Selected O=C1C2CC=CCC2C(=O)N1Cc1ccccc1Cl → EI = 0.2586
f1 shape: (1,)
2025-06-13 02:45:35,624 - INFO -   True f = 0.4493
2025-06-13 02:45:35,758 - INFO - Iter time: 9.42s
2025-06-13 02:45:35,758 - INFO - 
--- Iter 192 (train size=202) ---
2025-06-13 02:45:44,303 - INFO - Selected O=C1CCCC(=O)C1C(=O)c1ccccc1Cl → EI = 0.2603
f1 shape: (1,)
2025-06-13 02:45:44,304 - INFO -   True f = 0.1756
2025-06-13 02:45:44,439 - INFO - Iter time: 8.68s
2025-06-13 02:45:44,440 - INFO - 
--- Iter 193 (train size=203) ---
2025-06-13 02:45:53,013 - INFO - Selected CC1(Oc2cccnc2Cl)CCN(Cc2ccc(OC(F)(F)F)cc2)C1 → EI = 0.2593
f1 shape: (1,)
2025-06-13 02:45:53,014 - INFO -   True f = 0.3575
2025-06-13 02:45:53,151 - INFO - Iter time: 8.71s
2025-06-13 02:45:53,151 - INFO - 
--- Iter 194 (train size=204) ---
2025-06-13 02:46:02,120 - INFO - Selected CN(C)Cc1ccc(C2CCCCN2C(=O)c2ncccc2O)cc1 → EI = 0.2592
f1 shape: (1,)
2025-06-13 02:46:02,121 - INFO -   True f = 0.3721
2025-06-13 02:46:02,261 - INFO - Iter time: 9.11s
2025-06-13 02:46:02,261 - INFO - 
--- Iter 195 (train size=205) ---
2025-06-13 02:46:11,321 - INFO - Selected O=C1NCCN(c2ncccc2-c2cccs2)N1 → EI = 0.2592
f1 shape: (1,)
2025-06-13 02:46:11,322 - INFO -   True f = 0.3474
2025-06-13 02:46:11,463 - INFO - Iter time: 9.20s
2025-06-13 02:46:11,463 - INFO - 
--- Iter 196 (train size=206) ---
2025-06-13 02:46:20,159 - INFO - Selected COc1cccc(OC)c1-c1cccc2c1CCC(N)C2 → EI = 0.2582
f1 shape: (1,)
2025-06-13 02:46:20,160 - INFO -   True f = 0.4255
2025-06-13 02:46:20,300 - INFO - Iter time: 8.84s
2025-06-13 02:46:20,301 - INFO - 
--- Iter 197 (train size=207) ---
2025-06-13 02:46:28,665 - INFO - Selected COc1ccc(CC2c3cccc(Cl)c3CCN2C)cc1OC → EI = 0.2592
f1 shape: (1,)
2025-06-13 02:46:28,666 - INFO -   True f = 0.4845
2025-06-13 02:46:28,808 - INFO - Iter time: 8.51s
2025-06-13 02:46:28,808 - INFO - 
--- Iter 198 (train size=208) ---
2025-06-13 02:46:38,325 - INFO - Selected CCCNC(=O)N1CCc2cc(OC)c(OC)cc2C1c1ccccc1 → EI = 0.2636
f1 shape: (1,)
2025-06-13 02:46:38,326 - INFO -   True f = 0.4875
2025-06-13 02:46:38,473 - INFO - Iter time: 9.66s
2025-06-13 02:46:38,473 - INFO - 
--- Iter 199 (train size=209) ---
2025-06-13 02:46:47,208 - INFO - Selected COc1ccc(C2SCCN2C(=O)COc2ccccc2)cc1Cl → EI = 0.2649
f1 shape: (1,)
2025-06-13 02:46:47,209 - INFO -   True f = 0.4655
2025-06-13 02:46:47,354 - INFO - Iter time: 8.88s
