Initial SMILES: ['CCCCCc1cccc(NC(=O)CCCCl)c1',
 'NC(=O)c1ccc(-c2noc(C3CCCCN3C(=O)COc3ccccc3)n2)cc1',
 'CC(C)OC(=O)CC(=O)CSc1nc2c(cc1C#N)CCCCCC2',
 'CCN=C(S)N1CCN(S(=O)(=O)c2cccc(C(F)(F)F)c2)CC1',
 'CCc1ccc(NC(S)=NC2CC3CCCC(C2)N3Cc2ccccc2)cc1',
 'NS(=O)(=O)c1ccc(C(=O)OCC=CCOC(=O)c2ccccc2)cc1',
 'CNC(=O)c1cc(Oc2ccc(NS(=O)(=O)c3ccccc3[N+](=O)[O-])cc2)ccn1',
 'CC1(C)CC(NC(=S)Nc2cccc(F)c2)(c2ccccc2)CCO1',
 'O=P([O-])(O)C(O)(C[n+]1cccc(F)c1)P(=O)(O)O',
 'COC(=O)C(Cc1c[nH]c2ccccc12)NC(=O)CCC(C)=CCc1c(O)c2c(c(C)c1OC)COC2=O']
f1 shape: (10,)
2025-06-13 03:19:27,383 - INFO - Initial Y: [0.0011414135669314141, 0.6629386740030129, 0.4442023254655359, 0.05608664030668396, 0.0007036476954728901, 0.5852060278437056, 0.5544591169651941, 0.0025432561333623726, 0.42848816231159614, 0.5978215146907259]
2025-06-13 03:19:29,921 - INFO - 
--- Iter 0 (train size=10) ---
2025-06-13 03:19:30,828 - INFO - Selected COC(=O)C(C)Oc1ccc(C(=O)C=Cc2c[nH]c3ccccc23)cc1 → EI = 0.2343
f1 shape: (1,)
2025-06-13 03:19:30,830 - INFO -   True f = 0.2599
2025-06-13 03:19:30,836 - INFO - Iter time: 0.92s
2025-06-13 03:19:30,836 - INFO - 
--- Iter 1 (train size=11) ---
2025-06-13 03:19:31,654 - INFO - Selected COc1ccccc1N(C)S(=O)(=O)c1ccc(C(=O)OCC(=O)N2CCCCCC2)cc1 → EI = 0.2235
f1 shape: (1,)
2025-06-13 03:19:31,655 - INFO -   True f = 0.6533
2025-06-13 03:19:31,661 - INFO - Iter time: 0.82s
2025-06-13 03:19:31,661 - INFO - 
--- Iter 2 (train size=12) ---
2025-06-13 03:19:32,482 - INFO - Selected O=C(OCC(=O)c1ccc[nH]1)c1ccc(S(=O)(=O)N2CCCCC2)cc1 → EI = 0.2345
f1 shape: (1,)
2025-06-13 03:19:32,484 - INFO -   True f = 0.5916
2025-06-13 03:19:32,490 - INFO - Iter time: 0.83s
2025-06-13 03:19:32,490 - INFO - 
--- Iter 3 (train size=13) ---
2025-06-13 03:19:33,352 - INFO - Selected CS(=O)(=O)N1CCc2cc(C(=O)OCC(=O)c3ccccc3)ccc21 → EI = 0.2395
f1 shape: (1,)
2025-06-13 03:19:33,354 - INFO -   True f = 0.4797
2025-06-13 03:19:33,360 - INFO - Iter time: 0.87s
2025-06-13 03:19:33,360 - INFO - 
--- Iter 4 (train size=14) ---
2025-06-13 03:19:34,308 - INFO - Selected COc1ccccc1CNC(=O)COC(=O)c1ccc(C(=O)c2ccccc2)cc1 → EI = 0.2382
f1 shape: (1,)
2025-06-13 03:19:34,309 - INFO -   True f = 0.543
2025-06-13 03:19:34,315 - INFO - Iter time: 0.96s
2025-06-13 03:19:34,315 - INFO - 
--- Iter 5 (train size=15) ---
2025-06-13 03:19:35,227 - INFO - Selected COC(=O)c1ccc(NC(=O)COc2ccc(N(C)S(=O)(=O)c3ccc(C)cc3)cc2)cc1 → EI = 0.2399
f1 shape: (1,)
2025-06-13 03:19:35,229 - INFO -   True f = 0.5721
2025-06-13 03:19:35,235 - INFO - Iter time: 0.92s
2025-06-13 03:19:35,235 - INFO - 
--- Iter 6 (train size=16) ---
2025-06-13 03:19:36,214 - INFO - Selected Cc1ccc(C)c(NC(=O)COC(=O)c2ccc(S(=O)(=O)N3CCCC3)cc2)c1 → EI = 0.2454
f1 shape: (1,)
2025-06-13 03:19:36,216 - INFO -   True f = 0.5796
2025-06-13 03:19:36,221 - INFO - Iter time: 0.99s
2025-06-13 03:19:36,222 - INFO - 
--- Iter 7 (train size=17) ---
2025-06-13 03:19:37,233 - INFO - Selected COC(=O)c1ccc(-n2c(C)cc(C(=O)COc3ccc(OC(C)=O)cc3)c2C)cc1 → EI = 0.2442
f1 shape: (1,)
2025-06-13 03:19:37,235 - INFO -   True f = 0.5046
2025-06-13 03:19:37,241 - INFO - Iter time: 1.02s
2025-06-13 03:19:37,241 - INFO - 
--- Iter 8 (train size=18) ---
2025-06-13 03:19:38,276 - INFO - Selected COc1cccc(CNC(=O)COC(=O)c2ccc(S(C)(=O)=O)c([N+](=O)[O-])c2)c1 → EI = 0.2453
f1 shape: (1,)
2025-06-13 03:19:38,278 - INFO -   True f = 0.5468
2025-06-13 03:19:38,284 - INFO - Iter time: 1.04s
2025-06-13 03:19:38,284 - INFO - 
--- Iter 9 (train size=19) ---
2025-06-13 03:19:39,350 - INFO - Selected COc1ccc(NC(=O)COC(=O)CNS(=O)(=O)c2ccc(C)cc2)c(OC)c1 → EI = 0.2481
f1 shape: (1,)
2025-06-13 03:19:39,352 - INFO -   True f = 0.5352
2025-06-13 03:19:39,358 - INFO - Iter time: 1.07s
2025-06-13 03:19:39,358 - INFO - 
--- Iter 10 (train size=20) ---
2025-06-13 03:19:40,456 - INFO - Selected COc1ccc(C=C2CC(CO)(COC(=O)c3ccc([N+](=O)[O-])cc3)OC2=O)cc1 → EI = 0.2486
f1 shape: (1,)
2025-06-13 03:19:40,457 - INFO -   True f = 0.6065
2025-06-13 03:19:40,463 - INFO - Iter time: 1.11s
2025-06-13 03:19:40,463 - INFO - 
--- Iter 11 (train size=21) ---
2025-06-13 03:19:41,645 - INFO - Selected COc1ccc(C=C(NC(=O)c2ccc(C)cc2)C(=O)N2CCCCC2)cc1 → EI = 0.254
f1 shape: (1,)
2025-06-13 03:19:41,647 - INFO -   True f = 0.1337
2025-06-13 03:19:41,653 - INFO - Iter time: 1.19s
2025-06-13 03:19:41,653 - INFO - 
--- Iter 12 (train size=22) ---
2025-06-13 03:19:42,812 - INFO - Selected CCN(c1ccccc1)S(=O)(=O)c1ccc(Cl)c(NC(=O)COC(=O)c2ccc(Cl)c(N)c2)c1 → EI = 0.2531
f1 shape: (1,)
2025-06-13 03:19:42,813 - INFO -   True f = 0.5256
2025-06-13 03:19:42,820 - INFO - Iter time: 1.17s
2025-06-13 03:19:42,820 - INFO - 
--- Iter 13 (train size=23) ---
2025-06-13 03:19:44,076 - INFO - Selected COC(=O)c1ccc(S(=O)(=O)N(CCC(F)(F)F)c2sc3ccccc3c2C)cc1 → EI = 0.2531
f1 shape: (1,)
2025-06-13 03:19:44,078 - INFO -   True f = 0.1407
2025-06-13 03:19:44,084 - INFO - Iter time: 1.26s
2025-06-13 03:19:44,084 - INFO - 
--- Iter 14 (train size=24) ---
2025-06-13 03:19:45,315 - INFO - Selected N=C(N)c1ccc(O)c(OCC(=O)Nc2ccc(-c3ccccc3S(N)(=O)=O)cc2)c1 → EI = 0.2467
f1 shape: (1,)
2025-06-13 03:19:45,317 - INFO -   True f = 0.5702
2025-06-13 03:19:45,324 - INFO - Iter time: 1.24s
2025-06-13 03:19:45,324 - INFO - 
--- Iter 15 (train size=25) ---
2025-06-13 03:19:46,585 - INFO - Selected N#CCC(=O)Nc1ccc(C(=O)OCC(=O)c2c[nH]c3ccccc23)cc1 → EI = 0.2504
f1 shape: (1,)
2025-06-13 03:19:46,586 - INFO -   True f = 0.5491
2025-06-13 03:19:46,593 - INFO - Iter time: 1.27s
2025-06-13 03:19:46,593 - INFO - 
--- Iter 16 (train size=26) ---
2025-06-13 03:19:48,031 - INFO - Selected O=C(COc1ccccc1C(=O)O)Nc1nc2ccc([N+](=O)[O-])cc2s1 → EI = 0.2497
f1 shape: (1,)
2025-06-13 03:19:48,033 - INFO -   True f = 0.5292
2025-06-13 03:19:48,040 - INFO - Iter time: 1.45s
2025-06-13 03:19:48,040 - INFO - 
--- Iter 17 (train size=27) ---
2025-06-13 03:19:49,393 - INFO - Selected COc1cc(C(=O)Nc2ccc(C(N)=O)cc2)c([N+](=O)[O-])cc1OC → EI = 0.2523
f1 shape: (1,)
2025-06-13 03:19:49,394 - INFO -   True f = 0.5134
2025-06-13 03:19:49,401 - INFO - Iter time: 1.36s
2025-06-13 03:19:49,401 - INFO - 
--- Iter 18 (train size=28) ---
2025-06-13 03:19:50,839 - INFO - Selected NC(=O)c1cn(-c2ccc(S(N)(=O)=O)cc2)nc1-c1ccc([N+](=O)[O-])cc1 → EI = 0.2515
f1 shape: (1,)
2025-06-13 03:19:50,841 - INFO -   True f = 0.5211
2025-06-13 03:19:50,848 - INFO - Iter time: 1.45s
2025-06-13 03:19:50,848 - INFO - 
--- Iter 19 (train size=29) ---
2025-06-13 03:19:52,323 - INFO - Selected Cc1ccccc1NC(=O)C(=O)CC(=O)c1ccc([N+](=O)[O-])cc1 → EI = 0.2521
f1 shape: (1,)
2025-06-13 03:19:52,324 - INFO -   True f = 0.5325
2025-06-13 03:19:52,332 - INFO - Iter time: 1.48s
2025-06-13 03:19:52,332 - INFO - 
--- Iter 20 (train size=30) ---
2025-06-13 03:19:53,769 - INFO - Selected Cc1ccc(C(=O)Nc2cc(Cl)ccc2OCC(=O)Nc2ccc(S(N)(=O)=O)cc2C)cc1C → EI = 0.2517
f1 shape: (1,)
2025-06-13 03:19:53,771 - INFO -   True f = 0.5231
2025-06-13 03:19:53,778 - INFO - Iter time: 1.45s
2025-06-13 03:19:53,778 - INFO - 
--- Iter 21 (train size=31) ---
2025-06-13 03:19:55,315 - INFO - Selected CC(C)C(NC(=O)COc1cccc2ccccc12)C(=O)NC(CC(=O)O)C(=O)COc1ccc(C(N)=O)cc1 → EI = 0.2513
f1 shape: (1,)
2025-06-13 03:19:55,317 - INFO -   True f = 0.5868
2025-06-13 03:19:55,326 - INFO - Iter time: 1.55s
2025-06-13 03:19:55,326 - INFO - 
--- Iter 22 (train size=32) ---
2025-06-13 03:19:56,972 - INFO - Selected Cc1csc(=O)n1CC(=O)OCC(=O)Nc1ccc(C(N)=O)cc1 → EI = 0.2536
f1 shape: (1,)
2025-06-13 03:19:56,974 - INFO -   True f = 0.4823
2025-06-13 03:19:56,982 - INFO - Iter time: 1.66s
2025-06-13 03:19:56,982 - INFO - 
--- Iter 23 (train size=33) ---
2025-06-13 03:19:58,606 - INFO - Selected CCC(C)c1ccccc1NC(=O)COC(=O)c1ccc2c(c1)S(=O)(=O)c1ccccc1C2=O → EI = 0.2521
f1 shape: (1,)
2025-06-13 03:19:58,607 - INFO -   True f = 0.5739
2025-06-13 03:19:58,616 - INFO - Iter time: 1.63s
2025-06-13 03:19:58,616 - INFO - 
--- Iter 24 (train size=34) ---
2025-06-13 03:20:00,208 - INFO - Selected O=C(COC(=O)c1ccc2ccccc2n1)Nc1ccccc1Br → EI = 0.2539
f1 shape: (1,)
2025-06-13 03:20:00,209 - INFO -   True f = 0.2467
2025-06-13 03:20:00,218 - INFO - Iter time: 1.60s
2025-06-13 03:20:00,218 - INFO - 
--- Iter 25 (train size=35) ---
2025-06-13 03:20:01,974 - INFO - Selected CC(=O)Oc1ccc(C(=O)OCC2=C(C(=O)O)N3C(=O)C(NC(=O)CSc4cc(Cl)ccc4Cl)C3SC2)cc1 → EI = 0.2526
f1 shape: (1,)
2025-06-13 03:20:01,976 - INFO -   True f = 0.5667
2025-06-13 03:20:01,985 - INFO - Iter time: 1.77s
2025-06-13 03:20:01,985 - INFO - 
--- Iter 26 (train size=36) ---
2025-06-13 03:20:03,638 - INFO - Selected CN(c1ccsc1C(=O)NC(CCCNC(=N)N)C(=O)O)S(=O)(=O)c1ccc([N+](=O)[O-])cc1 → EI = 0.2539
f1 shape: (1,)
2025-06-13 03:20:03,640 - INFO -   True f = 0.5713
2025-06-13 03:20:03,649 - INFO - Iter time: 1.66s
2025-06-13 03:20:03,649 - INFO - 
--- Iter 27 (train size=37) ---
2025-06-13 03:20:05,495 - INFO - Selected CC(C(=O)NO)N(Cc1ccccc1[N+](=O)[O-])C(=O)NS(=O)(=O)c1ccc(Cl)cc1 → EI = 0.258
f1 shape: (1,)
2025-06-13 03:20:05,496 - INFO -   True f = 0.5121
2025-06-13 03:20:05,506 - INFO - Iter time: 1.86s
2025-06-13 03:20:05,506 - INFO - 
--- Iter 28 (train size=38) ---
2025-06-13 03:20:07,281 - INFO - Selected O=C(COC(=O)c1ccc(Cl)nc1)NCCNC(=O)COC(=O)c1ccc(Cl)nc1 → EI = 0.2532
f1 shape: (1,)
2025-06-13 03:20:07,283 - INFO -   True f = 0.5089
2025-06-13 03:20:07,293 - INFO - Iter time: 1.79s
2025-06-13 03:20:07,293 - INFO - 
--- Iter 29 (train size=39) ---
2025-06-13 03:20:09,094 - INFO - Selected O=C(O)CN(CC(=O)NC(Cc1ccc(OCc2c(Cl)cccc2Cl)cc1)C(=O)O)S(=O)(=O)c1cccs1 → EI = 0.2538
f1 shape: (1,)
2025-06-13 03:20:09,095 - INFO -   True f = 0.6055
2025-06-13 03:20:09,105 - INFO - Iter time: 1.81s
2025-06-13 03:20:09,105 - INFO - 
--- Iter 30 (train size=40) ---
2025-06-13 03:20:11,050 - INFO - Selected CN(Cc1ccccc1)S(=O)(=O)NC(CNC(=O)CC1CC(c2ccc(C(=N)N)cc2)=NO1)C(=O)O → EI = 0.2569
f1 shape: (1,)
2025-06-13 03:20:11,051 - INFO -   True f = 0.5811
2025-06-13 03:20:11,062 - INFO - Iter time: 1.96s
2025-06-13 03:20:11,062 - INFO - 
--- Iter 31 (train size=41) ---
2025-06-13 03:20:13,025 - INFO - Selected COc1ccc(OC)c(C(=O)CCC(=O)NC(Cc2ccccc2)C(=O)C(N)=O)c1 → EI = 0.2599
f1 shape: (1,)
2025-06-13 03:20:13,027 - INFO -   True f = 0.5788
2025-06-13 03:20:13,037 - INFO - Iter time: 1.98s
2025-06-13 03:20:13,037 - INFO - 
--- Iter 32 (train size=42) ---
2025-06-13 03:20:14,963 - INFO - Selected COc1cccc(OC)c1-c1ccc(CC(NC(=O)C2(S(=O)(=O)c3ccccc3)CCCCC2)C(=O)O)cc1 → EI = 0.2618
f1 shape: (1,)
2025-06-13 03:20:14,965 - INFO -   True f = 0.6409
2025-06-13 03:20:14,976 - INFO - Iter time: 1.94s
2025-06-13 03:20:14,976 - INFO - 
--- Iter 33 (train size=43) ---
2025-06-13 03:20:17,011 - INFO - Selected N=C(N)c1cccc(CC(NS(=O)(=O)c2ccc3ccccc3c2)C(=O)C(=O)O)c1 → EI = 0.2647
f1 shape: (1,)
2025-06-13 03:20:17,013 - INFO -   True f = 0.5651
2025-06-13 03:20:17,023 - INFO - Iter time: 2.05s
2025-06-13 03:20:17,023 - INFO - 
--- Iter 34 (train size=44) ---
2025-06-13 03:20:19,010 - INFO - Selected O=C(O)C(Cc1ccc(-c2ccccc2)cc1)NC(=O)C1CCCN1S(=O)(=O)c1cc(Cl)cc(Cl)c1 → EI = 0.2659
f1 shape: (1,)
2025-06-13 03:20:19,012 - INFO -   True f = 0.6144
2025-06-13 03:20:19,023 - INFO - Iter time: 2.00s
2025-06-13 03:20:19,023 - INFO - 
--- Iter 35 (train size=45) ---
2025-06-13 03:20:21,156 - INFO - Selected CSCCC(NC(=O)c1ccc(CS(=O)(=O)c2cccnc2)cc1-c1ccccc1)C(=O)O → EI = 0.2674
f1 shape: (1,)
2025-06-13 03:20:21,158 - INFO -   True f = 0.6338
2025-06-13 03:20:21,170 - INFO - Iter time: 2.15s
2025-06-13 03:20:21,170 - INFO - 
--- Iter 36 (train size=46) ---
2025-06-13 03:20:23,310 - INFO - Selected Nc1nc2[nH]cc(Cc3ccc(C(=O)NC(CCC(=O)O)C(=O)O)cc3)c2c(=O)[nH]1 → EI = 0.2681
f1 shape: (1,)
2025-06-13 03:20:23,311 - INFO -   True f = 0.5634
2025-06-13 03:20:23,324 - INFO - Iter time: 2.15s
2025-06-13 03:20:23,324 - INFO - 
--- Iter 37 (train size=47) ---
2025-06-13 03:20:25,420 - INFO - Selected NC(=O)C(CO)NC(=O)C(CCC(=O)O)NC(=O)CCc1ccc(-c2ccccc2)cc1 → EI = 0.2699
f1 shape: (1,)
2025-06-13 03:20:25,421 - INFO -   True f = 0.6545
2025-06-13 03:20:25,434 - INFO - Iter time: 2.11s
2025-06-13 03:20:25,434 - INFO - 
--- Iter 38 (train size=48) ---
2025-06-13 03:20:27,672 - INFO - Selected CCC(C)C(NC(=O)c1ccc(-c2ccccc2)cc1)C(=O)NC(C(=O)NC(CCC(N)=O)C(=O)O)C(C)C → EI = 0.2721
f1 shape: (1,)
2025-06-13 03:20:27,674 - INFO -   True f = 0.5873
2025-06-13 03:20:27,686 - INFO - Iter time: 2.25s
2025-06-13 03:20:27,686 - INFO - 
--- Iter 39 (train size=49) ---
2025-06-13 03:20:29,873 - INFO - Selected O=C(O)CC(NC(=O)C(CCCCNS(=O)(=O)c1ccc(O)c(C(=O)O)c1)c1ccccc1)C(=O)c1ncc(-c2c(Cl)cccc2Cl)o1 → EI = 0.2719
f1 shape: (1,)
2025-06-13 03:20:29,875 - INFO -   True f = 0.5075
2025-06-13 03:20:29,887 - INFO - Iter time: 2.20s
2025-06-13 03:20:29,887 - INFO - 
--- Iter 40 (train size=50) ---
2025-06-13 03:20:32,104 - INFO - Selected NS(=O)(=O)c1ccc(NC(=O)NC(Cc2ccccc2)C(=O)O)cc1 → EI = 0.2718
f1 shape: (1,)
2025-06-13 03:20:32,105 - INFO -   True f = 0.5333
2025-06-13 03:20:32,118 - INFO - Iter time: 2.23s
2025-06-13 03:20:32,118 - INFO - 
--- Iter 41 (train size=51) ---
2025-06-13 03:20:34,342 - INFO - Selected O=C(O)CCC(=O)NC(CC(=O)O)Cc1ccc(-c2cccc(F)c2)cc1 → EI = 0.2701
f1 shape: (1,)
2025-06-13 03:20:34,344 - INFO -   True f = 0.6336
2025-06-13 03:20:34,357 - INFO - Iter time: 2.24s
2025-06-13 03:20:34,357 - INFO - 
--- Iter 42 (train size=52) ---
2025-06-13 03:20:36,739 - INFO - Selected CCN1C(=O)N(CC(=O)NC(CC(=O)O)c2ccccc2)C(=O)C1(C)c1ccc(C(=N)N)cc1 → EI = 0.2718
f1 shape: (1,)
2025-06-13 03:20:36,740 - INFO -   True f = 0.6335
2025-06-13 03:20:36,754 - INFO - Iter time: 2.40s
2025-06-13 03:20:36,754 - INFO - 
--- Iter 43 (train size=53) ---
2025-06-13 03:20:39,178 - INFO - Selected N=C(N)c1ccc(C2(Cc3ccccc3)NC(=O)N(CC(=O)NC(CC(=O)O)C(=O)NC(C(=O)O)c3ccccc3)C2=O)cc1 → EI = 0.2738
f1 shape: (1,)
2025-06-13 03:20:39,180 - INFO -   True f = 0.6396
2025-06-13 03:20:39,194 - INFO - Iter time: 2.44s
2025-06-13 03:20:39,194 - INFO - 
--- Iter 44 (train size=54) ---
2025-06-13 03:20:41,666 - INFO - Selected CSCCC(NC(=O)CN1C(=O)C(N(C)C(=O)C(N)CS)N=C(c2ccccc2)c2ccccc21)C(=O)O → EI = 0.276
f1 shape: (1,)
2025-06-13 03:20:41,668 - INFO -   True f = 0.6369
2025-06-13 03:20:41,682 - INFO - Iter time: 2.49s
2025-06-13 03:20:41,682 - INFO - 
--- Iter 45 (train size=55) ---
2025-06-13 03:20:44,083 - INFO - Selected CC(=O)NC(CCC(N)=O)C(=O)NC(CC(=O)Nc1ccc2c(c1)C(=O)C(=O)c1ccccc1-2)C(=O)O → EI = 0.2768
f1 shape: (1,)
2025-06-13 03:20:44,084 - INFO -   True f = 0.5858
2025-06-13 03:20:44,099 - INFO - Iter time: 2.42s
2025-06-13 03:20:44,099 - INFO - 
--- Iter 46 (train size=56) ---
2025-06-13 03:20:46,562 - INFO - Selected O=C(CCn1c2c(c(=O)[nH]c1=O)CSCC2)NCC(=O)c1ccc(-c2ccccc2)cc1 → EI = 0.2757
f1 shape: (1,)
2025-06-13 03:20:46,563 - INFO -   True f = 0.6069
2025-06-13 03:20:46,578 - INFO - Iter time: 2.48s
2025-06-13 03:20:46,578 - INFO - 
--- Iter 47 (train size=57) ---
2025-06-13 03:20:49,142 - INFO - Selected CC(=O)CC(c1ccccc1)c1c(SCC(NC(C)=O)C(=O)O)c2ccccc2oc1=O → EI = 0.2757
f1 shape: (1,)
2025-06-13 03:20:49,143 - INFO -   True f = 0.5806
2025-06-13 03:20:49,159 - INFO - Iter time: 2.58s
2025-06-13 03:20:49,159 - INFO - 
--- Iter 48 (train size=58) ---
2025-06-13 03:20:51,766 - INFO - Selected CC(=O)NC(Cc1ccc(OP(=O)(O)O)cc1)C(=O)NC1CSCCN(Cc2cccc(-c3ccccc3C#N)c2)C1=O → EI = 0.2757
f1 shape: (1,)
2025-06-13 03:20:51,768 - INFO -   True f = 0.6696
2025-06-13 03:20:51,783 - INFO - Iter time: 2.62s
2025-06-13 03:20:51,783 - INFO - 
--- Iter 49 (train size=59) ---
2025-06-13 03:20:54,463 - INFO - Selected COc1ccc(Cn2ccc(C)c(NC(=O)C(Cc3ccc(CC(=O)O)cc3)NC(C)=O)c2=O)cc1 → EI = 0.2802
f1 shape: (1,)
2025-06-13 03:20:54,464 - INFO -   True f = 0.5886
2025-06-13 03:20:54,481 - INFO - Iter time: 2.70s
2025-06-13 03:20:54,481 - INFO - 
--- Iter 50 (train size=60) ---
2025-06-13 03:20:57,088 - INFO - Selected CCOC(=O)c1c(-c2ccc(OC)cc2)nc(=O)n(Cc2ccc(C(=O)C=C(O)C(=O)OC(C)C)cc2)c1C(C)C → EI = 0.2747
f1 shape: (1,)
2025-06-13 03:20:57,089 - INFO -   True f = 0.4919
2025-06-13 03:20:57,106 - INFO - Iter time: 2.63s
2025-06-13 03:20:57,106 - INFO - 
--- Iter 51 (train size=61) ---
2025-06-13 03:20:59,851 - INFO - Selected O=C(CNC(=O)c1ccc(N2C(=O)c3ccccc3C2=O)cc1)OCC(=O)c1ccccc1 → EI = 0.2745
f1 shape: (1,)
2025-06-13 03:20:59,852 - INFO -   True f = 0.5895
2025-06-13 03:20:59,870 - INFO - Iter time: 2.76s
2025-06-13 03:20:59,870 - INFO - 
--- Iter 52 (train size=62) ---
2025-06-13 03:21:02,692 - INFO - Selected NCCCCC(NC(=O)C(Cc1ccc(-c2cccc(N)c2)cc1)NC(=O)OCc1ccccc1)C(N)=O → EI = 0.275
f1 shape: (1,)
2025-06-13 03:21:02,694 - INFO -   True f = 0.6284
2025-06-13 03:21:02,711 - INFO - Iter time: 2.84s
2025-06-13 03:21:02,711 - INFO - 
--- Iter 53 (train size=63) ---
2025-06-13 03:21:05,743 - INFO - Selected CC(=O)NC(Cc1ccc(O)cc1)C(=O)NC(Cc1ccccc1)C(=O)NC(CCCNC(=N)N)C(=O)COC(=O)c1c(C)cccc1C → EI = 0.2766
f1 shape: (1,)
2025-06-13 03:21:05,745 - INFO -   True f = 0.6194
2025-06-13 03:21:05,763 - INFO - Iter time: 3.05s
2025-06-13 03:21:05,763 - INFO - 
--- Iter 54 (train size=64) ---
2025-06-13 03:21:08,592 - INFO - Selected CC(Cc1ccc(-c2ccccc2)cc1)SC(=O)C(C)NC(=O)Cc1ccc(O)cc1 → EI = 0.2771
f1 shape: (1,)
2025-06-13 03:21:08,594 - INFO -   True f = 0.2076
2025-06-13 03:21:08,612 - INFO - Iter time: 2.85s
2025-06-13 03:21:08,612 - INFO - 
--- Iter 55 (train size=65) ---
2025-06-13 03:21:11,629 - INFO - Selected COC(=O)c1c(O)cccc1OCCCCNC(=O)C(Cc1ccc(NC(=O)C(=O)O)cc1)NC(C)=O → EI = 0.2776
f1 shape: (1,)
2025-06-13 03:21:11,631 - INFO -   True f = 0.6523
2025-06-13 03:21:11,649 - INFO - Iter time: 3.04s
2025-06-13 03:21:11,649 - INFO - 
--- Iter 56 (train size=66) ---
2025-06-13 03:21:14,623 - INFO - Selected CCCC(=O)NC(C(=O)NCCS(N)(=O)=O)c1nc2ccc(-c3ccc(C(=O)N4CCOCC4)cc3)cc2s1 → EI = 0.276
f1 shape: (1,)
2025-06-13 03:21:14,625 - INFO -   True f = 0.6269
2025-06-13 03:21:14,645 - INFO - Iter time: 3.00s
2025-06-13 03:21:14,645 - INFO - 
--- Iter 57 (train size=67) ---
2025-06-13 03:21:17,602 - INFO - Selected COc1cccc(OC)c1-c1cc(C(=O)NC(CCCCN)C(=O)O)nn1-c1ccc(F)cc1 → EI = 0.276
f1 shape: (1,)
2025-06-13 03:21:17,604 - INFO -   True f = 0.5885
2025-06-13 03:21:17,624 - INFO - Iter time: 2.98s
2025-06-13 03:21:17,624 - INFO - 
--- Iter 58 (train size=68) ---
2025-06-13 03:21:20,734 - INFO - Selected C#CCN(Cc1ccc2nc[nH]c(=O)c2c1)c1ccc(C(=O)NC(CCC(=O)O)C(=O)O)c(F)c1 → EI = 0.277
f1 shape: (1,)
2025-06-13 03:21:20,736 - INFO -   True f = 0.5913
2025-06-13 03:21:20,756 - INFO - Iter time: 3.13s
2025-06-13 03:21:20,756 - INFO - 
--- Iter 59 (train size=69) ---
2025-06-13 03:21:23,911 - INFO - Selected Cc1ccc(F)c(NC(=O)Nc2ccc(Oc3ccnc(-c4cc(C(=O)NC(CCC(=O)O)C(=O)O)c[nH]4)c3)cc2)c1 → EI = 0.2775
f1 shape: (1,)
2025-06-13 03:21:23,913 - INFO -   True f = 0.4792
2025-06-13 03:21:23,934 - INFO - Iter time: 3.18s
2025-06-13 03:21:23,934 - INFO - 
--- Iter 60 (train size=70) ---
2025-06-13 03:21:27,023 - INFO - Selected COP(=O)(F)CC(=O)NC(CCCCNS(=O)(=O)c1ccc2ccc3cccc4ccc1c2c34)C(N)=O → EI = 0.2756
f1 shape: (1,)
2025-06-13 03:21:27,025 - INFO -   True f = 0.6426
2025-06-13 03:21:27,046 - INFO - Iter time: 3.11s
2025-06-13 03:21:27,046 - INFO - 
--- Iter 61 (train size=71) ---
2025-06-13 03:21:30,489 - INFO - Selected NC(=O)NCCCC(NC(=O)COCC(c1ccccc1)c1ccccc1)C(=O)O → EI = 0.2769
f1 shape: (1,)
2025-06-13 03:21:30,491 - INFO -   True f = 0.6644
2025-06-13 03:21:30,512 - INFO - Iter time: 3.47s
2025-06-13 03:21:30,512 - INFO - 
--- Iter 62 (train size=72) ---
2025-06-13 03:21:33,694 - INFO - Selected CN(Cc1cnc2nc(N)nc(N)c2n1)c1ccc(C(=O)NC(CCCNC(=O)c2ccc(Cl)cc2)C(=O)O)cc1 → EI = 0.2797
f1 shape: (1,)
2025-06-13 03:21:33,695 - INFO -   True f = 0.6023
2025-06-13 03:21:33,717 - INFO - Iter time: 3.20s
2025-06-13 03:21:33,717 - INFO - 
--- Iter 63 (train size=73) ---
2025-06-13 03:21:36,954 - INFO - Selected CCCCC(N)C(=O)Nc1cc(C(=O)NC(Cc2c[nH]c3ccccc23)C(=O)O)ccc1N → EI = 0.2783
f1 shape: (1,)
2025-06-13 03:21:36,956 - INFO -   True f = 0.5928
2025-06-13 03:21:36,978 - INFO - Iter time: 3.26s
2025-06-13 03:21:36,978 - INFO - 
--- Iter 64 (train size=74) ---
2025-06-13 03:21:40,397 - INFO - Selected CC(=O)c1ccc(S(=O)(=O)NCCC(=O)OCC(=O)NCCc2ccccc2)cc1 → EI = 0.2772
f1 shape: (1,)
2025-06-13 03:21:40,398 - INFO -   True f = 0.5791
2025-06-13 03:21:40,422 - INFO - Iter time: 3.44s
2025-06-13 03:21:40,422 - INFO - 
--- Iter 65 (train size=75) ---
2025-06-13 03:21:44,020 - INFO - Selected CCNc1ccc(-c2ccc(C(=O)NC(CC(C)C)C(N)=O)cc2C(=O)O)c(C(=O)Nc2cccc(C(N)=O)c2)c1 → EI = 0.2752
f1 shape: (1,)
2025-06-13 03:21:44,021 - INFO -   True f = 0.5832
2025-06-13 03:21:44,045 - INFO - Iter time: 3.62s
2025-06-13 03:21:44,045 - INFO - 
--- Iter 66 (train size=76) ---
2025-06-13 03:21:47,409 - INFO - Selected CC(NC(=O)c1cc(OCC(=O)NCCCCCN)cc(OS(=O)(=O)Cc2ccccc2)c1)c1ccccc1 → EI = 0.2749
f1 shape: (1,)
2025-06-13 03:21:47,411 - INFO -   True f = 0.6166
2025-06-13 03:21:47,435 - INFO - Iter time: 3.39s
2025-06-13 03:21:47,435 - INFO - 
--- Iter 67 (train size=77) ---
2025-06-13 03:21:50,846 - INFO - Selected O=C(O)CC(NC(=O)OCc1ccccc1)C(=O)COC(=O)CC(c1ccccc1)c1ccccn1 → EI = 0.276
f1 shape: (1,)
2025-06-13 03:21:50,848 - INFO -   True f = 0.6448
2025-06-13 03:21:50,873 - INFO - Iter time: 3.44s
2025-06-13 03:21:50,873 - INFO - 
--- Iter 68 (train size=78) ---
2025-06-13 03:21:54,451 - INFO - Selected CCOP(=O)(O)NC(C(=O)NC(Cc1ccc(OCC(=O)N(Cc2ccccc2)Cc2ccccc2)cc1)C(=O)NCC(=O)O)C(C)CC → EI = 0.2786
f1 shape: (1,)
2025-06-13 03:21:54,453 - INFO -   True f = 0.6131
2025-06-13 03:21:54,479 - INFO - Iter time: 3.61s
2025-06-13 03:21:54,479 - INFO - 
--- Iter 69 (train size=79) ---
2025-06-13 03:21:57,898 - INFO - Selected C=CCOC(=O)N1CCN(C(=O)C(CCC(=O)O)NC(=O)c2cc(OCCO)cc(-c3ccccc3)n2)CC1 → EI = 0.2783
f1 shape: (1,)
2025-06-13 03:21:57,899 - INFO -   True f = 0.6535
2025-06-13 03:21:57,925 - INFO - Iter time: 3.45s
2025-06-13 03:21:57,925 - INFO - 
--- Iter 70 (train size=80) ---
2025-06-13 03:22:01,770 - INFO - Selected N=C(N)N1CCCC(NC(=O)CNC(=O)C(CCNC(=O)c2cncc(Br)c2)NC(=O)OCc2ccccc2)C1O → EI = 0.2806
f1 shape: (1,)
2025-06-13 03:22:01,772 - INFO -   True f = 0.583
2025-06-13 03:22:01,799 - INFO - Iter time: 3.87s
2025-06-13 03:22:01,799 - INFO - 
--- Iter 71 (train size=81) ---
2025-06-13 03:22:05,347 - INFO - Selected CC(C)CC(NC(=O)C=Cc1ccc(OP(=O)(O)O)cc1)C(=O)N1CCCC1C(=O)NC(COCc1ccccc1)COC(N)=O → EI = 0.2793
f1 shape: (1,)
2025-06-13 03:22:05,348 - INFO -   True f = 0.6259
2025-06-13 03:22:05,375 - INFO - Iter time: 3.58s
2025-06-13 03:22:05,375 - INFO - 
--- Iter 72 (train size=82) ---
2025-06-13 03:22:09,122 - INFO - Selected CCCN(C(=O)NC(CSCc1ccccc1)C(=O)O)C(=O)c1cccc(-c2ccccc2Cl)c1 → EI = 0.2779
f1 shape: (1,)
2025-06-13 03:22:09,124 - INFO -   True f = 0.3487
2025-06-13 03:22:09,152 - INFO - Iter time: 3.78s
2025-06-13 03:22:09,152 - INFO - 
--- Iter 73 (train size=83) ---
2025-06-13 03:22:12,948 - INFO - Selected N=C(N)c1ccc(C(=O)NCC(=O)N2CCN(CC(=O)O)C(=O)C2CC(=O)O)cc1 → EI = 0.2767
f1 shape: (1,)
2025-06-13 03:22:12,949 - INFO -   True f = 0.6006
2025-06-13 03:22:12,977 - INFO - Iter time: 3.83s
2025-06-13 03:22:12,977 - INFO - 
--- Iter 74 (train size=84) ---
2025-06-13 03:22:16,810 - INFO - Selected CC(=O)c1cc(CNC(=O)c2ccc(OP(=O)(O)O)cc2)ccc1OCC1CCCCC1 → EI = 0.2759
f1 shape: (1,)
2025-06-13 03:22:16,812 - INFO -   True f = 0.6641
2025-06-13 03:22:16,841 - INFO - Iter time: 3.86s
2025-06-13 03:22:16,841 - INFO - 
--- Iter 75 (train size=85) ---
2025-06-13 03:22:20,958 - INFO - Selected CC(=O)c1ccc(N(C(=O)CNC(=O)c2ccco2)C(C(=O)NC2CCCC2)c2ccncc2)cc1 → EI = 0.2782
f1 shape: (1,)
2025-06-13 03:22:20,959 - INFO -   True f = 0.6633
2025-06-13 03:22:20,988 - INFO - Iter time: 4.15s
2025-06-13 03:22:20,988 - INFO - 
--- Iter 76 (train size=86) ---
2025-06-13 03:22:24,775 - INFO - Selected O=C(C=Cc1ccccc1)NC(COC(=O)c1cc([N+](=O)[O-])cc([N+](=O)[O-])c1)C(=O)NC1CCCCC1 → EI = 0.2823
f1 shape: (1,)
2025-06-13 03:22:24,777 - INFO -   True f = 0.6396
2025-06-13 03:22:24,807 - INFO - Iter time: 3.82s
2025-06-13 03:22:24,807 - INFO - 
--- Iter 77 (train size=87) ---
2025-06-13 03:22:28,810 - INFO - Selected NC(=O)CCC(NC(=O)C(Cc1ccccc1)NC(=O)CNC(=O)CCc1ccccc1)C(=O)NC1CCCCC1 → EI = 0.2841
f1 shape: (1,)
2025-06-13 03:22:28,811 - INFO -   True f = 0.6079
2025-06-13 03:22:28,842 - INFO - Iter time: 4.04s
2025-06-13 03:22:28,842 - INFO - 
--- Iter 78 (train size=88) ---
2025-06-13 03:22:32,899 - INFO - Selected COc1cc(C(=O)NS(=O)(=O)c2ccccc2C)ccc1Cn1cc(CCC(=O)N2CCC(C)(C)CC2)c2ccc(C(=O)NCC3CCCC3)cc21 → EI = 0.2823
f1 shape: (1,)
2025-06-13 03:22:32,901 - INFO -   True f = 0.2078
2025-06-13 03:22:32,932 - INFO - Iter time: 4.09s
2025-06-13 03:22:32,932 - INFO - 
--- Iter 79 (train size=89) ---
2025-06-13 03:22:36,863 - INFO - Selected CC(C)C(NC(=O)C(CC(=O)O)NC(=O)CNC(=O)Cc1ccc(C(=N)N)cc1)C(=O)O → EI = 0.2754
f1 shape: (1,)
2025-06-13 03:22:36,864 - INFO -   True f = 0.5442
2025-06-13 03:22:36,896 - INFO - Iter time: 3.96s
2025-06-13 03:22:36,896 - INFO - 
--- Iter 80 (train size=90) ---
2025-06-13 03:22:41,033 - INFO - Selected CCOc1ccc(NC(=O)N2CCC(NC(=O)C(Cc3ccccc3OC)NC(C)=O)CC2)cc1 → EI = 0.2751
f1 shape: (1,)
2025-06-13 03:22:41,034 - INFO -   True f = 0.6504
2025-06-13 03:22:41,067 - INFO - Iter time: 4.17s
2025-06-13 03:22:41,067 - INFO - 
--- Iter 81 (train size=91) ---
2025-06-13 03:22:45,261 - INFO - Selected CC(C)(C)C(=O)COc1cc(C(=O)NC(CC(=O)O)c2ccc(Cl)cc2Cl)nn1-c1ccccc1F → EI = 0.2752
f1 shape: (1,)
2025-06-13 03:22:45,263 - INFO -   True f = 0.4314
2025-06-13 03:22:45,296 - INFO - Iter time: 4.23s
2025-06-13 03:22:45,296 - INFO - 
--- Iter 82 (train size=92) ---
2025-06-13 03:22:49,746 - INFO - Selected COC(=O)C(Cc1ccc(OP(=O)(Oc2ccc(CC(NC(C)=O)C(=O)OC)cc2)C2CCCN2C(=O)C2CCCN2)cc1)NC(C)=O → EI = 0.2752
f1 shape: (1,)
2025-06-13 03:22:49,748 - INFO -   True f = 0.611
2025-06-13 03:22:49,782 - INFO - Iter time: 4.49s
2025-06-13 03:22:49,782 - INFO - 
--- Iter 83 (train size=93) ---
2025-06-13 03:22:54,107 - INFO - Selected CC(C)(C)c1ccc(COc2ccc(C(NC(=O)C(CCCCN)NC(=O)C(CCCNC(=N)N)NC(=O)c3cc4sccc4s3)C(N)=O)cc2)cc1 → EI = 0.2747
f1 shape: (1,)
2025-06-13 03:22:54,109 - INFO -   True f = 0.6199
2025-06-13 03:22:54,144 - INFO - Iter time: 4.36s
2025-06-13 03:22:54,144 - INFO - 
--- Iter 84 (train size=94) ---
2025-06-13 03:22:58,266 - INFO - Selected CSCCC(NC(=O)C1CCCN1C(=O)C(NC(=O)C(Cc1ccc(C(F)(F)P(=O)(O)O)cc1)NC(C)=O)C(C)C)C(N)=O → EI = 0.2754
f1 shape: (1,)
2025-06-13 03:22:58,267 - INFO -   True f = 0.5573
2025-06-13 03:22:58,303 - INFO - Iter time: 4.16s
2025-06-13 03:22:58,303 - INFO - 
--- Iter 85 (train size=95) ---
2025-06-13 03:23:02,711 - INFO - Selected CC(C)CC(NC(=O)C(Cc1ccccc1)NC(=O)CC(NC(=O)c1ccc(C#N)cc1)c1ccccc1)C(=O)C1(C)CO1 → EI = 0.2755
f1 shape: (1,)
2025-06-13 03:23:02,713 - INFO -   True f = 0.6223
2025-06-13 03:23:02,748 - INFO - Iter time: 4.45s
2025-06-13 03:23:02,748 - INFO - 
--- Iter 86 (train size=96) ---
2025-06-13 03:23:07,162 - INFO - Selected CC(C)CC(NC(=O)C(CC(C)C)NOC(=O)CN(C(=O)OCc1ccccc1)P(=O)(O)O)C(=O)O → EI = 0.276
f1 shape: (1,)
2025-06-13 03:23:07,163 - INFO -   True f = 0.5207
2025-06-13 03:23:07,200 - INFO - Iter time: 4.45s
2025-06-13 03:23:07,200 - INFO - 
--- Iter 87 (train size=97) ---
2025-06-13 03:23:11,502 - INFO - Selected CCCC1C(=O)N(C(Cc2ccc3ccccc3c2)C(=O)NC)CCN1C(=O)C(Cc1ccc(F)cc1)NC(=O)C1CCCCN1 → EI = 0.2752
f1 shape: (1,)
2025-06-13 03:23:11,504 - INFO -   True f = 0.6621
2025-06-13 03:23:11,541 - INFO - Iter time: 4.34s
2025-06-13 03:23:11,541 - INFO - 
--- Iter 88 (train size=98) ---
2025-06-13 03:23:16,061 - INFO - Selected CCN1CCN(C(=O)NC(C(=O)NC2CN3CC(C#N)=C(C(=O)O)N3C2=O)c2ccccc2)C(=O)C1=O → EI = 0.2766
f1 shape: (1,)
2025-06-13 03:23:16,062 - INFO -   True f = 0.5667
2025-06-13 03:23:16,100 - INFO - Iter time: 4.56s
2025-06-13 03:23:16,101 - INFO - 
--- Iter 89 (train size=99) ---
2025-06-13 03:23:20,921 - INFO - Selected NC(=O)NCCNC(=O)C1CNC(=O)NCCCCC(NC(=O)C(N)Cc2ccc(O)cc2)C(=O)NC(Cc2ccccc2)C(=O)N1 → EI = 0.2764
f1 shape: (1,)
2025-06-13 03:23:20,923 - INFO -   True f = 0.5818
2025-06-13 03:23:20,961 - INFO - Iter time: 4.86s
2025-06-13 03:23:20,961 - INFO - 
--- Iter 90 (train size=100) ---
2025-06-13 03:23:25,616 - INFO - Selected CCOc1ccc(CC(NC(=O)c2cccc(N)c2Cl)C(O)C(=O)N2CCC(C)(C)C2C(=O)NCc2c(C)cccc2C)cc1 → EI = 0.2769
f1 shape: (1,)
2025-06-13 03:23:25,618 - INFO -   True f = 0.5948
2025-06-13 03:23:25,657 - INFO - Iter time: 4.70s
2025-06-13 03:23:25,657 - INFO - 
--- Iter 91 (train size=101) ---
2025-06-13 03:23:30,108 - INFO - Selected CCOC(=O)C=CC(CC1CCNC1=O)NC(=O)C(Cc1ccc(F)cc1)OC(=O)C(NC(=O)c1cc(C)on1)C(C)C → EI = 0.2778
f1 shape: (1,)
2025-06-13 03:23:30,110 - INFO -   True f = 0.5495
2025-06-13 03:23:30,150 - INFO - Iter time: 4.49s
2025-06-13 03:23:30,151 - INFO - 
--- Iter 92 (train size=102) ---
2025-06-13 03:23:34,893 - INFO - Selected CCOC(=O)C(Cc1ccc(O)cc1)NC(=O)C1(NC(=O)C(SC(=O)c2ccccn2)C(C)C)CCCC1 → EI = 0.2779
f1 shape: (1,)
2025-06-13 03:23:34,895 - INFO -   True f = 0.6292
2025-06-13 03:23:34,936 - INFO - Iter time: 4.79s
2025-06-13 03:23:34,936 - INFO - 
--- Iter 93 (train size=103) ---
2025-06-13 03:23:39,701 - INFO - Selected CCOC(=O)C(Cc1ccc(NC(=O)c2c(Cl)cncc2Cl)cc1)NC(=O)C1CC(NC2CCC2)CN1S(=O)(=O)c1cccc(C#N)c1 → EI = 0.2807
f1 shape: (1,)
2025-06-13 03:23:39,703 - INFO -   True f = 0.6194
2025-06-13 03:23:39,745 - INFO - Iter time: 4.81s
2025-06-13 03:23:39,745 - INFO - 
--- Iter 94 (train size=104) ---
2025-06-13 03:23:44,812 - INFO - Selected O=C(NC1CNCCCC1OC(=O)c1cc(O)c(C(=O)c2ncccc2C(=O)O)c(O)c1)c1ccc(O)cc1 → EI = 0.2798
f1 shape: (1,)
2025-06-13 03:23:44,813 - INFO -   True f = 0.6287
2025-06-13 03:23:44,856 - INFO - Iter time: 5.11s
2025-06-13 03:23:44,856 - INFO - 
--- Iter 95 (train size=105) ---
2025-06-13 03:23:49,819 - INFO - Selected CCCC(NC(=O)C(N)Cc1ccc(O)cc1)C(=O)N1CCCC1C(=O)NCC(=O)NC(Cc1ccccc1)C(=O)N1CCCC1C(=O)O → EI = 0.2806
f1 shape: (1,)
2025-06-13 03:23:49,821 - INFO -   True f = 0.6179
2025-06-13 03:23:49,865 - INFO - Iter time: 5.01s
2025-06-13 03:23:49,865 - INFO - 
--- Iter 96 (train size=106) ---
2025-06-13 03:23:54,656 - INFO - Selected C=CC1CC1(NC(=O)C1CC(Oc2ccnc3ccccc23)CN1C(=O)C(NC(=O)OC(C)(C)C)C(C)(C)C)C(=O)NCCc1ccc(C(=O)O)cc1 → EI = 0.2799
f1 shape: (1,)
2025-06-13 03:23:54,658 - INFO -   True f = 0.5549
2025-06-13 03:23:54,911 - INFO - Iter time: 5.05s
2025-06-13 03:23:54,911 - INFO - 
--- Iter 97 (train size=107) ---
2025-06-13 03:23:59,989 - INFO - Selected CCCc1nc(SC)c(C(=O)O)n1Cc1ccc(-c2ccccc2S(=O)(=O)NC(=O)NC2CCCCC2)cc1 → EI = 0.279
f1 shape: (1,)
2025-06-13 03:23:59,991 - INFO -   True f = 0.4812
2025-06-13 03:24:00,036 - INFO - Iter time: 5.12s
2025-06-13 03:24:00,036 - INFO - 
--- Iter 98 (train size=108) ---
2025-06-13 03:24:05,143 - INFO - Selected CC(C)CC(NC(=O)C(N)Cc1ccc(O)cc1)C(=O)NC(C(=O)N(C)c1ccc(C#CC=Cc2ccc([N+](=O)[O-])c(O)c2)cc1)C(C)C → EI = 0.2787
f1 shape: (1,)
2025-06-13 03:24:05,145 - INFO -   True f = 0.5963
2025-06-13 03:24:05,191 - INFO - Iter time: 5.16s
2025-06-13 03:24:05,191 - INFO - 
--- Iter 99 (train size=109) ---
2025-06-13 03:24:10,644 - INFO - Selected CC(C)C(O)C(=O)N1CC(OCCCc2ccccc2)CC1C(=O)NC(CC(F)F)C(=O)NCCc1c(F)cc(C(=O)O)cc1F → EI = 0.2788
f1 shape: (1,)
2025-06-13 03:24:10,646 - INFO -   True f = 0.5989
2025-06-13 03:24:10,693 - INFO - Iter time: 5.50s
2025-06-13 03:24:10,693 - INFO - 
--- Iter 100 (train size=110) ---
2025-06-13 03:24:15,941 - INFO - Selected O=C(Nc1ccc(CC(NC(=O)C2CCC(=O)N2Cc2ccccc2)C(=O)O)cc1)c1cc(F)c(F)cc1F → EI = 0.2807
f1 shape: (1,)
2025-06-13 03:24:15,943 - INFO -   True f = 0.6434
2025-06-13 03:24:15,990 - INFO - Iter time: 5.30s
2025-06-13 03:24:15,990 - INFO - 
--- Iter 101 (train size=111) ---
2025-06-13 03:24:21,038 - INFO - Selected N=C(N)c1ccc(CNC(=O)C(CCC2CCNCC2)NC(=O)C(CCCC2CCNCC2)NS(=O)(=O)Cc2ccccc2)cc1 → EI = 0.2795
f1 shape: (1,)
2025-06-13 03:24:21,040 - INFO -   True f = 0.5938
2025-06-13 03:24:21,089 - INFO - Iter time: 5.10s
2025-06-13 03:24:21,089 - INFO - 
--- Iter 102 (train size=112) ---
2025-06-13 03:24:26,464 - INFO - Selected CC(C)C(NC(=O)CNC(=O)C(N)Cc1ccc(O)cc1)C(=O)NC1CCc2ccccc21 → EI = 0.2794
f1 shape: (1,)
2025-06-13 03:24:26,465 - INFO -   True f = 0.5799
2025-06-13 03:24:26,515 - INFO - Iter time: 5.43s
2025-06-13 03:24:26,515 - INFO - 
--- Iter 103 (train size=113) ---
2025-06-13 03:24:31,926 - INFO - Selected O=C(Nc1ccc(CC(NC(=O)C2(CCNC(=O)C(F)(F)F)CCCC2)C(=O)O)cc1)c1c(Cl)cccc1Cl → EI = 0.2788
f1 shape: (1,)
2025-06-13 03:24:31,927 - INFO -   True f = 0.5548
2025-06-13 03:24:31,978 - INFO - Iter time: 5.46s
2025-06-13 03:24:31,978 - INFO - 
--- Iter 104 (train size=114) ---
2025-06-13 03:24:37,148 - INFO - Selected CC(=O)NC(Cc1c[nH]cn1)C(=O)NC(Cc1ccc(O)cc1)C(=O)NC(CCCN=C(N)N)C(=O)NC(Cc1c[nH]c2ccccc12)C(N)=O → EI = 0.2788
f1 shape: (1,)
2025-06-13 03:24:37,150 - INFO -   True f = 0.5713
2025-06-13 03:24:37,201 - INFO - Iter time: 5.22s
2025-06-13 03:24:37,201 - INFO - 
--- Iter 105 (train size=115) ---
2025-06-13 03:24:42,771 - INFO - Selected NC(Cc1ccc(C(=O)NCCc2ccc(-c3ccccc3)cc2)cc1)C(=O)N1Cc2ccccc2CC1CNC(CC1CCCCC1)C(=O)NC(Cc1ccccc1)C(=O)O → EI = 0.2786
f1 shape: (1,)
2025-06-13 03:24:42,773 - INFO -   True f = 0.1649
2025-06-13 03:24:42,825 - INFO - Iter time: 5.62s
2025-06-13 03:24:42,825 - INFO - 
--- Iter 106 (train size=116) ---
2025-06-13 03:24:48,388 - INFO - Selected O=C(COC(=O)CNC(=O)c1ccco1)NCc1ccc(F)cc1 → EI = 0.2803
f1 shape: (1,)
2025-06-13 03:24:48,389 - INFO -   True f = 0.5119
2025-06-13 03:24:48,442 - INFO - Iter time: 5.62s
2025-06-13 03:24:48,442 - INFO - 
--- Iter 107 (train size=117) ---
2025-06-13 03:24:54,033 - INFO - Selected CC(=O)NC(Cc1ccc(O)cc1)C(=O)NC1CSSCC(C(=O)O)NC(=O)C2(CCCC2)CCNC1=O → EI = 0.279
f1 shape: (1,)
2025-06-13 03:24:54,036 - INFO -   True f = 0.5746
2025-06-13 03:24:54,090 - INFO - Iter time: 5.65s
2025-06-13 03:24:54,090 - INFO - 
--- Iter 108 (train size=118) ---
2025-06-13 03:24:59,712 - INFO - Selected CCCC(NC(=O)OCc1ccccc1)C(=O)NC(CC1CCNC1=O)C(O)S(=O)(=O)O → EI = 0.2791
f1 shape: (1,)
2025-06-13 03:24:59,714 - INFO -   True f = 0.5773
2025-06-13 03:24:59,769 - INFO - Iter time: 5.68s
2025-06-13 03:24:59,769 - INFO - 
--- Iter 109 (train size=119) ---
2025-06-13 03:25:05,365 - INFO - Selected CCC(NC(=O)N1CC(=O)NCC(Cc2cc(Cl)ccc2OC)C1=O)c1cncc(C(=O)O)c1 → EI = 0.2787
f1 shape: (1,)
2025-06-13 03:25:05,367 - INFO -   True f = 0.6079
2025-06-13 03:25:05,424 - INFO - Iter time: 5.66s
2025-06-13 03:25:05,424 - INFO - 
--- Iter 110 (train size=120) ---
2025-06-13 03:25:11,415 - INFO - Selected CCC(NC(=O)C1CC(S(=O)(=O)c2ccc(F)cc2Cl)CN1C(=O)C1(c2ccc(Cl)cc2)CC1)C(=O)C(=O)NC1CC1 → EI = 0.2793
f1 shape: (1,)
2025-06-13 03:25:11,417 - INFO -   True f = 0.594
2025-06-13 03:25:11,473 - INFO - Iter time: 6.05s
2025-06-13 03:25:11,473 - INFO - 
--- Iter 111 (train size=121) ---
2025-06-13 03:25:16,903 - INFO - Selected Cc1ccc(S(=O)(=O)N2CCC(C(=O)OCC(=O)NC(C)c3ccc(F)cc3)CC2)cc1C → EI = 0.2789
f1 shape: (1,)
2025-06-13 03:25:16,904 - INFO -   True f = 0.6297
2025-06-13 03:25:16,962 - INFO - Iter time: 5.49s
2025-06-13 03:25:16,962 - INFO - 
--- Iter 112 (train size=122) ---
2025-06-13 03:25:23,010 - INFO - Selected O=C(C=Cc1ccc(F)cc1)NC(CO)C(=O)NCC(=O)NC(CO)C(=O)NC1CCCCC1 → EI = 0.2782
f1 shape: (1,)
2025-06-13 03:25:23,012 - INFO -   True f = 0.6006
2025-06-13 03:25:23,070 - INFO - Iter time: 6.11s
2025-06-13 03:25:23,070 - INFO - 
--- Iter 113 (train size=123) ---
2025-06-13 03:25:28,670 - INFO - Selected CN(C)C(=O)C(=O)N(C)C1CCCn2c1nc(C(=O)NCc1ccc(F)cc1)c(O)c2=O → EI = 0.2788
f1 shape: (1,)
2025-06-13 03:25:28,672 - INFO -   True f = 0.5454
2025-06-13 03:25:28,731 - INFO - Iter time: 5.66s
2025-06-13 03:25:28,731 - INFO - 
--- Iter 114 (train size=124) ---
2025-06-13 03:25:34,453 - INFO - Selected CC(C)(C)c1ccc(-c2ccc(S(=O)(=O)N3CCCC3C(=O)NC(C#N)CC(N)=O)cc2)cc1 → EI = 0.2784
f1 shape: (1,)
2025-06-13 03:25:34,454 - INFO -   True f = 0.6319
2025-06-13 03:25:34,515 - INFO - Iter time: 5.78s
2025-06-13 03:25:34,515 - INFO - 
--- Iter 115 (train size=125) ---
2025-06-13 03:25:40,368 - INFO - Selected CCOC(=O)c1cc(C#N)c(N2CC(C(=O)NS(=O)(=O)Cc3ccc(F)cc3)C2)nc1C → EI = 0.2792
f1 shape: (1,)
2025-06-13 03:25:40,370 - INFO -   True f = 0.5352
2025-06-13 03:25:40,431 - INFO - Iter time: 5.92s
2025-06-13 03:25:40,431 - INFO - 
--- Iter 116 (train size=126) ---
2025-06-13 03:25:46,116 - INFO - Selected CS(=O)(=O)NC(C(=O)N1CCCC1C(=O)NCc1csc(C(=N)NN)c1)C(c1ccccc1)c1ccccc1 → EI = 0.2786
f1 shape: (1,)
2025-06-13 03:25:46,117 - INFO -   True f = 0.6639
2025-06-13 03:25:46,179 - INFO - Iter time: 5.75s
2025-06-13 03:25:46,179 - INFO - 
--- Iter 117 (train size=127) ---
2025-06-13 03:25:51,642 - INFO - Selected O=C(O)COc1c(C(=O)O)sc(-c2cccc(NC3CCN(S(=O)(=O)Cc4ccccc4)CC3)c2)c1Cl → EI = 0.2785
f1 shape: (1,)
2025-06-13 03:25:51,643 - INFO -   True f = 0.6226
2025-06-13 03:25:51,706 - INFO - Iter time: 5.53s
2025-06-13 03:25:51,706 - INFO - 
--- Iter 118 (train size=128) ---
2025-06-13 03:25:57,645 - INFO - Selected NC(=O)C(=O)C(Cc1ccccc1)NC(=O)C1CCN(C(=O)C=Cc2ccncc2)CC1 → EI = 0.2794
f1 shape: (1,)
2025-06-13 03:25:57,647 - INFO -   True f = 0.648
2025-06-13 03:25:57,711 - INFO - Iter time: 6.00s
2025-06-13 03:25:57,711 - INFO - 
--- Iter 119 (train size=129) ---
2025-06-13 03:26:03,769 - INFO - Selected CCC(NC(=O)C(CC(C)C)NC(=O)OCc1ccccc1)C(=O)C(=O)NCc1ccncc1 → EI = 0.2804
f1 shape: (1,)
2025-06-13 03:26:03,771 - INFO -   True f = 0.5411
2025-06-13 03:26:03,835 - INFO - Iter time: 6.12s
2025-06-13 03:26:03,835 - INFO - 
--- Iter 120 (train size=130) ---
2025-06-13 03:26:09,439 - INFO - Selected CC(=O)N1CCN(C(=O)c2cc(CSc3cnc(NC(=O)c4ccc(N(C)C)cc4)s3)ccc2[N+](=O)[O-])CC1 → EI = 0.2803
f1 shape: (1,)
2025-06-13 03:26:09,441 - INFO -   True f = 0.6121
2025-06-13 03:26:09,505 - INFO - Iter time: 5.67s
2025-06-13 03:26:09,506 - INFO - 
--- Iter 121 (train size=131) ---
2025-06-13 03:26:15,637 - INFO - Selected Cc1cnc(C(=O)NC(Cc2nc(I)n(Cc3ccccc3)c2I)C(=O)N2CCCC2C(N)=O)cn1 → EI = 0.2803
f1 shape: (1,)
2025-06-13 03:26:15,638 - INFO -   True f = 0.5625
2025-06-13 03:26:15,705 - INFO - Iter time: 6.20s
2025-06-13 03:26:15,705 - INFO - 
--- Iter 122 (train size=132) ---
2025-06-13 03:26:21,638 - INFO - Selected CC(=O)N1CCN(C(=O)C(Cc2cccc(C(=N)N)c2)NS(=O)(=O)NCCc2cc3c(cc2[N+](=O)[O-])OCO3)CC1 → EI = 0.2802
f1 shape: (1,)
2025-06-13 03:26:21,640 - INFO -   True f = 0.6045
2025-06-13 03:26:21,707 - INFO - Iter time: 6.00s
2025-06-13 03:26:21,707 - INFO - 
--- Iter 123 (train size=133) ---
2025-06-13 03:26:27,401 - INFO - Selected Cc1cc(COc2ccc(S(=O)(=O)NCC(C(=O)NO)N3CCN(C(=O)C(C)C)CC3)cc2)c2ccccc2n1 → EI = 0.2815
f1 shape: (1,)
2025-06-13 03:26:27,403 - INFO -   True f = 0.6253
2025-06-13 03:26:27,471 - INFO - Iter time: 5.76s
2025-06-13 03:26:27,471 - INFO - 
--- Iter 124 (train size=134) ---
2025-06-13 03:26:33,752 - INFO - Selected CC(C)(C)NC(=O)C1CC2SCCC2CN1CC(O)C(Cc1ccccc1)NC(=O)C(CS(=O)(=O)c1ccc(F)cc1)NS(C)(=O)=O → EI = 0.2812
f1 shape: (1,)
2025-06-13 03:26:33,754 - INFO -   True f = 0.6058
2025-06-13 03:26:33,823 - INFO - Iter time: 6.35s
2025-06-13 03:26:33,823 - INFO - 
--- Iter 125 (train size=135) ---
2025-06-13 03:26:40,159 - INFO - Selected CC(C)C(=O)N1CCC(C(=O)NC(C(=O)NC(CCCCN)C(=O)OC(C)(C)C)C(C)c2c[nH]c3ccccc23)CC1 → EI = 0.2819
f1 shape: (1,)
2025-06-13 03:26:40,161 - INFO -   True f = 0.5991
2025-06-13 03:26:40,232 - INFO - Iter time: 6.41s
2025-06-13 03:26:40,232 - INFO - 
--- Iter 126 (train size=136) ---
2025-06-13 03:26:46,062 - INFO - Selected NCCCCC(NC(=O)C(Cc1c[nH]c2ccccc12)NC(=O)C1CCCN1C(=O)CCCCCNC(=O)C1CCC2c3[nH]c4ccccc4c3CCN2C1)C(N)=O → EI = 0.2806
f1 shape: (1,)
2025-06-13 03:26:46,064 - INFO -   True f = 0.6021
2025-06-13 03:26:46,136 - INFO - Iter time: 5.90s
2025-06-13 03:26:46,136 - INFO - 
--- Iter 127 (train size=137) ---
2025-06-13 03:26:52,579 - INFO - Selected O=C(O)C(CCC(=O)N1CCCC1C(=O)O)NC(=O)C1CCCN1C(=O)OCc1ccccc1 → EI = 0.2817
f1 shape: (1,)
2025-06-13 03:26:52,580 - INFO -   True f = 0.622
2025-06-13 03:26:52,653 - INFO - Iter time: 6.52s
2025-06-13 03:26:52,653 - INFO - 
--- Iter 128 (train size=138) ---
2025-06-13 03:26:58,908 - INFO - Selected O=C(NCCCN1CCOCC1)C(=O)C(Cc1ccccc1)NC(=O)C1CCN(S(=O)(=O)c2ccc3ccccc3c2)CC1 → EI = 0.2819
f1 shape: (1,)
2025-06-13 03:26:58,910 - INFO -   True f = 0.686
2025-06-13 03:26:58,984 - INFO - Iter time: 6.33s
2025-06-13 03:26:58,984 - INFO - 
--- Iter 129 (train size=139) ---
2025-06-13 03:27:05,531 - INFO - Selected CC(C)(C)NC(=O)C1CCCN1C(=O)C(=O)C(Cc1ccccc1)NC(=O)OCc1ccccc1 → EI = 0.2756
f1 shape: (1,)
2025-06-13 03:27:05,533 - INFO -   True f = 0.6105
2025-06-13 03:27:05,608 - INFO - Iter time: 6.62s
2025-06-13 03:27:05,608 - INFO - 
--- Iter 130 (train size=140) ---
2025-06-13 03:27:11,700 - INFO - Selected CCOC(=O)CCNC(=O)C1CC(NC(=O)c2cc(CC)nn2C)CN1C(=O)c1coc2ccccc12 → EI = 0.275
f1 shape: (1,)
2025-06-13 03:27:11,702 - INFO -   True f = 0.5877
2025-06-13 03:27:11,778 - INFO - Iter time: 6.17s
2025-06-13 03:27:11,778 - INFO - 
--- Iter 131 (train size=141) ---
2025-06-13 03:27:18,394 - INFO - Selected CCOC(=O)c1ccc(N2C(=O)CC(N3CCN(C(=O)c4ccco4)CC3)C2=O)cc1 → EI = 0.2756
f1 shape: (1,)
2025-06-13 03:27:18,396 - INFO -   True f = 0.656
2025-06-13 03:27:18,472 - INFO - Iter time: 6.69s
2025-06-13 03:27:18,473 - INFO - 
--- Iter 132 (train size=142) ---
2025-06-13 03:27:24,627 - INFO - Selected COc1ccc(S(=O)(=O)N(Cc2ccc3c(c2)OCO3)C(CCC(=O)N2CCN(C)CC2)C(=O)NO)cc1 → EI = 0.275
f1 shape: (1,)
2025-06-13 03:27:24,629 - INFO -   True f = 0.6278
2025-06-13 03:27:24,706 - INFO - Iter time: 6.23s
2025-06-13 03:27:24,706 - INFO - 
--- Iter 133 (train size=143) ---
2025-06-13 03:27:31,383 - INFO - Selected CC(C(=O)NCCN)N1CCC(NS(=O)(=O)c2ccc3cc(Cl)ccc3c2)C1=O → EI = 0.2758
f1 shape: (1,)
2025-06-13 03:27:31,385 - INFO -   True f = 0.5908
2025-06-13 03:27:31,466 - INFO - Iter time: 6.76s
2025-06-13 03:27:31,466 - INFO - 
--- Iter 134 (train size=144) ---
2025-06-13 03:27:38,249 - INFO - Selected CC(C)(C)NC(=O)C1CCCN1CC(O)C1Cc2ccc(cc2)OCCCOc2cc3ccccc3cc2C(=O)NC(CC(N)=O)C(=O)N1 → EI = 0.2755
f1 shape: (1,)
2025-06-13 03:27:38,251 - INFO -   True f = 0.6469
2025-06-13 03:27:38,333 - INFO - Iter time: 6.87s
2025-06-13 03:27:38,333 - INFO - 
--- Iter 135 (train size=145) ---
2025-06-13 03:27:44,583 - INFO - Selected CC(NC(=O)c1ccco1)C(=O)N1CCCN(CCCOc2ccc(-c3noc(C(C)NC(=O)OC(C)(C)C)n3)c(F)c2)CC1 → EI = 0.2767
f1 shape: (1,)
2025-06-13 03:27:44,585 - INFO -   True f = 0.6228
2025-06-13 03:27:44,667 - INFO - Iter time: 6.33s
2025-06-13 03:27:44,667 - INFO - 
--- Iter 136 (train size=146) ---
2025-06-13 03:27:51,500 - INFO - Selected NC(=O)CC(NC(=O)Cc1cccc2ccccc12)c1ccc(N2CCCCCCC2)c([N+](=O)[O-])c1 → EI = 0.2757
f1 shape: (1,)
2025-06-13 03:27:51,501 - INFO -   True f = 0.6083
2025-06-13 03:27:51,584 - INFO - Iter time: 6.92s
2025-06-13 03:27:51,585 - INFO - 
--- Iter 137 (train size=147) ---
2025-06-13 03:27:58,210 - INFO - Selected NC(=O)COc1ccccc1NC(=O)NC1CCN(Cc2ccc3cc(F)ccc3c2)C1 → EI = 0.2754
f1 shape: (1,)
2025-06-13 03:27:58,212 - INFO -   True f = 0.6644
2025-06-13 03:27:58,295 - INFO - Iter time: 6.71s
2025-06-13 03:27:58,296 - INFO - 
--- Iter 138 (train size=148) ---
2025-06-13 03:28:04,942 - INFO - Selected CC(=O)N1CCCC(COc2ccc(-c3nc4cc(C(N)=O)ccc4[nH]3)cc2)C1 → EI = 0.2757
f1 shape: (1,)
2025-06-13 03:28:04,944 - INFO -   True f = 0.64
2025-06-13 03:28:05,028 - INFO - Iter time: 6.73s
2025-06-13 03:28:05,028 - INFO - 
--- Iter 139 (train size=149) ---
2025-06-13 03:28:12,033 - INFO - Selected O=C1C(=O)N(Cc2ccc(OCCF)cc2)c2ccc(S(=O)(=O)N3CCC3COc3cccnc3)cc21 → EI = 0.2767
f1 shape: (1,)
2025-06-13 03:28:12,034 - INFO -   True f = 0.6368
2025-06-13 03:28:12,122 - INFO - Iter time: 7.09s
2025-06-13 03:28:12,122 - INFO - 
--- Iter 140 (train size=150) ---
2025-06-13 03:28:19,419 - INFO - Selected O=C(O)CCCCN1C(=O)C(c2ccc(Cl)cc2)N(C(C(=O)O)c2ccc(Cl)cc2)C(=O)c2cc(I)ccc21 → EI = 0.2782
f1 shape: (1,)
2025-06-13 03:28:19,420 - INFO -   True f = 0.2907
2025-06-13 03:28:19,507 - INFO - Iter time: 7.38s
2025-06-13 03:28:19,507 - INFO - 
--- Iter 141 (train size=151) ---
2025-06-13 03:28:26,035 - INFO - Selected CCOc1ccc(N(C)S(=O)(=O)c2ccc3ncc(C(=O)NCC4CCCO4)c(O)c3c2)cc1 → EI = 0.2788
f1 shape: (1,)
2025-06-13 03:28:26,037 - INFO -   True f = 0.6313
2025-06-13 03:28:26,125 - INFO - Iter time: 6.62s
2025-06-13 03:28:26,125 - INFO - 
--- Iter 142 (train size=152) ---
2025-06-13 03:28:33,244 - INFO - Selected CCOc1ccccc1NC(=O)C(NS(=O)(=O)c1ccc2c(c1)CCC(=O)N2)c1ccccc1 → EI = 0.2776
f1 shape: (1,)
2025-06-13 03:28:33,245 - INFO -   True f = 0.5884
2025-06-13 03:28:33,334 - INFO - Iter time: 7.21s
2025-06-13 03:28:33,334 - INFO - 
--- Iter 143 (train size=153) ---
2025-06-13 03:28:39,982 - INFO - Selected CC1(CS(=O)(=O)N2CCC(Oc3ccc(OCc4cccc(F)c4)cc3)CC2)NC(=O)NC1=O → EI = 0.2778
f1 shape: (1,)
2025-06-13 03:28:39,983 - INFO -   True f = 0.6501
2025-06-13 03:28:40,074 - INFO - Iter time: 6.74s
2025-06-13 03:28:40,074 - INFO - 
--- Iter 144 (train size=154) ---
2025-06-13 03:28:47,605 - INFO - Selected CCn1cc(C(=O)O)c(=O)c2cc(F)c(NC(=O)C3CCC(COc4ccccc4)CC3)c(F)c21 → EI = 0.2783
f1 shape: (1,)
2025-06-13 03:28:47,607 - INFO -   True f = 0.5666
2025-06-13 03:28:47,699 - INFO - Iter time: 7.62s
2025-06-13 03:28:47,699 - INFO - 
--- Iter 145 (train size=155) ---
2025-06-13 03:28:54,400 - INFO - Selected CN(C(=O)c1ccc2c(c1)nc(NC(=O)c1cccnc1)n2CCC(N)=O)C1CCCCC1 → EI = 0.2766
f1 shape: (1,)
2025-06-13 03:28:54,402 - INFO -   True f = 0.6175
2025-06-13 03:28:54,495 - INFO - Iter time: 6.80s
2025-06-13 03:28:54,495 - INFO - 
--- Iter 146 (train size=156) ---
2025-06-13 03:29:01,811 - INFO - Selected O=C(CN(c1nc(Cl)nc2c1ncn2C1CCCCO1)C1CC1)NC(CCC(=O)OCc1ccccc1)C(=O)OCc1ccccc1 → EI = 0.2777
f1 shape: (1,)
2025-06-13 03:29:01,813 - INFO -   True f = 0.5249
2025-06-13 03:29:01,909 - INFO - Iter time: 7.41s
2025-06-13 03:29:01,909 - INFO - 
--- Iter 147 (train size=157) ---
2025-06-13 03:29:09,010 - INFO - Selected CC(C)CCn1c(=O)c(C2=NS(=O)(=O)c3cc(OCC(N)=O)ccc3N2)c(O)c2cccnc21 → EI = 0.2774
f1 shape: (1,)
2025-06-13 03:29:09,011 - INFO -   True f = 0.5519
2025-06-13 03:29:09,106 - INFO - Iter time: 7.20s
2025-06-13 03:29:09,107 - INFO - 
--- Iter 148 (train size=158) ---
2025-06-13 03:29:16,327 - INFO - Selected COc1ccc(NC(=O)CN2CCC(NC(=O)c3ccco3)CC2)c([N+](=O)[O-])c1 → EI = 0.2769
f1 shape: (1,)
2025-06-13 03:29:16,329 - INFO -   True f = 0.6579
2025-06-13 03:29:16,426 - INFO - Iter time: 7.32s
2025-06-13 03:29:16,426 - INFO - 
--- Iter 149 (train size=159) ---
2025-06-13 03:29:23,612 - INFO - Selected COc1ccc2cc(S(=O)(=O)NN(Cc3cccc(C(=N)NO)c3)C(=O)N3CCCCC3C)ccc2c1 → EI = 0.2786
f1 shape: (1,)
2025-06-13 03:29:23,614 - INFO -   True f = 0.6604
2025-06-13 03:29:23,712 - INFO - Iter time: 7.29s
2025-06-13 03:29:23,712 - INFO - 
--- Iter 150 (train size=160) ---
2025-06-13 03:29:31,148 - INFO - Selected CC1CCCCN1C(=O)C(CCCN=C(N)N)NS(=O)(=O)c1cccc2c(N(C)C)cccc12 → EI = 0.2793
f1 shape: (1,)
2025-06-13 03:29:31,150 - INFO -   True f = 0.6522
2025-06-13 03:29:31,248 - INFO - Iter time: 7.54s
2025-06-13 03:29:31,249 - INFO - 
--- Iter 151 (train size=161) ---
2025-06-13 03:29:39,082 - INFO - Selected COc1ccc(CCNC(=O)C(=O)C(CCCN=C(N)N)NC(=O)C2CCN3CCC(N)(Cc4ccccc4)CN23)cc1 → EI = 0.2809
f1 shape: (1,)
2025-06-13 03:29:39,083 - INFO -   True f = 0.6477
2025-06-13 03:29:39,184 - INFO - Iter time: 7.94s
2025-06-13 03:29:39,184 - INFO - 
--- Iter 152 (train size=162) ---
2025-06-13 03:29:46,190 - INFO - Selected CCC(=O)N1CCc2cc(S(=O)(=O)CCC(=O)N(C)c3ccc(OC)cc3)ccc21 → EI = 0.2812
f1 shape: (1,)
2025-06-13 03:29:46,192 - INFO -   True f = 0.5807
2025-06-13 03:29:46,294 - INFO - Iter time: 7.11s
2025-06-13 03:29:46,294 - INFO - 
--- Iter 153 (train size=163) ---
2025-06-13 03:29:53,937 - INFO - Selected COc1ccc(CNC(=O)C(c2ccco2)N(C(=O)c2snc(C(N)=O)c2N)c2cccc(OC)c2)cc1 → EI = 0.2806
f1 shape: (1,)
2025-06-13 03:29:53,939 - INFO -   True f = 0.545
2025-06-13 03:29:54,042 - INFO - Iter time: 7.75s
2025-06-13 03:29:54,042 - INFO - 
--- Iter 154 (train size=164) ---
2025-06-13 03:30:01,459 - INFO - Selected COc1ccc(CCNC(=O)C2CCN(C(=O)c3ccc([N+](=O)[O-])cc3)CC2)cc1 → EI = 0.2789
f1 shape: (1,)
2025-06-13 03:30:01,461 - INFO -   True f = 0.675
2025-06-13 03:30:01,565 - INFO - Iter time: 7.52s
2025-06-13 03:30:01,565 - INFO - 
--- Iter 155 (train size=165) ---
2025-06-13 03:30:09,313 - INFO - Selected CCC(C)C(NC(=O)c1cccc(Cn2ccnc2)c1)C(=O)NNS(=O)(=O)c1ccc(OC)cc1 → EI = 0.2788
f1 shape: (1,)
2025-06-13 03:30:09,315 - INFO -   True f = 0.5522
2025-06-13 03:30:09,419 - INFO - Iter time: 7.85s
2025-06-13 03:30:09,419 - INFO - 
--- Iter 156 (train size=166) ---
2025-06-13 03:30:16,938 - INFO - Selected COc1ccc(C(=O)C=CC(=O)N2CCN(c3ccc(N4CC(CNC(C)=O)OC4=O)cc3F)CC2)cc1 → EI = 0.2787
f1 shape: (1,)
2025-06-13 03:30:16,940 - INFO -   True f = 0.648
2025-06-13 03:30:17,047 - INFO - Iter time: 7.63s
2025-06-13 03:30:17,047 - INFO - 
--- Iter 157 (train size=167) ---
2025-06-13 03:30:24,609 - INFO - Selected CCOC(=O)N1CCN(C(=O)c2ccc3c(=O)n(CCc4ccc(OC)c(OC)c4)c(=O)[nH]c3c2)CC1 → EI = 0.2788
f1 shape: (1,)
2025-06-13 03:30:24,611 - INFO -   True f = 0.5906
2025-06-13 03:30:24,718 - INFO - Iter time: 7.67s
2025-06-13 03:30:24,718 - INFO - 
--- Iter 158 (train size=168) ---
2025-06-13 03:30:32,561 - INFO - Selected COc1cc(N2CCN(C)CC2)ccc1Nc1nc(N)n(C(=O)NCc2ccc(S(C)(=O)=O)cc2)n1 → EI = 0.2793
f1 shape: (1,)
2025-06-13 03:30:32,563 - INFO -   True f = 0.5439
2025-06-13 03:30:32,673 - INFO - Iter time: 7.95s
2025-06-13 03:30:32,673 - INFO - 
--- Iter 159 (train size=169) ---
2025-06-13 03:30:40,267 - INFO - Selected CN(C)C(=O)c1c(CNC(=O)c2ccc(N3CCC(CCO)CC3)nc2)c(=O)c2ccc(Cl)cc2n1-c1ccccc1 → EI = 0.2784
f1 shape: (1,)
2025-06-13 03:30:40,269 - INFO -   True f = 0.6212
2025-06-13 03:30:40,638 - INFO - Iter time: 7.96s
2025-06-13 03:30:40,638 - INFO - 
--- Iter 160 (train size=170) ---
2025-06-13 03:30:48,627 - INFO - Selected Cc1ccc2c(c1)c(-c1ccc[nH]c1=O)c(C(=O)NS(=O)(=O)C1CC1)n2Cc1cc(C(N)=O)ccc1F → EI = 0.2791
f1 shape: (1,)
2025-06-13 03:30:48,628 - INFO -   True f = 0.5554
2025-06-13 03:30:48,740 - INFO - Iter time: 8.10s
2025-06-13 03:30:48,740 - INFO - 
--- Iter 161 (train size=171) ---
2025-06-13 03:30:56,450 - INFO - Selected O=C(CN1CCC(NC(=O)Oc2ccccc2)CC1)NC1CCc2cc(F)ccc2C1Cc1cccnc1 → EI = 0.2782
f1 shape: (1,)
2025-06-13 03:30:56,451 - INFO -   True f = 0.6608
2025-06-13 03:30:56,564 - INFO - Iter time: 7.82s
2025-06-13 03:30:56,564 - INFO - 
--- Iter 162 (train size=172) ---
2025-06-13 03:31:04,355 - INFO - Selected CCOC(=O)C(Cc1ccccc1)NC(=O)c1cnc(Oc2ccc3c(c2)CCC(c2cccnc2)O3)s1 → EI = 0.2803
f1 shape: (1,)
2025-06-13 03:31:04,357 - INFO -   True f = 0.4555
2025-06-13 03:31:04,471 - INFO - Iter time: 7.91s
2025-06-13 03:31:04,471 - INFO - 
--- Iter 163 (train size=173) ---
2025-06-13 03:31:12,308 - INFO - Selected COc1cccc(CNC(=O)C2CCCN2C(=O)C2CCCN2C(=O)c2ccc(Cl)cc2)c1 → EI = 0.28
f1 shape: (1,)
2025-06-13 03:31:12,310 - INFO -   True f = 0.5557
2025-06-13 03:31:12,425 - INFO - Iter time: 7.95s
2025-06-13 03:31:12,425 - INFO - 
--- Iter 164 (train size=174) ---
2025-06-13 03:31:20,564 - INFO - Selected CS(=O)(=O)c1ccc2c(c1)N(CCCN1CCC(C(N)=O)CC1)c1ccccc1S2 → EI = 0.2788
f1 shape: (1,)
2025-06-13 03:31:20,566 - INFO -   True f = 0.6869
2025-06-13 03:31:20,686 - INFO - Iter time: 8.26s
2025-06-13 03:31:20,686 - INFO - 
--- Iter 165 (train size=175) ---
2025-06-13 03:31:28,943 - INFO - Selected COc1ccc(C(=O)C2CCN(CCCCNC(=O)c3ccc(NC(=O)c4ccc(Cl)cc4)cc3)CC2)c(OC)c1 → EI = 0.2805
f1 shape: (1,)
2025-06-13 03:31:28,945 - INFO -   True f = 0.4462
2025-06-13 03:31:29,063 - INFO - Iter time: 8.38s
2025-06-13 03:31:29,063 - INFO - 
--- Iter 166 (train size=176) ---
2025-06-13 03:31:36,701 - INFO - Selected Cc1ccc(S(=O)(=O)N2CCCC2CNC(=O)C(=O)NCc2ccccn2)cc1 → EI = 0.28
f1 shape: (1,)
2025-06-13 03:31:36,702 - INFO -   True f = 0.6055
2025-06-13 03:31:36,822 - INFO - Iter time: 7.76s
2025-06-13 03:31:36,822 - INFO - 
--- Iter 167 (train size=177) ---
2025-06-13 03:31:45,132 - INFO - Selected CN1CCN(C(=O)NC(Cc2cccnc2)C(=O)NC(C=CS(=O)(=O)c2ccccc2)CCc2ccccc2)CC1 → EI = 0.2793
f1 shape: (1,)
2025-06-13 03:31:45,133 - INFO -   True f = 0.666
2025-06-13 03:31:45,253 - INFO - Iter time: 8.43s
2025-06-13 03:31:45,253 - INFO - 
--- Iter 168 (train size=178) ---
2025-06-13 03:31:53,607 - INFO - Selected Cn1ccnc1SC1=C(C(=O)O)N2C(=O)C(NC(=O)C(N)c3ccccc3)C2CC1 → EI = 0.2795
f1 shape: (1,)
2025-06-13 03:31:53,609 - INFO -   True f = 0.5649
2025-06-13 03:31:53,731 - INFO - Iter time: 8.48s
2025-06-13 03:31:53,731 - INFO - 
--- Iter 169 (train size=179) ---
2025-06-13 03:32:02,452 - INFO - Selected CCOC(=O)C1CCC(=O)N1CC(=O)NCCN1CCN(c2ccccc2OC(C)C)CC1 → EI = 0.2792
f1 shape: (1,)
2025-06-13 03:32:02,454 - INFO -   True f = 0.6062
2025-06-13 03:32:02,579 - INFO - Iter time: 8.85s
2025-06-13 03:32:02,579 - INFO - 
--- Iter 170 (train size=180) ---
2025-06-13 03:32:10,708 - INFO - Selected CCC(CO)NCc1cccnc1N1CCN(C(=O)C(Cc2ccc(Cl)cc2Cl)NC(=O)CCN)CC1 → EI = 0.2798
f1 shape: (1,)
2025-06-13 03:32:10,710 - INFO -   True f = 0.6476
2025-06-13 03:32:10,834 - INFO - Iter time: 8.26s
2025-06-13 03:32:10,834 - INFO - 
--- Iter 171 (train size=181) ---
2025-06-13 03:32:18,642 - INFO - Selected CCC(O)(CC)c1ccccc1N1CCN(C(=O)C(Cc2ccc(Cl)cc2Cl)NC(=O)N2CCCC2=O)CC1 → EI = 0.2812
f1 shape: (1,)
2025-06-13 03:32:18,644 - INFO -   True f = 0.6229
2025-06-13 03:32:18,771 - INFO - Iter time: 7.94s
2025-06-13 03:32:18,771 - INFO - 
--- Iter 172 (train size=182) ---
2025-06-13 03:32:27,304 - INFO - Selected COc1ccc(N2CCN(C(=O)COC(=O)c3cc(S(=O)(=O)N(C)C)ccc3N3CCCC3)CC2)cc1 → EI = 0.28
f1 shape: (1,)
2025-06-13 03:32:27,306 - INFO -   True f = 0.6376
2025-06-13 03:32:27,434 - INFO - Iter time: 8.66s
2025-06-13 03:32:27,434 - INFO - 
--- Iter 173 (train size=183) ---
2025-06-13 03:32:36,006 - INFO - Selected CC(=O)Nc1ccc(CC(NC(=O)N2CCC(n3c(=O)[nH]c4ccccc43)CC2)C(=O)N2CCC(N3CCCCC3)CC2)cc1 → EI = 0.2809
f1 shape: (1,)
2025-06-13 03:32:36,008 - INFO -   True f = 0.6745
2025-06-13 03:32:36,421 - INFO - Iter time: 8.99s
2025-06-13 03:32:36,421 - INFO - 
--- Iter 174 (train size=184) ---
2025-06-13 03:32:45,047 - INFO - Selected CC(C)COC(=O)N1CCC(n2ncc3cc(-c4ccc(S(C)(=O)=O)cc4)ncc32)CC1 → EI = 0.2819
f1 shape: (1,)
2025-06-13 03:32:45,049 - INFO -   True f = 0.6622
2025-06-13 03:32:45,182 - INFO - Iter time: 8.76s
2025-06-13 03:32:45,182 - INFO - 
--- Iter 175 (train size=185) ---
2025-06-13 03:32:53,517 - INFO - Selected C#CC1CN(C(=O)C(CC(C)C)NC(=O)c2ccc(-c3csc(N4CCN(C)CC4)n3)cc2)C2C(=O)COC12 → EI = 0.2829
f1 shape: (1,)
2025-06-13 03:32:53,519 - INFO -   True f = 0.622
2025-06-13 03:32:53,650 - INFO - Iter time: 8.47s
2025-06-13 03:32:53,650 - INFO - 
--- Iter 176 (train size=186) ---
2025-06-13 03:33:02,696 - INFO - Selected CC(=O)N1CCC(C(=O)N2CCC(N3CCN(C(=O)c4cc(-c5ccccc5)nc(-c5ccc(C(N)=O)cc5)c4)CC3)CC2)CC1 → EI = 0.2838
f1 shape: (1,)
2025-06-13 03:33:02,698 - INFO -   True f = 0.688
2025-06-13 03:33:02,832 - INFO - Iter time: 9.18s
2025-06-13 03:33:02,832 - INFO - 
--- Iter 177 (train size=187) ---
2025-06-13 03:33:11,337 - INFO - Selected CC(C)(C)OC(=O)NCCNC(=O)CN1CN(c2ccccc2)C2(CCN(C(=O)c3ccc(C4CCCCC4)cc3)CC2)C1=O → EI = 0.2834
f1 shape: (1,)
2025-06-13 03:33:11,339 - INFO -   True f = 0.6367
2025-06-13 03:33:11,473 - INFO - Iter time: 8.64s
2025-06-13 03:33:11,473 - INFO - 
--- Iter 178 (train size=188) ---
2025-06-13 03:33:19,988 - INFO - Selected CC(=O)N1c2ccc(S(=O)(=O)NCC3CCC(C(=O)NCc4ccc(C)o4)CC3)cc2CC1C → EI = 0.282
f1 shape: (1,)
2025-06-13 03:33:19,990 - INFO -   True f = 0.6154
2025-06-13 03:33:20,126 - INFO - Iter time: 8.65s
2025-06-13 03:33:20,126 - INFO - 
--- Iter 179 (train size=189) ---
2025-06-13 03:33:28,632 - INFO - Selected CC(C)(C)C(=O)CN1C(=O)N(CC(=O)Nc2cccc(C(=O)O)c2)N=C(C2CCCCCC2)c2ccccc21 → EI = 0.2824
f1 shape: (1,)
2025-06-13 03:33:28,634 - INFO -   True f = 0.4559
2025-06-13 03:33:28,774 - INFO - Iter time: 8.65s
2025-06-13 03:33:28,774 - INFO - 
--- Iter 180 (train size=190) ---
2025-06-13 03:33:37,297 - INFO - Selected CC(C(=O)NCc1ccc(C(F)(F)F)nc1N1CCC(NC(=O)OC(C)(C)C)C1)c1ccc(NS(C)(=O)=O)c(F)c1 → EI = 0.2806
f1 shape: (1,)
2025-06-13 03:33:37,299 - INFO -   True f = 0.5832
2025-06-13 03:33:37,437 - INFO - Iter time: 8.66s
2025-06-13 03:33:37,437 - INFO - 
--- Iter 181 (train size=191) ---
2025-06-13 03:33:46,356 - INFO - Selected CCOC(=O)c1ccc(NC(=O)C2CCC(CNc3c(N4CCOCC4)c(=O)c3=O)CC2)cc1 → EI = 0.2809
f1 shape: (1,)
2025-06-13 03:33:46,357 - INFO -   True f = 0.6083
2025-06-13 03:33:46,498 - INFO - Iter time: 9.06s
2025-06-13 03:33:46,498 - INFO - 
--- Iter 182 (train size=192) ---
2025-06-13 03:33:55,458 - INFO - Selected O=C(NCC(c1cccs1)N1CCOCC1)c1ccccc1NS(=O)(=O)c1ccc(Cl)c([N+](=O)[O-])c1 → EI = 0.2809
f1 shape: (1,)
2025-06-13 03:33:55,460 - INFO -   True f = 0.6333
2025-06-13 03:33:55,601 - INFO - Iter time: 9.10s
2025-06-13 03:33:55,601 - INFO - 
--- Iter 183 (train size=193) ---
2025-06-13 03:34:04,587 - INFO - Selected O=C(NC1CCCc2cc(CN3CCCCC3)ccc21)C(O)C(O)CS(=O)(=O)c1cccc(Cl)c1 → EI = 0.281
f1 shape: (1,)
2025-06-13 03:34:04,588 - INFO -   True f = 0.6667
2025-06-13 03:34:04,731 - INFO - Iter time: 9.13s
2025-06-13 03:34:04,732 - INFO - 
--- Iter 184 (train size=194) ---
2025-06-13 03:34:13,785 - INFO - Selected CCOC(=O)NC1CCc2ccc(OCCNS(=O)(=O)CC3CC3)cc2C1Cc1cccc(Cl)c1 → EI = 0.2823
f1 shape: (1,)
2025-06-13 03:34:13,787 - INFO -   True f = 0.6237
2025-06-13 03:34:13,933 - INFO - Iter time: 9.20s
2025-06-13 03:34:13,933 - INFO - 
--- Iter 185 (train size=195) ---
2025-06-13 03:34:22,690 - INFO - Selected CC(C)NS(=O)(=O)c1ccc(NC2CCN(CC(O)=Nc3ccccc3)CC2)c([N+](=O)O)c1 → EI = 0.2821
f1 shape: (1,)
2025-06-13 03:34:22,691 - INFO -   True f = 0.6716
2025-06-13 03:34:22,838 - INFO - Iter time: 8.90s
2025-06-13 03:34:22,838 - INFO - 
--- Iter 186 (train size=196) ---
2025-06-13 03:34:32,316 - INFO - Selected CCOc1cccc(-c2ccc(C3CCN(S(=O)(=O)C(C)(C)C(=O)NO)CC3)cc2C)c1 → EI = 0.2825
f1 shape: (1,)
2025-06-13 03:34:32,318 - INFO -   True f = 0.6689
2025-06-13 03:34:32,466 - INFO - Iter time: 9.63s
2025-06-13 03:34:32,466 - INFO - 
--- Iter 187 (train size=197) ---
2025-06-13 03:34:41,331 - INFO - Selected COC1CCN(S(=O)(=O)c2ccc(CNC(=O)c3cnc4[nH]ncc4c3)cc2)CC1 → EI = 0.2843
f1 shape: (1,)
2025-06-13 03:34:41,332 - INFO -   True f = 0.5775
2025-06-13 03:34:41,481 - INFO - Iter time: 9.01s
2025-06-13 03:34:41,481 - INFO - 
--- Iter 188 (train size=198) ---
2025-06-13 03:34:50,709 - INFO - Selected COCCN1CCN(C(=O)C2CCN(c3ccc(S(=O)(=O)C4(C(=O)NO)CCOCC4)cc3)CC2)CC1 → EI = 0.2827
f1 shape: (1,)
2025-06-13 03:34:50,711 - INFO -   True f = 0.6399
2025-06-13 03:34:50,862 - INFO - Iter time: 9.38s
2025-06-13 03:34:50,862 - INFO - 
--- Iter 189 (train size=199) ---
2025-06-13 03:34:59,756 - INFO - Selected COc1ccc(N2CCN(S(=O)(=O)CCNC(=O)COc3cccc(OC)c3)CC2)cc1 → EI = 0.2833
f1 shape: (1,)
2025-06-13 03:34:59,757 - INFO -   True f = 0.6374
2025-06-13 03:34:59,909 - INFO - Iter time: 9.05s
2025-06-13 03:34:59,909 - INFO - 
--- Iter 190 (train size=200) ---
2025-06-13 03:35:09,216 - INFO - Selected Cc1ccc(C)c(N2CCN(CCCNC(=O)c3cnn(-c4ccccc4)c3C3CCN(C(=O)OC(C)(C)C)CC3)CC2)c1 → EI = 0.2834
f1 shape: (1,)
2025-06-13 03:35:09,217 - INFO -   True f = 0.4302
2025-06-13 03:35:09,370 - INFO - Iter time: 9.46s
2025-06-13 03:35:09,370 - INFO - 
--- Iter 191 (train size=201) ---
2025-06-13 03:35:19,155 - INFO - Selected N=C(N)N1CCCC(CNC(=O)CNS(=O)(=O)c2ccc3ccccc3c2)C1 → EI = 0.2831
f1 shape: (1,)
2025-06-13 03:35:19,156 - INFO -   True f = 0.6176
2025-06-13 03:35:19,312 - INFO - Iter time: 9.94s
2025-06-13 03:35:19,312 - INFO - 
--- Iter 192 (train size=202) ---
2025-06-13 03:35:28,443 - INFO - Selected O=C(O)CCC(=NNc1ccc(S(=O)(=O)N2CCOCC2)cc1[N+](=O)[O-])c1cccs1 → EI = 0.2828
f1 shape: (1,)
2025-06-13 03:35:28,445 - INFO -   True f = 0.5866
2025-06-13 03:35:28,601 - INFO - Iter time: 9.29s
2025-06-13 03:35:28,601 - INFO - 
--- Iter 193 (train size=203) ---
2025-06-13 03:35:37,688 - INFO - Selected CSCCC(NC(=O)c1cccc(S(=O)(=O)N2CCN(C(C)=O)CC2)c1)c1nc2ccccc2[nH]1 → EI = 0.2825
f1 shape: (1,)
2025-06-13 03:35:37,690 - INFO -   True f = 0.604
2025-06-13 03:35:37,849 - INFO - Iter time: 9.25s
2025-06-13 03:35:37,849 - INFO - 
--- Iter 194 (train size=204) ---
2025-06-13 03:35:47,349 - INFO - Selected COc1ccccc1CNC(=O)CN1C(=O)COc2ccc(S(=O)(=O)N3CCCCC3)cc21 → EI = 0.2823
f1 shape: (1,)
2025-06-13 03:35:47,351 - INFO -   True f = 0.6127
2025-06-13 03:35:47,511 - INFO - Iter time: 9.66s
2025-06-13 03:35:47,511 - INFO - 
--- Iter 195 (train size=205) ---
2025-06-13 03:35:57,052 - INFO - Selected COc1ccc(CC(=O)Oc2ccc(C(C)C)cc2)cc1S(=O)(=O)N1CCOCC1 → EI = 0.2823
f1 shape: (1,)
2025-06-13 03:35:57,054 - INFO -   True f = 0.5752
2025-06-13 03:35:57,214 - INFO - Iter time: 9.70s
2025-06-13 03:35:57,214 - INFO - 
--- Iter 196 (train size=206) ---
2025-06-13 03:36:06,462 - INFO - Selected CC(C)C(NS(=O)(=O)c1cnccc1NC(CO)Cc1ccccc1)C(=O)N1CCC(CCF)CC1 → EI = 0.2817
f1 shape: (1,)
2025-06-13 03:36:06,464 - INFO -   True f = 0.6408
2025-06-13 03:36:06,627 - INFO - Iter time: 9.41s
2025-06-13 03:36:06,627 - INFO - 
--- Iter 197 (train size=207) ---
2025-06-13 03:36:15,543 - INFO - Selected C=C(C)C(=O)N1CCC(CN(C2Cc3cc(C#N)ccc3N(Cc3cncn3C)C2)S(=O)(=O)c2ccccn2)CC1 → EI = 0.2826
f1 shape: (1,)
2025-06-13 03:36:15,545 - INFO -   True f = 0.6512
2025-06-13 03:36:15,708 - INFO - Iter time: 9.08s
2025-06-13 03:36:15,708 - INFO - 
--- Iter 198 (train size=208) ---
2025-06-13 03:36:25,747 - INFO - Selected Cc1cc(C#N)ccc1C1=CCN(S(=O)(=O)CC2(C(=O)NO)CCN(C(=O)OCC3CCCN3)CC2)CC1 → EI = 0.2841
f1 shape: (1,)
2025-06-13 03:36:25,749 - INFO -   True f = 0.6145
2025-06-13 03:36:25,913 - INFO - Iter time: 10.20s
2025-06-13 03:36:25,913 - INFO - 
--- Iter 199 (train size=209) ---
2025-06-13 03:36:35,264 - INFO - Selected CC1CCN(C(=O)C(CCn2ccnc2)NS(=O)(=O)c2cc(Cl)c(N)c(Cl)c2)CC1 → EI = 0.2842
f1 shape: (1,)
2025-06-13 03:36:35,266 - INFO -   True f = 0.5821
2025-06-13 03:36:35,433 - INFO - Iter time: 9.52s
